=------------------------------------------------------------------------------=

     CP: variable-cell Car-Parrinello molecular dynamics
     using norm-conserving and ultrasoft Vanderbilt pseudopotentials

     Version: 4.1 - Wed Feb 22 14:22:53 CET 2012                          
     Authors: Alfredo Pasquarello, Kari Laasonen, Andrea Trave, Roberto Car,
       Paolo Giannozzi, Nicola Marzari, Carlo Cavazzoni, Guido Chiarotti,
       Sandro Scandolo, Paolo Focher, Gerardo Ballabio, and others

=------------------------------------------------------------------------------=

   This run was started on:  15: 1: 4  16Apr2012               

   MPI Parallel Build
   Tasks =    1  This task id =    0

   Job Title: MD Simulation


   Atomic Pseudopotentials Parameters
   ----------------------------------

   Reading pseudopotential for specie #  1 from file :
   ../../pseudo/N.pz-vbc.UPF
   file type is 20: UPF


   Main Simulation Parameters (from input)
   ---------------------------------------
   Restart Mode       =      -1   from_scratch   
   Number of MD Steps =       1
   Print out every            1 MD Steps
   Reads from unit    =      89
   Writes to unit     =      90
   MD Simulation time step            =      15.00
   Electronic fictitious mass (emass) =     300.00
   emass cut-off                      =       3.00

   Simulation Cell Parameters (from input)
   external pressure       =            0.00 [GPa]
   wmass (calculated)      =         3878.84 [AU]
   ibrav =    8
   alat  =    18.00000000
   a1    =    18.00000000    0.00000000    0.00000000
   a2    =     0.00000000   18.00000000    0.00000000
   a3    =     0.00000000    0.00000000   18.00000000
 
   b1    =     0.05555556    0.00000000    0.00000000
   b2    =     0.00000000    0.05555556    0.00000000
   b3    =     0.00000000    0.00000000    0.05555556
   omega =  5832.00000000

   Energy Cut-offs
   ---------------
   Ecutwfc =   60.0 Ry,      Ecutrho =  240.0 Ry,      Ecuts =  240.0 Ry
   Gcutwfc =   22.2     ,    Gcutrho =   44.4          Gcuts =   44.4
   NOTA BENE: refg, mmx =   0.050000  9600
   Orthog. with Gram-Schmidt
   verlet algorithm for electron dynamics
   with friction frice =  0.0200 , grease =  1.0000
   Electron dynamics : the temperature is not controlled
   initial random displacement of el. coordinates with  amplitude=  0.020000

   Electronic states
   -----------------
   Local Spin Density calculation
   Number of Electron =    10
   Spins up   =     5, occupations: 
   1.00 1.00 1.00 1.00 1.00
   Spins down =     5, occupations: 
   1.00 1.00 1.00 1.00 1.00


   Exchange and correlations functionals
   -------------------------------------
   Using Local Density Approximation with
     Exchange functional: SLATER                                                      
     Correlation functional: PERDEW AND ZUNGER                                           
     Exchange-correlation      =  SLA  PZ   NOGX NOGC (1100)


   Ions Simulation Parameters
   --------------------------
   Ions are not allowed to move
   Ionic position (from input)
   sorted by specie, and converted to real a.u. coordinates
   Species   1 atoms =    2 mass =     25521.71 (a.u.),        14.00 (amu) rcmax =   1.00 (a.u.)
       -1.050000     0.000000     0.000000
        1.050000     0.000000     0.000000
   Ionic position read from input file


   Cell Dynamics Parameters (from STDIN)
   -------------------------------------
   Starting cell generated from CELLDM
   Constant VOLUME Molecular dynamics
   cell parameters are not allowed to move

   Verbosity: iprsta =  1



   Simulation dimensions initialization
   ------------------------------------

   unit vectors of full simulation cell
   in real space:                         in reciprocal space (units 2pi/alat):
   1    18.0000    0.0000    0.0000              1.0000    0.0000    0.0000
   2     0.0000   18.0000    0.0000              0.0000    1.0000    0.0000
   3     0.0000    0.0000   18.0000              0.0000    0.0000    1.0000
 
   Stick Mesh
   ----------
   nst =  3091,  nstw =   775, nsts =  3091
        PEs    n.st   n.stw   n.sts    n.g    n.gw   n.gs
          1    6181    1549    6181  365781   45817  365781
          0    6181    1549    6181  365781   45817  365781
 
 
   Real Mesh
   ---------
   Global Dimensions   Local  Dimensions   Processor Grid
   .X.   .Y.   .Z.     .X.   .Y.   .Z.     .X.   .Y.   .Z.
    90    90    90      90    90    90       1     1     1
   Array leading dimensions ( nr1x, nr2x, nr3x )   =     90    90    90
   Local number of cell to store the grid ( nnrx ) =     729000
   Number of x-y planes for each processors: 
   nr3l =    90
 
   Smooth Real Mesh
   ----------------
   Global Dimensions   Local  Dimensions   Processor Grid
   .X.   .Y.   .Z.     .X.   .Y.   .Z.     .X.   .Y.   .Z.
    90    90    90      90    90    90       1     1     1
   Array leading dimensions ( nr1x, nr2x, nr3x )   =     90    90    90
   Local number of cell to store the grid ( nnrx ) =     729000
   Number of x-y planes for each processors: 
   nr3sl =    90
 
   Small Box Real Mesh
   -------------------
   Global Dimensions   Local  Dimensions   Processor Grid
   .X.   .Y.   .Z.     .X.   .Y.   .Z.     .X.   .Y.   .Z.
    24    24    24      24    24    24       1     1     1
   Array leading dimensions ( nr1x, nr2x, nr3x )   =     24    24    24
   Local number of cell to store the grid ( nnrx ) =      13824
 
   unit vectors of box grid cell
   in real space:                         in reciprocal space:
       4.8000    0.0000    0.0000              1.0000    0.0000    0.0000
       0.0000    4.8000    0.0000              0.0000    1.0000    0.0000
       0.0000    0.0000    4.8000              0.0000    0.0000    1.0000
 
   Reciprocal Space Mesh
   ---------------------
                Large Mesh
   PE   Global(ngmt)     Local(ngm) MaxLocal(ngmx)
    1         182891         182891         182891
                Smooth Mesh
   PE   Global(ngst)     Local(ngs) MaxLocal(ngsx)
    1         182891         182891         182891
                Wave function Mesh
   PE   Global(ngwt)     Local(ngw) MaxLocal(ngwx)
    1          22909          22909          22909

                Small box Mesh
   ngb =         3490 not distributed to processors


   System geometry initialization
   ------------------------------
 
   Scaled positions from standard input
   N   -0.583333E-01  0.000000E+00  0.000000E+00
   N    0.583333E-01  0.000000E+00  0.000000E+00

   Matrix Multiplication Performances
   ortho mmul, time for parallel driver      =   0.00002 with    1 procs

   Constraints matrixes will be distributed block like on
   ortho sub-group =    1*   1 procs



   Pseudopotentials initialization
   -------------------------------


   Common initialization

   Specie:     1
   1  indv=  1   ang. mom=  0
 
                        dion 
   0.3691
 
   Short Legend and Physical Units in the Output
   ---------------------------------------------
   NFI    [int]          - step index
   EKINC  [HARTREE A.U.] - kinetic energy of the fictitious electronic dynamics
   TEMPH  [K]            - Temperature of the fictitious cell dynamics
   TEMP   [K]            - Ionic temperature
   ETOT   [HARTREE A.U.] - Scf total energy (Kohn-Sham hamiltonian)
   ENTHAL [HARTREE A.U.] - Enthalpy ( ETOT + P * V )
   ECONS  [HARTREE A.U.] - Enthalpy + kinetic energy of ions and cell
   ECONT  [HARTREE A.U.] - Constant of motion for the CP lagrangian
 

   f_cutoff =  0.1000
   do_spinsym   =    F
   EE with periodic-image correction method = tcc                 


   Wave Initialization: random initial wave-functions
   Occupation number from init
   spin =   1 nbnd =     5
    1.00 1.00 1.00 1.00 1.00
   spin =   2 nbnd =     5
    1.00 1.00 1.00 1.00 1.00

   formf: eself=  19.94711
   formf:     vps(g=0)=  -0.0026166     rhops(g=0)=  -0.0008573
   formf:     vps(g=0)=  -0.0025764     rhops(g=0)=  -0.0008316
   formf: sum_g vps(g)=  -4.9589483 sum_g rhops(g)=  -0.4493965
   Delta V(G=0):   0.005387Ry,    0.146581eV

   from rhoofr: total integrated electronic density
   spin up
   in g-space =    5.000000   in r-space =   5.000000
   spin down
   in g-space =    5.000000   in r-space =   5.000000
 size hamilt           1

 * Physical Quantities at step:     1
      NOTE: eigenvalues are not computed without ortho


                total energy =      52.0103102636 Hartree a.u.
              kinetic energy =      62.3764246101 Hartree a.u.
        electrostatic energy =      -6.2063862982 Hartree a.u.
                         esr =       0.4253436727 Hartree a.u.
                       eself =      19.9471140201 Hartree a.u.
      pseudopotential energy =      -8.1790792873 Hartree a.u.
  n-l pseudopotential energy =       6.2340256398 Hartree a.u.
 exchange-correlation energy =      -2.2146744007 Hartree a.u.
           average potential =       0.0000000000 Hartree a.u.



   Eigenvalues (eV), kp =   1 , spin =  1

    0.00    0.00    0.00    0.00    0.00

   Eigenvalues (eV), kp =   1 , spin =  2

    0.00    0.00    0.00    0.00    0.00
 
   Allocated memory (kb) =    131840
 
   CELL_PARAMETERS
   18.00000000    0.00000000    0.00000000
    0.00000000   18.00000000    0.00000000
    0.00000000    0.00000000   18.00000000

   System Density [g/cm^3] :     0.0538


   Center of mass square displacement (a.u.):   0.000000

   ATOMIC_POSITIONS
   N   -0.105000E+01  0.000000E+00  0.000000E+00
   N    0.105000E+01  0.000000E+00  0.000000E+00
 
   ATOMIC_VELOCITIES
   N    0.000000E+00  0.000000E+00  0.000000E+00
   N    0.000000E+00  0.000000E+00  0.000000E+00
 


   Partial temperatures (for each ionic specie) 
   Species  Temp (K)   Mean Square Displacement (a.u.)
        1       0.00     0.0000
 
  nfi    ekinc  temph  tempp        etot      enthal       econs       econt    vnhh   xnhh0    vnhp   xnhp0
    1 0.42E+02    0.0    0.0    52.01031    52.01031    52.01031    94.04008  0.0000  0.0000  0.0000  0.0000     0.60494
 tnosep= F thdyn= F

   writing restart file: ./SCRATCH//job_real_spin_90.save
   restart file written in    0.387 sec.



   Averaged Physical Quantities
                      accomulated      this run
   ekinc         :       42.02977      42.02977 (AU)
   ekin          :       62.37642      62.37642 (AU)
   epot          :      -16.60014     -16.60014 (AU)
   total energy  :       52.01031      52.01031 (AU)
   temperature   :        0.00000       0.00000 (K )
   enthalpy      :       52.01031      52.01031 (AU)
   econs         :       52.01031      52.01031 (AU)
   pressure      :        0.00000       0.00000 (Gpa)
   volume        :     5832.00000    5832.00000 (AU)


     initialize   :     2.99s CPU
     total_time   :     1.62s CPU
     formf        :     0.05s CPU
     rhoofr       :     0.79s CPU (       2 calls,   0.396 s avg)
     vofrho       :     1.65s CPU (       2 calls,   0.826 s avg)
     dforce       :     0.82s CPU (      10 calls,   0.082 s avg)
     calphi       :     0.01s CPU (       2 calls,   0.004 s avg)
     gram         :     0.02s CPU (       4 calls,   0.005 s avg)
     newd         :     0.00s CPU (       2 calls,   0.000 s avg)
     calbec       :     0.00s CPU (       3 calls,   0.001 s avg)
     prefor       :     0.00s CPU (       2 calls,   0.000 s avg)
     strucf       :     0.00s CPU
     nlsm1        :     0.00s CPU (       3 calls,   0.001 s avg)
     fft          :     1.22s CPU (      18 calls,   0.068 s avg)
     ffts         :     0.26s CPU (       4 calls,   0.064 s avg)
     fftw         :     1.10s CPU (      30 calls,   0.037 s avg)
     cft3s        :     2.57s CPU (      52 calls,   0.049 s avg)
 
 
     CP           :     4.95s CPU time,    5.55s wall time

 
   This run was terminated on:  15: 1: 9  16Apr2012            

=------------------------------------------------------------------------------=
   JOB DONE.
=------------------------------------------------------------------------------=
