=------------------------------------------------------------------------------=

     CP: variable-cell Car-Parrinello molecular dynamics
     using norm-conserving and ultrasoft Vanderbilt pseudopotentials

     Version: 4.1 - Thu Feb 3 07:44:05 EST 2011                           
     Authors: Alfredo Pasquarello, Kari Laasonen, Andrea Trave, Roberto Car,
       Paolo Giannozzi, Nicola Marzari, Carlo Cavazzoni, Guido Chiarotti,
       Sandro Scandolo, Paolo Focher, Gerardo Ballabio, and others

=------------------------------------------------------------------------------=

   This run was started on:   5:58:39   9Feb2011               

   MPI Parallel Build
   Tasks =    1  This task id =    0

   Job Title: MD Simulation


   Atomic Pseudopotentials Parameters
   ----------------------------------

   Reading pseudopotential for specie #  1 from file :
   ../../pseudo/H.pz-vbc.UPF
   file type is 20: UPF

   Reading pseudopotential for specie #  2 from file :
   ../../pseudo/C.pz-vbc.UPF
   file type is 20: UPF


   Main Simulation Parameters (from input)
   ---------------------------------------
   Restart Mode       =      -1   from_scratch   
   Number of MD Steps =       1
   Print out every            1 MD Steps
   Reads from unit    =      89
   Writes to unit     =      90
   MD Simulation time step            =      15.00
   Electronic fictitious mass (emass) =    1000.00
   emass cut-off                      =       3.00

   Simulation Cell Parameters (from input)
   external pressure       =            0.00 [GPa]
   wmass (calculated)      =        10820.50 [AU]
   ibrav =    1
   alat  =    25.00000000
   a1    =    25.00000000    0.00000000    0.00000000
   a2    =     0.00000000   25.00000000    0.00000000
   a3    =     0.00000000    0.00000000   25.00000000
 
   b1    =     0.04000000    0.00000000    0.00000000
   b2    =     0.00000000    0.04000000    0.00000000
   b3    =     0.00000000    0.00000000    0.04000000
   omega = 15625.00000000

   Energy Cut-offs
   ---------------
   Ecutwfc =   40.0 Ry,      Ecutrho =  160.0 Ry,      Ecuts =  160.0 Ry
   Gcutwfc =   25.2     ,    Gcutrho =   50.3          Gcuts =   50.3
   NOTA BENE: refg, mmx =   0.050000  6400
   Orthog. with Gram-Schmidt
   verlet algorithm for electron dynamics
   with friction frice =  0.0500 , grease =  1.0000
   Electron dynamics : the temperature is not controlled
   initial random displacement of el. coordinates with  amplitude=  0.020000

   Electronic states
   -----------------
   Number of Electron =    30, of States =    15
   Occupation numbers :
   2.00 2.00 2.00 2.00 2.00 2.00 2.00 2.00 2.00 2.00
   2.00 2.00 2.00 2.00 2.00


   Exchange and correlations functionals
   -------------------------------------
   Using Local Density Approximation with
     Exchange functional: SLATER                                                      
     Correlation functional: PERDEW AND ZUNGER                                           
     Exchange-correlation      =  SLA  PZ   NOGX NOGC (1100)


   Ions Simulation Parameters
   --------------------------
   Ions are not allowed to move
   Ionic position (from input)
   sorted by specie, and converted to real a.u. coordinates
   Species   1 atoms =    6 mass =      1837.29 (a.u.),         1.01 (amu) rcmax =   1.00 (a.u.)
        4.710518     0.000000     0.000000
       -4.710518     0.000000     0.000000
        2.355259    -4.079428     0.000000
       -2.355259    -4.079428     0.000000
       -2.355259     4.079428     0.000000
        2.355259     4.079428     0.000000
   Species   2 atoms =    6 mass =     21894.71 (a.u.),        12.01 (amu) rcmax =   0.50 (a.u.)
        2.648828     0.000000     0.000000
       -2.648828     0.000000     0.000000
        1.324414    -2.293952     0.000000
       -1.324414    -2.293952     0.000000
       -1.324414     2.293952     0.000000
        1.324414     2.293952     0.000000
   Ionic position read from input file


   Cell Dynamics Parameters (from STDIN)
   -------------------------------------
   Starting cell generated from CELLDM
   Constant VOLUME Molecular dynamics
   cell parameters are not allowed to move

   Verbosity: iprsta =  1



   Simulation dimensions initialization
   ------------------------------------

   unit vectors of full simulation cell
   in real space:                         in reciprocal space (units 2pi/alat):
   1    25.0000    0.0000    0.0000              1.0000    0.0000    0.0000
   2     0.0000   25.0000    0.0000              0.0000    1.0000    0.0000
   3     0.0000    0.0000   25.0000              0.0000    0.0000    1.0000
 
   Stick Mesh
   ----------
   nst =  3991,  nstw =   997, nsts =  3991
        PEs    n.st   n.stw   n.sts    n.g    n.gw   n.gs
          1    7981    1993    7981  534137   66875  534137
          0    7981    1993    7981  534137   66875  534137
 
 
   Real Mesh
   ---------
   Global Dimensions   Local  Dimensions   Processor Grid
   .X.   .Y.   .Z.     .X.   .Y.   .Z.     .X.   .Y.   .Z.
   108   108   108     108   108   108       1     1     1
   Array leading dimensions ( nr1x, nr2x, nr3x )   =    108   108   108
   Local number of cell to store the grid ( nnrx ) =    1259712
   Number of x-y planes for each processors: 
   nr3l =   108
 
   Smooth Real Mesh
   ----------------
   Global Dimensions   Local  Dimensions   Processor Grid
   .X.   .Y.   .Z.     .X.   .Y.   .Z.     .X.   .Y.   .Z.
   108   108   108     108   108   108       1     1     1
   Array leading dimensions ( nr1x, nr2x, nr3x )   =    108   108   108
   Local number of cell to store the grid ( nnrx ) =    1259712
   Number of x-y planes for each processors: 
   nr3sl =   108
 
   Reciprocal Space Mesh
   ---------------------
                Large Mesh
   PE   Global(ngmt)     Local(ngm) MaxLocal(ngmx)
    1         267069         267069         267069
                Smooth Mesh
   PE   Global(ngst)     Local(ngs) MaxLocal(ngsx)
    1         267069         267069         267069
                Wave function Mesh
   PE   Global(ngwt)     Local(ngw) MaxLocal(ngwx)
    1          33438          33438          33438


   System geometry initialization
   ------------------------------
 
   Scaled positions from standard input
   H    0.188421E+00  0.000000E+00  0.000000E+00
   H   -0.188421E+00  0.000000E+00  0.000000E+00
   H    0.942104E-01 -0.163177E+00  0.000000E+00
   H   -0.942104E-01 -0.163177E+00  0.000000E+00
   H   -0.942104E-01  0.163177E+00  0.000000E+00
   H    0.942104E-01  0.163177E+00  0.000000E+00
   C    0.105953E+00  0.000000E+00  0.000000E+00
   C   -0.105953E+00  0.000000E+00  0.000000E+00
   C    0.529766E-01 -0.917581E-01  0.000000E+00
   C   -0.529766E-01 -0.917581E-01  0.000000E+00
   C   -0.529766E-01  0.917581E-01  0.000000E+00
   C    0.529766E-01  0.917581E-01  0.000000E+00

   Matrix Multiplication Performances
   ortho mmul, time for parallel driver      =   0.00000 with    1 procs

   Constraints matrixes will be distributed block like on
   ortho sub-group =    1*   1 procs


   Diagonalization Performances
   ortho diag, time for serial   driver =   0.00018
   ortho diag, time for parallel driver =   0.00006 with    1 procs


   Pseudopotentials initialization
   -------------------------------


   Common initialization

   Specie:     1
 
                        dion 

   Specie:     2
   1  indv=  1   ang. mom=  0
 
                        dion 
   0.5848
 
   Short Legend and Physical Units in the Output
   ---------------------------------------------
   NFI    [int]          - step index
   EKINC  [HARTREE A.U.] - kinetic energy of the fictitious electronic dynamics
   TEMPH  [K]            - Temperature of the fictitious cell dynamics
   TEMP   [K]            - Ionic temperature
   ETOT   [HARTREE A.U.] - Scf total energy (Kohn-Sham hamiltonian)
   ENTHAL [HARTREE A.U.] - Enthalpy ( ETOT + P * V )
   ECONS  [HARTREE A.U.] - Enthalpy + kinetic energy of ions and cell
   ECONT  [HARTREE A.U.] - Constant of motion for the CP lagrangian
 

   f_cutoff =  0.1000
   do_spinsym   =    F
   EE with periodic-image correction method = tcc                 


   Wave Initialization: random initial wave-functions
   Occupation number from init
   nbnd =    15
    2.00 2.00 2.00 2.00 2.00 2.00 2.00 2.00 2.00 2.00
    2.00 2.00 2.00 2.00 2.00

   formf: eself=  78.99057
   formf:     vps(g=0)=  -0.0002039     rhops(g=0)=  -0.0000640
   formf: sum_g vps(g)=  -2.5061372 sum_g rhops(g)=  -0.0898256
   formf:     vps(g=0)=  -0.0002063     rhops(g=0)=  -0.0002560
   formf: sum_g vps(g)=  -2.9164451 sum_g rhops(g)=  -2.8730349
   Delta V(G=0):   0.002412Ry,    0.065635eV

   from rhoofr: total integrated electronic density
   in g-space =   30.000000   in r-space =  30.000000

 * Physical Quantities at step:     1
      NOTE: eigenvalues are not computed without ortho


                total energy =     177.0712846459 Hartree a.u.
              kinetic energy =     139.0632096660 Hartree a.u.
        electrostatic energy =      41.9834539800 Hartree a.u.
                         esr =       0.1060725007 Hartree a.u.
                       eself =      78.9905715195 Hartree a.u.
      pseudopotential energy =      -0.3959910297 Hartree a.u.
  n-l pseudopotential energy =       0.7766320530 Hartree a.u.
 exchange-correlation energy =      -4.3560200233 Hartree a.u.
           average potential =       0.0000000000 Hartree a.u.



   Eigenvalues (eV), kp =   1 , spin =  1

    0.00    0.00    0.00    0.00    0.00    0.00    0.00    0.00    0.00    0.00
    0.00    0.00    0.00    0.00    0.00
 
   Allocated memory (kb) =    231764
 
   CELL_PARAMETERS
   25.00000000    0.00000000    0.00000000
    0.00000000   25.00000000    0.00000000
    0.00000000    0.00000000   25.00000000

   System Density [g/cm^3] :     0.0560


   Center of mass square displacement (a.u.):   0.000000

   ATOMIC_POSITIONS
   C    0.264883E+01  0.000000E+00  0.000000E+00
   C   -0.264883E+01  0.000000E+00  0.000000E+00
   C    0.132441E+01 -0.229395E+01  0.000000E+00
   C   -0.132441E+01 -0.229395E+01  0.000000E+00
   C   -0.132441E+01  0.229395E+01  0.000000E+00
   C    0.132441E+01  0.229395E+01  0.000000E+00
   H    0.471052E+01  0.000000E+00  0.000000E+00
   H   -0.471052E+01  0.000000E+00  0.000000E+00
   H    0.235526E+01 -0.407943E+01  0.000000E+00
   H   -0.235526E+01 -0.407943E+01  0.000000E+00
   H   -0.235526E+01  0.407943E+01  0.000000E+00
   H    0.235526E+01  0.407943E+01  0.000000E+00
 
   ATOMIC_VELOCITIES
   C    0.000000E+00  0.000000E+00  0.000000E+00
   C    0.000000E+00  0.000000E+00  0.000000E+00
   C    0.000000E+00  0.000000E+00  0.000000E+00
   C    0.000000E+00  0.000000E+00  0.000000E+00
   C    0.000000E+00  0.000000E+00  0.000000E+00
   C    0.000000E+00  0.000000E+00  0.000000E+00
   H    0.000000E+00  0.000000E+00  0.000000E+00
   H    0.000000E+00  0.000000E+00  0.000000E+00
   H    0.000000E+00  0.000000E+00  0.000000E+00
   H    0.000000E+00  0.000000E+00  0.000000E+00
   H    0.000000E+00  0.000000E+00  0.000000E+00
   H    0.000000E+00  0.000000E+00  0.000000E+00
 


   Partial temperatures (for each ionic specie) 
   Species  Temp (K)   Mean Square Displacement (a.u.)
        1       0.00     0.0000
        2       0.00     0.0000
 
  nfi    ekinc  temph  tempp        etot      enthal       econs       econt    vnhh   xnhh0    vnhp   xnhp0
    1 0.94E+01    0.0    0.0   177.07128   177.07128   177.07128   186.43197  0.0000  0.0000  0.0000  0.0000     5.42717

   writing restart file: ./SCRATCH/benzene_90.save
   restart file written in    0.160 sec.



   Averaged Physical Quantities
                      accomulated      this run
   ekinc         :        9.36069       9.36069 (AU)
   ekin          :      139.06321     139.06321 (AU)
   epot          :       37.23144      37.23144 (AU)
   total energy  :      177.07128     177.07128 (AU)
   temperature   :        0.00000       0.00000 (K )
   enthalpy      :      177.07128     177.07128 (AU)
   econs         :      177.07128     177.07128 (AU)
   pressure      :        0.00000       0.00000 (Gpa)
   volume        :    15625.00000   15625.00000 (AU)


     initialize   :     2.79s CPU
     total_time   :     1.55s CPU
     formf        :     0.08s CPU
     rhoofr       :     0.84s CPU (       2 calls,   0.420 s avg)
     vofrho       :     1.08s CPU (       2 calls,   0.542 s avg)
     dforce       :     1.12s CPU (      16 calls,   0.070 s avg)
     calphi       :     0.01s CPU (       2 calls,   0.004 s avg)
     gram         :     0.04s CPU (       3 calls,   0.013 s avg)
     newd         :     0.00s CPU (       2 calls,   0.000 s avg)
     calbec       :     0.01s CPU (       3 calls,   0.004 s avg)
     prefor       :     0.00s CPU (       2 calls,   0.000 s avg)
     strucf       :     0.02s CPU
     nlsm1        :     0.01s CPU (       3 calls,   0.004 s avg)
     fft          :     0.98s CPU (      18 calls,   0.054 s avg)
     ffts         :     0.23s CPU (       4 calls,   0.058 s avg)
     fftw         :     1.45s CPU (      48 calls,   0.030 s avg)
     cft3s        :     2.66s CPU (      70 calls,   0.038 s avg)
 
 
     CP           :     4.48s CPU time,    4.74s wall time

 
   This run was terminated on:   5:58:44   9Feb2011            

=------------------------------------------------------------------------------=
   JOB DONE.
=------------------------------------------------------------------------------=
