=------------------------------------------------------------------------------=

     CP: variable-cell Car-Parrinello molecular dynamics
     using norm-conserving and ultrasoft Vanderbilt pseudopotentials

     Version: 4.1 - Wed Feb 15 19:22:38 CET 2012                          
     Authors: Alfredo Pasquarello, Kari Laasonen, Andrea Trave, Roberto Car,
       Paolo Giannozzi, Nicola Marzari, Carlo Cavazzoni, Guido Chiarotti,
       Sandro Scandolo, Paolo Focher, Gerardo Ballabio, and others

=------------------------------------------------------------------------------=

   This run was started on:  18:53:13  16Feb2012               

   MPI Parallel Build
   Tasks =    4  This task id =    0

   Job Title: MD Simulation


   Atomic Pseudopotentials Parameters
   ----------------------------------

   Reading pseudopotential for specie #  1 from file :
   ../../pseudo/Cl.pz-bhs.UPF
   file type is 20: UPF


   Main Simulation Parameters (from input)
   ---------------------------------------
   Restart Mode       =       1   restart        
   Number of MD Steps =     100
   Print out every            1 MD Steps
   Reads from unit    =      97
   Writes to unit     =      98
   MD Simulation time step            =      15.00
   Electronic fictitious mass (emass) =    1000.00
   emass cut-off                      =       3.00

   Simulation Cell Parameters (from input)
   external pressure       =            0.00 [GPa]
   wmass (calculated)      =         9821.27 [AU]
   ibrav =    1
   alat  =    20.00000000
   a1    =    20.00000000    0.00000000    0.00000000
   a2    =     0.00000000   20.00000000    0.00000000
   a3    =     0.00000000    0.00000000   20.00000000
 
   b1    =     0.05000000    0.00000000    0.00000000
   b2    =     0.00000000    0.05000000    0.00000000
   b3    =     0.00000000    0.00000000    0.05000000
   omega =  8000.00000000

   Energy Cut-offs
   ---------------
   Ecutwfc =   50.0 Ry,      Ecutrho =  200.0 Ry,      Ecuts =  200.0 Ry
   Gcutwfc =   22.5     ,    Gcutrho =   45.0          Gcuts =   45.0
   NOTA BENE: refg, mmx =   0.050000  8000
   Eigenvalues calculated without the kinetic term contribution
   Orthog. with lagrange multipliers : eps =   0.10E-07,  max = 500
   verlet algorithm for electron dynamics
   with friction frice =  0.0500 , grease =  1.0000
   Electron dynamics : the temperature is not controlled

   Electronic states
   -----------------
   Number of Electron =    14, of States =     7
   Occupation numbers :
   2.00 2.00 2.00 2.00 2.00 2.00 2.00


   Exchange and correlations functionals
   -------------------------------------
   Using Local Density Approximation with
     Exchange functional: SLATER                                                      
     Correlation functional: PERDEW AND ZUNGER                                           
     Exchange-correlation      =  SLA  PZ   NOGX NOGC (1100)


   Ions Simulation Parameters
   --------------------------
   Ions are not allowed to move
   Ionic position (from input)
   sorted by specie, and converted to real a.u. coordinates
   Species   1 atoms =    2 mass =     64621.40 (a.u.),        35.45 (amu) rcmax =   1.00 (a.u.)
        0.000000     0.000000     1.903977
        0.000000     0.000000    -1.903977
   Ionic position will be re-read from restart file


   Cell Dynamics Parameters (from STDIN)
   -------------------------------------
   Starting cell generated from CELLDM
   Cell parameters will be re-read from restart file
   Constant VOLUME Molecular dynamics
   cell parameters are not allowed to move

   Verbosity: iprsta =  1



   Simulation dimensions initialization
   ------------------------------------

   unit vectors of full simulation cell
   in real space:                         in reciprocal space (units 2pi/alat):
   1    20.0000    0.0000    0.0000              1.0000    0.0000    0.0000
   2     0.0000   20.0000    0.0000              0.0000    1.0000    0.0000
   3     0.0000    0.0000   20.0000              0.0000    0.0000    1.0000
 
   Stick Mesh
   ----------
   nst =  3185,  nstw =   799, nsts =  3185
        PEs    n.st   n.stw   n.sts    n.g    n.gw   n.gs
          1    1594     400    1594   95582   11960   95582
          2    1592     400    1592   95580   11960   95580
          3    1591     399    1591   95581   11959   95581
          4    1592     398    1592   95580   11954   95580
          0    6369    1597    6369  382323   47833  382323
 
 
   Real Mesh
   ---------
   Global Dimensions   Local  Dimensions   Processor Grid
   .X.   .Y.   .Z.     .X.   .Y.   .Z.     .X.   .Y.   .Z.
    96    96    96      96    96    24       1     1     4
   Array leading dimensions ( nr1x, nr2x, nr3x )   =     96    96    96
   Local number of cell to store the grid ( nnrx ) =     221184
   Number of x-y planes for each processors: 
   nr3l =    24   24   24   24
 
   Smooth Real Mesh
   ----------------
   Global Dimensions   Local  Dimensions   Processor Grid
   .X.   .Y.   .Z.     .X.   .Y.   .Z.     .X.   .Y.   .Z.
    96    96    96      96    96    24       1     1     4
   Array leading dimensions ( nr1x, nr2x, nr3x )   =     96    96    96
   Local number of cell to store the grid ( nnrx ) =     221184
   Number of x-y planes for each processors: 
   nr3sl =    24   24   24   24
 
   Reciprocal Space Mesh
   ---------------------
                Large Mesh
   PE   Global(ngmt)     Local(ngm) MaxLocal(ngmx)
    1         191162          47791          47791
    2         191162          47790          47791
    3         191162          47791          47791
    4         191162          47790          47791
                Smooth Mesh
   PE   Global(ngst)     Local(ngs) MaxLocal(ngsx)
    1         191162          47791          47791
    2         191162          47790          47791
    3         191162          47791          47791
    4         191162          47790          47791
                Wave function Mesh
   PE   Global(ngwt)     Local(ngw) MaxLocal(ngwx)
    1          23917           5980           5980
    2          23917           5980           5980
    3          23917           5980           5980
    4          23917           5977           5980


   System geometry initialization
   ------------------------------
 
   Scaled positions from standard input
   Cl   0.000000E+00  0.000000E+00  0.951988E-01
   Cl   0.000000E+00  0.000000E+00 -0.951988E-01
   ibrav =    1       cell parameters 

      20.00000       0.00000       0.00000
       0.00000      20.00000       0.00000
       0.00000       0.00000      20.00000
 

   Matrix Multiplication Performances
   ortho mmul, time for parallel driver      =   0.00001 with    4 procs

   Constraints matrixes will be distributed block like on
   ortho sub-group =    2*   2 procs


   Diagonalization Performances
   ortho diag, time for serial   driver =   0.00032
   ortho diag, time for parallel driver =   0.00038 with    4 procs


   Pseudopotentials initialization
   -------------------------------


   Common initialization

   Specie:     1
   1  indv=  1   ang. mom=  0
   2  indv=  2   ang. mom=  1
   3  indv=  2   ang. mom=  1
   4  indv=  2   ang. mom=  1
 
                        dion 
   0.3320   0.0000
   0.0000   0.6374
 
   Short Legend and Physical Units in the Output
   ---------------------------------------------
   NFI    [int]          - step index
   EKINC  [HARTREE A.U.] - kinetic energy of the fictitious electronic dynamics
   TEMPH  [K]            - Temperature of the fictitious cell dynamics
   TEMP   [K]            - Ionic temperature
   ETOT   [HARTREE A.U.] - Scf total energy (Kohn-Sham hamiltonian)
   ENTHAL [HARTREE A.U.] - Enthalpy ( ETOT + P * V )
   ECONS  [HARTREE A.U.] - Enthalpy + kinetic energy of ions and cell
   ECONT  [HARTREE A.U.] - Constant of motion for the CP lagrangian
 

   f_cutoff =  0.1000
   do_spinsym   =    F

   Warning XC functionals forced to be: b3lyp                         
   HF scaling factor =  0.2000
            f_cutoff =  0.1000
       dft_is_hybrid =     T
   EE with periodic-image correction method = tcc                 

   reading restart file: ./SCRATCH/clorine_97.save
   restart file read in    0.042 sec.

 nprint_nfi=           -2
 nprint_nfi=          505

   formf: eself=  39.09634
   formf:     vps(g=0)=  -0.0025475     rhops(g=0)=  -0.0008537
   formf: sum_g vps(g)=  -1.7047711 sum_g rhops(g)=  -0.6289924
   Delta V(G=0):   0.005498Ry,    0.149602eV
 
  nfi    ekinc  temph  tempp        etot      enthal       econs       econt    vnhh   xnhh0    vnhp   xnhp0
  506 0.62E-04    0.0    0.0   -30.28386   -30.28386   -30.28386   -30.28380  0.0000  0.0000  0.0000  0.0000     0.00000
  507 0.22E-03    0.0    0.0   -30.28429   -30.28429   -30.28429   -30.28407  0.0000  0.0000  0.0000  0.0000     0.00001
  508 0.35E-03    0.0    0.0   -30.28472   -30.28472   -30.28472   -30.28436  0.0000  0.0000  0.0000  0.0000     0.00001
  509 0.33E-03    0.0    0.0   -30.28481   -30.28481   -30.28481   -30.28448  0.0000  0.0000  0.0000  0.0000     0.00001

 * Physical Quantities at step:   510

   from rhoofr: total integrated electronic density
   in g-space =   14.000000   in r-space =  14.000000


                total energy =     -30.2846175792 Hartree a.u.
              kinetic energy =      11.1901349474 Hartree a.u.
        electrostatic energy =     -34.4767087184 Hartree a.u.
                         esr =       0.0018030605 Hartree a.u.
                       eself =      39.0963434793 Hartree a.u.
      pseudopotential energy =      -7.9498347975 Hartree a.u.
  n-l pseudopotential energy =       6.9191132617 Hartree a.u.
 exchange-correlation energy =      -4.9041051938 Hartree a.u.
           average potential =       0.0000000000 Hartree a.u.



   Eigenvalues (eV), kp =   1 , spin =  1

  -25.96  -21.71  -13.29  -11.54  -11.54   -8.89   -8.89
 
   Allocated memory (kb) =     51520
 
   CELL_PARAMETERS
   20.00000000    0.00000000    0.00000000
    0.00000000   20.00000000    0.00000000
    0.00000000    0.00000000   20.00000000

   System Density [g/cm^3] :     0.0993


   Center of mass square displacement (a.u.):   0.000000

   ATOMIC_POSITIONS
   Cl   0.000000E+00  0.000000E+00  0.190398E+01
   Cl   0.000000E+00  0.000000E+00 -0.190398E+01
 
   ATOMIC_VELOCITIES
   Cl   0.000000E+00  0.000000E+00  0.000000E+00
   Cl   0.000000E+00  0.000000E+00  0.000000E+00
 


   Partial temperatures (for each ionic specie) 
   Species  Temp (K)   Mean Square Displacement (a.u.)
        1       0.00     0.0000
 
  nfi    ekinc  temph  tempp        etot      enthal       econs       econt    vnhh   xnhh0    vnhp   xnhp0
  510 0.20E-03    0.0    0.0   -30.28462   -30.28462   -30.28462   -30.28442  0.0000  0.0000  0.0000  0.0000     0.00001
  511 0.84E-04    0.0    0.0   -30.28441   -30.28441   -30.28441   -30.28433  0.0000  0.0000  0.0000  0.0000     0.00001
  512 0.66E-04    0.0    0.0   -30.28441   -30.28441   -30.28441   -30.28434  0.0000  0.0000  0.0000  0.0000     0.00001
  513 0.12E-03    0.0    0.0   -30.28458   -30.28458   -30.28458   -30.28446  0.0000  0.0000  0.0000  0.0000     0.00001
  514 0.17E-03    0.0    0.0   -30.28475   -30.28475   -30.28475   -30.28458  0.0000  0.0000  0.0000  0.0000     0.00001
  515 0.15E-03    0.0    0.0   -30.28478   -30.28478   -30.28478   -30.28463  0.0000  0.0000  0.0000  0.0000     0.00001
  516 0.98E-04    0.0    0.0   -30.28471   -30.28471   -30.28471   -30.28461  0.0000  0.0000  0.0000  0.0000     0.00001
  517 0.56E-04    0.0    0.0   -30.28465   -30.28465   -30.28465   -30.28459  0.0000  0.0000  0.0000  0.0000     0.00001
  518 0.53E-04    0.0    0.0   -30.28466   -30.28466   -30.28466   -30.28461  0.0000  0.0000  0.0000  0.0000     0.00001
  519 0.72E-04    0.0    0.0   -30.28473   -30.28473   -30.28473   -30.28466  0.0000  0.0000  0.0000  0.0000     0.00001

 * Physical Quantities at step:   520

   from rhoofr: total integrated electronic density
   in g-space =   14.000000   in r-space =  14.000000


                total energy =     -30.2847927710 Hartree a.u.
              kinetic energy =      11.1550934673 Hartree a.u.
        electrostatic energy =     -34.4628349034 Hartree a.u.
                         esr =       0.0018030605 Hartree a.u.
                       eself =      39.0963434793 Hartree a.u.
      pseudopotential energy =      -7.9428340626 Hartree a.u.
  n-l pseudopotential energy =       6.9286581171 Hartree a.u.
 exchange-correlation energy =      -4.9001540274 Hartree a.u.
           average potential =       0.0000000000 Hartree a.u.



   Eigenvalues (eV), kp =   1 , spin =  1

  -25.96  -21.71  -13.28  -11.53  -11.53   -8.88   -8.88
 
   Allocated memory (kb) =     51520
 
   CELL_PARAMETERS
   20.00000000    0.00000000    0.00000000
    0.00000000   20.00000000    0.00000000
    0.00000000    0.00000000   20.00000000

   System Density [g/cm^3] :     0.0993


   Center of mass square displacement (a.u.):   0.000000

   ATOMIC_POSITIONS
   Cl   0.000000E+00  0.000000E+00  0.190398E+01
   Cl   0.000000E+00  0.000000E+00 -0.190398E+01
 
   ATOMIC_VELOCITIES
   Cl   0.000000E+00  0.000000E+00  0.000000E+00
   Cl   0.000000E+00  0.000000E+00  0.000000E+00
 


   Partial temperatures (for each ionic specie) 
   Species  Temp (K)   Mean Square Displacement (a.u.)
        1       0.00     0.0000
 
  nfi    ekinc  temph  tempp        etot      enthal       econs       econt    vnhh   xnhh0    vnhp   xnhp0
  520 0.84E-04    0.0    0.0   -30.28479   -30.28479   -30.28479   -30.28471  0.0000  0.0000  0.0000  0.0000     0.00001
  521 0.75E-04    0.0    0.0   -30.28480   -30.28480   -30.28480   -30.28473  0.0000  0.0000  0.0000  0.0000     0.00001
  522 0.54E-04    0.0    0.0   -30.28478   -30.28478   -30.28478   -30.28473  0.0000  0.0000  0.0000  0.0000     0.00001
  523 0.39E-04    0.0    0.0   -30.28477   -30.28477   -30.28477   -30.28473  0.0000  0.0000  0.0000  0.0000     0.00001
  524 0.37E-04    0.0    0.0   -30.28478   -30.28478   -30.28478   -30.28474  0.0000  0.0000  0.0000  0.0000     0.00001
  525 0.41E-04    0.0    0.0   -30.28480   -30.28480   -30.28480   -30.28476  0.0000  0.0000  0.0000  0.0000     0.00001
  526 0.40E-04    0.0    0.0   -30.28482   -30.28482   -30.28482   -30.28478  0.0000  0.0000  0.0000  0.0000     0.00001
  527 0.34E-04    0.0    0.0   -30.28482   -30.28482   -30.28482   -30.28479  0.0000  0.0000  0.0000  0.0000     0.00001
  528 0.26E-04    0.0    0.0   -30.28482   -30.28482   -30.28482   -30.28480  0.0000  0.0000  0.0000  0.0000     0.00001
  529 0.23E-04    0.0    0.0   -30.28483   -30.28483   -30.28483   -30.28480  0.0000  0.0000  0.0000  0.0000     0.00001

 * Physical Quantities at step:   530

   from rhoofr: total integrated electronic density
   in g-space =   14.000000   in r-space =  14.000000


                total energy =     -30.2848368231 Hartree a.u.
              kinetic energy =      11.1530021647 Hartree a.u.
        electrostatic energy =     -34.4544859981 Hartree a.u.
                         esr =       0.0018030605 Hartree a.u.
                       eself =      39.0963434793 Hartree a.u.
      pseudopotential energy =      -7.9265980152 Hartree a.u.
  n-l pseudopotential energy =       6.9046263919 Hartree a.u.
 exchange-correlation energy =      -4.8990310529 Hartree a.u.
           average potential =       0.0000000000 Hartree a.u.



   Eigenvalues (eV), kp =   1 , spin =  1

  -25.97  -21.73  -13.30  -11.54  -11.54   -8.89   -8.89
 
   Allocated memory (kb) =     51520
 
   CELL_PARAMETERS
   20.00000000    0.00000000    0.00000000
    0.00000000   20.00000000    0.00000000
    0.00000000    0.00000000   20.00000000

   System Density [g/cm^3] :     0.0993


   Center of mass square displacement (a.u.):   0.000000

   ATOMIC_POSITIONS
   Cl   0.000000E+00  0.000000E+00  0.190398E+01
   Cl   0.000000E+00  0.000000E+00 -0.190398E+01
 
   ATOMIC_VELOCITIES
   Cl   0.000000E+00  0.000000E+00  0.000000E+00
   Cl   0.000000E+00  0.000000E+00  0.000000E+00
 


   Partial temperatures (for each ionic specie) 
   Species  Temp (K)   Mean Square Displacement (a.u.)
        1       0.00     0.0000
 
  nfi    ekinc  temph  tempp        etot      enthal       econs       econt    vnhh   xnhh0    vnhp   xnhp0
  530 0.24E-04    0.0    0.0   -30.28484   -30.28484   -30.28484   -30.28481  0.0000  0.0000  0.0000  0.0000     0.00001
  531 0.24E-04    0.0    0.0   -30.28485   -30.28485   -30.28485   -30.28482  0.0000  0.0000  0.0000  0.0000     0.00001
  532 0.22E-04    0.0    0.0   -30.28485   -30.28485   -30.28485   -30.28483  0.0000  0.0000  0.0000  0.0000     0.00001
  533 0.18E-04    0.0    0.0   -30.28485   -30.28485   -30.28485   -30.28483  0.0000  0.0000  0.0000  0.0000     0.00001
  534 0.15E-04    0.0    0.0   -30.28485   -30.28485   -30.28485   -30.28484  0.0000  0.0000  0.0000  0.0000     0.00001
  535 0.14E-04    0.0    0.0   -30.28485   -30.28485   -30.28485   -30.28484  0.0000  0.0000  0.0000  0.0000     0.00001
  536 0.14E-04    0.0    0.0   -30.28486   -30.28486   -30.28486   -30.28485  0.0000  0.0000  0.0000  0.0000     0.00001
  537 0.12E-04    0.0    0.0   -30.28486   -30.28486   -30.28486   -30.28485  0.0000  0.0000  0.0000  0.0000     0.00001
  538 0.10E-04    0.0    0.0   -30.28486   -30.28486   -30.28486   -30.28485  0.0000  0.0000  0.0000  0.0000     0.00001
  539 0.86E-05    0.0    0.0   -30.28486   -30.28486   -30.28486   -30.28485  0.0000  0.0000  0.0000  0.0000     0.00001

   MAIN:          EKINC   (thr)          DETOT   (thr)       MAXFORCE   (thr)
   MAIN:   0.861337D-05  0.1D-04  0.668272D-06  0.1D-05  0.000000D+00  0.1D+11
   MAIN: convergence achieved for system relaxation

 * Physical Quantities at step:   540

   from rhoofr: total integrated electronic density
   in g-space =   14.000000   in r-space =  14.000000


                total energy =     -30.2848664793 Hartree a.u.
              kinetic energy =      11.1591666777 Hartree a.u.
        electrostatic energy =     -34.4575044654 Hartree a.u.
                         esr =       0.0018030605 Hartree a.u.
                       eself =      39.0963434793 Hartree a.u.
      pseudopotential energy =      -7.9282072854 Hartree a.u.
  n-l pseudopotential energy =       6.9045625062 Hartree a.u.
 exchange-correlation energy =      -4.9002578659 Hartree a.u.
           average potential =       0.0000000000 Hartree a.u.



   Eigenvalues (eV), kp =   1 , spin =  1

  -25.97  -21.72  -13.30  -11.54  -11.54   -8.89   -8.89
 
   Allocated memory (kb) =     51520
 
   CELL_PARAMETERS
   20.00000000    0.00000000    0.00000000
    0.00000000   20.00000000    0.00000000
    0.00000000    0.00000000   20.00000000

   System Density [g/cm^3] :     0.0993


   Center of mass square displacement (a.u.):   0.000000

   ATOMIC_POSITIONS
   Cl   0.000000E+00  0.000000E+00  0.190398E+01
   Cl   0.000000E+00  0.000000E+00 -0.190398E+01
 
   ATOMIC_VELOCITIES
   Cl   0.000000E+00  0.000000E+00  0.000000E+00
   Cl   0.000000E+00  0.000000E+00  0.000000E+00
 


   Partial temperatures (for each ionic specie) 
   Species  Temp (K)   Mean Square Displacement (a.u.)
        1       0.00     0.0000
 
  nfi    ekinc  temph  tempp        etot      enthal       econs       econt    vnhh   xnhh0    vnhp   xnhp0
  540 0.83E-05    0.0    0.0   -30.28487   -30.28487   -30.28487   -30.28486  0.0000  0.0000  0.0000  0.0000     0.00001

   writing restart file: ./SCRATCH/clorine_98.save
   restart file written in    0.147 sec.



   Averaged Physical Quantities
                      accomulated      this run
   ekinc         :        0.27258       0.00008 (AU)
   ekin          :       11.70231      11.16252 (AU)
   epot          :      -47.08440     -47.29460 (AU)
   total energy  :      -29.24883     -30.28473 (AU)
   temperature   :        0.00000       0.00000 (K )
   enthalpy      :      -29.24883     -30.28473 (AU)
   econs         :      -29.24883     -30.28473 (AU)
   pressure      :        0.00000       0.00000 (Gpa)
   volume        :     8000.00000    8000.00000 (AU)


     initialize   :     1.02s CPU
     total_time   :   131.52s CPU (      35 calls,   3.758 s avg)
     formf        :     0.05s CPU
     rhoofr       :     3.00s CPU (      35 calls,   0.086 s avg)
     vofrho       :    11.26s CPU (      35 calls,   0.322 s avg)
     dforce       :     2.96s CPU (     140 calls,   0.021 s avg)
     calphi       :     0.02s CPU (      35 calls,   0.001 s avg)
     ortho        :     0.03s CPU (      35 calls,   0.001 s avg)
     ortho_iter   :     0.02s CPU (      35 calls,   0.001 s avg)
     rsg          :     0.00s CPU (      35 calls,   0.000 s avg)
     rhoset       :     0.01s CPU (      35 calls,   0.000 s avg)
     updatc       :     0.02s CPU (      35 calls,   0.001 s avg)
     newd         :     0.00s CPU (      35 calls,   0.000 s avg)
     calbec       :     0.02s CPU (      36 calls,   0.001 s avg)
     prefor       :     0.03s CPU (      36 calls,   0.001 s avg)
     strucf       :     0.00s CPU
     nlsm1        :     0.02s CPU (     106 calls,   0.000 s avg)
     fft          :    78.03s CPU (    4344 calls,   0.018 s avg)
     ffts         :     1.29s CPU (      70 calls,   0.018 s avg)
     fftw         :    23.26s CPU (    2625 calls,   0.009 s avg)
     cft3s        :   102.57s CPU (    7039 calls,   0.015 s avg)
     fft_scatter  :    21.95s CPU (    7039 calls,   0.003 s avg)
 
 
     CP           :  2m12.69s CPU time,     2m22.71s wall time

 
   This run was terminated on:  18:55:36  16Feb2012            

=------------------------------------------------------------------------------=
   JOB DONE.
=------------------------------------------------------------------------------=
