=------------------------------------------------------------------------------=

     CP: variable-cell Car-Parrinello molecular dynamics
     using norm-conserving and ultrasoft Vanderbilt pseudopotentials

     Version: 4.1 - Mon Dec 13 15:39:43 EST 2010                          
     Authors: Alfredo Pasquarello, Kari Laasonen, Andrea Trave, Roberto Car,
       Paolo Giannozzi, Nicola Marzari, Carlo Cavazzoni, Guido Chiarotti,
       Sandro Scandolo, Paolo Focher, Gerardo Ballabio, and others

=------------------------------------------------------------------------------=

   This run was started on:  10:54:19  15Dec2010               

   MPI Parallel Build
   Tasks =    6  This task id =    0

   Job Title: MD Simulation


   Atomic Pseudopotentials Parameters
   ----------------------------------

   Reading pseudopotential for specie #  1 from file :
   ../../pseudo/Cl.pz-bhs.UPF
   file type is 20: UPF


   Main Simulation Parameters (from input)
   ---------------------------------------
   Restart Mode       =       1   restart        
   Number of MD Steps =       1
   Print out every            1 MD Steps
   Reads from unit    =      96
   Writes to unit     =     196
   MD Simulation time step            =       3.00
   Electronic fictitious mass (emass) =    1000.00
   emass cut-off                      =       3.00

   Simulation Cell Parameters (from input)
   external pressure       =            0.00 [GPa]
   wmass (calculated)      =         9821.27 [AU]
   ibrav =    1
   alat  =    20.00000000
   a1    =    20.00000000    0.00000000    0.00000000
   a2    =     0.00000000   20.00000000    0.00000000
   a3    =     0.00000000    0.00000000   20.00000000
 
   b1    =     0.05000000    0.00000000    0.00000000
   b2    =     0.00000000    0.05000000    0.00000000
   b3    =     0.00000000    0.00000000    0.05000000
   omega =  8000.00000000

   Energy Cut-offs
   ---------------
   Ecutwfc =   50.0 Ry,      Ecutrho =  200.0 Ry,      Ecuts =  200.0 Ry
   Gcutwfc =   22.5     ,    Gcutrho =   45.0          Gcuts =   45.0
   NOTA BENE: refg, mmx =   0.050000  8000
   Eigenvalues calculated without the kinetic term contribution
   Orthog. with lagrange multipliers : eps =   0.10E-07,  max = 500
   verlet algorithm for electron dynamics
   with friction frice =  0.0500 , grease =  1.0000
   Electron dynamics : the temperature is not controlled

   Electronic states
   -----------------
   Local Spin Density calculation
   Number of Electron =    14
   Spins up   =     7, occupations: 
   1.00 1.00 1.00 1.00 1.00 1.00 1.00
   Spins down =     7, occupations: 
   1.00 1.00 1.00 1.00 1.00 1.00 1.00


   Empty states minimization
   --------------------------
      states =        3
     maxiter =      140
        ethr = 0.1000D-04


   Exchange and correlations functionals
   -------------------------------------
   Using Local Density Approximation with
     Exchange functional: SLATER                                                      
     Correlation functional: PERDEW AND ZUNGER                                           
     Exchange-correlation      =  SLA  PZ   NOGX NOGC (1100)


   Ions Simulation Parameters
   --------------------------
   Ions are not allowed to move
   Ionic position (from input)
   sorted by specie, and converted to real a.u. coordinates
   Species   1 atoms =    2 mass =     64621.40 (a.u.),        35.45 (amu) rcmax =   1.00 (a.u.)
        0.000000     0.000000     1.903977
        0.000000     0.000000    -1.903977
   Ionic position will be re-read from restart file


   Cell Dynamics Parameters (from STDIN)
   -------------------------------------
   Starting cell generated from CELLDM
   Cell parameters will be re-read from restart file
   Constant VOLUME Molecular dynamics
   cell parameters are not allowed to move

   Verbosity: iprsta =  1



   Simulation dimensions initialization
   ------------------------------------

   unit vectors of full simulation cell
   in real space:                         in reciprocal space (units 2pi/alat):
   1    20.0000    0.0000    0.0000              1.0000    0.0000    0.0000
   2     0.0000   20.0000    0.0000              0.0000    1.0000    0.0000
   3     0.0000    0.0000   20.0000              0.0000    0.0000    1.0000
 
   Stick Mesh
   ----------
   nst =  3185,  nstw =   799, nsts =  3185
        PEs    n.st   n.stw   n.sts    n.g    n.gw   n.gs
          1    1063     265    1063   63721    7973   63721
          2    1060     266    1060   63720    7974   63720
          3    1060     268    1060   63720    7976   63720
          4    1060     266    1060   63720    7970   63720
          5    1062     266    1062   63722    7970   63722
          6    1064     266    1064   63720    7970   63720
          0    6369    1597    6369  382323   47833  382323
 
 
   Real Mesh
   ---------
   Global Dimensions   Local  Dimensions   Processor Grid
   .X.   .Y.   .Z.     .X.   .Y.   .Z.     .X.   .Y.   .Z.
    96    96    96      96    96    16       1     1     6
   Array leading dimensions ( nr1x, nr2x, nr3x )   =     96    96    96
   Local number of cell to store the grid ( nnrx ) =     147456
   Number of x-y planes for each processors: 
   nr3l =    16   16   16   16   16   16
 
   Smooth Real Mesh
   ----------------
   Global Dimensions   Local  Dimensions   Processor Grid
   .X.   .Y.   .Z.     .X.   .Y.   .Z.     .X.   .Y.   .Z.
    96    96    96      96    96    16       1     1     6
   Array leading dimensions ( nr1x, nr2x, nr3x )   =     96    96    96
   Local number of cell to store the grid ( nnrx ) =     147456
   Number of x-y planes for each processors: 
   nr3sl =    16   16   16   16   16   16
 
   Reciprocal Space Mesh
   ---------------------
                Large Mesh
   PE   Global(ngmt)     Local(ngm) MaxLocal(ngmx)
    1         191162          31861          31861
    2         191162          31860          31861
    3         191162          31860          31861
    4         191162          31860          31861
    5         191162          31861          31861
    6         191162          31860          31861
                Smooth Mesh
   PE   Global(ngst)     Local(ngs) MaxLocal(ngsx)
    1         191162          31861          31861
    2         191162          31860          31861
    3         191162          31860          31861
    4         191162          31860          31861
    5         191162          31861          31861
    6         191162          31860          31861
                Wave function Mesh
   PE   Global(ngwt)     Local(ngw) MaxLocal(ngwx)
    1          23917           3987           3988
    2          23917           3987           3988
    3          23917           3988           3988
    4          23917           3985           3988
    5          23917           3985           3988
    6          23917           3985           3988


   System geometry initialization
   ------------------------------
 
   Scaled positions from standard input
   Cl   0.000000E+00  0.000000E+00  0.951988E-01
   Cl   0.000000E+00  0.000000E+00 -0.951988E-01
   ibrav =    1       cell parameters 

      20.00000       0.00000       0.00000
       0.00000      20.00000       0.00000
       0.00000       0.00000      20.00000
 

   Matrix Multiplication Performances
   ortho mmul, time for parallel driver      =   0.00001 with    4 procs

   Constraints matrixes will be distributed block like on
   ortho sub-group =    2*   2 procs


   Diagonalization Performances
   ortho diag, time for serial   driver =   0.04401
   ortho diag, time for parallel driver =   0.00022 with    4 procs


   Pseudopotentials initialization
   -------------------------------


   Common initialization

   Specie:     1
   1  indv=  1   ang. mom=  0
   2  indv=  2   ang. mom=  1
   3  indv=  2   ang. mom=  1
   4  indv=  2   ang. mom=  1
 
                        dion 
   0.3320   0.0000
   0.0000   0.6374
 
   Short Legend and Physical Units in the Output
   ---------------------------------------------
   NFI    [int]          - step index
   EKINC  [HARTREE A.U.] - kinetic energy of the fictitious electronic dynamics
   TEMPH  [K]            - Temperature of the fictitious cell dynamics
   TEMP   [K]            - Ionic temperature
   ETOT   [HARTREE A.U.] - Scf total energy (Kohn-Sham hamiltonian)
   ENTHAL [HARTREE A.U.] - Enthalpy ( ETOT + P * V )
   ECONS  [HARTREE A.U.] - Enthalpy + kinetic energy of ions and cell
   ECONT  [HARTREE A.U.] - Constant of motion for the CP lagrangian
 

   f_cutoff =  0.1000
   do_spinsym   =    T

   Warning XC functionals forced to be: hf                            
   HF scaling factor =  1.0000
            f_cutoff =  0.1000
       dft_is_hybrid =     T
   EE with periodic-image correction method = tcc                 

   reading restart file: ./SCRATCH/clorine_spin_96.save
   restart file read in    0.075 sec.

 nprint_nfi=           -2
 nprint_nfi=          470

   formf: eself=  39.09634
   formf:     vps(g=0)=  -0.0025842     rhops(g=0)=  -0.0008750
   formf: sum_g vps(g)=  -1.7047711 sum_g rhops(g)=  -0.6289924
   Delta V(G=0):   0.005498Ry,    0.149602eV

 * Physical Quantities at step:   471

   Empty states minimization starting 
   nfi         dekinc         ekinc
    1    0.288411D-01  0.288411D-01
    2   -0.283827D-01  0.458371D-03
    3    0.473391D-03  0.931762D-03
    4    0.564333D-03  0.149609D-02
    5    0.614445D-03  0.211054D-02
    6    0.632372D-03  0.274291D-02
    7    0.625435D-03  0.336835D-02
    8    0.599797D-03  0.396814D-02
    9    0.560605D-03  0.452875D-02
   10    0.512113D-03  0.504086D-02
   11    0.457803D-03  0.549866D-02
   12    0.400478D-03  0.589914D-02
   13    0.342359D-03  0.624150D-02
   14    0.285165D-03  0.652667D-02
   15    0.230191D-03  0.675686D-02
   16    0.178371D-03  0.693523D-02
   17    0.130338D-03  0.706557D-02
   18    0.864802D-04  0.715205D-02
   19    0.469870D-04  0.719903D-02
   20    0.118895D-04  0.721092D-02
   21   -0.189031D-04  0.719202D-02
   22   -0.455719D-04  0.714645D-02
   23   -0.683631D-04  0.707808D-02
   24   -0.875652D-04  0.699052D-02
   25   -0.103492D-03  0.688703D-02
   26   -0.116466D-03  0.677056D-02
   27   -0.126810D-03  0.664375D-02
   28   -0.134837D-03  0.650892D-02
   29   -0.140843D-03  0.636807D-02
   30   -0.145103D-03  0.622297D-02
   31   -0.147871D-03  0.607510D-02
   32   -0.149375D-03  0.592572D-02
   33   -0.149818D-03  0.577591D-02
   34   -0.149381D-03  0.562652D-02
   35   -0.148220D-03  0.547830D-02
   36   -0.146470D-03  0.533183D-02
   37   -0.144247D-03  0.518759D-02
   38   -0.141651D-03  0.504594D-02
   39   -0.138764D-03  0.490717D-02
   40   -0.135656D-03  0.477152D-02
   41   -0.132384D-03  0.463913D-02
   42   -0.128998D-03  0.451013D-02
   43   -0.125536D-03  0.438460D-02
   44   -0.122031D-03  0.426257D-02
   45   -0.118511D-03  0.414406D-02
   46   -0.114997D-03  0.402906D-02
   47   -0.111506D-03  0.391755D-02
   48   -0.108055D-03  0.380950D-02
   49   -0.104655D-03  0.370484D-02
   50   -0.101316D-03  0.360353D-02
   51   -0.980454D-04  0.350548D-02
   52   -0.948502D-04  0.341063D-02
   53   -0.917354D-04  0.331889D-02
   54   -0.887047D-04  0.323019D-02
   55   -0.857612D-04  0.314443D-02
   56   -0.829068D-04  0.306152D-02
   57   -0.801427D-04  0.298138D-02
   58   -0.774695D-04  0.290391D-02
   59   -0.748872D-04  0.282902D-02
   60   -0.723950D-04  0.275663D-02
   61   -0.699918D-04  0.268664D-02
   62   -0.676762D-04  0.261896D-02
   63   -0.654464D-04  0.255351D-02
   64   -0.633000D-04  0.249021D-02
   65   -0.612349D-04  0.242898D-02
   66   -0.592484D-04  0.236973D-02
   67   -0.573379D-04  0.231239D-02
   68   -0.555006D-04  0.225689D-02
   69   -0.537338D-04  0.220316D-02
   70   -0.520347D-04  0.215112D-02
   71   -0.504005D-04  0.210072D-02
   72   -0.488286D-04  0.205189D-02
   73   -0.473164D-04  0.200458D-02
   74   -0.458611D-04  0.195872D-02
   75   -0.444606D-04  0.191426D-02
   76   -0.431123D-04  0.187114D-02
   77   -0.418141D-04  0.182933D-02
   78   -0.405639D-04  0.178877D-02
   79   -0.393595D-04  0.174941D-02
   80   -0.381992D-04  0.171121D-02
   81   -0.370810D-04  0.167413D-02
   82   -0.360033D-04  0.163812D-02
   83   -0.349644D-04  0.160316D-02
   84   -0.339626D-04  0.156920D-02
   85   -0.329966D-04  0.153620D-02
   86   -0.320649D-04  0.150413D-02
   87   -0.311661D-04  0.147297D-02
   88   -0.302990D-04  0.144267D-02
   89   -0.294621D-04  0.141321D-02
   90   -0.286545D-04  0.138455D-02
   91   -0.278748D-04  0.135668D-02
   92   -0.271221D-04  0.132956D-02
   93   -0.263951D-04  0.130316D-02
   94   -0.256929D-04  0.127747D-02
   95   -0.250146D-04  0.125245D-02
   96   -0.243590D-04  0.122809D-02
   97   -0.237255D-04  0.120437D-02
   98   -0.231130D-04  0.118126D-02
   99   -0.225207D-04  0.115873D-02
  100   -0.219478D-04  0.113679D-02
  101   -0.213936D-04  0.111539D-02
  102   -0.208573D-04  0.109454D-02
  103   -0.203382D-04  0.107420D-02
  104   -0.198356D-04  0.105436D-02
  105   -0.193489D-04  0.103501D-02
  106   -0.188775D-04  0.101614D-02
  107   -0.184208D-04  0.997715D-03
  108   -0.179782D-04  0.979737D-03
  109   -0.175492D-04  0.962187D-03
  110   -0.171333D-04  0.945054D-03
  111   -0.167300D-04  0.928324D-03
  112   -0.163387D-04  0.911985D-03
  113   -0.159592D-04  0.896026D-03
  114   -0.155909D-04  0.880435D-03
  115   -0.152335D-04  0.865202D-03
  116   -0.148865D-04  0.850315D-03
  117   -0.145497D-04  0.835765D-03
  118   -0.142225D-04  0.821543D-03
  119   -0.139047D-04  0.807638D-03
  120   -0.135960D-04  0.794042D-03
  121   -0.132960D-04  0.780746D-03
  122   -0.130045D-04  0.767742D-03
  123   -0.127211D-04  0.755021D-03
  124   -0.124456D-04  0.742575D-03
  125   -0.121777D-04  0.730397D-03
  126   -0.119172D-04  0.718480D-03
  127   -0.116637D-04  0.706816D-03
  128   -0.114172D-04  0.695399D-03
  129   -0.111773D-04  0.684222D-03
  130   -0.109438D-04  0.673278D-03
  131   -0.107165D-04  0.662562D-03
  132   -0.104952D-04  0.652066D-03
  133   -0.102798D-04  0.641787D-03
  134   -0.100700D-04  0.631717D-03
  135   -0.986562D-05  0.621851D-03
  136   -0.966655D-05  0.612184D-03
  137   -0.947258D-05  0.602712D-03
  138   -0.928358D-05  0.593428D-03
  139   -0.909937D-05  0.584329D-03
  140   -0.891981D-05  0.575409D-03



                total energy =      -29.64273 Hartree a.u.
              kinetic energy =       11.06588 Hartree a.u.
        electrostatic energy =      -34.41113 Hartree a.u.
                         esr =        0.00180 Hartree a.u.
                       eself =       39.09634 Hartree a.u.
      pseudopotential energy =       -7.91023 Hartree a.u.
  n-l pseudopotential energy =        6.93519 Hartree a.u.
 exchange-correlation energy =        0.00000 Hartree a.u.
           average potential =        0.00000 Hartree a.u.



   Eigenvalues (eV), kp =   1 , spin =  1

  -33.11  -27.91  -16.22  -15.47  -15.47  -12.27  -12.27

   Empty States Eigenvalues (eV), kp =   1 , spin =  1

    0.36    0.49    1.61

   Electronic Gap (eV) =    12.63


   Eigenvalues (eV), kp =   1 , spin =  2

  -33.11  -27.91  -16.22  -15.47  -15.47  -12.27  -12.27

   Empty States Eigenvalues (eV), kp =   1 , spin =  2

    0.36    0.49    1.61

   Electronic Gap (eV) =    12.63

 
   Allocated memory (kb) =     69664
 
   CELL_PARAMETERS
   20.00000000    0.00000000    0.00000000
    0.00000000   20.00000000    0.00000000
    0.00000000    0.00000000   20.00000000

   System Density [g/cm^3] :     0.0993


   Center of mass square displacement (a.u.):   0.000000

   ATOMIC_POSITIONS
   Cl   0.000000E+00  0.000000E+00  0.190398E+01
   Cl   0.000000E+00  0.000000E+00 -0.190398E+01
 
   ATOMIC_VELOCITIES
   Cl   0.000000E+00  0.000000E+00  0.000000E+00
   Cl   0.000000E+00  0.000000E+00  0.000000E+00
 


   Partial temperatures (for each ionic specie) 
   Species  Temp (K)   Mean Square Displacement (a.u.)
        1       0.00     0.0000
 
  nfi    ekinc  temph  tempp        etot      enthal       econs       econt    vnhh   xnhh0    vnhp   xnhp0
  471 0.12E-03    0.0    0.0   -29.64273   -29.64273   -29.64273   -29.64261  0.0000  0.0000  0.0000  0.0000     0.00000

   writing restart file: ./SCRATCH/clorine_spin_196.save
   restart file written in    0.301 sec.



   Averaged Physical Quantities
                      accomulated      this run
   ekinc         :        0.62496       0.00012 (AU)
   ekin          :       11.78195      11.06588 (AU)
   epot          :      -47.01790     -42.32136 (AU)
   total energy  :      -29.09899     -29.64273 (AU)
   temperature   :        0.00000       0.00000 (K )
   enthalpy      :      -29.09899     -29.64273 (AU)
   econs         :      -29.09899     -29.64273 (AU)
   pressure      :        0.00000       0.00000 (Gpa)
   volume        :     8000.00000    8000.00000 (AU)


     initialize   :     1.17s CPU
     total_time   :   416.30s CPU
     formf        :     0.05s CPU
     rhoofr       :     0.12s CPU
     vofrho       :     0.17s CPU
     dforce       :     8.74s CPU (     427 calls,   0.020 s avg)
     calphi       :     0.06s CPU (     141 calls,   0.000 s avg)
     ortho        :     0.10s CPU (     141 calls,   0.001 s avg)
     ortho_iter   :     0.00s CPU (     282 calls,   0.000 s avg)
     rsg          :     0.00s CPU (     282 calls,   0.000 s avg)
     rhoset       :     0.04s CPU (     282 calls,   0.000 s avg)
     updatc       :     0.03s CPU (     282 calls,   0.000 s avg)
     newd         :     0.00s CPU
     calbec       :     0.00s CPU (       2 calls,   0.002 s avg)
     prefor       :     0.00s CPU (       3 calls,   0.000 s avg)
     strucf       :     0.00s CPU
     nlsm1        :     0.10s CPU (     427 calls,   0.000 s avg)
     fft          :   236.96s CPU (   13675 calls,   0.017 s avg)
     ffts         :     0.04s CPU (       2 calls,   0.018 s avg)
     fftw         :    72.84s CPU (    8547 calls,   0.009 s avg)
     cft3s        :   309.79s CPU (   22224 calls,   0.014 s avg)
     fft_scatter  :    75.98s CPU (   22224 calls,   0.003 s avg)
 
 
     CP           :  6m57.73s CPU time,     6m59.14s wall time

 
   This run was terminated on:  11: 1:19  15Dec2010            

=------------------------------------------------------------------------------=
   JOB DONE.
=------------------------------------------------------------------------------=
