=------------------------------------------------------------------------------=

     CP: variable-cell Car-Parrinello molecular dynamics
     using norm-conserving and ultrasoft Vanderbilt pseudopotentials

     Version: 4.1 - Wed Feb 15 19:22:38 CET 2012                          
     Authors: Alfredo Pasquarello, Kari Laasonen, Andrea Trave, Roberto Car,
       Paolo Giannozzi, Nicola Marzari, Carlo Cavazzoni, Guido Chiarotti,
       Sandro Scandolo, Paolo Focher, Gerardo Ballabio, and others

=------------------------------------------------------------------------------=

   This run was started on:  18:42:38  16Feb2012               

   MPI Parallel Build
   Tasks =    4  This task id =    0

   Job Title: MD Simulation


   Atomic Pseudopotentials Parameters
   ----------------------------------

   Reading pseudopotential for specie #  1 from file :
   ../../pseudo/Cl.pz-bhs.UPF
   file type is 20: UPF


   Main Simulation Parameters (from input)
   ---------------------------------------
   Restart Mode       =       1   restart        
   Number of MD Steps =       1
   Print out every            1 MD Steps
   Reads from unit    =      96
   Writes to unit     =     196
   MD Simulation time step            =       3.00
   Electronic fictitious mass (emass) =    1000.00
   emass cut-off                      =       3.00

   Simulation Cell Parameters (from input)
   external pressure       =            0.00 [GPa]
   wmass (calculated)      =         9821.27 [AU]
   ibrav =    1
   alat  =    20.00000000
   a1    =    20.00000000    0.00000000    0.00000000
   a2    =     0.00000000   20.00000000    0.00000000
   a3    =     0.00000000    0.00000000   20.00000000
 
   b1    =     0.05000000    0.00000000    0.00000000
   b2    =     0.00000000    0.05000000    0.00000000
   b3    =     0.00000000    0.00000000    0.05000000
   omega =  8000.00000000

   Energy Cut-offs
   ---------------
   Ecutwfc =   50.0 Ry,      Ecutrho =  200.0 Ry,      Ecuts =  200.0 Ry
   Gcutwfc =   22.5     ,    Gcutrho =   45.0          Gcuts =   45.0
   NOTA BENE: refg, mmx =   0.050000  8000
   Eigenvalues calculated without the kinetic term contribution
   Orthog. with lagrange multipliers : eps =   0.10E-07,  max = 500
   verlet algorithm for electron dynamics
   with friction frice =  0.0500 , grease =  1.0000
   Electron dynamics : the temperature is not controlled

   Electronic states
   -----------------
   Number of Electron =    14, of States =     7
   Occupation numbers :
   2.00 2.00 2.00 2.00 2.00 2.00 2.00


   Empty states minimization
   --------------------------
      states =        3
     maxiter =      140
        ethr = 0.1000D-04


   Exchange and correlations functionals
   -------------------------------------
   Using Local Density Approximation with
     Exchange functional: SLATER                                                      
     Correlation functional: PERDEW AND ZUNGER                                           
     Exchange-correlation      =  SLA  PZ   NOGX NOGC (1100)


   Ions Simulation Parameters
   --------------------------
   Ions are not allowed to move
   Ionic position (from input)
   sorted by specie, and converted to real a.u. coordinates
   Species   1 atoms =    2 mass =     64621.40 (a.u.),        35.45 (amu) rcmax =   1.00 (a.u.)
        0.000000     0.000000     1.903977
        0.000000     0.000000    -1.903977
   Ionic position will be re-read from restart file


   Cell Dynamics Parameters (from STDIN)
   -------------------------------------
   Starting cell generated from CELLDM
   Cell parameters will be re-read from restart file
   Constant VOLUME Molecular dynamics
   cell parameters are not allowed to move

   Verbosity: iprsta =  1



   Simulation dimensions initialization
   ------------------------------------

   unit vectors of full simulation cell
   in real space:                         in reciprocal space (units 2pi/alat):
   1    20.0000    0.0000    0.0000              1.0000    0.0000    0.0000
   2     0.0000   20.0000    0.0000              0.0000    1.0000    0.0000
   3     0.0000    0.0000   20.0000              0.0000    0.0000    1.0000
 
   Stick Mesh
   ----------
   nst =  3185,  nstw =   799, nsts =  3185
        PEs    n.st   n.stw   n.sts    n.g    n.gw   n.gs
          1    1594     400    1594   95582   11960   95582
          2    1592     400    1592   95580   11960   95580
          3    1591     399    1591   95581   11959   95581
          4    1592     398    1592   95580   11954   95580
          0    6369    1597    6369  382323   47833  382323
 
 
   Real Mesh
   ---------
   Global Dimensions   Local  Dimensions   Processor Grid
   .X.   .Y.   .Z.     .X.   .Y.   .Z.     .X.   .Y.   .Z.
    96    96    96      96    96    24       1     1     4
   Array leading dimensions ( nr1x, nr2x, nr3x )   =     96    96    96
   Local number of cell to store the grid ( nnrx ) =     221184
   Number of x-y planes for each processors: 
   nr3l =    24   24   24   24
 
   Smooth Real Mesh
   ----------------
   Global Dimensions   Local  Dimensions   Processor Grid
   .X.   .Y.   .Z.     .X.   .Y.   .Z.     .X.   .Y.   .Z.
    96    96    96      96    96    24       1     1     4
   Array leading dimensions ( nr1x, nr2x, nr3x )   =     96    96    96
   Local number of cell to store the grid ( nnrx ) =     221184
   Number of x-y planes for each processors: 
   nr3sl =    24   24   24   24
 
   Reciprocal Space Mesh
   ---------------------
                Large Mesh
   PE   Global(ngmt)     Local(ngm) MaxLocal(ngmx)
    1         191162          47791          47791
    2         191162          47790          47791
    3         191162          47791          47791
    4         191162          47790          47791
                Smooth Mesh
   PE   Global(ngst)     Local(ngs) MaxLocal(ngsx)
    1         191162          47791          47791
    2         191162          47790          47791
    3         191162          47791          47791
    4         191162          47790          47791
                Wave function Mesh
   PE   Global(ngwt)     Local(ngw) MaxLocal(ngwx)
    1          23917           5980           5980
    2          23917           5980           5980
    3          23917           5980           5980
    4          23917           5977           5980


   System geometry initialization
   ------------------------------
 
   Scaled positions from standard input
   Cl   0.000000E+00  0.000000E+00  0.951988E-01
   Cl   0.000000E+00  0.000000E+00 -0.951988E-01
   ibrav =    1       cell parameters 

      20.00000       0.00000       0.00000
       0.00000      20.00000       0.00000
       0.00000       0.00000      20.00000
 

   Matrix Multiplication Performances
   ortho mmul, time for parallel driver      =   0.00001 with    4 procs

   Constraints matrixes will be distributed block like on
   ortho sub-group =    2*   2 procs


   Diagonalization Performances
   ortho diag, time for serial   driver =   0.00034
   ortho diag, time for parallel driver =   0.00038 with    4 procs


   Pseudopotentials initialization
   -------------------------------


   Common initialization

   Specie:     1
   1  indv=  1   ang. mom=  0
   2  indv=  2   ang. mom=  1
   3  indv=  2   ang. mom=  1
   4  indv=  2   ang. mom=  1
 
                        dion 
   0.3320   0.0000
   0.0000   0.6374
 
   Short Legend and Physical Units in the Output
   ---------------------------------------------
   NFI    [int]          - step index
   EKINC  [HARTREE A.U.] - kinetic energy of the fictitious electronic dynamics
   TEMPH  [K]            - Temperature of the fictitious cell dynamics
   TEMP   [K]            - Ionic temperature
   ETOT   [HARTREE A.U.] - Scf total energy (Kohn-Sham hamiltonian)
   ENTHAL [HARTREE A.U.] - Enthalpy ( ETOT + P * V )
   ECONS  [HARTREE A.U.] - Enthalpy + kinetic energy of ions and cell
   ECONT  [HARTREE A.U.] - Constant of motion for the CP lagrangian
 

   f_cutoff =  0.1000
   do_spinsym   =    F

   Warning XC functionals forced to be: hf                            
   HF scaling factor =  1.0000
            f_cutoff =  0.1000
       dft_is_hybrid =     T
   EE with periodic-image correction method = tcc                 

   reading restart file: ./SCRATCH/clorine_96.save
   restart file read in    0.042 sec.

 nprint_nfi=           -2
 nprint_nfi=          451

   formf: eself=  39.09634
   formf:     vps(g=0)=  -0.0025475     rhops(g=0)=  -0.0008537
   formf: sum_g vps(g)=  -1.7047711 sum_g rhops(g)=  -0.6289924
   Delta V(G=0):   0.005498Ry,    0.149602eV

 * Physical Quantities at step:   452

   Empty states minimization starting 
   nfi         dekinc         ekinc
    1    0.143701D-01  0.143701D-01
    2   -0.134498D-01  0.920257D-03
    3    0.940509D-03  0.186077D-02
    4    0.110501D-02  0.296578D-02
    5    0.117898D-02  0.414476D-02
    6    0.118144D-02  0.532621D-02
    7    0.112951D-02  0.645572D-02
    8    0.103829D-02  0.749401D-02
    9    0.920787D-03  0.841480D-02
   10    0.787948D-03  0.920275D-02
   11    0.648689D-03  0.985143D-02
   12    0.510025D-03  0.103615D-01
   13    0.377226D-03  0.107387D-01
   14    0.254010D-03  0.109927D-01
   15    0.142760D-03  0.111355D-01
   16    0.447495D-04  0.111802D-01
   17   -0.396361D-04  0.111406D-01
   18   -0.110685D-03  0.110299D-01
   19   -0.169170D-03  0.108607D-01
   20   -0.216177D-03  0.106445D-01
   21   -0.252968D-03  0.103916D-01
   22   -0.280866D-03  0.101107D-01
   23   -0.301175D-03  0.980953D-02
   24   -0.315116D-03  0.949441D-02
   25   -0.323795D-03  0.917062D-02
   26   -0.328181D-03  0.884244D-02
   27   -0.329102D-03  0.851333D-02
   28   -0.327253D-03  0.818608D-02
   29   -0.323206D-03  0.786287D-02
   30   -0.317428D-03  0.754545D-02
   31   -0.310298D-03  0.723515D-02
   32   -0.302122D-03  0.693303D-02
   33   -0.293153D-03  0.663987D-02
   34   -0.283599D-03  0.635627D-02
   35   -0.273633D-03  0.608264D-02
   36   -0.263405D-03  0.581924D-02
   37   -0.253043D-03  0.556619D-02
   38   -0.242657D-03  0.532354D-02
   39   -0.232341D-03  0.509119D-02
   40   -0.222176D-03  0.486902D-02
   41   -0.212228D-03  0.465679D-02
   42   -0.202549D-03  0.445424D-02
   43   -0.193179D-03  0.426106D-02
   44   -0.184147D-03  0.407692D-02
   45   -0.175470D-03  0.390145D-02
   46   -0.167155D-03  0.373429D-02
   47   -0.159204D-03  0.357509D-02
   48   -0.151611D-03  0.342348D-02
   49   -0.144365D-03  0.327911D-02
   50   -0.137455D-03  0.314166D-02
   51   -0.130866D-03  0.301079D-02
   52   -0.124583D-03  0.288621D-02
   53   -0.118592D-03  0.276762D-02
   54   -0.112879D-03  0.265474D-02
   55   -0.107434D-03  0.254730D-02
   56   -0.102244D-03  0.244506D-02
   57   -0.973011D-04  0.234776D-02
   58   -0.925959D-04  0.225516D-02
   59   -0.881207D-04  0.216704D-02
   60   -0.838681D-04  0.208317D-02
   61   -0.798308D-04  0.200334D-02
   62   -0.760015D-04  0.192734D-02
   63   -0.723727D-04  0.185497D-02
   64   -0.689365D-04  0.178603D-02
   65   -0.656847D-04  0.172035D-02
   66   -0.626089D-04  0.165774D-02
   67   -0.597003D-04  0.159804D-02
   68   -0.569501D-04  0.154109D-02
   69   -0.543495D-04  0.148674D-02
   70   -0.518900D-04  0.143485D-02
   71   -0.495631D-04  0.138528D-02
   72   -0.473607D-04  0.133792D-02
   73   -0.452753D-04  0.129265D-02
   74   -0.432996D-04  0.124935D-02
   75   -0.414272D-04  0.120792D-02
   76   -0.396518D-04  0.116827D-02
   77   -0.379677D-04  0.113030D-02
   78   -0.363697D-04  0.109393D-02
   79   -0.348530D-04  0.105908D-02
   80   -0.334131D-04  0.102567D-02
   81   -0.320457D-04  0.993620D-03
   82   -0.307470D-04  0.962873D-03
   83   -0.295134D-04  0.933359D-03
   84   -0.283412D-04  0.905018D-03
   85   -0.272273D-04  0.877791D-03
   86   -0.261683D-04  0.851623D-03
   87   -0.251614D-04  0.826461D-03
   88   -0.242037D-04  0.802258D-03
   89   -0.232924D-04  0.778965D-03
   90   -0.224248D-04  0.756540D-03
   91   -0.215987D-04  0.734942D-03
   92   -0.208115D-04  0.714130D-03
   93   -0.200612D-04  0.694069D-03
   94   -0.193457D-04  0.674723D-03
   95   -0.186629D-04  0.656060D-03
   96   -0.180112D-04  0.638049D-03
   97   -0.173887D-04  0.620660D-03
   98   -0.167940D-04  0.603866D-03
   99   -0.162255D-04  0.587641D-03
  100   -0.156819D-04  0.571959D-03
  101   -0.151618D-04  0.556797D-03
  102   -0.146641D-04  0.542133D-03
  103   -0.141875D-04  0.527946D-03
  104   -0.137311D-04  0.514214D-03
  105   -0.132938D-04  0.500921D-03
  106   -0.128746D-04  0.488046D-03
  107   -0.124727D-04  0.475573D-03
  108   -0.120871D-04  0.463486D-03
  109   -0.117172D-04  0.451769D-03
  110   -0.113620D-04  0.440407D-03
  111   -0.110208D-04  0.429386D-03
  112   -0.106931D-04  0.418693D-03
  113   -0.103780D-04  0.408315D-03
  114   -0.100750D-04  0.398240D-03
  115   -0.978354D-05  0.388457D-03
  116   -0.950294D-05  0.378954D-03
  117   -0.923273D-05  0.369721D-03
  118   -0.897238D-05  0.360749D-03
  119   -0.872142D-05  0.352027D-03
  120   -0.847939D-05  0.343548D-03
  121   -0.824587D-05  0.335302D-03
  122   -0.802045D-05  0.327281D-03
  123   -0.780274D-05  0.319479D-03
  124   -0.759240D-05  0.311886D-03
  125   -0.738909D-05  0.304497D-03
  126   -0.719248D-05  0.297305D-03
  127   -0.700228D-05  0.290302D-03
  128   -0.681822D-05  0.283484D-03
  129   -0.664002D-05  0.276844D-03
  130   -0.646745D-05  0.270377D-03
  131   -0.630026D-05  0.264076D-03
  132   -0.613825D-05  0.257938D-03
  133   -0.598121D-05  0.251957D-03
  134   -0.582894D-05  0.246128D-03
  135   -0.568125D-05  0.240447D-03
  136   -0.553798D-05  0.234909D-03
  137   -0.539895D-05  0.229510D-03
  138   -0.526401D-05  0.224246D-03
  139   -0.513301D-05  0.219113D-03
  140   -0.500580D-05  0.214107D-03



                total energy =     -29.6427228709 Hartree a.u.
              kinetic energy =      11.0656689331 Hartree a.u.
        electrostatic energy =     -34.4114067769 Hartree a.u.
                         esr =       0.0018030605 Hartree a.u.
                       eself =      39.0963434793 Hartree a.u.
      pseudopotential energy =      -7.9106139884 Hartree a.u.
  n-l pseudopotential energy =       6.9362239090 Hartree a.u.
 exchange-correlation energy =       0.0000000000 Hartree a.u.
           average potential =       0.0000000000 Hartree a.u.



   Eigenvalues (eV), kp =   1 , spin =  1

  -33.11  -27.90  -16.22  -15.47  -15.47  -12.27  -12.27

   Empty States Eigenvalues (eV), kp =   1 , spin =  1

    0.32    0.47    1.59

   Electronic Gap (eV) =    12.59

 
   Allocated memory (kb) =     53016
 
   CELL_PARAMETERS
   20.00000000    0.00000000    0.00000000
    0.00000000   20.00000000    0.00000000
    0.00000000    0.00000000   20.00000000

   System Density [g/cm^3] :     0.0993


   Center of mass square displacement (a.u.):   0.000000

   ATOMIC_POSITIONS
   Cl   0.000000E+00  0.000000E+00  0.190398E+01
   Cl   0.000000E+00  0.000000E+00 -0.190398E+01
 
   ATOMIC_VELOCITIES
   Cl   0.000000E+00  0.000000E+00  0.000000E+00
   Cl   0.000000E+00  0.000000E+00  0.000000E+00
 


   Partial temperatures (for each ionic specie) 
   Species  Temp (K)   Mean Square Displacement (a.u.)
        1       0.00     0.0000
 
  nfi    ekinc  temph  tempp        etot      enthal       econs       econt    vnhh   xnhh0    vnhp   xnhp0
  452 0.14E-03    0.0    0.0   -29.64272   -29.64272   -29.64272   -29.64258  0.0000  0.0000  0.0000  0.0000     0.00000

   writing restart file: ./SCRATCH/clorine_196.save
   restart file written in    0.146 sec.



   Averaged Physical Quantities
                      accomulated      this run
   ekinc         :        0.32562       0.00014 (AU)
   ekin          :       11.81253      11.06567 (AU)
   epot          :      -47.09027     -42.32202 (AU)
   total energy  :      -29.06704     -29.64272 (AU)
   temperature   :        0.00000       0.00000 (K )
   enthalpy      :      -29.06704     -29.64272 (AU)
   econs         :      -29.06704     -29.64272 (AU)
   pressure      :        0.00000       0.00000 (Gpa)
   volume        :     8000.00000    8000.00000 (AU)


     initialize   :     0.97s CPU
     total_time   :   193.69s CPU
     formf        :     0.05s CPU
     rhoofr       :     0.07s CPU
     vofrho       :     0.18s CPU
     dforce       :     5.73s CPU (     284 calls,   0.020 s avg)
     calphi       :     0.01s CPU (     141 calls,   0.000 s avg)
     ortho        :     0.05s CPU (     141 calls,   0.000 s avg)
     ortho_iter   :     0.00s CPU (     141 calls,   0.000 s avg)
     rsg          :     0.00s CPU (     141 calls,   0.000 s avg)
     rhoset       :     0.03s CPU (     141 calls,   0.000 s avg)
     updatc       :     0.03s CPU (     141 calls,   0.000 s avg)
     newd         :     0.01s CPU
     calbec       :     0.00s CPU (       2 calls,   0.000 s avg)
     prefor       :     0.00s CPU (       3 calls,   0.000 s avg)
     strucf       :     0.00s CPU
     nlsm1        :     0.05s CPU (     426 calls,   0.000 s avg)
     fft          :   115.49s CPU (    6843 calls,   0.017 s avg)
     ffts         :     0.03s CPU (       2 calls,   0.015 s avg)
     fftw         :    36.69s CPU (    4415 calls,   0.008 s avg)
     cft3s        :   152.21s CPU (   11260 calls,   0.014 s avg)
     fft_scatter  :    29.68s CPU (   11260 calls,   0.003 s avg)
 
 
     CP           :  3m14.82s CPU time,     3m30.48s wall time

 
   This run was terminated on:  18:46: 8  16Feb2012            

=------------------------------------------------------------------------------=
   JOB DONE.
=------------------------------------------------------------------------------=
