=------------------------------------------------------------------------------=

     CP: variable-cell Car-Parrinello molecular dynamics
     using norm-conserving and ultrasoft Vanderbilt pseudopotentials

     Version: 4.1 - Mon Dec 13 15:39:43 EST 2010                          
     Authors: Alfredo Pasquarello, Kari Laasonen, Andrea Trave, Roberto Car,
       Paolo Giannozzi, Nicola Marzari, Carlo Cavazzoni, Guido Chiarotti,
       Sandro Scandolo, Paolo Focher, Gerardo Ballabio, and others

=------------------------------------------------------------------------------=

   This run was started on:   9:59:53  15Dec2010               

   MPI Parallel Build
   Tasks =    6  This task id =    0

   Job Title: MD Simulation


   Atomic Pseudopotentials Parameters
   ----------------------------------

   Reading pseudopotential for specie #  1 from file :
   ../../pseudo/Cl.pz-bhs.UPF
   file type is 20: UPF


   Main Simulation Parameters (from input)
   ---------------------------------------
   Restart Mode       =       1   restart        
   Number of MD Steps =     100
   Print out every            1 MD Steps
   Reads from unit    =      95
   Writes to unit     =      96
   MD Simulation time step            =      15.00
   Electronic fictitious mass (emass) =    1000.00
   emass cut-off                      =       3.00

   Simulation Cell Parameters (from input)
   external pressure       =            0.00 [GPa]
   wmass (calculated)      =         9821.27 [AU]
   ibrav =    1
   alat  =    20.00000000
   a1    =    20.00000000    0.00000000    0.00000000
   a2    =     0.00000000   20.00000000    0.00000000
   a3    =     0.00000000    0.00000000   20.00000000
 
   b1    =     0.05000000    0.00000000    0.00000000
   b2    =     0.00000000    0.05000000    0.00000000
   b3    =     0.00000000    0.00000000    0.05000000
   omega =  8000.00000000

   Energy Cut-offs
   ---------------
   Ecutwfc =   50.0 Ry,      Ecutrho =  200.0 Ry,      Ecuts =  200.0 Ry
   Gcutwfc =   22.5     ,    Gcutrho =   45.0          Gcuts =   45.0
   NOTA BENE: refg, mmx =   0.050000  8000
   Eigenvalues calculated without the kinetic term contribution
   Orthog. with lagrange multipliers : eps =   0.10E-07,  max = 500
   verlet algorithm for electron dynamics
   with friction frice =  0.0500 , grease =  1.0000
   Electron dynamics : the temperature is not controlled

   Electronic states
   -----------------
   Number of Electron =    14, of States =     8
   Occupation numbers :
   2.00 2.00 2.00 2.00 2.00 2.00 2.00 0.00


   Exchange and correlations functionals
   -------------------------------------
   Using Local Density Approximation with
     Exchange functional: SLATER                                                      
     Correlation functional: PERDEW AND ZUNGER                                           
     Exchange-correlation      =  SLA  PZ   NOGX NOGC (1100)


   Ions Simulation Parameters
   --------------------------
   Ions are not allowed to move
   Ionic position (from input)
   sorted by specie, and converted to real a.u. coordinates
   Species   1 atoms =    2 mass =     64621.40 (a.u.),        35.45 (amu) rcmax =   1.00 (a.u.)
        0.000000     0.000000     1.903977
        0.000000     0.000000    -1.903977
   Ionic position will be re-read from restart file


   Cell Dynamics Parameters (from STDIN)
   -------------------------------------
   Starting cell generated from CELLDM
   Cell parameters will be re-read from restart file
   Constant VOLUME Molecular dynamics
   cell parameters are not allowed to move

   Verbosity: iprsta =  1



   Simulation dimensions initialization
   ------------------------------------

   unit vectors of full simulation cell
   in real space:                         in reciprocal space (units 2pi/alat):
   1    20.0000    0.0000    0.0000              1.0000    0.0000    0.0000
   2     0.0000   20.0000    0.0000              0.0000    1.0000    0.0000
   3     0.0000    0.0000   20.0000              0.0000    0.0000    1.0000
 
   Stick Mesh
   ----------
   nst =  3185,  nstw =   799, nsts =  3185
        PEs    n.st   n.stw   n.sts    n.g    n.gw   n.gs
          1    1063     265    1063   63721    7973   63721
          2    1060     266    1060   63720    7974   63720
          3    1060     268    1060   63720    7976   63720
          4    1060     266    1060   63720    7970   63720
          5    1062     266    1062   63722    7970   63722
          6    1064     266    1064   63720    7970   63720
          0    6369    1597    6369  382323   47833  382323
 
 
   Real Mesh
   ---------
   Global Dimensions   Local  Dimensions   Processor Grid
   .X.   .Y.   .Z.     .X.   .Y.   .Z.     .X.   .Y.   .Z.
    96    96    96      96    96    16       1     1     6
   Array leading dimensions ( nr1x, nr2x, nr3x )   =     96    96    96
   Local number of cell to store the grid ( nnrx ) =     147456
   Number of x-y planes for each processors: 
   nr3l =    16   16   16   16   16   16
 
   Smooth Real Mesh
   ----------------
   Global Dimensions   Local  Dimensions   Processor Grid
   .X.   .Y.   .Z.     .X.   .Y.   .Z.     .X.   .Y.   .Z.
    96    96    96      96    96    16       1     1     6
   Array leading dimensions ( nr1x, nr2x, nr3x )   =     96    96    96
   Local number of cell to store the grid ( nnrx ) =     147456
   Number of x-y planes for each processors: 
   nr3sl =    16   16   16   16   16   16
 
   Reciprocal Space Mesh
   ---------------------
                Large Mesh
   PE   Global(ngmt)     Local(ngm) MaxLocal(ngmx)
    1         191162          31861          31861
    2         191162          31860          31861
    3         191162          31860          31861
    4         191162          31860          31861
    5         191162          31861          31861
    6         191162          31860          31861
                Smooth Mesh
   PE   Global(ngst)     Local(ngs) MaxLocal(ngsx)
    1         191162          31861          31861
    2         191162          31860          31861
    3         191162          31860          31861
    4         191162          31860          31861
    5         191162          31861          31861
    6         191162          31860          31861
                Wave function Mesh
   PE   Global(ngwt)     Local(ngw) MaxLocal(ngwx)
    1          23917           3987           3988
    2          23917           3987           3988
    3          23917           3988           3988
    4          23917           3985           3988
    5          23917           3985           3988
    6          23917           3985           3988


   System geometry initialization
   ------------------------------
 
   Scaled positions from standard input
   Cl   0.000000E+00  0.000000E+00  0.951988E-01
   Cl   0.000000E+00  0.000000E+00 -0.951988E-01
   ibrav =    1       cell parameters 

      20.00000       0.00000       0.00000
       0.00000      20.00000       0.00000
       0.00000       0.00000      20.00000
 

   Matrix Multiplication Performances
   ortho mmul, time for parallel driver      =   0.00001 with    4 procs

   Constraints matrixes will be distributed block like on
   ortho sub-group =    2*   2 procs


   Diagonalization Performances
   ortho diag, time for serial   driver =   0.05874
   ortho diag, time for parallel driver =   0.00023 with    4 procs


   Pseudopotentials initialization
   -------------------------------


   Common initialization

   Specie:     1
   1  indv=  1   ang. mom=  0
   2  indv=  2   ang. mom=  1
   3  indv=  2   ang. mom=  1
   4  indv=  2   ang. mom=  1
 
                        dion 
   0.3320   0.0000
   0.0000   0.6374
 
   Short Legend and Physical Units in the Output
   ---------------------------------------------
   NFI    [int]          - step index
   EKINC  [HARTREE A.U.] - kinetic energy of the fictitious electronic dynamics
   TEMPH  [K]            - Temperature of the fictitious cell dynamics
   TEMP   [K]            - Ionic temperature
   ETOT   [HARTREE A.U.] - Scf total energy (Kohn-Sham hamiltonian)
   ENTHAL [HARTREE A.U.] - Enthalpy ( ETOT + P * V )
   ECONS  [HARTREE A.U.] - Enthalpy + kinetic energy of ions and cell
   ECONT  [HARTREE A.U.] - Constant of motion for the CP lagrangian
 

   f_cutoff =  0.1000
   do_spinsym   =    F

   Warning XC functionals forced to be: hf                            
   HF scaling factor =  1.0000
            f_cutoff =  0.1000
       dft_is_hybrid =     T
   EE with periodic-image correction method = tcc                 

   reading restart file: ./SCRATCH/clorine_occ_95.save
   restart file read in    0.047 sec.

 nprint_nfi=           -2
 nprint_nfi=          400

   formf: eself=  39.09634
   formf:     vps(g=0)=  -0.0025842     rhops(g=0)=  -0.0008750
   formf: sum_g vps(g)=  -1.7047711 sum_g rhops(g)=  -0.6289924
   Delta V(G=0):   0.005498Ry,    0.149602eV
 
  nfi    ekinc  temph  tempp        etot      enthal       econs       econt    vnhh   xnhh0    vnhp   xnhp0
  401 0.37E-03    0.0    0.0   -29.63407   -29.63407   -29.63407   -29.63371  0.0000  0.0000  0.0000  0.0000     0.00000
  402 0.14E-02    0.0    0.0   -29.63673   -29.63673   -29.63673   -29.63535  0.0000  0.0000  0.0000  0.0000     0.00000
  403 0.24E-02    0.0    0.0   -29.63974   -29.63974   -29.63974   -29.63734  0.0000  0.0000  0.0000  0.0000     0.00000
  404 0.27E-02    0.0    0.0   -29.64122   -29.64122   -29.64122   -29.63857  0.0000  0.0000  0.0000  0.0000     0.00000
  405 0.22E-02    0.0    0.0   -29.64112   -29.64112   -29.64112   -29.63889  0.0000  0.0000  0.0000  0.0000     0.00000
  406 0.17E-02    0.0    0.0   -29.64057   -29.64057   -29.64057   -29.63891  0.0000  0.0000  0.0000  0.0000     0.00000
  407 0.14E-02    0.0    0.0   -29.64047   -29.64047   -29.64047   -29.63912  0.0000  0.0000  0.0000  0.0000     0.00000
  408 0.12E-02    0.0    0.0   -29.64075   -29.64075   -29.64075   -29.63950  0.0000  0.0000  0.0000  0.0000     0.00000
  409 0.12E-02    0.0    0.0   -29.64098   -29.64098   -29.64098   -29.63982  0.0000  0.0000  0.0000  0.0000     0.00001

 * Physical Quantities at step:   410

   from rhoofr: total integrated electronic density
   in g-space =   14.000000   in r-space =  14.000000


                total energy =      -29.64093 Hartree a.u.
              kinetic energy =       11.07006 Hartree a.u.
        electrostatic energy =      -34.41450 Hartree a.u.
                         esr =        0.00180 Hartree a.u.
                       eself =       39.09634 Hartree a.u.
      pseudopotential energy =       -7.91539 Hartree a.u.
  n-l pseudopotential energy =        6.94296 Hartree a.u.
 exchange-correlation energy =        0.00000 Hartree a.u.
           average potential =        0.00000 Hartree a.u.



   Eigenvalues (eV), kp =   1 , spin =  1

  -33.11  -27.91  -16.23  -15.48  -15.48  -12.27  -12.27    0.60
 
   Allocated memory (kb) =     61912
 
   CELL_PARAMETERS
   20.00000000    0.00000000    0.00000000
    0.00000000   20.00000000    0.00000000
    0.00000000    0.00000000   20.00000000

   System Density [g/cm^3] :     0.0993


   Center of mass square displacement (a.u.):   0.000000

   ATOMIC_POSITIONS
   Cl   0.000000E+00  0.000000E+00  0.190398E+01
   Cl   0.000000E+00  0.000000E+00 -0.190398E+01
 
   ATOMIC_VELOCITIES
   Cl   0.000000E+00  0.000000E+00  0.000000E+00
   Cl   0.000000E+00  0.000000E+00  0.000000E+00
 


   Partial temperatures (for each ionic specie) 
   Species  Temp (K)   Mean Square Displacement (a.u.)
        1       0.00     0.0000
 
  nfi    ekinc  temph  tempp        etot      enthal       econs       econt    vnhh   xnhh0    vnhp   xnhp0
  410 0.98E-03    0.0    0.0   -29.64093   -29.64093   -29.64093   -29.63995  0.0000  0.0000  0.0000  0.0000     0.00001
  411 0.80E-03    0.0    0.0   -29.64080   -29.64080   -29.64080   -29.64000  0.0000  0.0000  0.0000  0.0000     0.00001
  412 0.71E-03    0.0    0.0   -29.64082   -29.64082   -29.64082   -29.64011  0.0000  0.0000  0.0000  0.0000     0.00001
  413 0.72E-03    0.0    0.0   -29.64105   -29.64105   -29.64105   -29.64033  0.0000  0.0000  0.0000  0.0000     0.00001
  414 0.76E-03    0.0    0.0   -29.64137   -29.64137   -29.64137   -29.64060  0.0000  0.0000  0.0000  0.0000     0.00000
  415 0.78E-03    0.0    0.0   -29.64164   -29.64164   -29.64164   -29.64086  0.0000  0.0000  0.0000  0.0000     0.00000
  416 0.77E-03    0.0    0.0   -29.64185   -29.64185   -29.64185   -29.64108  0.0000  0.0000  0.0000  0.0000     0.00000
  417 0.73E-03    0.0    0.0   -29.64200   -29.64200   -29.64200   -29.64127  0.0000  0.0000  0.0000  0.0000     0.00000
  418 0.68E-03    0.0    0.0   -29.64213   -29.64213   -29.64213   -29.64144  0.0000  0.0000  0.0000  0.0000     0.00000
  419 0.63E-03    0.0    0.0   -29.64222   -29.64222   -29.64222   -29.64159  0.0000  0.0000  0.0000  0.0000     0.00000

 * Physical Quantities at step:   420

   from rhoofr: total integrated electronic density
   in g-space =   14.000000   in r-space =  14.000000


                total energy =      -29.64224 Hartree a.u.
              kinetic energy =       11.05216 Hartree a.u.
        electrostatic energy =      -34.40390 Hartree a.u.
                         esr =        0.00180 Hartree a.u.
                       eself =       39.09634 Hartree a.u.
      pseudopotential energy =       -7.89488 Hartree a.u.
  n-l pseudopotential energy =        6.92489 Hartree a.u.
 exchange-correlation energy =        0.00000 Hartree a.u.
           average potential =        0.00000 Hartree a.u.



   Eigenvalues (eV), kp =   1 , spin =  1

  -33.12  -27.92  -16.21  -15.47  -15.47  -12.26  -12.26    0.56
 
   Allocated memory (kb) =     61912
 
   CELL_PARAMETERS
   20.00000000    0.00000000    0.00000000
    0.00000000   20.00000000    0.00000000
    0.00000000    0.00000000   20.00000000

   System Density [g/cm^3] :     0.0993


   Center of mass square displacement (a.u.):   0.000000

   ATOMIC_POSITIONS
   Cl   0.000000E+00  0.000000E+00  0.190398E+01
   Cl   0.000000E+00  0.000000E+00 -0.190398E+01
 
   ATOMIC_VELOCITIES
   Cl   0.000000E+00  0.000000E+00  0.000000E+00
   Cl   0.000000E+00  0.000000E+00  0.000000E+00
 


   Partial temperatures (for each ionic specie) 
   Species  Temp (K)   Mean Square Displacement (a.u.)
        1       0.00     0.0000
 
  nfi    ekinc  temph  tempp        etot      enthal       econs       econt    vnhh   xnhh0    vnhp   xnhp0
  420 0.55E-03    0.0    0.0   -29.64224   -29.64224   -29.64224   -29.64169  0.0000  0.0000  0.0000  0.0000     0.00000
  421 0.46E-03    0.0    0.0   -29.64220   -29.64220   -29.64220   -29.64174  0.0000  0.0000  0.0000  0.0000     0.00000
  422 0.38E-03    0.0    0.0   -29.64214   -29.64214   -29.64214   -29.64176  0.0000  0.0000  0.0000  0.0000     0.00000
  423 0.32E-03    0.0    0.0   -29.64211   -29.64211   -29.64211   -29.64179  0.0000  0.0000  0.0000  0.0000     0.00000
  424 0.30E-03    0.0    0.0   -29.64214   -29.64214   -29.64214   -29.64185  0.0000  0.0000  0.0000  0.0000     0.00000
  425 0.30E-03    0.0    0.0   -29.64222   -29.64222   -29.64222   -29.64193  0.0000  0.0000  0.0000  0.0000     0.00000
  426 0.31E-03    0.0    0.0   -29.64232   -29.64232   -29.64232   -29.64202  0.0000  0.0000  0.0000  0.0000     0.00000
  427 0.31E-03    0.0    0.0   -29.64242   -29.64242   -29.64242   -29.64211  0.0000  0.0000  0.0000  0.0000     0.00000
  428 0.31E-03    0.0    0.0   -29.64250   -29.64250   -29.64250   -29.64219  0.0000  0.0000  0.0000  0.0000     0.00000
  429 0.30E-03    0.0    0.0   -29.64256   -29.64256   -29.64256   -29.64226  0.0000  0.0000  0.0000  0.0000     0.00000

 * Physical Quantities at step:   430

   from rhoofr: total integrated electronic density
   in g-space =   14.000000   in r-space =  14.000000


                total energy =      -29.64259 Hartree a.u.
              kinetic energy =       11.06428 Hartree a.u.
        electrostatic energy =      -34.41173 Hartree a.u.
                         esr =        0.00180 Hartree a.u.
                       eself =       39.09634 Hartree a.u.
      pseudopotential energy =       -7.91341 Hartree a.u.
  n-l pseudopotential energy =        6.94137 Hartree a.u.
 exchange-correlation energy =        0.00000 Hartree a.u.
           average potential =        0.00000 Hartree a.u.



   Eigenvalues (eV), kp =   1 , spin =  1

  -33.10  -27.90  -16.22  -15.46  -15.46  -12.27  -12.27    0.55
 
   Allocated memory (kb) =     61912
 
   CELL_PARAMETERS
   20.00000000    0.00000000    0.00000000
    0.00000000   20.00000000    0.00000000
    0.00000000    0.00000000   20.00000000

   System Density [g/cm^3] :     0.0993


   Center of mass square displacement (a.u.):   0.000000

   ATOMIC_POSITIONS
   Cl   0.000000E+00  0.000000E+00  0.190398E+01
   Cl   0.000000E+00  0.000000E+00 -0.190398E+01
 
   ATOMIC_VELOCITIES
   Cl   0.000000E+00  0.000000E+00  0.000000E+00
   Cl   0.000000E+00  0.000000E+00  0.000000E+00
 


   Partial temperatures (for each ionic specie) 
   Species  Temp (K)   Mean Square Displacement (a.u.)
        1       0.00     0.0000
 
  nfi    ekinc  temph  tempp        etot      enthal       econs       econt    vnhh   xnhh0    vnhp   xnhp0
  430 0.27E-03    0.0    0.0   -29.64259   -29.64259   -29.64259   -29.64232  0.0000  0.0000  0.0000  0.0000     0.00000
  431 0.24E-03    0.0    0.0   -29.64259   -29.64259   -29.64259   -29.64235  0.0000  0.0000  0.0000  0.0000     0.00000
  432 0.20E-03    0.0    0.0   -29.64257   -29.64257   -29.64257   -29.64237  0.0000  0.0000  0.0000  0.0000     0.00000
  433 0.17E-03    0.0    0.0   -29.64254   -29.64254   -29.64254   -29.64238  0.0000  0.0000  0.0000  0.0000     0.00000
  434 0.14E-03    0.0    0.0   -29.64253   -29.64253   -29.64253   -29.64238  0.0000  0.0000  0.0000  0.0000     0.00000
  435 0.13E-03    0.0    0.0   -29.64254   -29.64254   -29.64254   -29.64240  0.0000  0.0000  0.0000  0.0000     0.00000
  436 0.13E-03    0.0    0.0   -29.64256   -29.64256   -29.64256   -29.64243  0.0000  0.0000  0.0000  0.0000     0.00000
  437 0.14E-03    0.0    0.0   -29.64260   -29.64260   -29.64260   -29.64247  0.0000  0.0000  0.0000  0.0000     0.00000
  438 0.14E-03    0.0    0.0   -29.64264   -29.64264   -29.64264   -29.64250  0.0000  0.0000  0.0000  0.0000     0.00000
  439 0.13E-03    0.0    0.0   -29.64266   -29.64266   -29.64266   -29.64253  0.0000  0.0000  0.0000  0.0000     0.00000

 * Physical Quantities at step:   440

   from rhoofr: total integrated electronic density
   in g-space =   14.000000   in r-space =  14.000000


                total energy =      -29.64268 Hartree a.u.
              kinetic energy =       11.06677 Hartree a.u.
        electrostatic energy =      -34.41245 Hartree a.u.
                         esr =        0.00180 Hartree a.u.
                       eself =       39.09634 Hartree a.u.
      pseudopotential energy =       -7.91465 Hartree a.u.
  n-l pseudopotential energy =        6.94007 Hartree a.u.
 exchange-correlation energy =        0.00000 Hartree a.u.
           average potential =        0.00000 Hartree a.u.



   Eigenvalues (eV), kp =   1 , spin =  1

  -33.11  -27.90  -16.23  -15.47  -15.47  -12.27  -12.27    0.51
 
   Allocated memory (kb) =     61912
 
   CELL_PARAMETERS
   20.00000000    0.00000000    0.00000000
    0.00000000   20.00000000    0.00000000
    0.00000000    0.00000000   20.00000000

   System Density [g/cm^3] :     0.0993


   Center of mass square displacement (a.u.):   0.000000

   ATOMIC_POSITIONS
   Cl   0.000000E+00  0.000000E+00  0.190398E+01
   Cl   0.000000E+00  0.000000E+00 -0.190398E+01
 
   ATOMIC_VELOCITIES
   Cl   0.000000E+00  0.000000E+00  0.000000E+00
   Cl   0.000000E+00  0.000000E+00  0.000000E+00
 


   Partial temperatures (for each ionic specie) 
   Species  Temp (K)   Mean Square Displacement (a.u.)
        1       0.00     0.0000
 
  nfi    ekinc  temph  tempp        etot      enthal       econs       econt    vnhh   xnhh0    vnhp   xnhp0
  440 0.13E-03    0.0    0.0   -29.64268   -29.64268   -29.64268   -29.64255  0.0000  0.0000  0.0000  0.0000     0.00000
  441 0.11E-03    0.0    0.0   -29.64268   -29.64268   -29.64268   -29.64257  0.0000  0.0000  0.0000  0.0000     0.00000
  442 0.10E-03    0.0    0.0   -29.64268   -29.64268   -29.64268   -29.64258  0.0000  0.0000  0.0000  0.0000     0.00000
  443 0.90E-04    0.0    0.0   -29.64268   -29.64268   -29.64268   -29.64259  0.0000  0.0000  0.0000  0.0000     0.00000
  444 0.81E-04    0.0    0.0   -29.64268   -29.64268   -29.64268   -29.64260  0.0000  0.0000  0.0000  0.0000     0.00000
  445 0.74E-04    0.0    0.0   -29.64268   -29.64268   -29.64268   -29.64261  0.0000  0.0000  0.0000  0.0000     0.00000
  446 0.68E-04    0.0    0.0   -29.64268   -29.64268   -29.64268   -29.64261  0.0000  0.0000  0.0000  0.0000     0.00000
  447 0.64E-04    0.0    0.0   -29.64269   -29.64269   -29.64269   -29.64262  0.0000  0.0000  0.0000  0.0000     0.00000
  448 0.62E-04    0.0    0.0   -29.64269   -29.64269   -29.64269   -29.64263  0.0000  0.0000  0.0000  0.0000     0.00000
  449 0.60E-04    0.0    0.0   -29.64270   -29.64270   -29.64270   -29.64264  0.0000  0.0000  0.0000  0.0000     0.00000

 * Physical Quantities at step:   450

   from rhoofr: total integrated electronic density
   in g-space =   14.000000   in r-space =  14.000000


                total energy =      -29.64271 Hartree a.u.
              kinetic energy =       11.06667 Hartree a.u.
        electrostatic energy =      -34.41212 Hartree a.u.
                         esr =        0.00180 Hartree a.u.
                       eself =       39.09634 Hartree a.u.
      pseudopotential energy =       -7.91067 Hartree a.u.
  n-l pseudopotential energy =        6.93615 Hartree a.u.
 exchange-correlation energy =        0.00000 Hartree a.u.
           average potential =        0.00000 Hartree a.u.



   Eigenvalues (eV), kp =   1 , spin =  1

  -33.11  -27.90  -16.22  -15.47  -15.47  -12.27  -12.27    0.49
 
   Allocated memory (kb) =     61912
 
   CELL_PARAMETERS
   20.00000000    0.00000000    0.00000000
    0.00000000   20.00000000    0.00000000
    0.00000000    0.00000000   20.00000000

   System Density [g/cm^3] :     0.0993


   Center of mass square displacement (a.u.):   0.000000

   ATOMIC_POSITIONS
   Cl   0.000000E+00  0.000000E+00  0.190398E+01
   Cl   0.000000E+00  0.000000E+00 -0.190398E+01
 
   ATOMIC_VELOCITIES
   Cl   0.000000E+00  0.000000E+00  0.000000E+00
   Cl   0.000000E+00  0.000000E+00  0.000000E+00
 


   Partial temperatures (for each ionic specie) 
   Species  Temp (K)   Mean Square Displacement (a.u.)
        1       0.00     0.0000
 
  nfi    ekinc  temph  tempp        etot      enthal       econs       econt    vnhh   xnhh0    vnhp   xnhp0
  450 0.59E-04    0.0    0.0   -29.64271   -29.64271   -29.64271   -29.64265  0.0000  0.0000  0.0000  0.0000     0.00000
  451 0.57E-04    0.0    0.0   -29.64272   -29.64272   -29.64272   -29.64266  0.0000  0.0000  0.0000  0.0000     0.00000
  452 0.54E-04    0.0    0.0   -29.64272   -29.64272   -29.64272   -29.64267  0.0000  0.0000  0.0000  0.0000     0.00000
  453 0.49E-04    0.0    0.0   -29.64272   -29.64272   -29.64272   -29.64267  0.0000  0.0000  0.0000  0.0000     0.00000
  454 0.45E-04    0.0    0.0   -29.64272   -29.64272   -29.64272   -29.64268  0.0000  0.0000  0.0000  0.0000     0.00000
  455 0.40E-04    0.0    0.0   -29.64272   -29.64272   -29.64272   -29.64268  0.0000  0.0000  0.0000  0.0000     0.00000
  456 0.37E-04    0.0    0.0   -29.64272   -29.64272   -29.64272   -29.64268  0.0000  0.0000  0.0000  0.0000     0.00000
  457 0.35E-04    0.0    0.0   -29.64272   -29.64272   -29.64272   -29.64269  0.0000  0.0000  0.0000  0.0000     0.00000
  458 0.33E-04    0.0    0.0   -29.64272   -29.64272   -29.64272   -29.64269  0.0000  0.0000  0.0000  0.0000     0.00000
  459 0.31E-04    0.0    0.0   -29.64272   -29.64272   -29.64272   -29.64269  0.0000  0.0000  0.0000  0.0000     0.00000

 * Physical Quantities at step:   460

   from rhoofr: total integrated electronic density
   in g-space =   14.000000   in r-space =  14.000000


                total energy =      -29.64273 Hartree a.u.
              kinetic energy =       11.06612 Hartree a.u.
        electrostatic energy =      -34.41124 Hartree a.u.
                         esr =        0.00180 Hartree a.u.
                       eself =       39.09634 Hartree a.u.
      pseudopotential energy =       -7.90966 Hartree a.u.
  n-l pseudopotential energy =        6.93478 Hartree a.u.
 exchange-correlation energy =        0.00000 Hartree a.u.
           average potential =        0.00000 Hartree a.u.



   Eigenvalues (eV), kp =   1 , spin =  1

  -33.11  -27.90  -16.22  -15.47  -15.47  -12.27  -12.27    0.49
 
   Allocated memory (kb) =     61912
 
   CELL_PARAMETERS
   20.00000000    0.00000000    0.00000000
    0.00000000   20.00000000    0.00000000
    0.00000000    0.00000000   20.00000000

   System Density [g/cm^3] :     0.0993


   Center of mass square displacement (a.u.):   0.000000

   ATOMIC_POSITIONS
   Cl   0.000000E+00  0.000000E+00  0.190398E+01
   Cl   0.000000E+00  0.000000E+00 -0.190398E+01
 
   ATOMIC_VELOCITIES
   Cl   0.000000E+00  0.000000E+00  0.000000E+00
   Cl   0.000000E+00  0.000000E+00  0.000000E+00
 


   Partial temperatures (for each ionic specie) 
   Species  Temp (K)   Mean Square Displacement (a.u.)
        1       0.00     0.0000
 
  nfi    ekinc  temph  tempp        etot      enthal       econs       econt    vnhh   xnhh0    vnhp   xnhp0
  460 0.30E-04    0.0    0.0   -29.64273   -29.64273   -29.64273   -29.64270  0.0000  0.0000  0.0000  0.0000     0.00000
  461 0.29E-04    0.0    0.0   -29.64273   -29.64273   -29.64273   -29.64270  0.0000  0.0000  0.0000  0.0000     0.00000
  462 0.28E-04    0.0    0.0   -29.64273   -29.64273   -29.64273   -29.64270  0.0000  0.0000  0.0000  0.0000     0.00000
  463 0.27E-04    0.0    0.0   -29.64273   -29.64273   -29.64273   -29.64271  0.0000  0.0000  0.0000  0.0000     0.00000
  464 0.26E-04    0.0    0.0   -29.64274   -29.64274   -29.64274   -29.64271  0.0000  0.0000  0.0000  0.0000     0.00000
  465 0.24E-04    0.0    0.0   -29.64274   -29.64274   -29.64274   -29.64271  0.0000  0.0000  0.0000  0.0000     0.00000
  466 0.22E-04    0.0    0.0   -29.64273   -29.64273   -29.64273   -29.64271  0.0000  0.0000  0.0000  0.0000     0.00000
  467 0.20E-04    0.0    0.0   -29.64273   -29.64273   -29.64273   -29.64271  0.0000  0.0000  0.0000  0.0000     0.00000
  468 0.19E-04    0.0    0.0   -29.64273   -29.64273   -29.64273   -29.64271  0.0000  0.0000  0.0000  0.0000     0.00000
  469 0.18E-04    0.0    0.0   -29.64273   -29.64273   -29.64273   -29.64272  0.0000  0.0000  0.0000  0.0000     0.00000

 * Physical Quantities at step:   470

   from rhoofr: total integrated electronic density
   in g-space =   14.000000   in r-space =  14.000000


                total energy =      -29.64274 Hartree a.u.
              kinetic energy =       11.06578 Hartree a.u.
        electrostatic energy =      -34.41130 Hartree a.u.
                         esr =        0.00180 Hartree a.u.
                       eself =       39.09634 Hartree a.u.
      pseudopotential energy =       -7.91049 Hartree a.u.
  n-l pseudopotential energy =        6.93565 Hartree a.u.
 exchange-correlation energy =        0.00000 Hartree a.u.
           average potential =        0.00000 Hartree a.u.



   Eigenvalues (eV), kp =   1 , spin =  1

  -33.11  -27.91  -16.22  -15.47  -15.47  -12.27  -12.27    0.48
 
   Allocated memory (kb) =     61912
 
   CELL_PARAMETERS
   20.00000000    0.00000000    0.00000000
    0.00000000   20.00000000    0.00000000
    0.00000000    0.00000000   20.00000000

   System Density [g/cm^3] :     0.0993


   Center of mass square displacement (a.u.):   0.000000

   ATOMIC_POSITIONS
   Cl   0.000000E+00  0.000000E+00  0.190398E+01
   Cl   0.000000E+00  0.000000E+00 -0.190398E+01
 
   ATOMIC_VELOCITIES
   Cl   0.000000E+00  0.000000E+00  0.000000E+00
   Cl   0.000000E+00  0.000000E+00  0.000000E+00
 


   Partial temperatures (for each ionic specie) 
   Species  Temp (K)   Mean Square Displacement (a.u.)
        1       0.00     0.0000
 
  nfi    ekinc  temph  tempp        etot      enthal       econs       econt    vnhh   xnhh0    vnhp   xnhp0
  470 0.18E-04    0.0    0.0   -29.64274   -29.64274   -29.64274   -29.64272  0.0000  0.0000  0.0000  0.0000     0.00000
  471 0.17E-04    0.0    0.0   -29.64274   -29.64274   -29.64274   -29.64272  0.0000  0.0000  0.0000  0.0000     0.00000
  472 0.17E-04    0.0    0.0   -29.64274   -29.64274   -29.64274   -29.64272  0.0000  0.0000  0.0000  0.0000     0.00000
  473 0.16E-04    0.0    0.0   -29.64274   -29.64274   -29.64274   -29.64272  0.0000  0.0000  0.0000  0.0000     0.00000
  474 0.15E-04    0.0    0.0   -29.64274   -29.64274   -29.64274   -29.64272  0.0000  0.0000  0.0000  0.0000     0.00000
  475 0.15E-04    0.0    0.0   -29.64274   -29.64274   -29.64274   -29.64272  0.0000  0.0000  0.0000  0.0000     0.00000
  476 0.14E-04    0.0    0.0   -29.64274   -29.64274   -29.64274   -29.64272  0.0000  0.0000  0.0000  0.0000     0.00000
  477 0.13E-04    0.0    0.0   -29.64274   -29.64274   -29.64274   -29.64273  0.0000  0.0000  0.0000  0.0000     0.00000
  478 0.13E-04    0.0    0.0   -29.64274   -29.64274   -29.64274   -29.64273  0.0000  0.0000  0.0000  0.0000     0.00000
  479 0.12E-04    0.0    0.0   -29.64274   -29.64274   -29.64274   -29.64273  0.0000  0.0000  0.0000  0.0000     0.00000

 * Physical Quantities at step:   480

   from rhoofr: total integrated electronic density
   in g-space =   14.000000   in r-space =  14.000000


                total energy =      -29.64274 Hartree a.u.
              kinetic energy =       11.06580 Hartree a.u.
        electrostatic energy =      -34.41111 Hartree a.u.
                         esr =        0.00180 Hartree a.u.
                       eself =       39.09634 Hartree a.u.
      pseudopotential energy =       -7.91009 Hartree a.u.
  n-l pseudopotential energy =        6.93520 Hartree a.u.
 exchange-correlation energy =        0.00000 Hartree a.u.
           average potential =        0.00000 Hartree a.u.



   Eigenvalues (eV), kp =   1 , spin =  1

  -33.11  -27.90  -16.22  -15.47  -15.47  -12.27  -12.27    0.48
 
   Allocated memory (kb) =     61912
 
   CELL_PARAMETERS
   20.00000000    0.00000000    0.00000000
    0.00000000   20.00000000    0.00000000
    0.00000000    0.00000000   20.00000000

   System Density [g/cm^3] :     0.0993


   Center of mass square displacement (a.u.):   0.000000

   ATOMIC_POSITIONS
   Cl   0.000000E+00  0.000000E+00  0.190398E+01
   Cl   0.000000E+00  0.000000E+00 -0.190398E+01
 
   ATOMIC_VELOCITIES
   Cl   0.000000E+00  0.000000E+00  0.000000E+00
   Cl   0.000000E+00  0.000000E+00  0.000000E+00
 


   Partial temperatures (for each ionic specie) 
   Species  Temp (K)   Mean Square Displacement (a.u.)
        1       0.00     0.0000
 
  nfi    ekinc  temph  tempp        etot      enthal       econs       econt    vnhh   xnhh0    vnhp   xnhp0
  480 0.12E-04    0.0    0.0   -29.64274   -29.64274   -29.64274   -29.64273  0.0000  0.0000  0.0000  0.0000     0.00000
  481 0.11E-04    0.0    0.0   -29.64274   -29.64274   -29.64274   -29.64273  0.0000  0.0000  0.0000  0.0000     0.00000
  482 0.11E-04    0.0    0.0   -29.64274   -29.64274   -29.64274   -29.64273  0.0000  0.0000  0.0000  0.0000     0.00000
  483 0.10E-04    0.0    0.0   -29.64274   -29.64274   -29.64274   -29.64273  0.0000  0.0000  0.0000  0.0000     0.00000
  484 0.10E-04    0.0    0.0   -29.64274   -29.64274   -29.64274   -29.64273  0.0000  0.0000  0.0000  0.0000     0.00000
  485 0.98E-05    0.0    0.0   -29.64274   -29.64274   -29.64274   -29.64273  0.0000  0.0000  0.0000  0.0000     0.00000

   MAIN:          EKINC   (thr)          DETOT   (thr)       MAXFORCE   (thr)
   MAIN:   0.983877D-05  0.1D-04  0.204538D-06  0.1D-05  0.000000D+00  0.1D+11
   MAIN: convergence achieved for system relaxation

 * Physical Quantities at step:   486


                total energy =      -29.64274 Hartree a.u.
              kinetic energy =       11.06598 Hartree a.u.
        electrostatic energy =      -34.41112 Hartree a.u.
                         esr =        0.00180 Hartree a.u.
                       eself =       39.09634 Hartree a.u.
      pseudopotential energy =       -7.90961 Hartree a.u.
  n-l pseudopotential energy =        6.93452 Hartree a.u.
 exchange-correlation energy =        0.00000 Hartree a.u.
           average potential =        0.00000 Hartree a.u.



   Eigenvalues (eV), kp =   1 , spin =  1

  -33.11  -27.91  -16.22  -15.47  -15.47  -12.27  -12.27    0.48
 
   Allocated memory (kb) =     61912
 
   CELL_PARAMETERS
   20.00000000    0.00000000    0.00000000
    0.00000000   20.00000000    0.00000000
    0.00000000    0.00000000   20.00000000

   System Density [g/cm^3] :     0.0993


   Center of mass square displacement (a.u.):   0.000000

   ATOMIC_POSITIONS
   Cl   0.000000E+00  0.000000E+00  0.190398E+01
   Cl   0.000000E+00  0.000000E+00 -0.190398E+01
 
   ATOMIC_VELOCITIES
   Cl   0.000000E+00  0.000000E+00  0.000000E+00
   Cl   0.000000E+00  0.000000E+00  0.000000E+00
 


   Partial temperatures (for each ionic specie) 
   Species  Temp (K)   Mean Square Displacement (a.u.)
        1       0.00     0.0000
  486 0.95E-05    0.0    0.0   -29.64274   -29.64274   -29.64274   -29.64273  0.0000  0.0000  0.0000  0.0000     0.00000

   MAIN:          EKINC   (thr)          DETOT   (thr)       MAXFORCE   (thr)
   MAIN:   0.951329D-05  0.1D-04  0.169401D-06  0.1D-05  0.000000D+00  0.1D+11
   MAIN: convergence achieved for system relaxation

   writing restart file: ./SCRATCH/clorine_occ_96.save
   restart file written in    0.180 sec.



   Averaged Physical Quantities
                      accomulated      this run
   ekinc         :        0.30908       0.00034 (AU)
   ekin          :       11.76072      11.06674 (AU)
   epot          :      -46.82802     -42.32148 (AU)
   total energy  :      -29.11206     -29.64218 (AU)
   temperature   :        0.00000       0.00000 (K )
   enthalpy      :      -29.11206     -29.64218 (AU)
   econs         :      -29.11206     -29.64218 (AU)
   pressure      :        0.00000       0.00000 (Gpa)
   volume        :     8000.00000    8000.00000 (AU)


     initialize   :     1.11s CPU
     total_time   :   355.33s CPU (      86 calls,   4.132 s avg)
     formf        :     0.06s CPU
     rhoofr       :     6.94s CPU (      86 calls,   0.081 s avg)
     vofrho       :    12.80s CPU (      86 calls,   0.149 s avg)
     dforce       :     6.86s CPU (     344 calls,   0.020 s avg)
     calphi       :     0.03s CPU (      86 calls,   0.000 s avg)
     ortho        :     0.24s CPU (      86 calls,   0.003 s avg)
     ortho_iter   :     0.03s CPU (      86 calls,   0.000 s avg)
     rsg          :     0.02s CPU (      86 calls,   0.000 s avg)
     rhoset       :     0.12s CPU (      86 calls,   0.001 s avg)
     updatc       :     0.04s CPU (      86 calls,   0.000 s avg)
     newd         :     0.21s CPU (      86 calls,   0.002 s avg)
     calbec       :     0.06s CPU (      87 calls,   0.001 s avg)
     prefor       :     0.03s CPU (      87 calls,   0.000 s avg)
     strucf       :     0.00s CPU
     nlsm1        :     0.06s CPU (     259 calls,   0.000 s avg)
     fft          :   204.10s CPU (   11614 calls,   0.018 s avg)
     ffts         :     2.82s CPU (     172 calls,   0.016 s avg)
     fftw         :    64.57s CPU (    7224 calls,   0.009 s avg)
     cft3s        :   271.46s CPU (   19010 calls,   0.014 s avg)
     fft_scatter  :   119.76s CPU (   19010 calls,   0.006 s avg)
 
 
     CP           :  5m56.63s CPU time,     5m56.97s wall time

 
   This run was terminated on:  10: 5:50  15Dec2010            

=------------------------------------------------------------------------------=
   JOB DONE.
=------------------------------------------------------------------------------=
