=------------------------------------------------------------------------------=

     CP: variable-cell Car-Parrinello molecular dynamics
     using norm-conserving and ultrasoft Vanderbilt pseudopotentials

     Version: 4.1 - Mon Dec 13 15:39:43 EST 2010                          
     Authors: Alfredo Pasquarello, Kari Laasonen, Andrea Trave, Roberto Car,
       Paolo Giannozzi, Nicola Marzari, Carlo Cavazzoni, Guido Chiarotti,
       Sandro Scandolo, Paolo Focher, Gerardo Ballabio, and others

=------------------------------------------------------------------------------=

   This run was started on:  10:10:34  15Dec2010               

   MPI Parallel Build
   Tasks =    1  This task id =    0

   Job Title: MD Simulation


   Atomic Pseudopotentials Parameters
   ----------------------------------

   Reading pseudopotential for specie #  1 from file :
   ../../pseudo/Cl.pz-bhs.UPF
   file type is 20: UPF


   Main Simulation Parameters (from input)
   ---------------------------------------
   Restart Mode       =      -1   from_scratch   
   Number of MD Steps =       1
   Print out every            1 MD Steps
   Reads from unit    =      89
   Writes to unit     =      90
   MD Simulation time step            =      15.00
   Electronic fictitious mass (emass) =    1000.00
   emass cut-off                      =       3.00

   Simulation Cell Parameters (from input)
   external pressure       =            0.00 [GPa]
   wmass (calculated)      =         9821.27 [AU]
   ibrav =    1
   alat  =    20.00000000
   a1    =    20.00000000    0.00000000    0.00000000
   a2    =     0.00000000   20.00000000    0.00000000
   a3    =     0.00000000    0.00000000   20.00000000
 
   b1    =     0.05000000    0.00000000    0.00000000
   b2    =     0.00000000    0.05000000    0.00000000
   b3    =     0.00000000    0.00000000    0.05000000
   omega =  8000.00000000

   Energy Cut-offs
   ---------------
   Ecutwfc =   50.0 Ry,      Ecutrho =  200.0 Ry,      Ecuts =  200.0 Ry
   Gcutwfc =   22.5     ,    Gcutrho =   45.0          Gcuts =   45.0
   NOTA BENE: refg, mmx =   0.050000  8000
   Orthog. with Gram-Schmidt
   verlet algorithm for electron dynamics
   with friction frice =  0.0500 , grease =  1.0000
   Electron dynamics : the temperature is not controlled
   initial random displacement of el. coordinates with  amplitude=  0.020000

   Electronic states
   -----------------
   Local Spin Density calculation
   Number of Electron =    14
   Spins up   =     7, occupations: 
   1.00 1.00 1.00 1.00 1.00 1.00 1.00
   Spins down =     7, occupations: 
   1.00 1.00 1.00 1.00 1.00 1.00 1.00


   Exchange and correlations functionals
   -------------------------------------
   Using Local Density Approximation with
     Exchange functional: SLATER                                                      
     Correlation functional: PERDEW AND ZUNGER                                           
     Exchange-correlation      =  SLA  PZ   NOGX NOGC (1100)


   Ions Simulation Parameters
   --------------------------
   Ions are not allowed to move
   Ionic position (from input)
   sorted by specie, and converted to real a.u. coordinates
   Species   1 atoms =    2 mass =     64621.40 (a.u.),        35.45 (amu) rcmax =   1.00 (a.u.)
        0.000000     0.000000     1.903977
        0.000000     0.000000    -1.903977
   Ionic position read from input file


   Cell Dynamics Parameters (from STDIN)
   -------------------------------------
   Starting cell generated from CELLDM
   Constant VOLUME Molecular dynamics
   cell parameters are not allowed to move

   Verbosity: iprsta =  1



   Simulation dimensions initialization
   ------------------------------------

   unit vectors of full simulation cell
   in real space:                         in reciprocal space (units 2pi/alat):
   1    20.0000    0.0000    0.0000              1.0000    0.0000    0.0000
   2     0.0000   20.0000    0.0000              0.0000    1.0000    0.0000
   3     0.0000    0.0000   20.0000              0.0000    0.0000    1.0000
 
   Stick Mesh
   ----------
   nst =  3185,  nstw =   799, nsts =  3185
        PEs    n.st   n.stw   n.sts    n.g    n.gw   n.gs
          1    6369    1597    6369  382323   47833  382323
          0    6369    1597    6369  382323   47833  382323
 
 
   Real Mesh
   ---------
   Global Dimensions   Local  Dimensions   Processor Grid
   .X.   .Y.   .Z.     .X.   .Y.   .Z.     .X.   .Y.   .Z.
    96    96    96      96    96    96       1     1     1
   Array leading dimensions ( nr1x, nr2x, nr3x )   =     96    96    96
   Local number of cell to store the grid ( nnrx ) =     884736
   Number of x-y planes for each processors: 
   nr3l =    96
 
   Smooth Real Mesh
   ----------------
   Global Dimensions   Local  Dimensions   Processor Grid
   .X.   .Y.   .Z.     .X.   .Y.   .Z.     .X.   .Y.   .Z.
    96    96    96      96    96    96       1     1     1
   Array leading dimensions ( nr1x, nr2x, nr3x )   =     96    96    96
   Local number of cell to store the grid ( nnrx ) =     884736
   Number of x-y planes for each processors: 
   nr3sl =    96
 
   Reciprocal Space Mesh
   ---------------------
                Large Mesh
   PE   Global(ngmt)     Local(ngm) MaxLocal(ngmx)
    1         191162         191162         191162
                Smooth Mesh
   PE   Global(ngst)     Local(ngs) MaxLocal(ngsx)
    1         191162         191162         191162
                Wave function Mesh
   PE   Global(ngwt)     Local(ngw) MaxLocal(ngwx)
    1          23917          23917          23917


   System geometry initialization
   ------------------------------
 
   Scaled positions from standard input
   Cl   0.000000E+00  0.000000E+00  0.951988E-01
   Cl   0.000000E+00  0.000000E+00 -0.951988E-01

   Matrix Multiplication Performances
   ortho mmul, time for parallel driver      =   0.00000 with    1 procs

   Constraints matrixes will be distributed block like on
   ortho sub-group =    1*   1 procs


   Diagonalization Performances
   ortho diag, time for serial   driver =   0.00014
   ortho diag, time for parallel driver =   0.00002 with    1 procs


   Pseudopotentials initialization
   -------------------------------


   Common initialization

   Specie:     1
   1  indv=  1   ang. mom=  0
   2  indv=  2   ang. mom=  1
   3  indv=  2   ang. mom=  1
   4  indv=  2   ang. mom=  1
 
                        dion 
   0.3320   0.0000
   0.0000   0.6374
 
   Short Legend and Physical Units in the Output
   ---------------------------------------------
   NFI    [int]          - step index
   EKINC  [HARTREE A.U.] - kinetic energy of the fictitious electronic dynamics
   TEMPH  [K]            - Temperature of the fictitious cell dynamics
   TEMP   [K]            - Ionic temperature
   ETOT   [HARTREE A.U.] - Scf total energy (Kohn-Sham hamiltonian)
   ENTHAL [HARTREE A.U.] - Enthalpy ( ETOT + P * V )
   ECONS  [HARTREE A.U.] - Enthalpy + kinetic energy of ions and cell
   ECONT  [HARTREE A.U.] - Constant of motion for the CP lagrangian
 

   f_cutoff =  0.1000
   do_spinsym   =    T
   EE with periodic-image correction method = tcc                 


   Wave Initialization: random initial wave-functions
                        spin symmetry applied to init wave
   Occupation number from init
   spin =   1 nbnd =     7
    1.00 1.00 1.00 1.00 1.00 1.00 1.00
   spin =   2 nbnd =     7
    1.00 1.00 1.00 1.00 1.00 1.00 1.00

   formf: eself=  39.09634
   formf:     vps(g=0)=  -0.0025842     rhops(g=0)=  -0.0008750
   formf: sum_g vps(g)=  -1.7047711 sum_g rhops(g)=  -0.6289924
   Delta V(G=0):   0.005498Ry,    0.149602eV

   from rhoofr: total integrated electronic density
   spin up
   in g-space =    7.000000   in r-space =   7.000000
   spin down
   in g-space =    7.000000   in r-space =   7.000000

 * Physical Quantities at step:     1
      NOTE: eigenvalues are not computed without ortho


                total energy =       72.13748 Hartree a.u.
              kinetic energy =       81.28974 Hartree a.u.
        electrostatic energy =       -6.54840 Hartree a.u.
                         esr =        0.00180 Hartree a.u.
                       eself =       39.09634 Hartree a.u.
      pseudopotential energy =       -0.25023 Hartree a.u.
  n-l pseudopotential energy =        0.07177 Hartree a.u.
 exchange-correlation energy =       -2.42541 Hartree a.u.
           average potential =        0.00000 Hartree a.u.



   Eigenvalues (eV), kp =   1 , spin =  1

    0.00    0.00    0.00    0.00    0.00    0.00    0.00

   Eigenvalues (eV), kp =   1 , spin =  2

    0.00    0.00    0.00    0.00    0.00    0.00    0.00
 
   Allocated memory (kb) =    171436
 
   CELL_PARAMETERS
   20.00000000    0.00000000    0.00000000
    0.00000000   20.00000000    0.00000000
    0.00000000    0.00000000   20.00000000

   System Density [g/cm^3] :     0.0993


   Center of mass square displacement (a.u.):   0.000000

   ATOMIC_POSITIONS
   Cl   0.000000E+00  0.000000E+00  0.190398E+01
   Cl   0.000000E+00  0.000000E+00 -0.190398E+01
 
   ATOMIC_VELOCITIES
   Cl   0.000000E+00  0.000000E+00  0.000000E+00
   Cl   0.000000E+00  0.000000E+00  0.000000E+00
 


   Partial temperatures (for each ionic specie) 
   Species  Temp (K)   Mean Square Displacement (a.u.)
        1       0.00     0.0000
 
  nfi    ekinc  temph  tempp        etot      enthal       econs       econt    vnhh   xnhh0    vnhp   xnhp0
    1 0.52E+01    0.0    0.0    72.13748    72.13748    72.13748    77.38729  0.0000  0.0000  0.0000  0.0000     1.40580

   writing restart file: ./SCRATCH/clorine_spin_90.save
   restart file written in    0.169 sec.



   Averaged Physical Quantities
                      accomulated      this run
   ekinc         :        5.24981       5.24981 (AU)
   ekin          :       81.28974      81.28974 (AU)
   epot          :       -9.22403      -9.22403 (AU)
   total energy  :       72.13748      72.13748 (AU)
   temperature   :        0.00000       0.00000 (K )
   enthalpy      :       72.13748      72.13748 (AU)
   econs         :       72.13748      72.13748 (AU)
   pressure      :        0.00000       0.00000 (Gpa)
   volume        :     8000.00000    8000.00000 (AU)


     initialize   :     2.28s CPU
     total_time   :     1.11s CPU
     formf        :     0.05s CPU
     rhoofr       :     0.54s CPU (       2 calls,   0.272 s avg)
     vofrho       :     0.97s CPU (       2 calls,   0.484 s avg)
     dforce       :     0.64s CPU (      14 calls,   0.045 s avg)
     calphi       :     0.01s CPU (       2 calls,   0.004 s avg)
     gram         :     0.01s CPU (       4 calls,   0.003 s avg)
     newd         :     0.00s CPU (       2 calls,   0.000 s avg)
     calbec       :     0.01s CPU (       3 calls,   0.004 s avg)
     prefor       :     0.00s CPU (       2 calls,   0.000 s avg)
     strucf       :     0.00s CPU
     nlsm1        :     0.01s CPU (       3 calls,   0.004 s avg)
     fft          :     0.63s CPU (      18 calls,   0.035 s avg)
     ffts         :     0.16s CPU (       4 calls,   0.039 s avg)
     fftw         :     0.84s CPU (      42 calls,   0.020 s avg)
     cft3s        :     1.63s CPU (      64 calls,   0.026 s avg)
 
 
     CP           :     3.53s CPU time,    3.78s wall time

 
   This run was terminated on:  10:10:38  15Dec2010            

=------------------------------------------------------------------------------=
   JOB DONE.
=------------------------------------------------------------------------------=
