=------------------------------------------------------------------------------=

     CP: variable-cell Car-Parrinello molecular dynamics
     using norm-conserving and ultrasoft Vanderbilt pseudopotentials

     Version: 4.1 - Mon Dec 13 15:39:43 EST 2010                          
     Authors: Alfredo Pasquarello, Kari Laasonen, Andrea Trave, Roberto Car,
       Paolo Giannozzi, Nicola Marzari, Carlo Cavazzoni, Guido Chiarotti,
       Sandro Scandolo, Paolo Focher, Gerardo Ballabio, and others

=------------------------------------------------------------------------------=

   This run was started on:  10:27:58  15Dec2010               

   MPI Parallel Build
   Tasks =    6  This task id =    0

   Job Title: MD Simulation


   Atomic Pseudopotentials Parameters
   ----------------------------------

   Reading pseudopotential for specie #  1 from file :
   ../../pseudo/Cl.pz-bhs.UPF
   file type is 20: UPF


   Main Simulation Parameters (from input)
   ---------------------------------------
   Restart Mode       =       1   restart        
   Number of MD Steps =     100
   Print out every            1 MD Steps
   Reads from unit    =      93
   Writes to unit     =      94
   MD Simulation time step            =      15.00
   Electronic fictitious mass (emass) =    1000.00
   emass cut-off                      =       3.00

   Simulation Cell Parameters (from input)
   external pressure       =            0.00 [GPa]
   wmass (calculated)      =         9821.27 [AU]
   ibrav =    1
   alat  =    20.00000000
   a1    =    20.00000000    0.00000000    0.00000000
   a2    =     0.00000000   20.00000000    0.00000000
   a3    =     0.00000000    0.00000000   20.00000000
 
   b1    =     0.05000000    0.00000000    0.00000000
   b2    =     0.00000000    0.05000000    0.00000000
   b3    =     0.00000000    0.00000000    0.05000000
   omega =  8000.00000000

   Energy Cut-offs
   ---------------
   Ecutwfc =   50.0 Ry,      Ecutrho =  200.0 Ry,      Ecuts =  200.0 Ry
   Gcutwfc =   22.5     ,    Gcutrho =   45.0          Gcuts =   45.0
   NOTA BENE: refg, mmx =   0.050000  8000
   Eigenvalues calculated without the kinetic term contribution
   Orthog. with lagrange multipliers : eps =   0.10E-07,  max = 500
   verlet algorithm for electron dynamics
   with friction frice =  0.0500 , grease =  1.0000
   Electron dynamics : the temperature is not controlled

   Electronic states
   -----------------
   Local Spin Density calculation
   Number of Electron =    14
   Spins up   =     7, occupations: 
   1.00 1.00 1.00 1.00 1.00 1.00 1.00
   Spins down =     7, occupations: 
   1.00 1.00 1.00 1.00 1.00 1.00 1.00


   Exchange and correlations functionals
   -------------------------------------
   Using Local Density Approximation with
     Exchange functional: SLATER                                                      
     Correlation functional: PERDEW AND ZUNGER                                           
     Exchange-correlation      =  SLA  PZ   NOGX NOGC (1100)


   Ions Simulation Parameters
   --------------------------
   Ions are not allowed to move
   Ionic position (from input)
   sorted by specie, and converted to real a.u. coordinates
   Species   1 atoms =    2 mass =     64621.40 (a.u.),        35.45 (amu) rcmax =   1.00 (a.u.)
        0.000000     0.000000     1.903977
        0.000000     0.000000    -1.903977
   Ionic position will be re-read from restart file


   Cell Dynamics Parameters (from STDIN)
   -------------------------------------
   Starting cell generated from CELLDM
   Cell parameters will be re-read from restart file
   Constant VOLUME Molecular dynamics
   cell parameters are not allowed to move

   Verbosity: iprsta =  1



   Simulation dimensions initialization
   ------------------------------------

   unit vectors of full simulation cell
   in real space:                         in reciprocal space (units 2pi/alat):
   1    20.0000    0.0000    0.0000              1.0000    0.0000    0.0000
   2     0.0000   20.0000    0.0000              0.0000    1.0000    0.0000
   3     0.0000    0.0000   20.0000              0.0000    0.0000    1.0000
 
   Stick Mesh
   ----------
   nst =  3185,  nstw =   799, nsts =  3185
        PEs    n.st   n.stw   n.sts    n.g    n.gw   n.gs
          1    1063     265    1063   63721    7973   63721
          2    1060     266    1060   63720    7974   63720
          3    1060     268    1060   63720    7976   63720
          4    1060     266    1060   63720    7970   63720
          5    1062     266    1062   63722    7970   63722
          6    1064     266    1064   63720    7970   63720
          0    6369    1597    6369  382323   47833  382323
 
 
   Real Mesh
   ---------
   Global Dimensions   Local  Dimensions   Processor Grid
   .X.   .Y.   .Z.     .X.   .Y.   .Z.     .X.   .Y.   .Z.
    96    96    96      96    96    16       1     1     6
   Array leading dimensions ( nr1x, nr2x, nr3x )   =     96    96    96
   Local number of cell to store the grid ( nnrx ) =     147456
   Number of x-y planes for each processors: 
   nr3l =    16   16   16   16   16   16
 
   Smooth Real Mesh
   ----------------
   Global Dimensions   Local  Dimensions   Processor Grid
   .X.   .Y.   .Z.     .X.   .Y.   .Z.     .X.   .Y.   .Z.
    96    96    96      96    96    16       1     1     6
   Array leading dimensions ( nr1x, nr2x, nr3x )   =     96    96    96
   Local number of cell to store the grid ( nnrx ) =     147456
   Number of x-y planes for each processors: 
   nr3sl =    16   16   16   16   16   16
 
   Reciprocal Space Mesh
   ---------------------
                Large Mesh
   PE   Global(ngmt)     Local(ngm) MaxLocal(ngmx)
    1         191162          31861          31861
    2         191162          31860          31861
    3         191162          31860          31861
    4         191162          31860          31861
    5         191162          31861          31861
    6         191162          31860          31861
                Smooth Mesh
   PE   Global(ngst)     Local(ngs) MaxLocal(ngsx)
    1         191162          31861          31861
    2         191162          31860          31861
    3         191162          31860          31861
    4         191162          31860          31861
    5         191162          31861          31861
    6         191162          31860          31861
                Wave function Mesh
   PE   Global(ngwt)     Local(ngw) MaxLocal(ngwx)
    1          23917           3987           3988
    2          23917           3987           3988
    3          23917           3988           3988
    4          23917           3985           3988
    5          23917           3985           3988
    6          23917           3985           3988


   System geometry initialization
   ------------------------------
 
   Scaled positions from standard input
   Cl   0.000000E+00  0.000000E+00  0.951988E-01
   Cl   0.000000E+00  0.000000E+00 -0.951988E-01
   ibrav =    1       cell parameters 

      20.00000       0.00000       0.00000
       0.00000      20.00000       0.00000
       0.00000       0.00000      20.00000
 

   Matrix Multiplication Performances
   ortho mmul, time for parallel driver      =   0.00001 with    4 procs

   Constraints matrixes will be distributed block like on
   ortho sub-group =    2*   2 procs


   Diagonalization Performances
   ortho diag, time for serial   driver =   0.04133
   ortho diag, time for parallel driver =   0.00020 with    4 procs


   Pseudopotentials initialization
   -------------------------------


   Common initialization

   Specie:     1
   1  indv=  1   ang. mom=  0
   2  indv=  2   ang. mom=  1
   3  indv=  2   ang. mom=  1
   4  indv=  2   ang. mom=  1
 
                        dion 
   0.3320   0.0000
   0.0000   0.6374
 
   Short Legend and Physical Units in the Output
   ---------------------------------------------
   NFI    [int]          - step index
   EKINC  [HARTREE A.U.] - kinetic energy of the fictitious electronic dynamics
   TEMPH  [K]            - Temperature of the fictitious cell dynamics
   TEMP   [K]            - Ionic temperature
   ETOT   [HARTREE A.U.] - Scf total energy (Kohn-Sham hamiltonian)
   ENTHAL [HARTREE A.U.] - Enthalpy ( ETOT + P * V )
   ECONS  [HARTREE A.U.] - Enthalpy + kinetic energy of ions and cell
   ECONT  [HARTREE A.U.] - Constant of motion for the CP lagrangian
 
   NK sic with reference occupation =  0.5000

   NK background density factor =  1.0000
   NK scaling factor =  0.8000
   NK cross-derivatives =    T
   NK reference derivatives =    T
   NK on top of PZ =    F
   rhothr =  0.1E-11
   NK memusage =     34.342 MB


   f_cutoff =  0.1000
   do_spinsym   =    F
   EE with periodic-image correction method = tcc                 

   reading restart file: ./SCRATCH/clorine_spin_93.save
   restart file read in    0.077 sec.

 nprint_nfi=           -2
 nprint_nfi=          264

   formf: eself=  39.09634
   formf:     vps(g=0)=  -0.0025842     rhops(g=0)=  -0.0008750
   formf: sum_g vps(g)=  -1.7047711 sum_g rhops(g)=  -0.6289924
   Delta V(G=0):   0.005498Ry,    0.149602eV
 
  nfi    ekinc  temph  tempp        etot      enthal       econs       econt    vnhh   xnhh0    vnhp   xnhp0
  265 0.21E-02    0.0    0.0   -30.00625   -30.00625   -30.00625   -30.00414  0.0000  0.0000  0.0000  0.0000    -0.00001
  266 0.80E-02    0.0    0.0   -30.01406   -30.01406   -30.01406   -30.00605  0.0000  0.0000  0.0000  0.0000    -0.00001
  267 0.14E-01    0.0    0.0   -30.02275   -30.02275   -30.02275   -30.00902  0.0000  0.0000  0.0000  0.0000     0.00000
  268 0.15E-01    0.0    0.0   -30.02661   -30.02661   -30.02661   -30.01188  0.0000  0.0000  0.0000  0.0000     0.00000
  269 0.12E-01    0.0    0.0   -30.02571   -30.02571   -30.02571   -30.01402  0.0000  0.0000  0.0000  0.0000     0.00001

 * Physical Quantities at step:   270

   from rhoofr: total integrated electronic density
   spin up
   in g-space =    7.000000   in r-space =   7.000000
   spin down
   in g-space =    7.000000   in r-space =   7.000000


                total energy =      -30.02374 Hartree a.u.
              kinetic energy =       10.77369 Hartree a.u.
        electrostatic energy =      -34.21865 Hartree a.u.
                         esr =        0.00180 Hartree a.u.
                       eself =       39.09634 Hartree a.u.
      pseudopotential energy =       -7.69734 Hartree a.u.
  n-l pseudopotential energy =        6.72967 Hartree a.u.
 exchange-correlation energy =       -5.57002 Hartree a.u.
           average potential =        0.00000 Hartree a.u.



   Eigenvalues (eV), kp =   1 , spin =  1

  -30.00  -25.94  -18.27  -16.32  -16.32  -13.71  -13.71

   Eigenvalues (eV), kp =   1 , spin =  2

  -30.00  -25.94  -18.27  -16.32  -16.32  -13.71  -13.71
 
   Allocated memory (kb) =     98748
 
   CELL_PARAMETERS
   20.00000000    0.00000000    0.00000000
    0.00000000   20.00000000    0.00000000
    0.00000000    0.00000000   20.00000000

   System Density [g/cm^3] :     0.0993


   Center of mass square displacement (a.u.):   0.000000

   ATOMIC_POSITIONS
   Cl   0.000000E+00  0.000000E+00  0.190398E+01
   Cl   0.000000E+00  0.000000E+00 -0.190398E+01
 
   ATOMIC_VELOCITIES
   Cl   0.000000E+00  0.000000E+00  0.000000E+00
   Cl   0.000000E+00  0.000000E+00  0.000000E+00
 


   Partial temperatures (for each ionic specie) 
   Species  Temp (K)   Mean Square Displacement (a.u.)
        1       0.00     0.0000
 
  nfi    ekinc  temph  tempp        etot      enthal       econs       econt    vnhh   xnhh0    vnhp   xnhp0
  270 0.81E-02    0.0    0.0   -30.02374   -30.02374   -30.02374   -30.01564  0.0000  0.0000  0.0000  0.0000     0.00001
  271 0.62E-02    0.0    0.0   -30.02332   -30.02332   -30.02332   -30.01712  0.0000  0.0000  0.0000  0.0000     0.00001
  272 0.56E-02    0.0    0.0   -30.02414   -30.02414   -30.02414   -30.01849  0.0000  0.0000  0.0000  0.0000     0.00002
  273 0.52E-02    0.0    0.0   -30.02482   -30.02482   -30.02482   -30.01964  0.0000  0.0000  0.0000  0.0000     0.00002
  274 0.44E-02    0.0    0.0   -30.02493   -30.02493   -30.02493   -30.02053  0.0000  0.0000  0.0000  0.0000     0.00002
  275 0.37E-02    0.0    0.0   -30.02498   -30.02498   -30.02498   -30.02127  0.0000  0.0000  0.0000  0.0000     0.00002
  276 0.34E-02    0.0    0.0   -30.02539   -30.02539   -30.02539   -30.02199  0.0000  0.0000  0.0000  0.0000     0.00002
  277 0.34E-02    0.0    0.0   -30.02605   -30.02605   -30.02605   -30.02270  0.0000  0.0000  0.0000  0.0000     0.00002
  278 0.34E-02    0.0    0.0   -30.02673   -30.02673   -30.02673   -30.02337  0.0000  0.0000  0.0000  0.0000     0.00001
  279 0.33E-02    0.0    0.0   -30.02737   -30.02737   -30.02737   -30.02405  0.0000  0.0000  0.0000  0.0000     0.00001

 * Physical Quantities at step:   280

   from rhoofr: total integrated electronic density
   spin up
   in g-space =    7.000000   in r-space =   7.000000
   spin down
   in g-space =    7.000000   in r-space =   7.000000


                total energy =      -30.02796 Hartree a.u.
              kinetic energy =       11.04612 Hartree a.u.
        electrostatic energy =      -34.38270 Hartree a.u.
                         esr =        0.00180 Hartree a.u.
                       eself =       39.09634 Hartree a.u.
      pseudopotential energy =       -7.86671 Hartree a.u.
  n-l pseudopotential energy =        6.85373 Hartree a.u.
 exchange-correlation energy =       -5.63633 Hartree a.u.
           average potential =        0.00000 Hartree a.u.



   Eigenvalues (eV), kp =   1 , spin =  1

  -29.37  -25.33  -17.68  -15.88  -15.88  -13.24  -13.24

   Eigenvalues (eV), kp =   1 , spin =  2

  -29.37  -25.33  -17.68  -15.88  -15.88  -13.24  -13.24
 
   Allocated memory (kb) =     98748
 
   CELL_PARAMETERS
   20.00000000    0.00000000    0.00000000
    0.00000000   20.00000000    0.00000000
    0.00000000    0.00000000   20.00000000

   System Density [g/cm^3] :     0.0993


   Center of mass square displacement (a.u.):   0.000000

   ATOMIC_POSITIONS
   Cl   0.000000E+00  0.000000E+00  0.190398E+01
   Cl   0.000000E+00  0.000000E+00 -0.190398E+01
 
   ATOMIC_VELOCITIES
   Cl   0.000000E+00  0.000000E+00  0.000000E+00
   Cl   0.000000E+00  0.000000E+00  0.000000E+00
 


   Partial temperatures (for each ionic specie) 
   Species  Temp (K)   Mean Square Displacement (a.u.)
        1       0.00     0.0000
 
  nfi    ekinc  temph  tempp        etot      enthal       econs       econt    vnhh   xnhh0    vnhp   xnhp0
  280 0.32E-02    0.0    0.0   -30.02796   -30.02796   -30.02796   -30.02472  0.0000  0.0000  0.0000  0.0000     0.00001
  281 0.30E-02    0.0    0.0   -30.02838   -30.02838   -30.02838   -30.02537  0.0000  0.0000  0.0000  0.0000     0.00001
  282 0.26E-02    0.0    0.0   -30.02852   -30.02852   -30.02852   -30.02592  0.0000  0.0000  0.0000  0.0000     0.00001
  283 0.21E-02    0.0    0.0   -30.02845   -30.02845   -30.02845   -30.02636  0.0000  0.0000  0.0000  0.0000     0.00001
  284 0.17E-02    0.0    0.0   -30.02839   -30.02839   -30.02839   -30.02672  0.0000  0.0000  0.0000  0.0000     0.00001
  285 0.14E-02    0.0    0.0   -30.02843   -30.02843   -30.02843   -30.02703  0.0000  0.0000  0.0000  0.0000     0.00001
  286 0.12E-02    0.0    0.0   -30.02853   -30.02853   -30.02853   -30.02729  0.0000  0.0000  0.0000  0.0000     0.00001
  287 0.11E-02    0.0    0.0   -30.02865   -30.02865   -30.02865   -30.02753  0.0000  0.0000  0.0000  0.0000     0.00001
  288 0.11E-02    0.0    0.0   -30.02883   -30.02883   -30.02883   -30.02774  0.0000  0.0000  0.0000  0.0000     0.00001
  289 0.11E-02    0.0    0.0   -30.02908   -30.02908   -30.02908   -30.02797  0.0000  0.0000  0.0000  0.0000     0.00001

 * Physical Quantities at step:   290

   from rhoofr: total integrated electronic density
   spin up
   in g-space =    7.000000   in r-space =   7.000000
   spin down
   in g-space =    7.000000   in r-space =   7.000000


                total energy =      -30.02936 Hartree a.u.
              kinetic energy =       11.03006 Hartree a.u.
        electrostatic energy =      -34.39446 Hartree a.u.
                         esr =        0.00180 Hartree a.u.
                       eself =       39.09634 Hartree a.u.
      pseudopotential energy =       -7.88840 Hartree a.u.
  n-l pseudopotential energy =        6.89870 Hartree a.u.
 exchange-correlation energy =       -5.63252 Hartree a.u.
           average potential =        0.00000 Hartree a.u.



   Eigenvalues (eV), kp =   1 , spin =  1

  -29.40  -25.37  -17.77  -15.89  -15.89  -13.29  -13.28

   Eigenvalues (eV), kp =   1 , spin =  2

  -29.40  -25.37  -17.77  -15.89  -15.89  -13.29  -13.28
 
   Allocated memory (kb) =     98748
 
   CELL_PARAMETERS
   20.00000000    0.00000000    0.00000000
    0.00000000   20.00000000    0.00000000
    0.00000000    0.00000000   20.00000000

   System Density [g/cm^3] :     0.0993


   Center of mass square displacement (a.u.):   0.000000

   ATOMIC_POSITIONS
   Cl   0.000000E+00  0.000000E+00  0.190398E+01
   Cl   0.000000E+00  0.000000E+00 -0.190398E+01
 
   ATOMIC_VELOCITIES
   Cl   0.000000E+00  0.000000E+00  0.000000E+00
   Cl   0.000000E+00  0.000000E+00  0.000000E+00
 


   Partial temperatures (for each ionic specie) 
   Species  Temp (K)   Mean Square Displacement (a.u.)
        1       0.00     0.0000
 
  nfi    ekinc  temph  tempp        etot      enthal       econs       econt    vnhh   xnhh0    vnhp   xnhp0
  290 0.11E-02    0.0    0.0   -30.02936   -30.02936   -30.02936   -30.02821  0.0000  0.0000  0.0000  0.0000     0.00001
  291 0.11E-02    0.0    0.0   -30.02955   -30.02955   -30.02955   -30.02844  0.0000  0.0000  0.0000  0.0000     0.00001
  292 0.98E-03    0.0    0.0   -30.02962   -30.02962   -30.02962   -30.02864  0.0000  0.0000  0.0000  0.0000     0.00001
  293 0.82E-03    0.0    0.0   -30.02962   -30.02962   -30.02962   -30.02881  0.0000  0.0000  0.0000  0.0000     0.00001
  294 0.68E-03    0.0    0.0   -30.02964   -30.02964   -30.02964   -30.02896  0.0000  0.0000  0.0000  0.0000     0.00001
  295 0.59E-03    0.0    0.0   -30.02968   -30.02968   -30.02968   -30.02909  0.0000  0.0000  0.0000  0.0000     0.00001
  296 0.49E-03    0.0    0.0   -30.02969   -30.02969   -30.02969   -30.02920  0.0000  0.0000  0.0000  0.0000     0.00001
  297 0.41E-03    0.0    0.0   -30.02969   -30.02969   -30.02969   -30.02929  0.0000  0.0000  0.0000  0.0000     0.00001
  298 0.36E-03    0.0    0.0   -30.02972   -30.02972   -30.02972   -30.02936  0.0000  0.0000  0.0000  0.0000     0.00001
  299 0.37E-03    0.0    0.0   -30.02980   -30.02980   -30.02980   -30.02943  0.0000  0.0000  0.0000  0.0000     0.00001

 * Physical Quantities at step:   300

   from rhoofr: total integrated electronic density
   spin up
   in g-space =    7.000000   in r-space =   7.000000
   spin down
   in g-space =    7.000000   in r-space =   7.000000


                total energy =      -30.02992 Hartree a.u.
              kinetic energy =       11.02985 Hartree a.u.
        electrostatic energy =      -34.39800 Hartree a.u.
                         esr =        0.00180 Hartree a.u.
                       eself =       39.09634 Hartree a.u.
      pseudopotential energy =       -7.88941 Hartree a.u.
  n-l pseudopotential energy =        6.90426 Hartree a.u.
 exchange-correlation energy =       -5.63484 Hartree a.u.
           average potential =        0.00000 Hartree a.u.



   Eigenvalues (eV), kp =   1 , spin =  1

  -29.34  -25.33  -17.72  -15.85  -15.85  -13.24  -13.24

   Eigenvalues (eV), kp =   1 , spin =  2

  -29.34  -25.33  -17.72  -15.85  -15.85  -13.24  -13.24
 
   Allocated memory (kb) =     98748
 
   CELL_PARAMETERS
   20.00000000    0.00000000    0.00000000
    0.00000000   20.00000000    0.00000000
    0.00000000    0.00000000   20.00000000

   System Density [g/cm^3] :     0.0993


   Center of mass square displacement (a.u.):   0.000000

   ATOMIC_POSITIONS
   Cl   0.000000E+00  0.000000E+00  0.190398E+01
   Cl   0.000000E+00  0.000000E+00 -0.190398E+01
 
   ATOMIC_VELOCITIES
   Cl   0.000000E+00  0.000000E+00  0.000000E+00
   Cl   0.000000E+00  0.000000E+00  0.000000E+00
 


   Partial temperatures (for each ionic specie) 
   Species  Temp (K)   Mean Square Displacement (a.u.)
        1       0.00     0.0000
 
  nfi    ekinc  temph  tempp        etot      enthal       econs       econt    vnhh   xnhh0    vnhp   xnhp0
  300 0.40E-03    0.0    0.0   -30.02992   -30.02992   -30.02992   -30.02952  0.0000  0.0000  0.0000  0.0000     0.00001

   writing restart file: ./SCRATCH/clorine_spin_94.save
   restart file written in    0.298 sec.

  301 0.40E-03    0.0    0.0   -30.03000   -30.03000   -30.03000   -30.02960  0.0000  0.0000  0.0000  0.0000     0.00001
  302 0.36E-03    0.0    0.0   -30.03003   -30.03003   -30.03003   -30.02967  0.0000  0.0000  0.0000  0.0000     0.00001
  303 0.30E-03    0.0    0.0   -30.03003   -30.03003   -30.03003   -30.02973  0.0000  0.0000  0.0000  0.0000     0.00001
  304 0.26E-03    0.0    0.0   -30.03004   -30.03004   -30.03004   -30.02979  0.0000  0.0000  0.0000  0.0000     0.00001
  305 0.23E-03    0.0    0.0   -30.03006   -30.03006   -30.03006   -30.02984  0.0000  0.0000  0.0000  0.0000     0.00001
  306 0.20E-03    0.0    0.0   -30.03008   -30.03008   -30.03008   -30.02988  0.0000  0.0000  0.0000  0.0000     0.00001
  307 0.17E-03    0.0    0.0   -30.03009   -30.03009   -30.03009   -30.02992  0.0000  0.0000  0.0000  0.0000     0.00001
  308 0.14E-03    0.0    0.0   -30.03008   -30.03008   -30.03008   -30.02994  0.0000  0.0000  0.0000  0.0000     0.00001
  309 0.13E-03    0.0    0.0   -30.03009   -30.03009   -30.03009   -30.02997  0.0000  0.0000  0.0000  0.0000     0.00001

 * Physical Quantities at step:   310

   from rhoofr: total integrated electronic density
   spin up
   in g-space =    7.000000   in r-space =   7.000000
   spin down
   in g-space =    7.000000   in r-space =   7.000000


                total energy =      -30.03012 Hartree a.u.
              kinetic energy =       11.03047 Hartree a.u.
        electrostatic energy =      -34.39754 Hartree a.u.
                         esr =        0.00180 Hartree a.u.
                       eself =       39.09634 Hartree a.u.
      pseudopotential energy =       -7.89107 Hartree a.u.
  n-l pseudopotential energy =        6.90496 Hartree a.u.
 exchange-correlation energy =       -5.63449 Hartree a.u.
           average potential =        0.00000 Hartree a.u.



   Eigenvalues (eV), kp =   1 , spin =  1

  -29.37  -25.35  -17.74  -15.87  -15.87  -13.25  -13.25

   Eigenvalues (eV), kp =   1 , spin =  2

  -29.37  -25.35  -17.74  -15.87  -15.87  -13.25  -13.25
 
   Allocated memory (kb) =     98748
 
   CELL_PARAMETERS
   20.00000000    0.00000000    0.00000000
    0.00000000   20.00000000    0.00000000
    0.00000000    0.00000000   20.00000000

   System Density [g/cm^3] :     0.0993


   Center of mass square displacement (a.u.):   0.000000

   ATOMIC_POSITIONS
   Cl   0.000000E+00  0.000000E+00  0.190398E+01
   Cl   0.000000E+00  0.000000E+00 -0.190398E+01
 
   ATOMIC_VELOCITIES
   Cl   0.000000E+00  0.000000E+00  0.000000E+00
   Cl   0.000000E+00  0.000000E+00  0.000000E+00
 


   Partial temperatures (for each ionic specie) 
   Species  Temp (K)   Mean Square Displacement (a.u.)
        1       0.00     0.0000
 
  nfi    ekinc  temph  tempp        etot      enthal       econs       econt    vnhh   xnhh0    vnhp   xnhp0
  310 0.13E-03    0.0    0.0   -30.03012   -30.03012   -30.03012   -30.02999  0.0000  0.0000  0.0000  0.0000     0.00001
  311 0.13E-03    0.0    0.0   -30.03015   -30.03015   -30.03015   -30.03002  0.0000  0.0000  0.0000  0.0000     0.00001
  312 0.13E-03    0.0    0.0   -30.03018   -30.03018   -30.03018   -30.03005  0.0000  0.0000  0.0000  0.0000     0.00001
  313 0.12E-03    0.0    0.0   -30.03019   -30.03019   -30.03019   -30.03007  0.0000  0.0000  0.0000  0.0000     0.00001
  314 0.11E-03    0.0    0.0   -30.03020   -30.03020   -30.03020   -30.03009  0.0000  0.0000  0.0000  0.0000     0.00001
  315 0.91E-04    0.0    0.0   -30.03021   -30.03021   -30.03021   -30.03012  0.0000  0.0000  0.0000  0.0000     0.00001
  316 0.76E-04    0.0    0.0   -30.03021   -30.03021   -30.03021   -30.03013  0.0000  0.0000  0.0000  0.0000     0.00001
  317 0.64E-04    0.0    0.0   -30.03021   -30.03021   -30.03021   -30.03015  0.0000  0.0000  0.0000  0.0000     0.00001
  318 0.56E-04    0.0    0.0   -30.03021   -30.03021   -30.03021   -30.03016  0.0000  0.0000  0.0000  0.0000     0.00001
  319 0.52E-04    0.0    0.0   -30.03022   -30.03022   -30.03022   -30.03017  0.0000  0.0000  0.0000  0.0000     0.00001

 * Physical Quantities at step:   320

   from rhoofr: total integrated electronic density
   spin up
   in g-space =    7.000000   in r-space =   7.000000
   spin down
   in g-space =    7.000000   in r-space =   7.000000


                total energy =      -30.03023 Hartree a.u.
              kinetic energy =       11.02570 Hartree a.u.
        electrostatic energy =      -34.39804 Hartree a.u.
                         esr =        0.00180 Hartree a.u.
                       eself =       39.09634 Hartree a.u.
      pseudopotential energy =       -7.89488 Hartree a.u.
  n-l pseudopotential energy =        6.91292 Hartree a.u.
 exchange-correlation energy =       -5.63388 Hartree a.u.
           average potential =        0.00000 Hartree a.u.



   Eigenvalues (eV), kp =   1 , spin =  1

  -29.35  -25.33  -17.73  -15.86  -15.86  -13.25  -13.25

   Eigenvalues (eV), kp =   1 , spin =  2

  -29.35  -25.33  -17.73  -15.86  -15.86  -13.25  -13.25
 
   Allocated memory (kb) =     98748
 
   CELL_PARAMETERS
   20.00000000    0.00000000    0.00000000
    0.00000000   20.00000000    0.00000000
    0.00000000    0.00000000   20.00000000

   System Density [g/cm^3] :     0.0993


   Center of mass square displacement (a.u.):   0.000000

   ATOMIC_POSITIONS
   Cl   0.000000E+00  0.000000E+00  0.190398E+01
   Cl   0.000000E+00  0.000000E+00 -0.190398E+01
 
   ATOMIC_VELOCITIES
   Cl   0.000000E+00  0.000000E+00  0.000000E+00
   Cl   0.000000E+00  0.000000E+00  0.000000E+00
 


   Partial temperatures (for each ionic specie) 
   Species  Temp (K)   Mean Square Displacement (a.u.)
        1       0.00     0.0000
 
  nfi    ekinc  temph  tempp        etot      enthal       econs       econt    vnhh   xnhh0    vnhp   xnhp0
  320 0.49E-04    0.0    0.0   -30.03023   -30.03023   -30.03023   -30.03018  0.0000  0.0000  0.0000  0.0000     0.00001
  321 0.46E-04    0.0    0.0   -30.03023   -30.03023   -30.03023   -30.03019  0.0000  0.0000  0.0000  0.0000     0.00001
  322 0.43E-04    0.0    0.0   -30.03024   -30.03024   -30.03024   -30.03020  0.0000  0.0000  0.0000  0.0000     0.00001
  323 0.40E-04    0.0    0.0   -30.03025   -30.03025   -30.03025   -30.03021  0.0000  0.0000  0.0000  0.0000     0.00001
  324 0.38E-04    0.0    0.0   -30.03025   -30.03025   -30.03025   -30.03021  0.0000  0.0000  0.0000  0.0000     0.00001
  325 0.35E-04    0.0    0.0   -30.03025   -30.03025   -30.03025   -30.03022  0.0000  0.0000  0.0000  0.0000     0.00001
  326 0.31E-04    0.0    0.0   -30.03026   -30.03026   -30.03026   -30.03023  0.0000  0.0000  0.0000  0.0000     0.00001
  327 0.26E-04    0.0    0.0   -30.03026   -30.03026   -30.03026   -30.03023  0.0000  0.0000  0.0000  0.0000     0.00001
  328 0.22E-04    0.0    0.0   -30.03026   -30.03026   -30.03026   -30.03024  0.0000  0.0000  0.0000  0.0000     0.00001
  329 0.19E-04    0.0    0.0   -30.03026   -30.03026   -30.03026   -30.03024  0.0000  0.0000  0.0000  0.0000     0.00001

 * Physical Quantities at step:   330

   from rhoofr: total integrated electronic density
   spin up
   in g-space =    7.000000   in r-space =   7.000000
   spin down
   in g-space =    7.000000   in r-space =   7.000000


                total energy =      -30.03026 Hartree a.u.
              kinetic energy =       11.02711 Hartree a.u.
        electrostatic energy =      -34.39932 Hartree a.u.
                         esr =        0.00180 Hartree a.u.
                       eself =       39.09634 Hartree a.u.
      pseudopotential energy =       -7.89703 Hartree a.u.
  n-l pseudopotential energy =        6.91580 Hartree a.u.
 exchange-correlation energy =       -5.63452 Hartree a.u.
           average potential =        0.00000 Hartree a.u.



   Eigenvalues (eV), kp =   1 , spin =  1

  -29.35  -25.33  -17.73  -15.86  -15.85  -13.25  -13.25

   Eigenvalues (eV), kp =   1 , spin =  2

  -29.35  -25.33  -17.73  -15.86  -15.85  -13.25  -13.25
 
   Allocated memory (kb) =     98748
 
   CELL_PARAMETERS
   20.00000000    0.00000000    0.00000000
    0.00000000   20.00000000    0.00000000
    0.00000000    0.00000000   20.00000000

   System Density [g/cm^3] :     0.0993


   Center of mass square displacement (a.u.):   0.000000

   ATOMIC_POSITIONS
   Cl   0.000000E+00  0.000000E+00  0.190398E+01
   Cl   0.000000E+00  0.000000E+00 -0.190398E+01
 
   ATOMIC_VELOCITIES
   Cl   0.000000E+00  0.000000E+00  0.000000E+00
   Cl   0.000000E+00  0.000000E+00  0.000000E+00
 


   Partial temperatures (for each ionic specie) 
   Species  Temp (K)   Mean Square Displacement (a.u.)
        1       0.00     0.0000
 
  nfi    ekinc  temph  tempp        etot      enthal       econs       econt    vnhh   xnhh0    vnhp   xnhp0
  330 0.17E-04    0.0    0.0   -30.03026   -30.03026   -30.03026   -30.03024  0.0000  0.0000  0.0000  0.0000     0.00001
  331 0.17E-04    0.0    0.0   -30.03026   -30.03026   -30.03026   -30.03024  0.0000  0.0000  0.0000  0.0000     0.00001
  332 0.16E-04    0.0    0.0   -30.03026   -30.03026   -30.03026   -30.03025  0.0000  0.0000  0.0000  0.0000     0.00001
  333 0.15E-04    0.0    0.0   -30.03027   -30.03027   -30.03027   -30.03025  0.0000  0.0000  0.0000  0.0000     0.00001
  334 0.14E-04    0.0    0.0   -30.03027   -30.03027   -30.03027   -30.03026  0.0000  0.0000  0.0000  0.0000     0.00001
  335 0.13E-04    0.0    0.0   -30.03027   -30.03027   -30.03027   -30.03026  0.0000  0.0000  0.0000  0.0000     0.00001
  336 0.11E-04    0.0    0.0   -30.03027   -30.03027   -30.03027   -30.03026  0.0000  0.0000  0.0000  0.0000     0.00001
  337 0.10E-04    0.0    0.0   -30.03027   -30.03027   -30.03027   -30.03026  0.0000  0.0000  0.0000  0.0000     0.00001
  338 0.86E-05    0.0    0.0   -30.03027   -30.03027   -30.03027   -30.03027  0.0000  0.0000  0.0000  0.0000     0.00001

   MAIN:          EKINC   (thr)          DETOT   (thr)       MAXFORCE   (thr)
   MAIN:   0.862689D-05  0.1D-04  0.179526D-06  0.1D-05  0.000000D+00  0.1D+11
   MAIN: convergence achieved for system relaxation

 * Physical Quantities at step:   339


                total energy =      -30.03027 Hartree a.u.
              kinetic energy =       11.02535 Hartree a.u.
        electrostatic energy =      -34.39825 Hartree a.u.
                         esr =        0.00180 Hartree a.u.
                       eself =       39.09634 Hartree a.u.
      pseudopotential energy =       -7.89642 Hartree a.u.
  n-l pseudopotential energy =        6.91505 Hartree a.u.
 exchange-correlation energy =       -5.63386 Hartree a.u.
           average potential =        0.00000 Hartree a.u.



   Eigenvalues (eV), kp =   1 , spin =  1

  -29.35  -25.33  -17.74  -15.86  -15.86  -13.25  -13.25

   Eigenvalues (eV), kp =   1 , spin =  2

  -29.35  -25.33  -17.74  -15.86  -15.86  -13.25  -13.25
 
   Allocated memory (kb) =     98748
 
   CELL_PARAMETERS
   20.00000000    0.00000000    0.00000000
    0.00000000   20.00000000    0.00000000
    0.00000000    0.00000000   20.00000000

   System Density [g/cm^3] :     0.0993


   Center of mass square displacement (a.u.):   0.000000

   ATOMIC_POSITIONS
   Cl   0.000000E+00  0.000000E+00  0.190398E+01
   Cl   0.000000E+00  0.000000E+00 -0.190398E+01
 
   ATOMIC_VELOCITIES
   Cl   0.000000E+00  0.000000E+00  0.000000E+00
   Cl   0.000000E+00  0.000000E+00  0.000000E+00
 


   Partial temperatures (for each ionic specie) 
   Species  Temp (K)   Mean Square Displacement (a.u.)
        1       0.00     0.0000
  339 0.75E-05    0.0    0.0   -30.03027   -30.03027   -30.03027   -30.03027  0.0000  0.0000  0.0000  0.0000     0.00001

   MAIN:          EKINC   (thr)          DETOT   (thr)       MAXFORCE   (thr)
   MAIN:   0.753255D-05  0.1D-04  0.890483D-07  0.1D-05  0.000000D+00  0.1D+11
   MAIN: convergence achieved for system relaxation

   writing restart file: ./SCRATCH/clorine_spin_94.save
   restart file written in    0.302 sec.



   Averaged Physical Quantities
                      accomulated      this run
   ekinc         :        0.86800       0.00169 (AU)
   ekin          :       12.04725      11.03052 (AU)
   epot          :      -47.73150     -47.93492 (AU)
   total energy  :      -28.78256     -30.02848 (AU)
   temperature   :        0.00000       0.00000 (K )
   enthalpy      :      -28.78256     -30.02848 (AU)
   econs         :      -28.78256     -30.02848 (AU)
   pressure      :        0.00000       0.00000 (Gpa)
   volume        :     8000.00000    8000.00000 (AU)


     initialize   :     1.15s CPU
     total_time   :   407.81s CPU (      75 calls,   5.437 s avg)
     formf        :     0.05s CPU
     rhoofr       :     8.88s CPU (      75 calls,   0.118 s avg)
     vofrho       :    14.80s CPU (      75 calls,   0.197 s avg)
     dforce       :    10.24s CPU (     525 calls,   0.020 s avg)
     calphi       :     0.02s CPU (      75 calls,   0.000 s avg)
     ortho        :     0.27s CPU (      75 calls,   0.004 s avg)
     ortho_iter   :     0.06s CPU (     150 calls,   0.000 s avg)
     rsg          :     0.03s CPU (     150 calls,   0.000 s avg)
     rhoset       :     0.10s CPU (     150 calls,   0.001 s avg)
     updatc       :     0.10s CPU (     150 calls,   0.001 s avg)
     newd         :     0.02s CPU (      75 calls,   0.000 s avg)
     calbec       :     0.10s CPU (      76 calls,   0.001 s avg)
     prefor       :     0.02s CPU (      76 calls,   0.000 s avg)
     strucf       :     0.00s CPU
     nlsm1        :     0.10s CPU (     226 calls,   0.000 s avg)
     fft          :    72.59s CPU (    4204 calls,   0.017 s avg)
     ffts         :     2.67s CPU (     150 calls,   0.018 s avg)
     fftw         :    13.09s CPU (    1575 calls,   0.008 s avg)
     cft3s        :    88.34s CPU (    5929 calls,   0.015 s avg)
     fft_scatter  :    21.51s CPU (    5929 calls,   0.004 s avg)
     nksic_drv    :   352.28s CPU (      75 calls,   4.697 s avg)
     nksic_orbrho :    11.06s CPU (     525 calls,   0.021 s avg)
     nksic_rhoref :     6.28s CPU (    1050 calls,   0.006 s avg)
     nksic_eforce :    20.28s CPU (     525 calls,   0.039 s avg)
     nksic_corr   :   328.96s CPU (    1050 calls,   0.313 s avg)
     nksic_corr_h :    47.88s CPU (    1050 calls,   0.046 s avg)
     nksic_corr_v :   104.25s CPU (    1050 calls,   0.099 s avg)
     nksic_corr_f :   173.92s CPU (    1050 calls,   0.166 s avg)
 
 
     CP           :  6m49.24s CPU time,     6m50.26s wall time

 
   This run was terminated on:  10:34:48  15Dec2010            

=------------------------------------------------------------------------------=
   JOB DONE.
=------------------------------------------------------------------------------=
