=------------------------------------------------------------------------------=

     CP: variable-cell Car-Parrinello molecular dynamics
     using norm-conserving and ultrasoft Vanderbilt pseudopotentials

     Version: 4.1 - Mon Dec 13 15:39:43 EST 2010                          
     Authors: Alfredo Pasquarello, Kari Laasonen, Andrea Trave, Roberto Car,
       Paolo Giannozzi, Nicola Marzari, Carlo Cavazzoni, Guido Chiarotti,
       Sandro Scandolo, Paolo Focher, Gerardo Ballabio, and others

=------------------------------------------------------------------------------=

   This run was started on:  10:19:30  15Dec2010               

   MPI Parallel Build
   Tasks =    6  This task id =    0

   Job Title: MD Simulation


   Atomic Pseudopotentials Parameters
   ----------------------------------

   Reading pseudopotential for specie #  1 from file :
   ../../pseudo/Cl.pz-bhs.UPF
   file type is 20: UPF


   Main Simulation Parameters (from input)
   ---------------------------------------
   Restart Mode       =       1   restart        
   Number of MD Steps =       2
   Print out every            1 MD Steps
   Reads from unit    =      93
   Writes to unit     =     193
   MD Simulation time step            =       3.00
   Electronic fictitious mass (emass) =    1000.00
   emass cut-off                      =       3.00

   Simulation Cell Parameters (from input)
   external pressure       =            0.00 [GPa]
   wmass (calculated)      =         9821.27 [AU]
   ibrav =    1
   alat  =    20.00000000
   a1    =    20.00000000    0.00000000    0.00000000
   a2    =     0.00000000   20.00000000    0.00000000
   a3    =     0.00000000    0.00000000   20.00000000
 
   b1    =     0.05000000    0.00000000    0.00000000
   b2    =     0.00000000    0.05000000    0.00000000
   b3    =     0.00000000    0.00000000    0.05000000
   omega =  8000.00000000

   Energy Cut-offs
   ---------------
   Ecutwfc =   50.0 Ry,      Ecutrho =  200.0 Ry,      Ecuts =  200.0 Ry
   Gcutwfc =   22.5     ,    Gcutrho =   45.0          Gcuts =   45.0
   NOTA BENE: refg, mmx =   0.050000  8000
   Eigenvalues calculated without the kinetic term contribution
   Orthog. with lagrange multipliers : eps =   0.10E-07,  max = 500
   verlet algorithm for electron dynamics
   with friction frice =  0.0500 , grease =  1.0000
   Electron dynamics : the temperature is not controlled

   Electronic states
   -----------------
   Local Spin Density calculation
   Number of Electron =    14
   Spins up   =     7, occupations: 
   1.00 1.00 1.00 1.00 1.00 1.00 1.00
   Spins down =     7, occupations: 
   1.00 1.00 1.00 1.00 1.00 1.00 1.00


   Empty states minimization
   --------------------------
      states =        3
     maxiter =      200
        ethr = 0.1000D-04


   Exchange and correlations functionals
   -------------------------------------
   Using Local Density Approximation with
     Exchange functional: SLATER                                                      
     Correlation functional: PERDEW AND ZUNGER                                           
     Exchange-correlation      =  SLA  PZ   NOGX NOGC (1100)


   Ions Simulation Parameters
   --------------------------
   Ions are not allowed to move
   Ionic position (from input)
   sorted by specie, and converted to real a.u. coordinates
   Species   1 atoms =    2 mass =     64621.40 (a.u.),        35.45 (amu) rcmax =   1.00 (a.u.)
        0.000000     0.000000     1.903977
        0.000000     0.000000    -1.903977
   Ionic position will be re-read from restart file


   Cell Dynamics Parameters (from STDIN)
   -------------------------------------
   Starting cell generated from CELLDM
   Cell parameters will be re-read from restart file
   Constant VOLUME Molecular dynamics
   cell parameters are not allowed to move

   Verbosity: iprsta =  1



   Simulation dimensions initialization
   ------------------------------------

   unit vectors of full simulation cell
   in real space:                         in reciprocal space (units 2pi/alat):
   1    20.0000    0.0000    0.0000              1.0000    0.0000    0.0000
   2     0.0000   20.0000    0.0000              0.0000    1.0000    0.0000
   3     0.0000    0.0000   20.0000              0.0000    0.0000    1.0000
 
   Stick Mesh
   ----------
   nst =  3185,  nstw =   799, nsts =  3185
        PEs    n.st   n.stw   n.sts    n.g    n.gw   n.gs
          1    1063     265    1063   63721    7973   63721
          2    1060     266    1060   63720    7974   63720
          3    1060     268    1060   63720    7976   63720
          4    1060     266    1060   63720    7970   63720
          5    1062     266    1062   63722    7970   63722
          6    1064     266    1064   63720    7970   63720
          0    6369    1597    6369  382323   47833  382323
 
 
   Real Mesh
   ---------
   Global Dimensions   Local  Dimensions   Processor Grid
   .X.   .Y.   .Z.     .X.   .Y.   .Z.     .X.   .Y.   .Z.
    96    96    96      96    96    16       1     1     6
   Array leading dimensions ( nr1x, nr2x, nr3x )   =     96    96    96
   Local number of cell to store the grid ( nnrx ) =     147456
   Number of x-y planes for each processors: 
   nr3l =    16   16   16   16   16   16
 
   Smooth Real Mesh
   ----------------
   Global Dimensions   Local  Dimensions   Processor Grid
   .X.   .Y.   .Z.     .X.   .Y.   .Z.     .X.   .Y.   .Z.
    96    96    96      96    96    16       1     1     6
   Array leading dimensions ( nr1x, nr2x, nr3x )   =     96    96    96
   Local number of cell to store the grid ( nnrx ) =     147456
   Number of x-y planes for each processors: 
   nr3sl =    16   16   16   16   16   16
 
   Reciprocal Space Mesh
   ---------------------
                Large Mesh
   PE   Global(ngmt)     Local(ngm) MaxLocal(ngmx)
    1         191162          31861          31861
    2         191162          31860          31861
    3         191162          31860          31861
    4         191162          31860          31861
    5         191162          31861          31861
    6         191162          31860          31861
                Smooth Mesh
   PE   Global(ngst)     Local(ngs) MaxLocal(ngsx)
    1         191162          31861          31861
    2         191162          31860          31861
    3         191162          31860          31861
    4         191162          31860          31861
    5         191162          31861          31861
    6         191162          31860          31861
                Wave function Mesh
   PE   Global(ngwt)     Local(ngw) MaxLocal(ngwx)
    1          23917           3987           3988
    2          23917           3987           3988
    3          23917           3988           3988
    4          23917           3985           3988
    5          23917           3985           3988
    6          23917           3985           3988


   System geometry initialization
   ------------------------------
 
   Scaled positions from standard input
   Cl   0.000000E+00  0.000000E+00  0.951988E-01
   Cl   0.000000E+00  0.000000E+00 -0.951988E-01
   ibrav =    1       cell parameters 

      20.00000       0.00000       0.00000
       0.00000      20.00000       0.00000
       0.00000       0.00000      20.00000
 

   Matrix Multiplication Performances
   ortho mmul, time for parallel driver      =   0.00001 with    4 procs

   Constraints matrixes will be distributed block like on
   ortho sub-group =    2*   2 procs


   Diagonalization Performances
   ortho diag, time for serial   driver =   0.02492
   ortho diag, time for parallel driver =   0.00018 with    4 procs


   Pseudopotentials initialization
   -------------------------------


   Common initialization

   Specie:     1
   1  indv=  1   ang. mom=  0
   2  indv=  2   ang. mom=  1
   3  indv=  2   ang. mom=  1
   4  indv=  2   ang. mom=  1
 
                        dion 
   0.3320   0.0000
   0.0000   0.6374
 
   Short Legend and Physical Units in the Output
   ---------------------------------------------
   NFI    [int]          - step index
   EKINC  [HARTREE A.U.] - kinetic energy of the fictitious electronic dynamics
   TEMPH  [K]            - Temperature of the fictitious cell dynamics
   TEMP   [K]            - Ionic temperature
   ETOT   [HARTREE A.U.] - Scf total energy (Kohn-Sham hamiltonian)
   ENTHAL [HARTREE A.U.] - Enthalpy ( ETOT + P * V )
   ECONS  [HARTREE A.U.] - Enthalpy + kinetic energy of ions and cell
   ECONT  [HARTREE A.U.] - Constant of motion for the CP lagrangian
 
   NK sic with reference occupation =  0.5000

   NK background density factor =  1.0000
   NK scaling factor =  0.8000
   NK cross-derivatives =    F
   NK reference derivatives =    F
   NK on top of PZ =    F
   rhothr =  0.1E-11
   NK memusage =     34.342 MB


   f_cutoff =  0.1000
   do_spinsym   =    T
   EE with periodic-image correction method = tcc                 

   reading restart file: ./SCRATCH/clorine_spin_93.save
   restart file read in    0.075 sec.

 nprint_nfi=           -2
 nprint_nfi=          264

   formf: eself=  39.09634
   formf:     vps(g=0)=  -0.0025842     rhops(g=0)=  -0.0008750
   formf: sum_g vps(g)=  -1.7047711 sum_g rhops(g)=  -0.6289924
   Delta V(G=0):   0.005498Ry,    0.149602eV

   Empty states minimization starting 
   nfi         dekinc         ekinc
    1    0.938641D-01  0.938641D-01
    2   -0.936718D-01  0.192316D-03
    3    0.198179D-03  0.390496D-03
    4    0.236492D-03  0.626988D-03
    5    0.257912D-03  0.884900D-03
    6    0.266038D-03  0.115094D-02
    7    0.263897D-03  0.141483D-02
    8    0.254017D-03  0.166885D-02
    9    0.238503D-03  0.190735D-02
   10    0.219087D-03  0.212644D-02
   11    0.197184D-03  0.232362D-02
   12    0.173932D-03  0.249756D-02
   13    0.150236D-03  0.264779D-02
   14    0.126794D-03  0.277459D-02
   15    0.104139D-03  0.287873D-02
   16    0.826576D-04  0.296138D-02
   17    0.626180D-04  0.302400D-02
   18    0.441908D-04  0.306819D-02
   19    0.274674D-04  0.309566D-02
   20    0.124763D-04  0.310814D-02
   21   -0.802972D-06  0.310733D-02
   22   -0.124281D-04  0.309491D-02
   23   -0.224833D-04  0.307242D-02
   24   -0.310716D-04  0.304135D-02
   25   -0.383073D-04  0.300304D-02
   26   -0.443106D-04  0.295873D-02
   27   -0.492032D-04  0.290953D-02
   28   -0.531045D-04  0.285642D-02
   29   -0.561298D-04  0.280029D-02
   30   -0.583874D-04  0.274191D-02
   31   -0.599786D-04  0.268193D-02
   32   -0.609958D-04  0.262093D-02
   33   -0.615231D-04  0.255941D-02
   34   -0.616360D-04  0.249777D-02
   35   -0.614016D-04  0.243637D-02
   36   -0.608789D-04  0.237549D-02
   37   -0.601197D-04  0.231537D-02
   38   -0.591691D-04  0.225620D-02
   39   -0.580657D-04  0.219814D-02
   40   -0.568429D-04  0.214130D-02
   41   -0.555291D-04  0.208577D-02
   42   -0.541484D-04  0.203162D-02
   43   -0.527213D-04  0.197890D-02
   44   -0.512648D-04  0.192763D-02
   45   -0.497932D-04  0.187784D-02
   46   -0.483185D-04  0.182952D-02
   47   -0.468507D-04  0.178267D-02
   48   -0.453976D-04  0.173727D-02
   49   -0.439659D-04  0.169331D-02
   50   -0.425610D-04  0.165075D-02
   51   -0.411871D-04  0.160956D-02
   52   -0.398473D-04  0.156971D-02
   53   -0.385443D-04  0.153117D-02
   54   -0.372798D-04  0.149389D-02
   55   -0.360549D-04  0.145783D-02
   56   -0.348704D-04  0.142296D-02
   57   -0.337265D-04  0.138924D-02
   58   -0.326232D-04  0.135661D-02
   59   -0.315600D-04  0.132505D-02
   60   -0.305364D-04  0.129452D-02
   61   -0.295515D-04  0.126496D-02
   62   -0.286043D-04  0.123636D-02
   63   -0.276937D-04  0.120867D-02
   64   -0.268185D-04  0.118185D-02
   65   -0.259774D-04  0.115587D-02
   66   -0.251691D-04  0.113070D-02
   67   -0.243922D-04  0.110631D-02
   68   -0.236456D-04  0.108266D-02
   69   -0.229278D-04  0.105974D-02
   70   -0.222376D-04  0.103750D-02
   71   -0.215737D-04  0.101592D-02
   72   -0.209350D-04  0.994989D-03
   73   -0.203204D-04  0.974669D-03
   74   -0.197287D-04  0.954940D-03
   75   -0.191589D-04  0.935781D-03
   76   -0.186101D-04  0.917171D-03
   77   -0.180813D-04  0.899090D-03
   78   -0.175716D-04  0.881518D-03
   79   -0.170803D-04  0.864438D-03
   80   -0.166065D-04  0.847831D-03
   81   -0.161496D-04  0.831682D-03
   82   -0.157087D-04  0.815973D-03
   83   -0.152833D-04  0.800690D-03
   84   -0.148727D-04  0.785817D-03
   85   -0.144763D-04  0.771341D-03
   86   -0.140936D-04  0.757247D-03
   87   -0.137239D-04  0.743523D-03
   88   -0.133668D-04  0.730156D-03
   89   -0.130217D-04  0.717135D-03
   90   -0.126883D-04  0.704446D-03
   91   -0.123659D-04  0.692081D-03
   92   -0.120542D-04  0.680026D-03
   93   -0.117527D-04  0.668274D-03
   94   -0.114611D-04  0.656813D-03
   95   -0.111789D-04  0.645634D-03
   96   -0.109058D-04  0.634728D-03
   97   -0.106414D-04  0.624086D-03
   98   -0.103853D-04  0.613701D-03
   99   -0.101373D-04  0.603564D-03
  100   -0.989696D-05  0.593667D-03
  101   -0.966407D-05  0.584003D-03
  102   -0.943832D-05  0.574564D-03
  103   -0.921942D-05  0.565345D-03
  104   -0.900712D-05  0.556338D-03
  105   -0.880118D-05  0.547537D-03
  106   -0.860136D-05  0.538935D-03
  107   -0.840743D-05  0.530528D-03
  108   -0.821919D-05  0.522309D-03
  109   -0.803641D-05  0.514272D-03
  110   -0.785892D-05  0.506413D-03
  111   -0.768652D-05  0.498727D-03
  112   -0.751904D-05  0.491208D-03
  113   -0.735630D-05  0.483852D-03
  114   -0.719814D-05  0.476653D-03
  115   -0.704441D-05  0.469609D-03
  116   -0.689495D-05  0.462714D-03
  117   -0.674962D-05  0.455964D-03
  118   -0.660828D-05  0.449356D-03
  119   -0.647081D-05  0.442885D-03
  120   -0.633707D-05  0.436548D-03
  121   -0.620693D-05  0.430341D-03
  122   -0.608029D-05  0.424261D-03
  123   -0.595702D-05  0.418304D-03
  124   -0.583703D-05  0.412467D-03
  125   -0.572019D-05  0.406747D-03
  126   -0.560642D-05  0.401140D-03
  127   -0.549561D-05  0.395645D-03
  128   -0.538767D-05  0.390257D-03
  129   -0.528250D-05  0.384975D-03
  130   -0.518002D-05  0.379795D-03
  131   -0.508015D-05  0.374714D-03
  132   -0.498280D-05  0.369732D-03
  133   -0.488790D-05  0.364844D-03
  134   -0.479537D-05  0.360048D-03
  135   -0.470513D-05  0.355343D-03
  136   -0.461713D-05  0.350726D-03
  137   -0.453127D-05  0.346195D-03
  138   -0.444752D-05  0.341747D-03
  139   -0.436579D-05  0.337382D-03
  140   -0.428603D-05  0.333096D-03
  141   -0.420819D-05  0.328887D-03
  142   -0.413220D-05  0.324755D-03
  143   -0.405800D-05  0.320697D-03
  144   -0.398556D-05  0.316712D-03
  145   -0.391481D-05  0.312797D-03
  146   -0.384571D-05  0.308951D-03
  147   -0.377821D-05  0.305173D-03
  148   -0.371226D-05  0.301461D-03
  149   -0.364782D-05  0.297813D-03
  150   -0.358485D-05  0.294228D-03
  151   -0.352331D-05  0.290705D-03
  152   -0.346315D-05  0.287241D-03
  153   -0.340434D-05  0.283837D-03
  154   -0.334684D-05  0.280490D-03
  155   -0.329061D-05  0.277200D-03
  156   -0.323562D-05  0.273964D-03
  157   -0.318183D-05  0.270782D-03
  158   -0.312922D-05  0.267653D-03
  159   -0.307775D-05  0.264575D-03
  160   -0.302738D-05  0.261548D-03
  161   -0.297810D-05  0.258570D-03
  162   -0.292987D-05  0.255640D-03
  163   -0.288267D-05  0.252757D-03
  164   -0.283646D-05  0.249921D-03
  165   -0.279122D-05  0.247130D-03
  166   -0.274693D-05  0.244383D-03
  167   -0.270356D-05  0.241679D-03
  168   -0.266109D-05  0.239018D-03
  169   -0.261949D-05  0.236398D-03
  170   -0.257875D-05  0.233820D-03
  171   -0.253883D-05  0.231281D-03
  172   -0.249973D-05  0.228781D-03
  173   -0.246141D-05  0.226320D-03
  174   -0.242387D-05  0.223896D-03
  175   -0.238707D-05  0.221509D-03
  176   -0.235101D-05  0.219158D-03
  177   -0.231566D-05  0.216842D-03
  178   -0.228101D-05  0.214561D-03
  179   -0.224703D-05  0.212314D-03
  180   -0.221372D-05  0.210100D-03
  181   -0.218106D-05  0.207919D-03
  182   -0.214902D-05  0.205770D-03
  183   -0.211760D-05  0.203653D-03
  184   -0.208679D-05  0.201566D-03
  185   -0.205656D-05  0.199509D-03
  186   -0.202690D-05  0.197482D-03
  187   -0.199780D-05  0.195485D-03
  188   -0.196925D-05  0.193515D-03
  189   -0.194124D-05  0.191574D-03
  190   -0.191374D-05  0.189660D-03
  191   -0.188675D-05  0.187774D-03
  192   -0.186026D-05  0.185913D-03
  193   -0.183426D-05  0.184079D-03
  194   -0.180873D-05  0.182270D-03
  195   -0.178366D-05  0.180487D-03
  196   -0.175905D-05  0.178728D-03
  197   -0.173488D-05  0.176993D-03
  198   -0.171114D-05  0.175282D-03
  199   -0.168783D-05  0.173594D-03
  200   -0.166493D-05  0.171929D-03

 
  nfi    ekinc  temph  tempp        etot      enthal       econs       econt    vnhh   xnhh0    vnhp   xnhp0
  265 0.21E-03    0.0    0.0   -30.00625   -30.00625   -30.00625   -30.00604  0.0000  0.0000  0.0000  0.0000    -0.00001

 * Physical Quantities at step:   266

   Empty states minimization starting 
   nfi         dekinc         ekinc
    1    0.435350D-05  0.435350D-05
    2    0.751194D-06  0.510469D-05
    3    0.532274D-05  0.104274D-04
    4    0.642569D-05  0.168531D-04
    5    0.711987D-05  0.239730D-04
    6    0.749727D-05  0.314703D-04
    7    0.763190D-05  0.391022D-04
    8    0.758310D-05  0.466853D-04
    9    0.739824D-05  0.540835D-04
   10    0.711502D-05  0.611985D-04
   11    0.676321D-05  0.679617D-04
   12    0.636622D-05  0.743279D-04
   13    0.594229D-05  0.802702D-04
   14    0.550551D-05  0.857758D-04
   15    0.506661D-05  0.908424D-04
   16    0.463364D-05  0.954760D-04
   17    0.421253D-05  0.996885D-04
   18    0.380751D-05  0.103496D-03
   19    0.342147D-05  0.106918D-03
   20    0.305625D-05  0.109974D-03
   21    0.271289D-05  0.112687D-03
   22    0.239178D-05  0.115078D-03
   23    0.209286D-05  0.117171D-03
   24    0.181570D-05  0.118987D-03
   25    0.155964D-05  0.120547D-03
   26    0.132380D-05  0.121870D-03
   27    0.110720D-05  0.122978D-03
   28    0.908797D-06  0.123886D-03
   29    0.727492D-06  0.124614D-03
   30    0.562179D-06  0.125176D-03
   31    0.411769D-06  0.125588D-03
   32    0.275193D-06  0.125863D-03
   33    0.151424D-06  0.126014D-03
   34    0.394780D-07  0.126054D-03
   35   -0.615797D-07  0.125992D-03
   36   -0.152630D-06  0.125840D-03
   37   -0.234501D-06  0.125605D-03
   38   -0.307965D-06  0.125297D-03
   39   -0.373742D-06  0.124924D-03
   40   -0.432499D-06  0.124491D-03
   41   -0.484854D-06  0.124006D-03
   42   -0.531378D-06  0.123475D-03
   43   -0.572597D-06  0.122902D-03
   44   -0.608994D-06  0.122293D-03
   45   -0.641011D-06  0.121652D-03
   46   -0.669056D-06  0.120983D-03
   47   -0.693501D-06  0.120290D-03
   48   -0.714685D-06  0.119575D-03
   49   -0.732921D-06  0.118842D-03
   50   -0.748488D-06  0.118094D-03
   51   -0.761647D-06  0.117332D-03
   52   -0.772633D-06  0.116559D-03
   53   -0.781659D-06  0.115778D-03
   54   -0.788920D-06  0.114989D-03
   55   -0.794593D-06  0.114194D-03
   56   -0.798837D-06  0.113395D-03
   57   -0.801799D-06  0.112593D-03
   58   -0.803611D-06  0.111790D-03
   59   -0.804391D-06  0.110985D-03
   60   -0.804250D-06  0.110181D-03
   61   -0.803285D-06  0.109378D-03
   62   -0.801585D-06  0.108576D-03
   63   -0.799230D-06  0.107777D-03
   64   -0.796293D-06  0.106981D-03
   65   -0.792841D-06  0.106188D-03
   66   -0.788931D-06  0.105399D-03
   67   -0.784619D-06  0.104614D-03
   68   -0.779953D-06  0.103834D-03
   69   -0.774976D-06  0.103059D-03
   70   -0.769728D-06  0.102290D-03
   71   -0.764243D-06  0.101526D-03
   72   -0.758556D-06  0.100767D-03
   73   -0.752692D-06  0.100014D-03
   74   -0.746681D-06  0.992676D-04
   75   -0.740545D-06  0.985271D-04
   76   -0.734304D-06  0.977928D-04
   77   -0.727977D-06  0.970648D-04
   78   -0.721582D-06  0.963432D-04
   79   -0.715134D-06  0.956281D-04
   80   -0.708645D-06  0.949194D-04
   81   -0.702130D-06  0.942173D-04
   82   -0.695597D-06  0.935217D-04
   83   -0.689057D-06  0.928326D-04
   84   -0.682519D-06  0.921501D-04
   85   -0.675989D-06  0.914741D-04
   86   -0.669478D-06  0.908046D-04
   87   -0.662988D-06  0.901417D-04
   88   -0.656526D-06  0.894851D-04
   89   -0.650096D-06  0.888350D-04
   90   -0.643703D-06  0.881913D-04
   91   -0.637350D-06  0.875540D-04
   92   -0.631040D-06  0.869229D-04
   93   -0.624777D-06  0.862982D-04
   94   -0.618563D-06  0.856796D-04
   95   -0.612398D-06  0.850672D-04
   96   -0.606287D-06  0.844609D-04
   97   -0.600230D-06  0.838607D-04
   98   -0.594229D-06  0.832665D-04
   99   -0.588283D-06  0.826782D-04
  100   -0.582396D-06  0.820958D-04
  101   -0.576564D-06  0.815192D-04
  102   -0.570792D-06  0.809484D-04
  103   -0.565080D-06  0.803833D-04
  104   -0.559426D-06  0.798239D-04
  105   -0.553832D-06  0.792701D-04
  106   -0.548296D-06  0.787218D-04
  107   -0.542819D-06  0.781790D-04
  108   -0.537402D-06  0.776416D-04
  109   -0.532043D-06  0.771095D-04
  110   -0.526743D-06  0.765828D-04
  111   -0.521502D-06  0.760613D-04
  112   -0.516318D-06  0.755450D-04
  113   -0.511192D-06  0.750338D-04
  114   -0.506123D-06  0.745276D-04
  115   -0.501111D-06  0.740265D-04
  116   -0.496154D-06  0.735304D-04
  117   -0.491253D-06  0.730391D-04
  118   -0.486407D-06  0.725527D-04
  119   -0.481617D-06  0.720711D-04
  120   -0.476879D-06  0.715942D-04
  121   -0.472195D-06  0.711220D-04
  122   -0.467565D-06  0.706545D-04
  123   -0.462985D-06  0.701915D-04
  124   -0.458458D-06  0.697330D-04
  125   -0.453981D-06  0.692790D-04
  126   -0.449555D-06  0.688295D-04
  127   -0.445179D-06  0.683843D-04
  128   -0.440852D-06  0.679435D-04
  129   -0.436573D-06  0.675069D-04
  130   -0.432342D-06  0.670745D-04
  131   -0.428159D-06  0.666464D-04
  132   -0.424022D-06  0.662224D-04
  133   -0.419931D-06  0.658024D-04
  134   -0.415885D-06  0.653865D-04
  135   -0.411885D-06  0.649747D-04
  136   -0.407929D-06  0.645667D-04
  137   -0.404017D-06  0.641627D-04
  138   -0.400148D-06  0.637626D-04
  139   -0.396322D-06  0.633662D-04
  140   -0.392537D-06  0.629737D-04
  141   -0.388795D-06  0.625849D-04
  142   -0.385093D-06  0.621998D-04
  143   -0.381432D-06  0.618184D-04
  144   -0.377810D-06  0.614406D-04
  145   -0.374229D-06  0.610663D-04
  146   -0.370686D-06  0.606957D-04
  147   -0.367181D-06  0.603285D-04
  148   -0.363714D-06  0.599648D-04
  149   -0.360284D-06  0.596045D-04
  150   -0.356892D-06  0.592476D-04
  151   -0.353536D-06  0.588941D-04
  152   -0.350215D-06  0.585438D-04
  153   -0.346931D-06  0.581969D-04
  154   -0.343681D-06  0.578532D-04
  155   -0.340466D-06  0.575128D-04
  156   -0.337285D-06  0.571755D-04
  157   -0.334138D-06  0.568413D-04
  158   -0.331024D-06  0.565103D-04
  159   -0.327942D-06  0.561824D-04
  160   -0.324893D-06  0.558575D-04
  161   -0.321876D-06  0.555356D-04
  162   -0.318891D-06  0.552167D-04
  163   -0.315937D-06  0.549008D-04
  164   -0.313013D-06  0.545878D-04
  165   -0.310121D-06  0.542776D-04
  166   -0.307258D-06  0.539704D-04
  167   -0.304425D-06  0.536660D-04
  168   -0.301620D-06  0.533643D-04
  169   -0.298845D-06  0.530655D-04
  170   -0.296098D-06  0.527694D-04
  171   -0.293380D-06  0.524760D-04
  172   -0.290689D-06  0.521853D-04
  173   -0.288026D-06  0.518973D-04
  174   -0.285390D-06  0.516119D-04
  175   -0.282781D-06  0.513291D-04
  176   -0.280198D-06  0.510489D-04
  177   -0.277642D-06  0.507713D-04
  178   -0.275111D-06  0.504962D-04
  179   -0.272606D-06  0.502236D-04
  180   -0.270127D-06  0.499534D-04
  181   -0.267671D-06  0.496858D-04
  182   -0.265242D-06  0.494205D-04
  183   -0.262835D-06  0.491577D-04
  184   -0.260453D-06  0.488972D-04
  185   -0.258095D-06  0.486391D-04
  186   -0.255760D-06  0.483834D-04
  187   -0.253449D-06  0.481299D-04
  188   -0.251160D-06  0.478788D-04
  189   -0.248894D-06  0.476299D-04
  190   -0.246650D-06  0.473832D-04
  191   -0.244429D-06  0.471388D-04
  192   -0.242229D-06  0.468966D-04
  193   -0.240052D-06  0.466565D-04
  194   -0.237895D-06  0.464186D-04
  195   -0.235759D-06  0.461829D-04
  196   -0.233644D-06  0.459492D-04
  197   -0.231550D-06  0.457177D-04
  198   -0.229477D-06  0.454882D-04
  199   -0.227423D-06  0.452608D-04
  200   -0.225390D-06  0.450354D-04



                total energy =      -30.00625 Hartree a.u.
              kinetic energy =       11.50966 Hartree a.u.
        electrostatic energy =      -34.67759 Hartree a.u.
                         esr =        0.00180 Hartree a.u.
                       eself =       39.09634 Hartree a.u.
      pseudopotential energy =       -8.21099 Hartree a.u.
  n-l pseudopotential energy =        7.18141 Hartree a.u.
 exchange-correlation energy =       -5.76072 Hartree a.u.
           average potential =        0.00000 Hartree a.u.



   Eigenvalues (eV), kp =   1 , spin =  1

  -29.06  -24.87  -16.26  -14.60  -14.60  -12.02  -12.01

   Empty States Eigenvalues (eV), kp =   1 , spin =  1

   -0.16    0.15    1.27

   Electronic Gap (eV) =    11.85


   Eigenvalues (eV), kp =   1 , spin =  2

  -29.06  -24.87  -16.26  -14.60  -14.60  -12.02  -12.01

   Empty States Eigenvalues (eV), kp =   1 , spin =  2

   -0.16    0.15    1.27

   Electronic Gap (eV) =    11.85

 
   Allocated memory (kb) =     90188
 
   CELL_PARAMETERS
   20.00000000    0.00000000    0.00000000
    0.00000000   20.00000000    0.00000000
    0.00000000    0.00000000   20.00000000

   System Density [g/cm^3] :     0.0993


   Center of mass square displacement (a.u.):   0.000000

   ATOMIC_POSITIONS
   Cl   0.000000E+00  0.000000E+00  0.190398E+01
   Cl   0.000000E+00  0.000000E+00 -0.190398E+01
 
   ATOMIC_VELOCITIES
   Cl   0.000000E+00  0.000000E+00  0.000000E+00
   Cl   0.000000E+00  0.000000E+00  0.000000E+00
 


   Partial temperatures (for each ionic specie) 
   Species  Temp (K)   Mean Square Displacement (a.u.)
        1       0.00     0.0000
  266 0.17E-03    0.0    0.0   -30.00625   -30.00625   -30.00625   -30.00608  0.0000  0.0000  0.0000  0.0000    -0.00001

   writing restart file: ./SCRATCH/clorine_spin_193.save
   restart file written in    0.304 sec.



   Averaged Physical Quantities
                      accomulated      this run
   ekinc         :        1.10573       0.00019 (AU)
   ekin          :       12.32988      11.50967 (AU)
   epot          :      -47.68104     -48.64931 (AU)
   total energy  :      -28.44047     -30.00625 (AU)
   temperature   :        0.00000       0.00000 (K )
   enthalpy      :      -28.44047     -30.00625 (AU)
   econs         :      -28.44047     -30.00625 (AU)
   pressure      :        0.00000       0.00000 (Gpa)
   volume        :     8000.00000    8000.00000 (AU)


     initialize   :     1.12s CPU
     total_time   :   503.69s CPU (       2 calls, 251.844 s avg)
     formf        :     0.05s CPU
     rhoofr       :     0.22s CPU (       2 calls,   0.112 s avg)
     vofrho       :     0.42s CPU (       2 calls,   0.208 s avg)
     dforce       :    23.79s CPU (    1214 calls,   0.020 s avg)
     calphi       :     0.13s CPU (     402 calls,   0.000 s avg)
     ortho        :     0.16s CPU (     402 calls,   0.000 s avg)
     ortho_iter   :     0.01s CPU (     804 calls,   0.000 s avg)
     rsg          :     0.01s CPU (     804 calls,   0.000 s avg)
     rhoset       :     0.07s CPU (     804 calls,   0.000 s avg)
     updatc       :     0.14s CPU (     804 calls,   0.000 s avg)
     newd         :     0.00s CPU (       2 calls,   0.000 s avg)
     calbec       :     0.01s CPU (       3 calls,   0.003 s avg)
     prefor       :     0.00s CPU (       5 calls,   0.001 s avg)
     strucf       :     0.00s CPU
     nlsm1        :     0.27s CPU (    1213 calls,   0.000 s avg)
     fft          :   147.22s CPU (    8516 calls,   0.017 s avg)
     ffts         :     0.06s CPU (       4 calls,   0.015 s avg)
     fftw         :    20.21s CPU (    2442 calls,   0.008 s avg)
     cft3s        :   167.47s CPU (   10962 calls,   0.015 s avg)
     fft_scatter  :    40.90s CPU (   10962 calls,   0.004 s avg)
     nksic_drv    :   428.67s CPU (     402 calls,   1.066 s avg)
     nksic_orbrho :    26.26s CPU (    1214 calls,   0.022 s avg)
     nksic_rhoref :    15.01s CPU (    2428 calls,   0.006 s avg)
     nksic_eforce :    47.03s CPU (    1214 calls,   0.039 s avg)
     nksic_corr   :   371.68s CPU (    2428 calls,   0.153 s avg)
     nksic_corr_h :   110.66s CPU (    2428 calls,   0.046 s avg)
     nksic_corr_v :   249.73s CPU (    2428 calls,   0.103 s avg)
     nksic_corr_f :     3.64s CPU (    2428 calls,   0.001 s avg)
 
 
     CP           :  8m25.07s CPU time,     8m26.64s wall time

 
   This run was terminated on:  10:27:57  15Dec2010            

=------------------------------------------------------------------------------=
   JOB DONE.
=------------------------------------------------------------------------------=
