=------------------------------------------------------------------------------=

     CP: variable-cell Car-Parrinello molecular dynamics
     using norm-conserving and ultrasoft Vanderbilt pseudopotentials

     Version: 4.1 - Mon Dec 13 15:39:43 EST 2010                          
     Authors: Alfredo Pasquarello, Kari Laasonen, Andrea Trave, Roberto Car,
       Paolo Giannozzi, Nicola Marzari, Carlo Cavazzoni, Guido Chiarotti,
       Sandro Scandolo, Paolo Focher, Gerardo Ballabio, and others

=------------------------------------------------------------------------------=

   This run was started on:  10:44:53  15Dec2010               

   MPI Parallel Build
   Tasks =    6  This task id =    0

   Job Title: MD Simulation


   Atomic Pseudopotentials Parameters
   ----------------------------------

   Reading pseudopotential for specie #  1 from file :
   ../../pseudo/Cl.pz-bhs.UPF
   file type is 20: UPF


   Main Simulation Parameters (from input)
   ---------------------------------------
   Restart Mode       =       1   restart        
   Number of MD Steps =       3
   Print out every            1 MD Steps
   Reads from unit    =      95
   Writes to unit     =     195
   MD Simulation time step            =       3.00
   Electronic fictitious mass (emass) =    1000.00
   emass cut-off                      =       3.00

   Simulation Cell Parameters (from input)
   external pressure       =            0.00 [GPa]
   wmass (calculated)      =         9821.27 [AU]
   ibrav =    1
   alat  =    20.00000000
   a1    =    20.00000000    0.00000000    0.00000000
   a2    =     0.00000000   20.00000000    0.00000000
   a3    =     0.00000000    0.00000000   20.00000000
 
   b1    =     0.05000000    0.00000000    0.00000000
   b2    =     0.00000000    0.05000000    0.00000000
   b3    =     0.00000000    0.00000000    0.05000000
   omega =  8000.00000000

   Energy Cut-offs
   ---------------
   Ecutwfc =   50.0 Ry,      Ecutrho =  200.0 Ry,      Ecuts =  200.0 Ry
   Gcutwfc =   22.5     ,    Gcutrho =   45.0          Gcuts =   45.0
   NOTA BENE: refg, mmx =   0.050000  8000
   Eigenvalues calculated without the kinetic term contribution
   Orthog. with lagrange multipliers : eps =   0.10E-07,  max = 500
   verlet algorithm for electron dynamics
   with friction frice =  0.0500 , grease =  1.0000
   Electron dynamics : the temperature is not controlled

   Electronic states
   -----------------
   Local Spin Density calculation
   Number of Electron =    14
   Spins up   =     7, occupations: 
   1.00 1.00 1.00 1.00 1.00 1.00 1.00
   Spins down =     7, occupations: 
   1.00 1.00 1.00 1.00 1.00 1.00 1.00


   Empty states minimization
   --------------------------
      states =        3
     maxiter =      150
        ethr = 0.1000D-04


   Exchange and correlations functionals
   -------------------------------------
   Using Local Density Approximation with
     Exchange functional: SLATER                                                      
     Correlation functional: PERDEW AND ZUNGER                                           
     Exchange-correlation      =  SLA  PZ   NOGX NOGC (1100)


   Ions Simulation Parameters
   --------------------------
   Ions are not allowed to move
   Ionic position (from input)
   sorted by specie, and converted to real a.u. coordinates
   Species   1 atoms =    2 mass =     64621.40 (a.u.),        35.45 (amu) rcmax =   1.00 (a.u.)
        0.000000     0.000000     1.903977
        0.000000     0.000000    -1.903977
   Ionic position will be re-read from restart file


   Cell Dynamics Parameters (from STDIN)
   -------------------------------------
   Starting cell generated from CELLDM
   Cell parameters will be re-read from restart file
   Constant VOLUME Molecular dynamics
   cell parameters are not allowed to move

   Verbosity: iprsta =  1



   Simulation dimensions initialization
   ------------------------------------

   unit vectors of full simulation cell
   in real space:                         in reciprocal space (units 2pi/alat):
   1    20.0000    0.0000    0.0000              1.0000    0.0000    0.0000
   2     0.0000   20.0000    0.0000              0.0000    1.0000    0.0000
   3     0.0000    0.0000   20.0000              0.0000    0.0000    1.0000
 
   Stick Mesh
   ----------
   nst =  3185,  nstw =   799, nsts =  3185
        PEs    n.st   n.stw   n.sts    n.g    n.gw   n.gs
          1    1063     265    1063   63721    7973   63721
          2    1060     266    1060   63720    7974   63720
          3    1060     268    1060   63720    7976   63720
          4    1060     266    1060   63720    7970   63720
          5    1062     266    1062   63722    7970   63722
          6    1064     266    1064   63720    7970   63720
          0    6369    1597    6369  382323   47833  382323
 
 
   Real Mesh
   ---------
   Global Dimensions   Local  Dimensions   Processor Grid
   .X.   .Y.   .Z.     .X.   .Y.   .Z.     .X.   .Y.   .Z.
    96    96    96      96    96    16       1     1     6
   Array leading dimensions ( nr1x, nr2x, nr3x )   =     96    96    96
   Local number of cell to store the grid ( nnrx ) =     147456
   Number of x-y planes for each processors: 
   nr3l =    16   16   16   16   16   16
 
   Smooth Real Mesh
   ----------------
   Global Dimensions   Local  Dimensions   Processor Grid
   .X.   .Y.   .Z.     .X.   .Y.   .Z.     .X.   .Y.   .Z.
    96    96    96      96    96    16       1     1     6
   Array leading dimensions ( nr1x, nr2x, nr3x )   =     96    96    96
   Local number of cell to store the grid ( nnrx ) =     147456
   Number of x-y planes for each processors: 
   nr3sl =    16   16   16   16   16   16
 
   Reciprocal Space Mesh
   ---------------------
                Large Mesh
   PE   Global(ngmt)     Local(ngm) MaxLocal(ngmx)
    1         191162          31861          31861
    2         191162          31860          31861
    3         191162          31860          31861
    4         191162          31860          31861
    5         191162          31861          31861
    6         191162          31860          31861
                Smooth Mesh
   PE   Global(ngst)     Local(ngs) MaxLocal(ngsx)
    1         191162          31861          31861
    2         191162          31860          31861
    3         191162          31860          31861
    4         191162          31860          31861
    5         191162          31861          31861
    6         191162          31860          31861
                Wave function Mesh
   PE   Global(ngwt)     Local(ngw) MaxLocal(ngwx)
    1          23917           3987           3988
    2          23917           3987           3988
    3          23917           3988           3988
    4          23917           3985           3988
    5          23917           3985           3988
    6          23917           3985           3988


   System geometry initialization
   ------------------------------
 
   Scaled positions from standard input
   Cl   0.000000E+00  0.000000E+00  0.951988E-01
   Cl   0.000000E+00  0.000000E+00 -0.951988E-01
   ibrav =    1       cell parameters 

      20.00000       0.00000       0.00000
       0.00000      20.00000       0.00000
       0.00000       0.00000      20.00000
 

   Matrix Multiplication Performances
   ortho mmul, time for parallel driver      =   0.00001 with    4 procs

   Constraints matrixes will be distributed block like on
   ortho sub-group =    2*   2 procs


   Diagonalization Performances
   ortho diag, time for serial   driver =   0.04153
   ortho diag, time for parallel driver =   0.00019 with    4 procs


   Pseudopotentials initialization
   -------------------------------


   Common initialization

   Specie:     1
   1  indv=  1   ang. mom=  0
   2  indv=  2   ang. mom=  1
   3  indv=  2   ang. mom=  1
   4  indv=  2   ang. mom=  1
 
                        dion 
   0.3320   0.0000
   0.0000   0.6374
 
   Short Legend and Physical Units in the Output
   ---------------------------------------------
   NFI    [int]          - step index
   EKINC  [HARTREE A.U.] - kinetic energy of the fictitious electronic dynamics
   TEMPH  [K]            - Temperature of the fictitious cell dynamics
   TEMP   [K]            - Ionic temperature
   ETOT   [HARTREE A.U.] - Scf total energy (Kohn-Sham hamiltonian)
   ENTHAL [HARTREE A.U.] - Enthalpy ( ETOT + P * V )
   ECONS  [HARTREE A.U.] - Enthalpy + kinetic energy of ions and cell
   ECONT  [HARTREE A.U.] - Constant of motion for the CP lagrangian
 
   PZ sic =    T

   rhothr =  0.1E-11
   NK memusage =     28.444 MB


   f_cutoff =  0.1000
   do_spinsym   =    T
   EE with periodic-image correction method = tcc                 

   reading restart file: ./SCRATCH/clorine_spin_95.save
   restart file read in    0.044 sec.

 nprint_nfi=           -2
 nprint_nfi=          404

   formf: eself=  39.09634
   formf:     vps(g=0)=  -0.0025842     rhops(g=0)=  -0.0008750
   formf: sum_g vps(g)=  -1.7047711 sum_g rhops(g)=  -0.6289924
   Delta V(G=0):   0.005498Ry,    0.149602eV

   Empty states minimization starting 
   nfi         dekinc         ekinc
    1    0.162601D-01  0.162601D-01
    2   -0.159900D-01  0.270138D-03
    3    0.280326D-03  0.550463D-03
    4    0.336061D-03  0.886525D-03
    5    0.368609D-03  0.125513D-02
    6    0.383007D-03  0.163814D-02
    7    0.383380D-03  0.202152D-02
    8    0.373127D-03  0.239465D-02
    9    0.355036D-03  0.274968D-02
   10    0.331380D-03  0.308106D-02
   11    0.303993D-03  0.338506D-02
   12    0.274346D-03  0.365940D-02
   13    0.243601D-03  0.390300D-02
   14    0.212663D-03  0.411567D-02
   15    0.182227D-03  0.429789D-02
   16    0.152810D-03  0.445070D-02
   17    0.124785D-03  0.457549D-02
   18    0.984083D-04  0.467390D-02
   19    0.738408D-04  0.474774D-02
   20    0.511695D-04  0.479891D-02
   21    0.304224D-04  0.482933D-02
   22    0.115827D-04  0.484091D-02
   23   -0.540018D-05  0.483551D-02
   24   -0.206010D-04  0.481491D-02
   25   -0.341112D-04  0.478080D-02
   26   -0.460328D-04  0.473477D-02
   27   -0.564736D-04  0.467829D-02
   28   -0.655435D-04  0.461275D-02
   29   -0.733514D-04  0.453940D-02
   30   -0.800036D-04  0.445940D-02
   31   -0.856019D-04  0.437379D-02
   32   -0.902428D-04  0.428355D-02
   33   -0.940169D-04  0.418953D-02
   34   -0.970089D-04  0.409253D-02
   35   -0.992971D-04  0.399323D-02
   36   -0.100954D-03  0.389227D-02
   37   -0.102046D-03  0.379023D-02
   38   -0.102633D-03  0.368760D-02
   39   -0.102773D-03  0.358482D-02
   40   -0.102516D-03  0.348231D-02
   41   -0.101909D-03  0.338040D-02
   42   -0.100995D-03  0.327940D-02
   43   -0.998127D-04  0.317959D-02
   44   -0.983978D-04  0.308119D-02
   45   -0.967828D-04  0.298441D-02
   46   -0.949976D-04  0.288941D-02
   47   -0.930692D-04  0.279634D-02
   48   -0.910222D-04  0.270532D-02
   49   -0.888789D-04  0.261644D-02
   50   -0.866595D-04  0.252978D-02
   51   -0.843824D-04  0.244540D-02
   52   -0.820638D-04  0.236333D-02
   53   -0.797186D-04  0.228362D-02
   54   -0.773597D-04  0.220626D-02
   55   -0.749989D-04  0.213126D-02
   56   -0.726463D-04  0.205861D-02
   57   -0.703108D-04  0.198830D-02
   58   -0.680002D-04  0.192030D-02
   59   -0.657212D-04  0.185458D-02
   60   -0.634794D-04  0.179110D-02
   61   -0.612796D-04  0.172982D-02
   62   -0.591257D-04  0.167069D-02
   63   -0.570210D-04  0.161367D-02
   64   -0.549679D-04  0.155871D-02
   65   -0.529683D-04  0.150574D-02
   66   -0.510238D-04  0.145471D-02
   67   -0.491354D-04  0.140558D-02
   68   -0.473035D-04  0.135827D-02
   69   -0.455284D-04  0.131275D-02
   70   -0.438101D-04  0.126894D-02
   71   -0.421482D-04  0.122679D-02
   72   -0.405422D-04  0.118625D-02
   73   -0.389914D-04  0.114725D-02
   74   -0.374950D-04  0.110976D-02
   75   -0.360519D-04  0.107371D-02
   76   -0.346611D-04  0.103905D-02
   77   -0.333213D-04  0.100572D-02
   78   -0.320314D-04  0.973693D-03
   79   -0.307901D-04  0.942903D-03
   80   -0.295961D-04  0.913307D-03
   81   -0.284480D-04  0.884859D-03
   82   -0.273444D-04  0.857515D-03
   83   -0.262840D-04  0.831231D-03
   84   -0.252654D-04  0.805965D-03
   85   -0.242872D-04  0.781678D-03
   86   -0.233482D-04  0.758330D-03
   87   -0.224468D-04  0.735883D-03
   88   -0.215818D-04  0.714301D-03
   89   -0.207519D-04  0.693549D-03
   90   -0.199558D-04  0.673594D-03
   91   -0.191923D-04  0.654401D-03
   92   -0.184600D-04  0.635941D-03
   93   -0.177579D-04  0.618183D-03
   94   -0.170847D-04  0.601099D-03
   95   -0.164393D-04  0.584659D-03
   96   -0.158206D-04  0.568839D-03
   97   -0.152275D-04  0.553611D-03
   98   -0.146590D-04  0.538952D-03
   99   -0.141141D-04  0.524838D-03
  100   -0.135918D-04  0.511246D-03
  101   -0.130913D-04  0.498155D-03
  102   -0.126115D-04  0.485544D-03
  103   -0.121516D-04  0.473392D-03
  104   -0.117108D-04  0.461681D-03
  105   -0.112883D-04  0.450393D-03
  106   -0.108834D-04  0.439510D-03
  107   -0.104952D-04  0.429014D-03
  108   -0.101230D-04  0.418891D-03
  109   -0.976632D-05  0.409125D-03
  110   -0.942432D-05  0.399701D-03
  111   -0.909643D-05  0.390604D-03
  112   -0.878205D-05  0.381822D-03
  113   -0.848060D-05  0.373342D-03
  114   -0.819152D-05  0.365150D-03
  115   -0.791429D-05  0.357236D-03
  116   -0.764839D-05  0.349588D-03
  117   -0.739335D-05  0.342194D-03
  118   -0.714869D-05  0.335045D-03
  119   -0.691398D-05  0.328132D-03
  120   -0.668878D-05  0.321443D-03
  121   -0.647268D-05  0.314970D-03
  122   -0.626529D-05  0.308705D-03
  123   -0.606624D-05  0.302639D-03
  124   -0.587517D-05  0.296763D-03
  125   -0.569174D-05  0.291072D-03
  126   -0.551561D-05  0.285556D-03
  127   -0.534647D-05  0.280210D-03
  128   -0.518403D-05  0.275025D-03
  129   -0.502799D-05  0.269997D-03
  130   -0.487808D-05  0.265119D-03
  131   -0.473404D-05  0.260385D-03
  132   -0.459561D-05  0.255790D-03
  133   -0.446255D-05  0.251327D-03
  134   -0.433464D-05  0.246993D-03
  135   -0.421166D-05  0.242781D-03
  136   -0.409339D-05  0.238688D-03
  137   -0.397963D-05  0.234708D-03
  138   -0.387019D-05  0.230838D-03
  139   -0.376489D-05  0.227073D-03
  140   -0.366356D-05  0.223409D-03
  141   -0.356601D-05  0.219843D-03
  142   -0.347210D-05  0.216371D-03
  143   -0.338168D-05  0.212989D-03
  144   -0.329458D-05  0.209695D-03
  145   -0.321068D-05  0.206484D-03
  146   -0.312983D-05  0.203354D-03
  147   -0.305192D-05  0.200302D-03
  148   -0.297681D-05  0.197326D-03
  149   -0.290439D-05  0.194421D-03
  150   -0.283455D-05  0.191587D-03

 
  nfi    ekinc  temph  tempp        etot      enthal       econs       econt    vnhh   xnhh0    vnhp   xnhp0
  405 0.19E-03    0.0    0.0   -30.19052   -30.19052   -30.19052   -30.19033  0.0000  0.0000  0.0000  0.0000     0.00000

   Empty states minimization starting 
   nfi         dekinc         ekinc
    1    0.190085D-05  0.190085D-05
    2    0.348408D-05  0.538493D-05
    3    0.561235D-05  0.109973D-04
    4    0.677062D-05  0.177679D-04
    5    0.749479D-05  0.252627D-04
    6    0.788205D-05  0.331447D-04
    7    0.801077D-05  0.411555D-04
    8    0.794396D-05  0.490995D-04
    9    0.773204D-05  0.568315D-04
   10    0.741523D-05  0.642467D-04
   11    0.702537D-05  0.712721D-04
   12    0.658756D-05  0.778597D-04
   13    0.612139D-05  0.839811D-04
   14    0.564201D-05  0.896231D-04
   15    0.516101D-05  0.947841D-04
   16    0.468710D-05  0.994712D-04
   17    0.422669D-05  0.103698D-03
   18    0.378436D-05  0.107482D-03
   19    0.336326D-05  0.110846D-03
   20    0.296538D-05  0.113811D-03
   21    0.259184D-05  0.116403D-03
   22    0.224307D-05  0.118646D-03
   23    0.191899D-05  0.120565D-03
   24    0.161912D-05  0.122184D-03
   25    0.134271D-05  0.123527D-03
   26    0.108879D-05  0.124615D-03
   27    0.856279D-06  0.125472D-03
   28    0.643994D-06  0.126116D-03
   29    0.450714D-06  0.126566D-03
   30    0.275208D-06  0.126842D-03
   31    0.116253D-06  0.126958D-03
   32   -0.273446D-07  0.126930D-03
   33   -0.156739D-06  0.126774D-03
   34   -0.273035D-06  0.126501D-03
   35   -0.377280D-06  0.126123D-03
   36   -0.470467D-06  0.125653D-03
   37   -0.553524D-06  0.125099D-03
   38   -0.627322D-06  0.124472D-03
   39   -0.692670D-06  0.123779D-03
   40   -0.750322D-06  0.123029D-03
   41   -0.800972D-06  0.122228D-03
   42   -0.845263D-06  0.121383D-03
   43   -0.883787D-06  0.120499D-03
   44   -0.917087D-06  0.119582D-03
   45   -0.945663D-06  0.118636D-03
   46   -0.969970D-06  0.117666D-03
   47   -0.990427D-06  0.116676D-03
   48   -0.100742D-05  0.115669D-03
   49   -0.102128D-05  0.114647D-03
   50   -0.103234D-05  0.113615D-03
   51   -0.104089D-05  0.112574D-03
   52   -0.104718D-05  0.111527D-03
   53   -0.105146D-05  0.110475D-03
   54   -0.105393D-05  0.109421D-03
   55   -0.105480D-05  0.108367D-03
   56   -0.105424D-05  0.107312D-03
   57   -0.105241D-05  0.106260D-03
   58   -0.104946D-05  0.105211D-03
   59   -0.104551D-05  0.104165D-03
   60   -0.104069D-05  0.103124D-03
   61   -0.103511D-05  0.102089D-03
   62   -0.102885D-05  0.101060D-03
   63   -0.102200D-05  0.100038D-03
   64   -0.101464D-05  0.990238D-04
   65   -0.100685D-05  0.980169D-04
   66   -0.998680D-06  0.970182D-04
   67   -0.990189D-06  0.960280D-04
   68   -0.981429D-06  0.950466D-04
   69   -0.972444D-06  0.940742D-04
   70   -0.963274D-06  0.931109D-04
   71   -0.953956D-06  0.921569D-04
   72   -0.944521D-06  0.912124D-04
   73   -0.934998D-06  0.902774D-04
   74   -0.925413D-06  0.893520D-04
   75   -0.915787D-06  0.884362D-04
   76   -0.906142D-06  0.875301D-04
   77   -0.896493D-06  0.866336D-04
   78   -0.886858D-06  0.857467D-04
   79   -0.877249D-06  0.848695D-04
   80   -0.867679D-06  0.840018D-04
   81   -0.858158D-06  0.831436D-04
   82   -0.848695D-06  0.822950D-04
   83   -0.839298D-06  0.814557D-04
   84   -0.829974D-06  0.806257D-04
   85   -0.820729D-06  0.798050D-04
   86   -0.811568D-06  0.789934D-04
   87   -0.802495D-06  0.781909D-04
   88   -0.793513D-06  0.773974D-04
   89   -0.784625D-06  0.766128D-04
   90   -0.775834D-06  0.758369D-04
   91   -0.767141D-06  0.750698D-04
   92   -0.758549D-06  0.743112D-04
   93   -0.750057D-06  0.735612D-04
   94   -0.741668D-06  0.728195D-04
   95   -0.733380D-06  0.720861D-04
   96   -0.725194D-06  0.713609D-04
   97   -0.717111D-06  0.706438D-04
   98   -0.709129D-06  0.699347D-04
   99   -0.701249D-06  0.692334D-04
  100   -0.693469D-06  0.685400D-04
  101   -0.685790D-06  0.678542D-04
  102   -0.678209D-06  0.671760D-04
  103   -0.670727D-06  0.665052D-04
  104   -0.663342D-06  0.658419D-04
  105   -0.656053D-06  0.651858D-04
  106   -0.648859D-06  0.645370D-04
  107   -0.641759D-06  0.638952D-04
  108   -0.634751D-06  0.632605D-04
  109   -0.627834D-06  0.626326D-04
  110   -0.621007D-06  0.620116D-04
  111   -0.614268D-06  0.613974D-04
  112   -0.607617D-06  0.607898D-04
  113   -0.601051D-06  0.601887D-04
  114   -0.594570D-06  0.595941D-04
  115   -0.588173D-06  0.590060D-04
  116   -0.581857D-06  0.584241D-04
  117   -0.575622D-06  0.578485D-04
  118   -0.569466D-06  0.572790D-04
  119   -0.563388D-06  0.567156D-04
  120   -0.557387D-06  0.561582D-04
  121   -0.551462D-06  0.556068D-04
  122   -0.545610D-06  0.550612D-04
  123   -0.539832D-06  0.545213D-04
  124   -0.534125D-06  0.539872D-04
  125   -0.528490D-06  0.534587D-04
  126   -0.522923D-06  0.529358D-04
  127   -0.517425D-06  0.524184D-04
  128   -0.511994D-06  0.519064D-04
  129   -0.506630D-06  0.513997D-04
  130   -0.501330D-06  0.508984D-04
  131   -0.496095D-06  0.504023D-04
  132   -0.490923D-06  0.499114D-04
  133   -0.485812D-06  0.494256D-04
  134   -0.480763D-06  0.489448D-04
  135   -0.475773D-06  0.484691D-04
  136   -0.470843D-06  0.479982D-04
  137   -0.465971D-06  0.475322D-04
  138   -0.461156D-06  0.470711D-04
  139   -0.456397D-06  0.466147D-04
  140   -0.451694D-06  0.461630D-04
  141   -0.447046D-06  0.457159D-04
  142   -0.442451D-06  0.452735D-04
  143   -0.437910D-06  0.448356D-04
  144   -0.433421D-06  0.444022D-04
  145   -0.428983D-06  0.439732D-04
  146   -0.424596D-06  0.435486D-04
  147   -0.420258D-06  0.431283D-04
  148   -0.415970D-06  0.427124D-04
  149   -0.411731D-06  0.423006D-04
  150   -0.407539D-06  0.418931D-04

  406 0.15E-03    0.0    0.0   -30.19052   -30.19052   -30.19052   -30.19036  0.0000  0.0000  0.0000  0.0000     0.00000

 * Physical Quantities at step:   407

   Empty states minimization starting 
   nfi         dekinc         ekinc
    1    0.729339D-06  0.729339D-06
    2    0.496714D-06  0.122605D-05
    3    0.127842D-05  0.250447D-05
    4    0.154318D-05  0.404765D-05

   Empty states: convergence achieved



                total energy =      -30.19051 Hartree a.u.
              kinetic energy =       11.13574 Hartree a.u.
        electrostatic energy =      -34.46787 Hartree a.u.
                         esr =        0.00180 Hartree a.u.
                       eself =       39.09634 Hartree a.u.
      pseudopotential energy =       -8.00043 Hartree a.u.
  n-l pseudopotential energy =        7.02919 Hartree a.u.
 exchange-correlation energy =       -5.67060 Hartree a.u.
           average potential =        0.00000 Hartree a.u.



   Eigenvalues (eV), kp =   1 , spin =  1

  -30.49  -26.36  -17.53  -15.96  -15.96  -13.31  -13.31

   Empty States Eigenvalues (eV), kp =   1 , spin =  1

   -4.32   -0.41    0.98

   Electronic Gap (eV) =     8.98


   Eigenvalues (eV), kp =   1 , spin =  2

  -30.49  -26.36  -17.53  -15.96  -15.96  -13.31  -13.31

   Empty States Eigenvalues (eV), kp =   1 , spin =  2

   -4.32   -0.41    0.98

   Electronic Gap (eV) =     8.98

 
   Allocated memory (kb) =     95948
 
   CELL_PARAMETERS
   20.00000000    0.00000000    0.00000000
    0.00000000   20.00000000    0.00000000
    0.00000000    0.00000000   20.00000000

   System Density [g/cm^3] :     0.0993


   Center of mass square displacement (a.u.):   0.000000

   ATOMIC_POSITIONS
   Cl   0.000000E+00  0.000000E+00  0.190398E+01
   Cl   0.000000E+00  0.000000E+00 -0.190398E+01
 
   ATOMIC_VELOCITIES
   Cl   0.000000E+00  0.000000E+00  0.000000E+00
   Cl   0.000000E+00  0.000000E+00  0.000000E+00
 


   Partial temperatures (for each ionic specie) 
   Species  Temp (K)   Mean Square Displacement (a.u.)
        1       0.00     0.0000
  407 0.12E-03    0.0    0.0   -30.19051   -30.19051   -30.19051   -30.19039  0.0000  0.0000  0.0000  0.0000     0.00000

   writing restart file: ./SCRATCH/clorine_spin_195.save
   restart file written in    0.300 sec.



   Averaged Physical Quantities
                      accomulated      this run
   ekinc         :        0.72312       0.00016 (AU)
   ekin          :       11.89488      11.13569 (AU)
   epot          :      -47.79928     -48.13890 (AU)
   total energy  :      -29.01764     -30.19052 (AU)
   temperature   :        0.00000       0.00000 (K )
   enthalpy      :      -29.01764     -30.19052 (AU)
   econs         :      -29.01764     -30.19052 (AU)
   pressure      :        0.00000       0.00000 (Gpa)
   volume        :     8000.00000    8000.00000 (AU)


     initialize   :     1.12s CPU
     total_time   :    92.38s CPU (       3 calls,  30.793 s avg)
     formf        :     0.05s CPU
     rhoofr       :     0.35s CPU (       3 calls,   0.117 s avg)
     vofrho       :     0.62s CPU (       3 calls,   0.207 s avg)
     dforce       :    18.51s CPU (     933 calls,   0.020 s avg)
     calphi       :     0.07s CPU (     307 calls,   0.000 s avg)
     ortho        :     0.17s CPU (     307 calls,   0.001 s avg)
     ortho_iter   :     0.01s CPU (     614 calls,   0.000 s avg)
     rsg          :     0.01s CPU (     614 calls,   0.000 s avg)
     rhoset       :     0.06s CPU (     614 calls,   0.000 s avg)
     updatc       :     0.10s CPU (     614 calls,   0.000 s avg)
     newd         :     0.00s CPU (       3 calls,   0.000 s avg)
     calbec       :     0.01s CPU (       4 calls,   0.002 s avg)
     prefor       :     0.01s CPU (       7 calls,   0.001 s avg)
     strucf       :     0.00s CPU
     nlsm1        :     0.20s CPU (     931 calls,   0.000 s avg)
     fft          :    49.48s CPU (    2908 calls,   0.017 s avg)
     ffts         :     0.11s CPU (       6 calls,   0.018 s avg)
     fftw         :    15.83s CPU (    1887 calls,   0.008 s avg)
     cft3s        :    65.41s CPU (    4801 calls,   0.014 s avg)
     fft_scatter  :    16.70s CPU (    4801 calls,   0.003 s avg)
     nksic_drv    :    35.35s CPU (     307 calls,   0.115 s avg)
     nksic_orbrho :    19.93s CPU (     933 calls,   0.021 s avg)
     nksic_rhoref :    10.07s CPU (    1866 calls,   0.005 s avg)
     nksic_eforce :    34.74s CPU (     933 calls,   0.037 s avg)
     nksic_corr   :    92.29s CPU
     nksic_corr_h :    92.29s CPU
 
 
     CP           :  1m33.79s CPU time,     1m34.15s wall time

 
   This run was terminated on:  10:46:27  15Dec2010            

=------------------------------------------------------------------------------=
   JOB DONE.
=------------------------------------------------------------------------------=
