=------------------------------------------------------------------------------=

     CP: variable-cell Car-Parrinello molecular dynamics
     using norm-conserving and ultrasoft Vanderbilt pseudopotentials

     Version: 4.1 - Fri Nov 19 18:50:58 EST 2010                          
     Authors: Alfredo Pasquarello, Kari Laasonen, Andrea Trave, Roberto Car,
       Paolo Giannozzi, Nicola Marzari, Carlo Cavazzoni, Guido Chiarotti,
       Sandro Scandolo, Paolo Focher, Gerardo Ballabio, and others

=------------------------------------------------------------------------------=

   This run was started on:  10:11:27  20Nov2010               

   MPI Parallel Build
   Tasks =    6  This task id =    0

   Job Title: MD Simulation


   Atomic Pseudopotentials Parameters
   ----------------------------------

   Reading pseudopotential for specie #  1 from file :
   ../../pseudo/H.pz-vbc.UPF
   file type is 20: UPF


   Main Simulation Parameters (from input)
   ---------------------------------------
   Restart Mode       =       1   restart        
   Number of MD Steps =     100
   Print out every            1 MD Steps
   Reads from unit    =      94
   Writes to unit     =      95
   MD Simulation time step            =      15.00
   Electronic fictitious mass (emass) =    1000.00
   emass cut-off                      =       3.00

   Simulation Cell Parameters (from input)
   external pressure       =            0.00 [GPa]
   wmass (calculated)      =          277.05 [AU]
   ibrav =    1
   alat  =    25.00000000
   a1    =    25.00000000    0.00000000    0.00000000
   a2    =     0.00000000   25.00000000    0.00000000
   a3    =     0.00000000    0.00000000   25.00000000
 
   b1    =     0.04000000    0.00000000    0.00000000
   b2    =     0.00000000    0.04000000    0.00000000
   b3    =     0.00000000    0.00000000    0.04000000
   omega = 15625.00000000

   Energy Cut-offs
   ---------------
   Ecutwfc =   35.0 Ry,      Ecutrho =  140.0 Ry,      Ecuts =  140.0 Ry
   Gcutwfc =   23.5     ,    Gcutrho =   47.1          Gcuts =   47.1
   NOTA BENE: refg, mmx =   0.050000  5600
   Eigenvalues calculated without the kinetic term contribution
   Orthog. with lagrange multipliers : eps =   0.10E-07,  max = 500
   verlet algorithm for electron dynamics
   with friction frice =  0.0500 , grease =  1.0000
   Electron dynamics : the temperature is not controlled

   Electronic states
   -----------------
   Local Spin Density calculation
   Number of Electron =     2
   Spins up   =     1, occupations: 
   1.00
   Spins down =     1, occupations: 
   1.00


   Exchange and correlations functionals
   -------------------------------------
   Using Local Density Approximation with
     Exchange functional: SLATER                                                      
     Correlation functional: PERDEW AND ZUNGER                                           
     Exchange-correlation      =  SLA  PZ   NOGX NOGC (1100)


   Ions Simulation Parameters
   --------------------------
   Ions are not allowed to move
   Ionic position (from input)
   sorted by specie, and converted to real a.u. coordinates
   Species   1 atoms =    2 mass =      1822.89 (a.u.),         1.00 (amu) rcmax =   1.00 (a.u.)
        0.000000     0.000000    -1.000000
        0.000000     0.000000     1.000000
   Ionic position will be re-read from restart file


   Cell Dynamics Parameters (from STDIN)
   -------------------------------------
   Starting cell generated from CELLDM
   Cell parameters will be re-read from restart file
   Constant VOLUME Molecular dynamics
   cell parameters are not allowed to move

   Verbosity: iprsta =  1



   Simulation dimensions initialization
   ------------------------------------

   unit vectors of full simulation cell
   in real space:                         in reciprocal space (units 2pi/alat):
   1    25.0000    0.0000    0.0000              1.0000    0.0000    0.0000
   2     0.0000   25.0000    0.0000              0.0000    1.0000    0.0000
   3     0.0000    0.0000   25.0000              0.0000    0.0000    1.0000
 
   Stick Mesh
   ----------
   nst =  3485,  nstw =   875, nsts =  3485
        PEs    n.st   n.stw   n.sts    n.g    n.gw   n.gs
          1    1162     292    1162   72842    9132   72842
          2    1162     292    1162   72842    9132   72842
          3    1163     291    1163   72841    9137   72841
          4    1160     292    1160   72840    9132   72840
          5    1160     292    1160   72840    9132   72840
          6    1162     290    1162   72842    9130   72842
          0    6969    1749    6969  437047   54795  437047
 
 
   Real Mesh
   ---------
   Global Dimensions   Local  Dimensions   Processor Grid
   .X.   .Y.   .Z.     .X.   .Y.   .Z.     .X.   .Y.   .Z.
    96    96    96      96    96    16       1     1     6
   Array leading dimensions ( nr1x, nr2x, nr3x )   =     96    96    96
   Local number of cell to store the grid ( nnrx ) =     147456
   Number of x-y planes for each processors: 
   nr3l =    16   16   16   16   16   16
 
   Smooth Real Mesh
   ----------------
   Global Dimensions   Local  Dimensions   Processor Grid
   .X.   .Y.   .Z.     .X.   .Y.   .Z.     .X.   .Y.   .Z.
    96    96    96      96    96    16       1     1     6
   Array leading dimensions ( nr1x, nr2x, nr3x )   =     96    96    96
   Local number of cell to store the grid ( nnrx ) =     147456
   Number of x-y planes for each processors: 
   nr3sl =    16   16   16   16   16   16
 
   Reciprocal Space Mesh
   ---------------------
                Large Mesh
   PE   Global(ngmt)     Local(ngm) MaxLocal(ngmx)
    1         218524          36421          36421
    2         218524          36421          36421
    3         218524          36421          36421
    4         218524          36420          36421
    5         218524          36420          36421
    6         218524          36421          36421
                Smooth Mesh
   PE   Global(ngst)     Local(ngs) MaxLocal(ngsx)
    1         218524          36421          36421
    2         218524          36421          36421
    3         218524          36421          36421
    4         218524          36420          36421
    5         218524          36420          36421
    6         218524          36421          36421
                Wave function Mesh
   PE   Global(ngwt)     Local(ngw) MaxLocal(ngwx)
    1          27398           4566           4569
    2          27398           4566           4569
    3          27398           4569           4569
    4          27398           4566           4569
    5          27398           4566           4569
    6          27398           4565           4569


   System geometry initialization
   ------------------------------
 
   Scaled positions from standard input
   H    0.000000E+00  0.000000E+00 -0.400000E-01
   H    0.000000E+00  0.000000E+00  0.400000E-01
   ibrav =    1       cell parameters 

      25.00000       0.00000       0.00000
       0.00000      25.00000       0.00000
       0.00000       0.00000      25.00000
 

   Matrix Multiplication Performances
   ortho mmul, time for parallel driver      =   0.00000 with    1 procs

   Constraints matrixes will be distributed block like on
   ortho sub-group =    1*   1 procs



   Pseudopotentials initialization
   -------------------------------


   Common initialization

   Specie:     1
 
                        dion 
 
   Short Legend and Physical Units in the Output
   ---------------------------------------------
   NFI    [int]          - step index
   EKINC  [HARTREE A.U.] - kinetic energy of the fictitious electronic dynamics
   TEMPH  [K]            - Temperature of the fictitious cell dynamics
   TEMP   [K]            - Ionic temperature
   ETOT   [HARTREE A.U.] - Scf total energy (Kohn-Sham hamiltonian)
   ENTHAL [HARTREE A.U.] - Enthalpy ( ETOT + P * V )
   ECONS  [HARTREE A.U.] - Enthalpy + kinetic energy of ions and cell
   ECONT  [HARTREE A.U.] - Constant of motion for the CP lagrangian
 
   PZ sic =    T

   rhothr =  0.1E-11
   f_cutoff =  0.1000
   NK memusage =     14.302 MB

   EE with periodic-image correction method = tcc                 

   reading restart file: ./SCRATCH//job_94.save
   restart file read in    0.027 sec.

 nprint_nfi=           -2
 nprint_nfi=          256

   formf: eself=   0.79788
   formf:     vps(g=0)=  -0.0002023     rhops(g=0)=  -0.0000630
   formf: sum_g vps(g)=  -2.4432651 sum_g rhops(g)=  -0.0898256
   Delta V(G=0):   0.000402Ry,    0.010936eV
 
  nfi    ekinc  temph  tempp        etot      enthal       econs       econt    vnhh   xnhh0    vnhp   xnhp0
  257 0.11E-03    0.0    0.0    -1.10138    -1.10138    -1.10138    -1.10127  0.0000  0.0000  0.0000  0.0000     0.00000
  258 0.39E-03    0.0    0.0    -1.13071    -1.13071    -1.13071    -1.13032  0.0000  0.0000  0.0000  0.0000     0.00000
  259 0.64E-03    0.0    0.0    -1.13084    -1.13084    -1.13084    -1.13020  0.0000  0.0000  0.0000  0.0000     0.00000

 * Physical Quantities at step:   260

   from rhoofr: total integrated electronic density
   spin up
   in g-space =    1.000000   in r-space =   1.000000
   spin down
   in g-space =    1.000000   in r-space =   1.000000


                total energy =       -1.13091 Hartree a.u.
              kinetic energy =        0.86336 Hartree a.u.
        electrostatic energy =       -0.75599 Hartree a.u.
                         esr =        0.02275 Hartree a.u.
                       eself =        0.79788 Hartree a.u.
      pseudopotential energy =       -0.62838 Hartree a.u.
  n-l pseudopotential energy =        0.00000 Hartree a.u.
 exchange-correlation energy =       -0.57940 Hartree a.u.
           average potential =        0.00000 Hartree a.u.



   Eigenvalues (eV), kp =   1 , spin =  1

  -14.61

   Eigenvalues (eV), kp =   1 , spin =  2

  -14.61
 
   Allocated memory (kb) =     56152
 
   CELL_PARAMETERS
   25.00000000    0.00000000    0.00000000
    0.00000000   25.00000000    0.00000000
    0.00000000    0.00000000   25.00000000

   System Density [g/cm^3] :     0.0014


   Center of mass square displacement (a.u.):   0.000000

   ATOMIC_POSITIONS
   H    0.000000E+00  0.000000E+00 -0.100000E+01
   H    0.000000E+00  0.000000E+00  0.100000E+01
 
   ATOMIC_VELOCITIES
   H    0.000000E+00  0.000000E+00  0.000000E+00
   H    0.000000E+00  0.000000E+00  0.000000E+00
 


   Partial temperatures (for each ionic specie) 
   Species  Temp (K)   Mean Square Displacement (a.u.)
        1       0.00     0.0000
 
  nfi    ekinc  temph  tempp        etot      enthal       econs       econt    vnhh   xnhh0    vnhp   xnhp0
  260 0.64E-03    0.0    0.0    -1.13091    -1.13091    -1.13091    -1.13026  0.0000  0.0000  0.0000  0.0000     0.00000
  261 0.43E-03    0.0    0.0    -1.13089    -1.13089    -1.13089    -1.13045  0.0000  0.0000  0.0000  0.0000     0.00000
  262 0.21E-03    0.0    0.0    -1.13093    -1.13093    -1.13093    -1.13072  0.0000  0.0000  0.0000  0.0000     0.00000
  263 0.13E-03    0.0    0.0    -1.13117    -1.13117    -1.13117    -1.13104  0.0000  0.0000  0.0000  0.0000     0.00000
  264 0.19E-03    0.0    0.0    -1.13154    -1.13154    -1.13154    -1.13135  0.0000  0.0000  0.0000  0.0000     0.00000
  265 0.26E-03    0.0    0.0    -1.13188    -1.13188    -1.13188    -1.13161  0.0000  0.0000  0.0000  0.0000     0.00000
  266 0.27E-03    0.0    0.0    -1.13202    -1.13202    -1.13202    -1.13176  0.0000  0.0000  0.0000  0.0000     0.00000
  267 0.20E-03    0.0    0.0    -1.13197    -1.13197    -1.13197    -1.13177  0.0000  0.0000  0.0000  0.0000     0.00000
  268 0.13E-03    0.0    0.0    -1.13180    -1.13180    -1.13180    -1.13167  0.0000  0.0000  0.0000  0.0000     0.00000
  269 0.10E-03    0.0    0.0    -1.13163    -1.13163    -1.13163    -1.13153  0.0000  0.0000  0.0000  0.0000     0.00000

 * Physical Quantities at step:   270

   from rhoofr: total integrated electronic density
   spin up
   in g-space =    1.000000   in r-space =   1.000000
   spin down
   in g-space =    1.000000   in r-space =   1.000000


                total energy =       -1.13153 Hartree a.u.
              kinetic energy =        0.87534 Hartree a.u.
        electrostatic energy =       -0.75716 Hartree a.u.
                         esr =        0.02275 Hartree a.u.
                       eself =        0.79788 Hartree a.u.
      pseudopotential energy =       -0.63745 Hartree a.u.
  n-l pseudopotential energy =        0.00000 Hartree a.u.
 exchange-correlation energy =       -0.58147 Hartree a.u.
           average potential =        0.00000 Hartree a.u.



   Eigenvalues (eV), kp =   1 , spin =  1

  -14.61

   Eigenvalues (eV), kp =   1 , spin =  2

  -14.61
 
   Allocated memory (kb) =     56152
 
   CELL_PARAMETERS
   25.00000000    0.00000000    0.00000000
    0.00000000   25.00000000    0.00000000
    0.00000000    0.00000000   25.00000000

   System Density [g/cm^3] :     0.0014


   Center of mass square displacement (a.u.):   0.000000

   ATOMIC_POSITIONS
   H    0.000000E+00  0.000000E+00 -0.100000E+01
   H    0.000000E+00  0.000000E+00  0.100000E+01
 
   ATOMIC_VELOCITIES
   H    0.000000E+00  0.000000E+00  0.000000E+00
   H    0.000000E+00  0.000000E+00  0.000000E+00
 


   Partial temperatures (for each ionic specie) 
   Species  Temp (K)   Mean Square Displacement (a.u.)
        1       0.00     0.0000
 
  nfi    ekinc  temph  tempp        etot      enthal       econs       econt    vnhh   xnhh0    vnhp   xnhp0
  270 0.13E-03    0.0    0.0    -1.13153    -1.13153    -1.13153    -1.13140  0.0000  0.0000  0.0000  0.0000     0.00000
  271 0.15E-03    0.0    0.0    -1.13147    -1.13147    -1.13147    -1.13132  0.0000  0.0000  0.0000  0.0000     0.00000
  272 0.15E-03    0.0    0.0    -1.13145    -1.13145    -1.13145    -1.13130  0.0000  0.0000  0.0000  0.0000     0.00000
  273 0.12E-03    0.0    0.0    -1.13146    -1.13146    -1.13146    -1.13134  0.0000  0.0000  0.0000  0.0000     0.00000
  274 0.78E-04    0.0    0.0    -1.13151    -1.13151    -1.13151    -1.13143  0.0000  0.0000  0.0000  0.0000     0.00000
  275 0.57E-04    0.0    0.0    -1.13159    -1.13159    -1.13159    -1.13153  0.0000  0.0000  0.0000  0.0000     0.00000
  276 0.57E-04    0.0    0.0    -1.13168    -1.13168    -1.13168    -1.13163  0.0000  0.0000  0.0000  0.0000     0.00000
  277 0.66E-04    0.0    0.0    -1.13177    -1.13177    -1.13177    -1.13170  0.0000  0.0000  0.0000  0.0000     0.00000
  278 0.70E-04    0.0    0.0    -1.13180    -1.13180    -1.13180    -1.13173  0.0000  0.0000  0.0000  0.0000     0.00000
  279 0.64E-04    0.0    0.0    -1.13179    -1.13179    -1.13179    -1.13173  0.0000  0.0000  0.0000  0.0000     0.00000

 * Physical Quantities at step:   280

   from rhoofr: total integrated electronic density
   spin up
   in g-space =    1.000000   in r-space =   1.000000
   spin down
   in g-space =    1.000000   in r-space =   1.000000


                total energy =       -1.13174 Hartree a.u.
              kinetic energy =        0.86677 Hartree a.u.
        electrostatic energy =       -0.75631 Hartree a.u.
                         esr =        0.02275 Hartree a.u.
                       eself =        0.79788 Hartree a.u.
      pseudopotential energy =       -0.63118 Hartree a.u.
  n-l pseudopotential energy =        0.00000 Hartree a.u.
 exchange-correlation energy =       -0.57986 Hartree a.u.
           average potential =        0.00000 Hartree a.u.



   Eigenvalues (eV), kp =   1 , spin =  1

  -14.61

   Eigenvalues (eV), kp =   1 , spin =  2

  -14.61
 
   Allocated memory (kb) =     56152
 
   CELL_PARAMETERS
   25.00000000    0.00000000    0.00000000
    0.00000000   25.00000000    0.00000000
    0.00000000    0.00000000   25.00000000

   System Density [g/cm^3] :     0.0014


   Center of mass square displacement (a.u.):   0.000000

   ATOMIC_POSITIONS
   H    0.000000E+00  0.000000E+00 -0.100000E+01
   H    0.000000E+00  0.000000E+00  0.100000E+01
 
   ATOMIC_VELOCITIES
   H    0.000000E+00  0.000000E+00  0.000000E+00
   H    0.000000E+00  0.000000E+00  0.000000E+00
 


   Partial temperatures (for each ionic specie) 
   Species  Temp (K)   Mean Square Displacement (a.u.)
        1       0.00     0.0000
 
  nfi    ekinc  temph  tempp        etot      enthal       econs       econt    vnhh   xnhh0    vnhp   xnhp0
  280 0.52E-04    0.0    0.0    -1.13174    -1.13174    -1.13174    -1.13169  0.0000  0.0000  0.0000  0.0000     0.00000
  281 0.42E-04    0.0    0.0    -1.13168    -1.13168    -1.13168    -1.13164  0.0000  0.0000  0.0000  0.0000     0.00000
  282 0.38E-04    0.0    0.0    -1.13163    -1.13163    -1.13163    -1.13159  0.0000  0.0000  0.0000  0.0000     0.00000
  283 0.38E-04    0.0    0.0    -1.13160    -1.13160    -1.13160    -1.13156  0.0000  0.0000  0.0000  0.0000     0.00000
  284 0.37E-04    0.0    0.0    -1.13160    -1.13160    -1.13160    -1.13156  0.0000  0.0000  0.0000  0.0000     0.00000
  285 0.33E-04    0.0    0.0    -1.13161    -1.13161    -1.13161    -1.13158  0.0000  0.0000  0.0000  0.0000     0.00000
  286 0.26E-04    0.0    0.0    -1.13165    -1.13165    -1.13165    -1.13162  0.0000  0.0000  0.0000  0.0000     0.00000
  287 0.21E-04    0.0    0.0    -1.13169    -1.13169    -1.13169    -1.13167  0.0000  0.0000  0.0000  0.0000     0.00000
  288 0.18E-04    0.0    0.0    -1.13173    -1.13173    -1.13173    -1.13171  0.0000  0.0000  0.0000  0.0000     0.00000
  289 0.19E-04    0.0    0.0    -1.13176    -1.13176    -1.13176    -1.13174  0.0000  0.0000  0.0000  0.0000     0.00000

 * Physical Quantities at step:   290

   from rhoofr: total integrated electronic density
   spin up
   in g-space =    1.000000   in r-space =   1.000000
   spin down
   in g-space =    1.000000   in r-space =   1.000000


                total energy =       -1.13178 Hartree a.u.
              kinetic energy =        0.86541 Hartree a.u.
        electrostatic energy =       -0.75626 Hartree a.u.
                         esr =        0.02275 Hartree a.u.
                       eself =        0.79788 Hartree a.u.
      pseudopotential energy =       -0.62919 Hartree a.u.
  n-l pseudopotential energy =        0.00000 Hartree a.u.
 exchange-correlation energy =       -0.58032 Hartree a.u.
           average potential =        0.00000 Hartree a.u.



   Eigenvalues (eV), kp =   1 , spin =  1

  -14.59

   Eigenvalues (eV), kp =   1 , spin =  2

  -14.59
 
   Allocated memory (kb) =     56152
 
   CELL_PARAMETERS
   25.00000000    0.00000000    0.00000000
    0.00000000   25.00000000    0.00000000
    0.00000000    0.00000000   25.00000000

   System Density [g/cm^3] :     0.0014


   Center of mass square displacement (a.u.):   0.000000

   ATOMIC_POSITIONS
   H    0.000000E+00  0.000000E+00 -0.100000E+01
   H    0.000000E+00  0.000000E+00  0.100000E+01
 
   ATOMIC_VELOCITIES
   H    0.000000E+00  0.000000E+00  0.000000E+00
   H    0.000000E+00  0.000000E+00  0.000000E+00
 


   Partial temperatures (for each ionic specie) 
   Species  Temp (K)   Mean Square Displacement (a.u.)
        1       0.00     0.0000
 
  nfi    ekinc  temph  tempp        etot      enthal       econs       econt    vnhh   xnhh0    vnhp   xnhp0
  290 0.21E-04    0.0    0.0    -1.13178    -1.13178    -1.13178    -1.13176  0.0000  0.0000  0.0000  0.0000     0.00000
  291 0.20E-04    0.0    0.0    -1.13178    -1.13178    -1.13178    -1.13176  0.0000  0.0000  0.0000  0.0000     0.00000
  292 0.17E-04    0.0    0.0    -1.13176    -1.13176    -1.13176    -1.13175  0.0000  0.0000  0.0000  0.0000     0.00000
  293 0.13E-04    0.0    0.0    -1.13174    -1.13174    -1.13174    -1.13173  0.0000  0.0000  0.0000  0.0000     0.00000
  294 0.11E-04    0.0    0.0    -1.13171    -1.13171    -1.13171    -1.13170  0.0000  0.0000  0.0000  0.0000     0.00000
  295 0.10E-04    0.0    0.0    -1.13170    -1.13170    -1.13170    -1.13169  0.0000  0.0000  0.0000  0.0000     0.00000
  296 0.10E-04    0.0    0.0    -1.13169    -1.13169    -1.13169    -1.13168  0.0000  0.0000  0.0000  0.0000     0.00000
  297 0.95E-05    0.0    0.0    -1.13168    -1.13168    -1.13168    -1.13167  0.0000  0.0000  0.0000  0.0000     0.00000
  298 0.81E-05    0.0    0.0    -1.13169    -1.13169    -1.13169    -1.13168  0.0000  0.0000  0.0000  0.0000     0.00000
  299 0.67E-05    0.0    0.0    -1.13170    -1.13170    -1.13170    -1.13169  0.0000  0.0000  0.0000  0.0000     0.00000

 * Physical Quantities at step:   300

   from rhoofr: total integrated electronic density
   spin up
   in g-space =    1.000000   in r-space =   1.000000
   spin down
   in g-space =    1.000000   in r-space =   1.000000


                total energy =       -1.13171 Hartree a.u.
              kinetic energy =        0.86615 Hartree a.u.
        electrostatic energy =       -0.75627 Hartree a.u.
                         esr =        0.02275 Hartree a.u.
                       eself =        0.79788 Hartree a.u.
      pseudopotential energy =       -0.62978 Hartree a.u.
  n-l pseudopotential energy =        0.00000 Hartree a.u.
 exchange-correlation energy =       -0.58047 Hartree a.u.
           average potential =        0.00000 Hartree a.u.



   Eigenvalues (eV), kp =   1 , spin =  1

  -14.59

   Eigenvalues (eV), kp =   1 , spin =  2

  -14.59
 
   Allocated memory (kb) =     56152
 
   CELL_PARAMETERS
   25.00000000    0.00000000    0.00000000
    0.00000000   25.00000000    0.00000000
    0.00000000    0.00000000   25.00000000

   System Density [g/cm^3] :     0.0014


   Center of mass square displacement (a.u.):   0.000000

   ATOMIC_POSITIONS
   H    0.000000E+00  0.000000E+00 -0.100000E+01
   H    0.000000E+00  0.000000E+00  0.100000E+01
 
   ATOMIC_VELOCITIES
   H    0.000000E+00  0.000000E+00  0.000000E+00
   H    0.000000E+00  0.000000E+00  0.000000E+00
 


   Partial temperatures (for each ionic specie) 
   Species  Temp (K)   Mean Square Displacement (a.u.)
        1       0.00     0.0000
 
  nfi    ekinc  temph  tempp        etot      enthal       econs       econt    vnhh   xnhh0    vnhp   xnhp0
  300 0.61E-05    0.0    0.0    -1.13171    -1.13171    -1.13171    -1.13171  0.0000  0.0000  0.0000  0.0000     0.00000

   writing restart file: ./SCRATCH//job_95.save
   restart file written in    0.232 sec.

  301 0.62E-05    0.0    0.0    -1.13172    -1.13172    -1.13172    -1.13172  0.0000  0.0000  0.0000  0.0000     0.00000
  302 0.63E-05    0.0    0.0    -1.13173    -1.13173    -1.13173    -1.13173  0.0000  0.0000  0.0000  0.0000     0.00000
  303 0.58E-05    0.0    0.0    -1.13174    -1.13174    -1.13174    -1.13173  0.0000  0.0000  0.0000  0.0000     0.00000
  304 0.47E-05    0.0    0.0    -1.13174    -1.13174    -1.13174    -1.13173  0.0000  0.0000  0.0000  0.0000     0.00000
  305 0.37E-05    0.0    0.0    -1.13173    -1.13173    -1.13173    -1.13173  0.0000  0.0000  0.0000  0.0000     0.00000
  306 0.31E-05    0.0    0.0    -1.13173    -1.13173    -1.13173    -1.13172  0.0000  0.0000  0.0000  0.0000     0.00000
  307 0.30E-05    0.0    0.0    -1.13172    -1.13172    -1.13172    -1.13172  0.0000  0.0000  0.0000  0.0000     0.00000
  308 0.31E-05    0.0    0.0    -1.13172    -1.13172    -1.13172    -1.13171  0.0000  0.0000  0.0000  0.0000     0.00000
  309 0.30E-05    0.0    0.0    -1.13172    -1.13172    -1.13172    -1.13171  0.0000  0.0000  0.0000  0.0000     0.00000

   MAIN:          EKINC   (thr)          DETOT   (thr)       MAXFORCE   (thr)
   MAIN:   0.295992D-05  0.1D-04  0.893995D-06  0.1D-05  0.000000D+00  0.1D+11
   MAIN: convergence achieved for system relaxation

 * Physical Quantities at step:   310

   from rhoofr: total integrated electronic density
   spin up
   in g-space =    1.000000   in r-space =   1.000000
   spin down
   in g-space =    1.000000   in r-space =   1.000000


                total energy =       -1.13172 Hartree a.u.
              kinetic energy =        0.86746 Hartree a.u.
        electrostatic energy =       -0.75635 Hartree a.u.
                         esr =        0.02275 Hartree a.u.
                       eself =        0.79788 Hartree a.u.
      pseudopotential energy =       -0.63083 Hartree a.u.
  n-l pseudopotential energy =        0.00000 Hartree a.u.
 exchange-correlation energy =       -0.58068 Hartree a.u.
           average potential =        0.00000 Hartree a.u.



   Eigenvalues (eV), kp =   1 , spin =  1

  -14.59

   Eigenvalues (eV), kp =   1 , spin =  2

  -14.59
 
   Allocated memory (kb) =     56152
 
   CELL_PARAMETERS
   25.00000000    0.00000000    0.00000000
    0.00000000   25.00000000    0.00000000
    0.00000000    0.00000000   25.00000000

   System Density [g/cm^3] :     0.0014


   Center of mass square displacement (a.u.):   0.000000

   ATOMIC_POSITIONS
   H    0.000000E+00  0.000000E+00 -0.100000E+01
   H    0.000000E+00  0.000000E+00  0.100000E+01
 
   ATOMIC_VELOCITIES
   H    0.000000E+00  0.000000E+00  0.000000E+00
   H    0.000000E+00  0.000000E+00  0.000000E+00
 


   Partial temperatures (for each ionic specie) 
   Species  Temp (K)   Mean Square Displacement (a.u.)
        1       0.00     0.0000
 
  nfi    ekinc  temph  tempp        etot      enthal       econs       econt    vnhh   xnhh0    vnhp   xnhp0
  310 0.26E-05    0.0    0.0    -1.13172    -1.13172    -1.13172    -1.13171  0.0000  0.0000  0.0000  0.0000     0.00000

   writing restart file: ./SCRATCH//job_95.save
   restart file written in    0.129 sec.



   Averaged Physical Quantities
                      accomulated      this run
   ekinc         :        0.11048       0.00010 (AU)
   ekin          :        0.99833       0.86700 (AU)
   epot          :       -1.92532      -1.96734 (AU)
   total energy  :       -0.93965      -1.13105 (AU)
   temperature   :        0.00000       0.00000 (K )
   enthalpy      :       -0.93965      -1.13105 (AU)
   econs         :       -0.93965      -1.13105 (AU)
   pressure      :        0.00000       0.00000 (Gpa)
   volume        :    15625.00000   15625.00000 (AU)


     initialize   :     0.40s CPU
     total_time   :    28.34s CPU (      54 calls,   0.525 s avg)
     formf        :     0.02s CPU
     rhoofr       :     3.04s CPU (      54 calls,   0.056 s avg)
     vofrho       :    10.66s CPU (      54 calls,   0.197 s avg)
     dforce       :     1.10s CPU (      54 calls,   0.020 s avg)
     calphi       :     0.00s CPU (      54 calls,   0.000 s avg)
     ortho        :     0.14s CPU (      54 calls,   0.003 s avg)
     ortho_iter   :     0.00s CPU (     108 calls,   0.000 s avg)
     rsg          :     0.00s CPU (     108 calls,   0.000 s avg)
     rhoset       :     0.13s CPU (     108 calls,   0.001 s avg)
     updatc       :     0.01s CPU (     108 calls,   0.000 s avg)
     newd         :     0.00s CPU (      54 calls,   0.000 s avg)
     calbec       :     0.00s CPU (      55 calls,   0.000 s avg)
     prefor       :     0.00s CPU (      55 calls,   0.000 s avg)
     strucf       :     0.00s CPU
     nlsm1        :     0.00s CPU (     163 calls,   0.000 s avg)
     fft          :    14.39s CPU (     760 calls,   0.019 s avg)
     ffts         :     1.93s CPU (     108 calls,   0.018 s avg)
     fftw         :     1.36s CPU (     162 calls,   0.008 s avg)
     cft3s        :    17.67s CPU (    1030 calls,   0.017 s avg)
     fft_scatter  :     7.45s CPU (    1030 calls,   0.007 s avg)
     nksic_drv    :    10.90s CPU (      54 calls,   0.202 s avg)
     nksic_orbrho :     1.29s CPU (      54 calls,   0.024 s avg)
     nksic_rhoref :     0.50s CPU (     108 calls,   0.005 s avg)
     nksic_eforce :     2.11s CPU (      54 calls,   0.039 s avg)
     nksic_corr   :    28.16s CPU
     nksic_corr_h :    28.16s CPU
 
 
     CP           :    28.87s CPU time,   29.07s wall time

 
   This run was terminated on:  10:11:56  20Nov2010            

=------------------------------------------------------------------------------=
   JOB DONE.
=------------------------------------------------------------------------------=
