=------------------------------------------------------------------------------=

     CP: variable-cell Car-Parrinello molecular dynamics
     using norm-conserving and ultrasoft Vanderbilt pseudopotentials

     Version: 4.1 - Wed Feb 22 14:22:53 CET 2012                          
     Authors: Alfredo Pasquarello, Kari Laasonen, Andrea Trave, Roberto Car,
       Paolo Giannozzi, Nicola Marzari, Carlo Cavazzoni, Guido Chiarotti,
       Sandro Scandolo, Paolo Focher, Gerardo Ballabio, and others

=------------------------------------------------------------------------------=

   This run was started on:  15: 2:34  16Apr2012               

   MPI Parallel Build
   Tasks =    4  This task id =    0

   Job Title: MD Simulation


   Atomic Pseudopotentials Parameters
   ----------------------------------

   Reading pseudopotential for specie #  1 from file :
   ../../pseudo/N.pz-vbc.UPF
   file type is 20: UPF


   Main Simulation Parameters (from input)
   ---------------------------------------
   Restart Mode       =       1   restart        
   Number of MD Steps =      50
   Print out every            1 MD Steps
   Reads from unit    =      90
   Writes to unit     =      91
   MD Simulation time step            =      15.00
   Electronic fictitious mass (emass) =     300.00
   emass cut-off                      =       3.00

   Simulation Cell Parameters (from input)
   external pressure       =            0.00 [GPa]
   wmass (calculated)      =         3878.84 [AU]
   ibrav =    8
   alat  =    18.00000000
   a1    =    18.00000000    0.00000000    0.00000000
   a2    =     0.00000000   18.00000000    0.00000000
   a3    =     0.00000000    0.00000000   18.00000000
 
   b1    =     0.05555556    0.00000000    0.00000000
   b2    =     0.00000000    0.05555556    0.00000000
   b3    =     0.00000000    0.00000000    0.05555556
   omega =  5832.00000000

   Energy Cut-offs
   ---------------
   Ecutwfc =   60.0 Ry,      Ecutrho =  240.0 Ry,      Ecuts =  240.0 Ry
   Gcutwfc =   22.2     ,    Gcutrho =   44.4          Gcuts =   44.4
   NOTA BENE: refg, mmx =   0.050000  9600
   Orthog. with Gram-Schmidt
   verlet algorithm for electron dynamics
   with friction frice =  0.0200 , grease =  1.0000
   Electron dynamics : the temperature is not controlled

   Electronic states
   -----------------
   Local Spin Density calculation
   Number of Electron =    10
   Spins up   =     5, occupations: 
   1.00 1.00 1.00 1.00 1.00
   Spins down =     5, occupations: 
   1.00 1.00 1.00 1.00 1.00


   Exchange and correlations functionals
   -------------------------------------
   Using Local Density Approximation with
     Exchange functional: SLATER                                                      
     Correlation functional: PERDEW AND ZUNGER                                           
     Exchange-correlation      =  SLA  PZ   NOGX NOGC (1100)


   Ions Simulation Parameters
   --------------------------
   Ions are not allowed to move
   Ionic position (from input)
   sorted by specie, and converted to real a.u. coordinates
   Species   1 atoms =    2 mass =     25521.71 (a.u.),        14.00 (amu) rcmax =   1.00 (a.u.)
       -1.050000     0.000000     0.000000
        1.050000     0.000000     0.000000
   Ionic position will be re-read from restart file


   Cell Dynamics Parameters (from STDIN)
   -------------------------------------
   Starting cell generated from CELLDM
   Cell parameters will be re-read from restart file
   Constant VOLUME Molecular dynamics
   cell parameters are not allowed to move

   Verbosity: iprsta =  1



   Simulation dimensions initialization
   ------------------------------------

   unit vectors of full simulation cell
   in real space:                         in reciprocal space (units 2pi/alat):
   1    18.0000    0.0000    0.0000              1.0000    0.0000    0.0000
   2     0.0000   18.0000    0.0000              0.0000    1.0000    0.0000
   3     0.0000    0.0000   18.0000              0.0000    0.0000    1.0000
 
   Stick Mesh
   ----------
   nst =  3091,  nstw =   775, nsts =  3091
        PEs    n.st   n.stw   n.sts    n.g    n.gw   n.gs
          1    1545     387    1545   91449   11455   91449
          2    1544     388    1544   91440   11456   91440
          3    1546     388    1546   91446   11456   91446
          4    1546     386    1546   91446   11450   91446
          0    6181    1549    6181  365781   45817  365781
 
 
   Real Mesh
   ---------
   Global Dimensions   Local  Dimensions   Processor Grid
   .X.   .Y.   .Z.     .X.   .Y.   .Z.     .X.   .Y.   .Z.
    90    90    90      90    90    23       1     1     4
   Array leading dimensions ( nr1x, nr2x, nr3x )   =     90    90    90
   Local number of cell to store the grid ( nnrx ) =     186300
   Number of x-y planes for each processors: 
   nr3l =    23   23   22   22
 
   Smooth Real Mesh
   ----------------
   Global Dimensions   Local  Dimensions   Processor Grid
   .X.   .Y.   .Z.     .X.   .Y.   .Z.     .X.   .Y.   .Z.
    90    90    90      90    90    23       1     1     4
   Array leading dimensions ( nr1x, nr2x, nr3x )   =     90    90    90
   Local number of cell to store the grid ( nnrx ) =     186300
   Number of x-y planes for each processors: 
   nr3sl =    23   23   22   22
 
   Small Box Real Mesh
   -------------------
   Global Dimensions   Local  Dimensions   Processor Grid
   .X.   .Y.   .Z.     .X.   .Y.   .Z.     .X.   .Y.   .Z.
    24    24    24      24    24    24       1     1     1
   Array leading dimensions ( nr1x, nr2x, nr3x )   =     24    24    24
   Local number of cell to store the grid ( nnrx ) =      13824
 
   unit vectors of box grid cell
   in real space:                         in reciprocal space:
       4.8000    0.0000    0.0000              1.0000    0.0000    0.0000
       0.0000    4.8000    0.0000              0.0000    1.0000    0.0000
       0.0000    0.0000    4.8000              0.0000    0.0000    1.0000
 
   Reciprocal Space Mesh
   ---------------------
                Large Mesh
   PE   Global(ngmt)     Local(ngm) MaxLocal(ngmx)
    1         365781          91449          45725
    2         365781          91440          45725
    3         365781          91446          45725
    4         365781          91446          45725
                Smooth Mesh
   PE   Global(ngst)     Local(ngs) MaxLocal(ngsx)
    1         182891          91449          45725
    2         182891          91440          45725
    3         182891          91446          45725
    4         182891          91446          45725
                Wave function Mesh
   PE   Global(ngwt)     Local(ngw) MaxLocal(ngwx)
    1          45817          11455           5728
    2          45817          11456           5728
    3          45817          11456           5728
    4          45817          11450           5728

                Small box Mesh
   ngb =         3490 not distributed to processors


   System geometry initialization
   ------------------------------
 
   Scaled positions from standard input
   N   -0.583333E-01  0.000000E+00  0.000000E+00
   N    0.583333E-01  0.000000E+00  0.000000E+00
   ibrav =    8       cell parameters 

      18.00000       0.00000       0.00000
       0.00000      18.00000       0.00000
       0.00000       0.00000      18.00000
 

   Matrix Multiplication Performances
   ortho mmul, time for parallel driver      =   0.00000 with    1 procs

   Constraints matrixes will be distributed block like on
   ortho sub-group =    1*   1 procs



   Pseudopotentials initialization
   -------------------------------


   Common initialization

   Specie:     1
   1  indv=  1   ang. mom=  0
 
                        dion 
   0.3691
 
   Short Legend and Physical Units in the Output
   ---------------------------------------------
   NFI    [int]          - step index
   EKINC  [HARTREE A.U.] - kinetic energy of the fictitious electronic dynamics
   TEMPH  [K]            - Temperature of the fictitious cell dynamics
   TEMP   [K]            - Ionic temperature
   ETOT   [HARTREE A.U.] - Scf total energy (Kohn-Sham hamiltonian)
   ENTHAL [HARTREE A.U.] - Enthalpy ( ETOT + P * V )
   ECONS  [HARTREE A.U.] - Enthalpy + kinetic energy of ions and cell
   ECONT  [HARTREE A.U.] - Constant of motion for the CP lagrangian
 

   f_cutoff =  0.1000
   do_spinsym   =    F
   EE with periodic-image correction method = tcc                 

   reading restart file: ./SCRATCH//job_cmplx_spin_90.save
 here should be iotk first error
 here should be iotk first error
   restart file read in    0.161 sec.

 nprint_nfi=           -2
 nprint_nfi=            1

   formf: eself=  19.94711
   formf:     vps(g=0)=  -0.0026166     rhops(g=0)=  -0.0008573
   formf:     vps(g=0)=  -0.0025764     rhops(g=0)=  -0.0008316
   formf: sum_g vps(g)=  -9.9152801 sum_g rhops(g)=  -0.8979356
   Delta V(G=0):   0.005387Ry,    0.146581eV
 size hamilt           1
      NOTE: eigenvalues are not computed without ortho
 
  nfi    ekinc  temph  tempp        etot      enthal       econs       econt    vnhh   xnhh0    vnhp   xnhp0
    2 0.45E+02    0.0    0.0    -2.17760    -2.17760    -2.17760    43.11762  0.0000  0.0000  0.0000  0.0000     0.08667
 tnosep= F thdyn= F
      NOTE: eigenvalues are not computed without ortho
    3 0.11E+02    0.0    0.0     3.74415     3.74415     3.74415    15.03898  0.0000  0.0000  0.0000  0.0000     0.11075
 tnosep= F thdyn= F
      NOTE: eigenvalues are not computed without ortho
    4 0.12E+02    0.0    0.0   -13.06883   -13.06883   -13.06883    -1.47772  0.0000  0.0000  0.0000  0.0000     0.00456
 tnosep= F thdyn= F
      NOTE: eigenvalues are not computed without ortho
    5 0.64E+01    0.0    0.0   -13.41745   -13.41745   -13.41745    -6.97509  0.0000  0.0000  0.0000  0.0000     0.01043
 tnosep= F thdyn= F
      NOTE: eigenvalues are not computed without ortho
    6 0.35E+01    0.0    0.0   -14.48226   -14.48226   -14.48226   -11.00753  0.0000  0.0000  0.0000  0.0000     0.00764
 tnosep= F thdyn= F
      NOTE: eigenvalues are not computed without ortho
    7 0.33E+01    0.0    0.0   -18.17387   -18.17387   -18.17387   -14.83144  0.0000  0.0000  0.0000  0.0000     0.00097
 tnosep= F thdyn= F
      NOTE: eigenvalues are not computed without ortho
    8 0.17E+01    0.0    0.0   -17.17654   -17.17654   -17.17654   -15.49653  0.0000  0.0000  0.0000  0.0000     0.00279
 tnosep= F thdyn= F
      NOTE: eigenvalues are not computed without ortho
    9 0.13E+01    0.0    0.0   -18.35026   -18.35026   -18.35026   -17.00929  0.0000  0.0000  0.0000  0.0000     0.00086
 tnosep= F thdyn= F

 * Physical Quantities at step:    10

   from rhoofr: total integrated electronic density
   spin up
   in g-space =    5.000000   in r-space =   5.000000
   spin down
   in g-space =    5.000000   in r-space =   5.000000
      NOTE: eigenvalues are not computed without ortho


                total energy =     -18.9057648613 Hartree a.u.
              kinetic energy =      11.0359403606 Hartree a.u.
        electrostatic energy =     -18.7577942134 Hartree a.u.
                         esr =       0.4253436727 Hartree a.u.
                       eself =      19.9471140201 Hartree a.u.
      pseudopotential energy =      -9.7936977949 Hartree a.u.
  n-l pseudopotential energy =       3.0278438963 Hartree a.u.
 exchange-correlation energy =      -4.4180571099 Hartree a.u.
           average potential =       0.0000000000 Hartree a.u.



   Eigenvalues (eV), kp =   1 , spin =  1

    0.00    0.00    0.00    0.00    0.00

   Eigenvalues (eV), kp =   1 , spin =  2

    0.00    0.00    0.00    0.00    0.00
 
   Allocated memory (kb) =     53140
 
   CELL_PARAMETERS
   18.00000000    0.00000000    0.00000000
    0.00000000   18.00000000    0.00000000
    0.00000000    0.00000000   18.00000000

   System Density [g/cm^3] :     0.0538


   Center of mass square displacement (a.u.):   0.000000

   ATOMIC_POSITIONS
   N   -0.105000E+01  0.000000E+00  0.000000E+00
   N    0.105000E+01  0.000000E+00  0.000000E+00
 
   ATOMIC_VELOCITIES
   N    0.000000E+00  0.000000E+00  0.000000E+00
   N    0.000000E+00  0.000000E+00  0.000000E+00
 


   Partial temperatures (for each ionic specie) 
   Species  Temp (K)   Mean Square Displacement (a.u.)
        1       0.00     0.0000
 
  nfi    ekinc  temph  tempp        etot      enthal       econs       econt    vnhh   xnhh0    vnhp   xnhp0
   10 0.11E+01    0.0    0.0   -18.90576   -18.90576   -18.90576   -17.81723  0.0000  0.0000  0.0000  0.0000     0.00052
 tnosep= F thdyn= F
      NOTE: eigenvalues are not computed without ortho
   11 0.55E+00    0.0    0.0   -18.61582   -18.61582   -18.61582   -18.06293  0.0000  0.0000  0.0000  0.0000     0.00081
 tnosep= F thdyn= F
      NOTE: eigenvalues are not computed without ortho
   12 0.55E+00    0.0    0.0   -19.22674   -19.22674   -19.22674   -18.67862  0.0000  0.0000  0.0000  0.0000     0.00020
 tnosep= F thdyn= F
      NOTE: eigenvalues are not computed without ortho
   13 0.35E+00    0.0    0.0   -19.16819   -19.16819   -19.16819   -18.81944  0.0000  0.0000  0.0000  0.0000     0.00030
 tnosep= F thdyn= F
      NOTE: eigenvalues are not computed without ortho
   14 0.22E+00    0.0    0.0   -19.20110   -19.20110   -19.20110   -18.98102  0.0000  0.0000  0.0000  0.0000     0.00024
 tnosep= F thdyn= F
      NOTE: eigenvalues are not computed without ortho
   15 0.23E+00    0.0    0.0   -19.42704   -19.42704   -19.42704   -19.19501  0.0000  0.0000  0.0000  0.0000     0.00009
 tnosep= F thdyn= F
      NOTE: eigenvalues are not computed without ortho
   16 0.14E+00    0.0    0.0   -19.35483   -19.35483   -19.35483   -19.21803  0.0000  0.0000  0.0000  0.0000     0.00016
 tnosep= F thdyn= F
      NOTE: eigenvalues are not computed without ortho
   17 0.12E+00    0.0    0.0   -19.44062   -19.44062   -19.44062   -19.31861  0.0000  0.0000  0.0000  0.0000     0.00008
 tnosep= F thdyn= F
      NOTE: eigenvalues are not computed without ortho
   18 0.11E+00    0.0    0.0   -19.48627   -19.48627   -19.48627   -19.37738  0.0000  0.0000  0.0000  0.0000     0.00005
 tnosep= F thdyn= F
      NOTE: eigenvalues are not computed without ortho
   19 0.66E-01    0.0    0.0   -19.45583   -19.45583   -19.45583   -19.38964  0.0000  0.0000  0.0000  0.0000     0.00007
 tnosep= F thdyn= F

 * Physical Quantities at step:    20

   from rhoofr: total integrated electronic density
   spin up
   in g-space =    5.000000   in r-space =   5.000000
   spin down
   in g-space =    5.000000   in r-space =   5.000000
      NOTE: eigenvalues are not computed without ortho


                total energy =     -19.5038342586 Hartree a.u.
              kinetic energy =      10.8358452330 Hartree a.u.
        electrostatic energy =     -18.8388793448 Hartree a.u.
                         esr =       0.4253436727 Hartree a.u.
                       eself =      19.9471140201 Hartree a.u.
      pseudopotential energy =      -9.9873024741 Hartree a.u.
  n-l pseudopotential energy =       2.9893259972 Hartree a.u.
 exchange-correlation energy =      -4.5028236698 Hartree a.u.
           average potential =       0.0000000000 Hartree a.u.



   Eigenvalues (eV), kp =   1 , spin =  1

    0.00    0.00    0.00    0.00    0.00

   Eigenvalues (eV), kp =   1 , spin =  2

    0.00    0.00    0.00    0.00    0.00
 
   Allocated memory (kb) =     53140
 
   CELL_PARAMETERS
   18.00000000    0.00000000    0.00000000
    0.00000000   18.00000000    0.00000000
    0.00000000    0.00000000   18.00000000

   System Density [g/cm^3] :     0.0538


   Center of mass square displacement (a.u.):   0.000000

   ATOMIC_POSITIONS
   N   -0.105000E+01  0.000000E+00  0.000000E+00
   N    0.105000E+01  0.000000E+00  0.000000E+00
 
   ATOMIC_VELOCITIES
   N    0.000000E+00  0.000000E+00  0.000000E+00
   N    0.000000E+00  0.000000E+00  0.000000E+00
 


   Partial temperatures (for each ionic specie) 
   Species  Temp (K)   Mean Square Displacement (a.u.)
        1       0.00     0.0000
 
  nfi    ekinc  temph  tempp        etot      enthal       econs       econt    vnhh   xnhh0    vnhp   xnhp0
   20 0.65E-01    0.0    0.0   -19.50383   -19.50383   -19.50383   -19.43852  0.0000  0.0000  0.0000  0.0000     0.00003
 tnosep= F thdyn= F
      NOTE: eigenvalues are not computed without ortho
   21 0.49E-01    0.0    0.0   -19.49947   -19.49947   -19.49947   -19.45020  0.0000  0.0000  0.0000  0.0000     0.00004
 tnosep= F thdyn= F
      NOTE: eigenvalues are not computed without ortho
   22 0.37E-01    0.0    0.0   -19.50043   -19.50043   -19.50043   -19.46341  0.0000  0.0000  0.0000  0.0000     0.00003
 tnosep= F thdyn= F
      NOTE: eigenvalues are not computed without ortho
   23 0.37E-01    0.0    0.0   -19.52145   -19.52145   -19.52145   -19.48442  0.0000  0.0000  0.0000  0.0000     0.00002
 tnosep= F thdyn= F
      NOTE: eigenvalues are not computed without ortho
   24 0.27E-01    0.0    0.0   -19.51532   -19.51532   -19.51532   -19.48863  0.0000  0.0000  0.0000  0.0000     0.00002
 tnosep= F thdyn= F
      NOTE: eigenvalues are not computed without ortho
   25 0.23E-01    0.0    0.0   -19.52313   -19.52313   -19.52313   -19.49994  0.0000  0.0000  0.0000  0.0000     0.00001
 tnosep= F thdyn= F
      NOTE: eigenvalues are not computed without ortho
   26 0.21E-01    0.0    0.0   -19.52873   -19.52873   -19.52873   -19.50818  0.0000  0.0000  0.0000  0.0000     0.00001
 tnosep= F thdyn= F
      NOTE: eigenvalues are not computed without ortho
   27 0.15E-01    0.0    0.0   -19.52624   -19.52624   -19.52624   -19.51129  0.0000  0.0000  0.0000  0.0000     0.00001
 tnosep= F thdyn= F
      NOTE: eigenvalues are not computed without ortho
   28 0.13E-01    0.0    0.0   -19.53098   -19.53098   -19.53098   -19.51765  0.0000  0.0000  0.0000  0.0000     0.00001
 tnosep= F thdyn= F
      NOTE: eigenvalues are not computed without ortho
   29 0.10E-01    0.0    0.0   -19.53070   -19.53070   -19.53070   -19.52025  0.0000  0.0000  0.0000  0.0000     0.00001
 tnosep= F thdyn= F

 * Physical Quantities at step:    30

   from rhoofr: total integrated electronic density
   spin up
   in g-space =    5.000000   in r-space =   5.000000
   spin down
   in g-space =    5.000000   in r-space =   5.000000
      NOTE: eigenvalues are not computed without ortho


                total energy =     -19.5301534797 Hartree a.u.
              kinetic energy =      10.8356126348 Hartree a.u.
        electrostatic energy =     -18.8440276852 Hartree a.u.
                         esr =       0.4253436727 Hartree a.u.
                       eself =      19.9471140201 Hartree a.u.
      pseudopotential energy =     -10.0001420536 Hartree a.u.
  n-l pseudopotential energy =       2.9860465627 Hartree a.u.
 exchange-correlation energy =      -4.5076429384 Hartree a.u.
           average potential =       0.0000000000 Hartree a.u.



   Eigenvalues (eV), kp =   1 , spin =  1

    0.00    0.00    0.00    0.00    0.00

   Eigenvalues (eV), kp =   1 , spin =  2

    0.00    0.00    0.00    0.00    0.00
 
   Allocated memory (kb) =     53140
 
   CELL_PARAMETERS
   18.00000000    0.00000000    0.00000000
    0.00000000   18.00000000    0.00000000
    0.00000000    0.00000000   18.00000000

   System Density [g/cm^3] :     0.0538


   Center of mass square displacement (a.u.):   0.000000

   ATOMIC_POSITIONS
   N   -0.105000E+01  0.000000E+00  0.000000E+00
   N    0.105000E+01  0.000000E+00  0.000000E+00
 
   ATOMIC_VELOCITIES
   N    0.000000E+00  0.000000E+00  0.000000E+00
   N    0.000000E+00  0.000000E+00  0.000000E+00
 


   Partial temperatures (for each ionic specie) 
   Species  Temp (K)   Mean Square Displacement (a.u.)
        1       0.00     0.0000
 
  nfi    ekinc  temph  tempp        etot      enthal       econs       econt    vnhh   xnhh0    vnhp   xnhp0
   30 0.78E-02    0.0    0.0   -19.53015   -19.53015   -19.53015   -19.52234  0.0000  0.0000  0.0000  0.0000     0.00001
 tnosep= F thdyn= F
      NOTE: eigenvalues are not computed without ortho
   31 0.67E-02    0.0    0.0   -19.53182   -19.53182   -19.53182   -19.52509  0.0000  0.0000  0.0000  0.0000     0.00000
 tnosep= F thdyn= F
      NOTE: eigenvalues are not computed without ortho
   32 0.49E-02    0.0    0.0   -19.53097   -19.53097   -19.53097   -19.52611  0.0000  0.0000  0.0000  0.0000     0.00000
 tnosep= F thdyn= F
      NOTE: eigenvalues are not computed without ortho
   33 0.38E-02    0.0    0.0   -19.53154   -19.53154   -19.53154   -19.52777  0.0000  0.0000  0.0000  0.0000     0.00000
 tnosep= F thdyn= F
      NOTE: eigenvalues are not computed without ortho
   34 0.30E-02    0.0    0.0   -19.53233   -19.53233   -19.53233   -19.52933  0.0000  0.0000  0.0000  0.0000     0.00000
 tnosep= F thdyn= F
      NOTE: eigenvalues are not computed without ortho
   35 0.21E-02    0.0    0.0   -19.53240   -19.53240   -19.53240   -19.53034  0.0000  0.0000  0.0000  0.0000     0.00000
 tnosep= F thdyn= F
      NOTE: eigenvalues are not computed without ortho
   36 0.16E-02    0.0    0.0   -19.53311   -19.53311   -19.53311   -19.53150  0.0000  0.0000  0.0000  0.0000     0.00000
 tnosep= F thdyn= F
      NOTE: eigenvalues are not computed without ortho
   37 0.12E-02    0.0    0.0   -19.53321   -19.53321   -19.53321   -19.53205  0.0000  0.0000  0.0000  0.0000     0.00000
 tnosep= F thdyn= F
      NOTE: eigenvalues are not computed without ortho
   38 0.77E-03    0.0    0.0   -19.53304   -19.53304   -19.53304   -19.53227  0.0000  0.0000  0.0000  0.0000     0.00000
 tnosep= F thdyn= F
      NOTE: eigenvalues are not computed without ortho
   39 0.60E-03    0.0    0.0   -19.53301   -19.53301   -19.53301   -19.53242  0.0000  0.0000  0.0000  0.0000     0.00000
 tnosep= F thdyn= F

 * Physical Quantities at step:    40

   from rhoofr: total integrated electronic density
   spin up
   in g-space =    5.000000   in r-space =   5.000000
   spin down
   in g-space =    5.000000   in r-space =   5.000000
      NOTE: eigenvalues are not computed without ortho


                total energy =     -19.5327599179 Hartree a.u.
              kinetic energy =      10.8322574098 Hartree a.u.
        electrostatic energy =     -18.8439055582 Hartree a.u.
                         esr =       0.4253436727 Hartree a.u.
                       eself =      19.9471140201 Hartree a.u.
      pseudopotential energy =      -9.9992118292 Hartree a.u.
  n-l pseudopotential energy =       2.9858355233 Hartree a.u.
 exchange-correlation energy =      -4.5077354636 Hartree a.u.
           average potential =       0.0000000000 Hartree a.u.



   Eigenvalues (eV), kp =   1 , spin =  1

    0.00    0.00    0.00    0.00    0.00

   Eigenvalues (eV), kp =   1 , spin =  2

    0.00    0.00    0.00    0.00    0.00
 
   Allocated memory (kb) =     53140
 
   CELL_PARAMETERS
   18.00000000    0.00000000    0.00000000
    0.00000000   18.00000000    0.00000000
    0.00000000    0.00000000   18.00000000

   System Density [g/cm^3] :     0.0538


   Center of mass square displacement (a.u.):   0.000000

   ATOMIC_POSITIONS
   N   -0.105000E+01  0.000000E+00  0.000000E+00
   N    0.105000E+01  0.000000E+00  0.000000E+00
 
   ATOMIC_VELOCITIES
   N    0.000000E+00  0.000000E+00  0.000000E+00
   N    0.000000E+00  0.000000E+00  0.000000E+00
 


   Partial temperatures (for each ionic specie) 
   Species  Temp (K)   Mean Square Displacement (a.u.)
        1       0.00     0.0000
 
  nfi    ekinc  temph  tempp        etot      enthal       econs       econt    vnhh   xnhh0    vnhp   xnhp0
   40 0.38E-03    0.0    0.0   -19.53276   -19.53276   -19.53276   -19.53238  0.0000  0.0000  0.0000  0.0000     0.00000
 tnosep= F thdyn= F
      NOTE: eigenvalues are not computed without ortho
   41 0.26E-03    0.0    0.0   -19.53274   -19.53274   -19.53274   -19.53247  0.0000  0.0000  0.0000  0.0000     0.00000
 tnosep= F thdyn= F
      NOTE: eigenvalues are not computed without ortho
   42 0.19E-03    0.0    0.0   -19.53286   -19.53286   -19.53286   -19.53266  0.0000  0.0000  0.0000  0.0000     0.00000
 tnosep= F thdyn= F
      NOTE: eigenvalues are not computed without ortho
   43 0.11E-03    0.0    0.0   -19.53296   -19.53296   -19.53296   -19.53285  0.0000  0.0000  0.0000  0.0000     0.00000
 tnosep= F thdyn= F
      NOTE: eigenvalues are not computed without ortho
   44 0.84E-04    0.0    0.0   -19.53314   -19.53314   -19.53314   -19.53305  0.0000  0.0000  0.0000  0.0000     0.00000
 tnosep= F thdyn= F
      NOTE: eigenvalues are not computed without ortho
   45 0.56E-04    0.0    0.0   -19.53321   -19.53321   -19.53321   -19.53315  0.0000  0.0000  0.0000  0.0000     0.00000
 tnosep= F thdyn= F
      NOTE: eigenvalues are not computed without ortho
   46 0.31E-04    0.0    0.0   -19.53319   -19.53319   -19.53319   -19.53316  0.0000  0.0000  0.0000  0.0000     0.00000
 tnosep= F thdyn= F
      NOTE: eigenvalues are not computed without ortho
   47 0.26E-04    0.0    0.0   -19.53315   -19.53315   -19.53315   -19.53313  0.0000  0.0000  0.0000  0.0000     0.00000
 tnosep= F thdyn= F
      NOTE: eigenvalues are not computed without ortho
   48 0.15E-04    0.0    0.0   -19.53308   -19.53308   -19.53308   -19.53306  0.0000  0.0000  0.0000  0.0000     0.00000
 tnosep= F thdyn= F
      NOTE: eigenvalues are not computed without ortho
   49 0.99E-05    0.0    0.0   -19.53303   -19.53303   -19.53303   -19.53302  0.0000  0.0000  0.0000  0.0000     0.00000
 tnosep= F thdyn= F

 * Physical Quantities at step:    50

   from rhoofr: total integrated electronic density
   spin up
   in g-space =    5.000000   in r-space =   5.000000
   spin down
   in g-space =    5.000000   in r-space =   5.000000
      NOTE: eigenvalues are not computed without ortho


                total energy =     -19.5330236750 Hartree a.u.
              kinetic energy =      10.8328631048 Hartree a.u.
        electrostatic energy =     -18.8440537344 Hartree a.u.
                         esr =       0.4253436727 Hartree a.u.
                       eself =      19.9471140201 Hartree a.u.
      pseudopotential energy =      -9.9997990341 Hartree a.u.
  n-l pseudopotential energy =       2.9858197959 Hartree a.u.
 exchange-correlation energy =      -4.5078538072 Hartree a.u.
           average potential =       0.0000000000 Hartree a.u.



   Eigenvalues (eV), kp =   1 , spin =  1

    0.00    0.00    0.00    0.00    0.00

   Eigenvalues (eV), kp =   1 , spin =  2

    0.00    0.00    0.00    0.00    0.00
 
   Allocated memory (kb) =     53140
 
   CELL_PARAMETERS
   18.00000000    0.00000000    0.00000000
    0.00000000   18.00000000    0.00000000
    0.00000000    0.00000000   18.00000000

   System Density [g/cm^3] :     0.0538


   Center of mass square displacement (a.u.):   0.000000

   ATOMIC_POSITIONS
   N   -0.105000E+01  0.000000E+00  0.000000E+00
   N    0.105000E+01  0.000000E+00  0.000000E+00
 
   ATOMIC_VELOCITIES
   N    0.000000E+00  0.000000E+00  0.000000E+00
   N    0.000000E+00  0.000000E+00  0.000000E+00
 


   Partial temperatures (for each ionic specie) 
   Species  Temp (K)   Mean Square Displacement (a.u.)
        1       0.00     0.0000
 
  nfi    ekinc  temph  tempp        etot      enthal       econs       econt    vnhh   xnhh0    vnhp   xnhp0
   50 0.90E-05    0.0    0.0   -19.53302   -19.53302   -19.53302   -19.53301  0.0000  0.0000  0.0000  0.0000     0.00000
 tnosep= F thdyn= F

 * Physical Quantities at step:    51
      NOTE: eigenvalues are not computed without ortho


                total energy =     -19.5330392578 Hartree a.u.
              kinetic energy =      10.8329888710 Hartree a.u.
        electrostatic energy =     -18.8440844333 Hartree a.u.
                         esr =       0.4253436727 Hartree a.u.
                       eself =      19.9471140201 Hartree a.u.
      pseudopotential energy =      -9.9999104366 Hartree a.u.
  n-l pseudopotential energy =       2.9858432436 Hartree a.u.
 exchange-correlation energy =      -4.5078765026 Hartree a.u.
           average potential =       0.0000000000 Hartree a.u.



   Eigenvalues (eV), kp =   1 , spin =  1

    0.00    0.00    0.00    0.00    0.00

   Eigenvalues (eV), kp =   1 , spin =  2

    0.00    0.00    0.00    0.00    0.00
 
   Allocated memory (kb) =     53140
 
   CELL_PARAMETERS
   18.00000000    0.00000000    0.00000000
    0.00000000   18.00000000    0.00000000
    0.00000000    0.00000000   18.00000000

   System Density [g/cm^3] :     0.0538


   Center of mass square displacement (a.u.):   0.000000

   ATOMIC_POSITIONS
   N   -0.105000E+01  0.000000E+00  0.000000E+00
   N    0.105000E+01  0.000000E+00  0.000000E+00
 
   ATOMIC_VELOCITIES
   N    0.000000E+00  0.000000E+00  0.000000E+00
   N    0.000000E+00  0.000000E+00  0.000000E+00
 


   Partial temperatures (for each ionic specie) 
   Species  Temp (K)   Mean Square Displacement (a.u.)
        1       0.00     0.0000
   51 0.50E-05    0.0    0.0   -19.53304   -19.53304   -19.53304   -19.53303  0.0000  0.0000  0.0000  0.0000     0.00000
 tnosep= F thdyn= F

   writing restart file: ./SCRATCH//job_cmplx_spin_91.save
   restart file written in    0.552 sec.



   Averaged Physical Quantities
                      accomulated      this run
   ekinc         :        2.58162       1.76435 (AU)
   ekin          :       12.59921      11.64437 (AU)
   epot          :      -32.43991     -32.85259 (AU)
   total energy  :      -16.88812     -18.20566 (AU)
   temperature   :        0.00000       0.00000 (K )
   enthalpy      :      -16.88812     -18.20566 (AU)
   econs         :      -16.88812     -18.20566 (AU)
   pressure      :        0.00000       0.00000 (Gpa)
   volume        :     5832.00000    5832.00000 (AU)


     initialize   :     1.08s CPU
     total_time   :    46.91s CPU (      50 calls,   0.938 s avg)
     formf        :     0.04s CPU
     rhoofr       :    12.93s CPU (      50 calls,   0.259 s avg)
     vofrho       :    16.89s CPU (      50 calls,   0.338 s avg)
     dforce       :    15.84s CPU (     250 calls,   0.063 s avg)
     calphi       :     0.14s CPU (      50 calls,   0.003 s avg)
     gram         :     0.42s CPU (      50 calls,   0.008 s avg)
     newd         :     0.11s CPU (      50 calls,   0.002 s avg)
     calbec       :     0.10s CPU (      51 calls,   0.002 s avg)
     prefor       :     0.01s CPU (      51 calls,   0.000 s avg)
     strucf       :     0.00s CPU
     nlsm1        :     0.10s CPU (      51 calls,   0.002 s avg)
     fft          :    10.58s CPU (     354 calls,   0.030 s avg)
     ffts         :     2.98s CPU (     100 calls,   0.030 s avg)
     fftw         :    21.55s CPU (    1500 calls,   0.014 s avg)
     cft3s        :    35.10s CPU (    1954 calls,   0.018 s avg)
     fft_scatter  :     9.25s CPU (    1954 calls,   0.005 s avg)
 
 
     CP           :    48.53s CPU time,   57.17s wall time

 
   This run was terminated on:  15: 3:31  16Apr2012            

=------------------------------------------------------------------------------=
   JOB DONE.
=------------------------------------------------------------------------------=
