=------------------------------------------------------------------------------=

     CP: variable-cell Car-Parrinello molecular dynamics
     using norm-conserving and ultrasoft Vanderbilt pseudopotentials

     Version: 4.1 - Wed Feb 22 14:22:53 CET 2012                          
     Authors: Alfredo Pasquarello, Kari Laasonen, Andrea Trave, Roberto Car,
       Paolo Giannozzi, Nicola Marzari, Carlo Cavazzoni, Guido Chiarotti,
       Sandro Scandolo, Paolo Focher, Gerardo Ballabio, and others

=------------------------------------------------------------------------------=

   This run was started on:  14:46: 3  16Apr2012               

   MPI Parallel Build
   Tasks =    4  This task id =    0

   Job Title: MD Simulation


   Atomic Pseudopotentials Parameters
   ----------------------------------

   Reading pseudopotential for specie #  1 from file :
   ../../pseudo/N.pz-vbc.UPF
   file type is 20: UPF


   Main Simulation Parameters (from input)
   ---------------------------------------
   Restart Mode       =       1   restart        
   Number of MD Steps =      50
   Print out every            1 MD Steps
   Reads from unit    =      90
   Writes to unit     =      91
   MD Simulation time step            =      15.00
   Electronic fictitious mass (emass) =     300.00
   emass cut-off                      =       3.00

   Simulation Cell Parameters (from input)
   external pressure       =            0.00 [GPa]
   wmass (calculated)      =         3878.84 [AU]
   ibrav =    8
   alat  =    18.00000000
   a1    =    18.00000000    0.00000000    0.00000000
   a2    =     0.00000000   18.00000000    0.00000000
   a3    =     0.00000000    0.00000000   18.00000000
 
   b1    =     0.05555556    0.00000000    0.00000000
   b2    =     0.00000000    0.05555556    0.00000000
   b3    =     0.00000000    0.00000000    0.05555556
   omega =  5832.00000000

   Energy Cut-offs
   ---------------
   Ecutwfc =   60.0 Ry,      Ecutrho =  240.0 Ry,      Ecuts =  240.0 Ry
   Gcutwfc =   22.2     ,    Gcutrho =   44.4          Gcuts =   44.4
   NOTA BENE: refg, mmx =   0.050000  9600
   Orthog. with Gram-Schmidt
   verlet algorithm for electron dynamics
   with friction frice =  0.0200 , grease =  1.0000
   Electron dynamics : the temperature is not controlled

   Electronic states
   -----------------
   Number of Electron =    10, of States =     5
   Occupation numbers :
   2.00 2.00 2.00 2.00 2.00


   Exchange and correlations functionals
   -------------------------------------
   Using Local Density Approximation with
     Exchange functional: SLATER                                                      
     Correlation functional: PERDEW AND ZUNGER                                           
     Exchange-correlation      =  SLA  PZ   NOGX NOGC (1100)


   Ions Simulation Parameters
   --------------------------
   Ions are not allowed to move
   Ionic position (from input)
   sorted by specie, and converted to real a.u. coordinates
   Species   1 atoms =    2 mass =     25521.71 (a.u.),        14.00 (amu) rcmax =   1.00 (a.u.)
       -1.050000     0.000000     0.000000
        1.050000     0.000000     0.000000
   Ionic position will be re-read from restart file


   Cell Dynamics Parameters (from STDIN)
   -------------------------------------
   Starting cell generated from CELLDM
   Cell parameters will be re-read from restart file
   Constant VOLUME Molecular dynamics
   cell parameters are not allowed to move

   Verbosity: iprsta =  1



   Simulation dimensions initialization
   ------------------------------------

   unit vectors of full simulation cell
   in real space:                         in reciprocal space (units 2pi/alat):
   1    18.0000    0.0000    0.0000              1.0000    0.0000    0.0000
   2     0.0000   18.0000    0.0000              0.0000    1.0000    0.0000
   3     0.0000    0.0000   18.0000              0.0000    0.0000    1.0000
 
   Stick Mesh
   ----------
   nst =  3091,  nstw =   775, nsts =  3091
        PEs    n.st   n.stw   n.sts    n.g    n.gw   n.gs
          1    1545     387    1545   91449   11455   91449
          2    1544     388    1544   91440   11456   91440
          3    1546     388    1546   91446   11456   91446
          4    1546     386    1546   91446   11450   91446
          0    6181    1549    6181  365781   45817  365781
 
 
   Real Mesh
   ---------
   Global Dimensions   Local  Dimensions   Processor Grid
   .X.   .Y.   .Z.     .X.   .Y.   .Z.     .X.   .Y.   .Z.
    90    90    90      90    90    23       1     1     4
   Array leading dimensions ( nr1x, nr2x, nr3x )   =     90    90    90
   Local number of cell to store the grid ( nnrx ) =     186300
   Number of x-y planes for each processors: 
   nr3l =    23   23   22   22
 
   Smooth Real Mesh
   ----------------
   Global Dimensions   Local  Dimensions   Processor Grid
   .X.   .Y.   .Z.     .X.   .Y.   .Z.     .X.   .Y.   .Z.
    90    90    90      90    90    23       1     1     4
   Array leading dimensions ( nr1x, nr2x, nr3x )   =     90    90    90
   Local number of cell to store the grid ( nnrx ) =     186300
   Number of x-y planes for each processors: 
   nr3sl =    23   23   22   22
 
   Small Box Real Mesh
   -------------------
   Global Dimensions   Local  Dimensions   Processor Grid
   .X.   .Y.   .Z.     .X.   .Y.   .Z.     .X.   .Y.   .Z.
    24    24    24      24    24    24       1     1     1
   Array leading dimensions ( nr1x, nr2x, nr3x )   =     24    24    24
   Local number of cell to store the grid ( nnrx ) =      13824
 
   unit vectors of box grid cell
   in real space:                         in reciprocal space:
       4.8000    0.0000    0.0000              1.0000    0.0000    0.0000
       0.0000    4.8000    0.0000              0.0000    1.0000    0.0000
       0.0000    0.0000    4.8000              0.0000    0.0000    1.0000
 
   Reciprocal Space Mesh
   ---------------------
                Large Mesh
   PE   Global(ngmt)     Local(ngm) MaxLocal(ngmx)
    1         365781          91449          45725
    2         365781          91440          45725
    3         365781          91446          45725
    4         365781          91446          45725
                Smooth Mesh
   PE   Global(ngst)     Local(ngs) MaxLocal(ngsx)
    1         182891          91449          45725
    2         182891          91440          45725
    3         182891          91446          45725
    4         182891          91446          45725
                Wave function Mesh
   PE   Global(ngwt)     Local(ngw) MaxLocal(ngwx)
    1          45817          11455           5728
    2          45817          11456           5728
    3          45817          11456           5728
    4          45817          11450           5728

                Small box Mesh
   ngb =         3490 not distributed to processors


   System geometry initialization
   ------------------------------
 
   Scaled positions from standard input
   N   -0.583333E-01  0.000000E+00  0.000000E+00
   N    0.583333E-01  0.000000E+00  0.000000E+00
   ibrav =    8       cell parameters 

      18.00000       0.00000       0.00000
       0.00000      18.00000       0.00000
       0.00000       0.00000      18.00000
 

   Matrix Multiplication Performances
   ortho mmul, time for parallel driver      =   0.00000 with    1 procs

   Constraints matrixes will be distributed block like on
   ortho sub-group =    1*   1 procs



   Pseudopotentials initialization
   -------------------------------


   Common initialization

   Specie:     1
   1  indv=  1   ang. mom=  0
 
                        dion 
   0.3691
 
   Short Legend and Physical Units in the Output
   ---------------------------------------------
   NFI    [int]          - step index
   EKINC  [HARTREE A.U.] - kinetic energy of the fictitious electronic dynamics
   TEMPH  [K]            - Temperature of the fictitious cell dynamics
   TEMP   [K]            - Ionic temperature
   ETOT   [HARTREE A.U.] - Scf total energy (Kohn-Sham hamiltonian)
   ENTHAL [HARTREE A.U.] - Enthalpy ( ETOT + P * V )
   ECONS  [HARTREE A.U.] - Enthalpy + kinetic energy of ions and cell
   ECONT  [HARTREE A.U.] - Constant of motion for the CP lagrangian
 

   f_cutoff =  0.1000
   do_spinsym   =    F
   EE with periodic-image correction method = tcc                 

   reading restart file: ./SCRATCH//job_cmplx_90.save
 here should be iotk first error
   restart file read in    0.040 sec.

 nprint_nfi=           -2
 nprint_nfi=            1

   formf: eself=  19.94711
   formf:     vps(g=0)=  -0.0026166     rhops(g=0)=  -0.0008573
   formf:     vps(g=0)=  -0.0025764     rhops(g=0)=  -0.0008316
   formf: sum_g vps(g)=  -9.9152801 sum_g rhops(g)=  -0.8979356
   Delta V(G=0):   0.005387Ry,    0.146581eV
 size hamilt           1
      NOTE: eigenvalues are not computed without ortho
 
  nfi    ekinc  temph  tempp        etot      enthal       econs       econt    vnhh   xnhh0    vnhp   xnhp0
    2 0.22E+02    0.0    0.0    -2.96325    -2.96325    -2.96325    19.44686  0.0000  0.0000  0.0000  0.0000     0.07865
 tnosep= F thdyn= F
      NOTE: eigenvalues are not computed without ortho
    3 0.55E+01    0.0    0.0     3.44884     3.44884     3.44884     8.92818  0.0000  0.0000  0.0000  0.0000     0.10871
 tnosep= F thdyn= F
      NOTE: eigenvalues are not computed without ortho
    4 0.57E+01    0.0    0.0   -12.59647   -12.59647   -12.59647    -6.93482  0.0000  0.0000  0.0000  0.0000     0.00560
 tnosep= F thdyn= F
      NOTE: eigenvalues are not computed without ortho
    5 0.33E+01    0.0    0.0   -13.35651   -13.35651   -13.35651   -10.08175  0.0000  0.0000  0.0000  0.0000     0.01031
 tnosep= F thdyn= F
      NOTE: eigenvalues are not computed without ortho
    6 0.18E+01    0.0    0.0   -14.25273   -14.25273   -14.25273   -12.48176  0.0000  0.0000  0.0000  0.0000     0.00781
 tnosep= F thdyn= F
      NOTE: eigenvalues are not computed without ortho
    7 0.17E+01    0.0    0.0   -18.09440   -18.09440   -18.09440   -16.38049  0.0000  0.0000  0.0000  0.0000     0.00093
 tnosep= F thdyn= F
      NOTE: eigenvalues are not computed without ortho
    8 0.88E+00    0.0    0.0   -17.15993   -17.15993   -17.15993   -16.27901  0.0000  0.0000  0.0000  0.0000     0.00284
 tnosep= F thdyn= F
      NOTE: eigenvalues are not computed without ortho
    9 0.68E+00    0.0    0.0   -18.26853   -18.26853   -18.26853   -17.58521  0.0000  0.0000  0.0000  0.0000     0.00097
 tnosep= F thdyn= F

 * Physical Quantities at step:    10

   from rhoofr: total integrated electronic density
   in g-space =   10.000000   in r-space =  10.000000
      NOTE: eigenvalues are not computed without ortho


                total energy =     -18.8995449436 Hartree a.u.
              kinetic energy =      11.0495140675 Hartree a.u.
        electrostatic energy =     -18.7592585003 Hartree a.u.
                         esr =       0.4253436727 Hartree a.u.
                       eself =      19.9471140201 Hartree a.u.
      pseudopotential energy =      -9.8137922937 Hartree a.u.
  n-l pseudopotential energy =       3.0441617194 Hartree a.u.
 exchange-correlation energy =      -4.4201699365 Hartree a.u.
           average potential =       0.0000000000 Hartree a.u.



   Eigenvalues (eV), kp =   1 , spin =  1

    0.00    0.00    0.00    0.00    0.00
 
   Allocated memory (kb) =     43104
 
   CELL_PARAMETERS
   18.00000000    0.00000000    0.00000000
    0.00000000   18.00000000    0.00000000
    0.00000000    0.00000000   18.00000000

   System Density [g/cm^3] :     0.0538


   Center of mass square displacement (a.u.):   0.000000

   ATOMIC_POSITIONS
   N   -0.105000E+01  0.000000E+00  0.000000E+00
   N    0.105000E+01  0.000000E+00  0.000000E+00
 
   ATOMIC_VELOCITIES
   N    0.000000E+00  0.000000E+00  0.000000E+00
   N    0.000000E+00  0.000000E+00  0.000000E+00
 


   Partial temperatures (for each ionic specie) 
   Species  Temp (K)   Mean Square Displacement (a.u.)
        1       0.00     0.0000
 
  nfi    ekinc  temph  tempp        etot      enthal       econs       econt    vnhh   xnhh0    vnhp   xnhp0
   10 0.56E+00    0.0    0.0   -18.89954   -18.89954   -18.89954   -18.33586  0.0000  0.0000  0.0000  0.0000     0.00053
 tnosep= F thdyn= F
      NOTE: eigenvalues are not computed without ortho
   11 0.29E+00    0.0    0.0   -18.60075   -18.60075   -18.60075   -18.31284  0.0000  0.0000  0.0000  0.0000     0.00082
 tnosep= F thdyn= F
      NOTE: eigenvalues are not computed without ortho
   12 0.28E+00    0.0    0.0   -19.21002   -19.21002   -19.21002   -18.92956  0.0000  0.0000  0.0000  0.0000     0.00020
 tnosep= F thdyn= F
      NOTE: eigenvalues are not computed without ortho
   13 0.18E+00    0.0    0.0   -19.17014   -19.17014   -19.17014   -18.98706  0.0000  0.0000  0.0000  0.0000     0.00029
 tnosep= F thdyn= F
      NOTE: eigenvalues are not computed without ortho
   14 0.11E+00    0.0    0.0   -19.18134   -19.18134   -19.18134   -19.06792  0.0000  0.0000  0.0000  0.0000     0.00024
 tnosep= F thdyn= F
      NOTE: eigenvalues are not computed without ortho
   15 0.12E+00    0.0    0.0   -19.41698   -19.41698   -19.41698   -19.29601  0.0000  0.0000  0.0000  0.0000     0.00009
 tnosep= F thdyn= F
      NOTE: eigenvalues are not computed without ortho
   16 0.73E-01    0.0    0.0   -19.34643   -19.34643   -19.34643   -19.27293  0.0000  0.0000  0.0000  0.0000     0.00016
 tnosep= F thdyn= F
      NOTE: eigenvalues are not computed without ortho
   17 0.64E-01    0.0    0.0   -19.42655   -19.42655   -19.42655   -19.36280  0.0000  0.0000  0.0000  0.0000     0.00008
 tnosep= F thdyn= F
      NOTE: eigenvalues are not computed without ortho
   18 0.58E-01    0.0    0.0   -19.48197   -19.48197   -19.48197   -19.42421  0.0000  0.0000  0.0000  0.0000     0.00005
 tnosep= F thdyn= F
      NOTE: eigenvalues are not computed without ortho
   19 0.35E-01    0.0    0.0   -19.45168   -19.45168   -19.45168   -19.41694  0.0000  0.0000  0.0000  0.0000     0.00007
 tnosep= F thdyn= F

 * Physical Quantities at step:    20

   from rhoofr: total integrated electronic density
   in g-space =   10.000000   in r-space =  10.000000
      NOTE: eigenvalues are not computed without ortho


                total energy =     -19.5008617979 Hartree a.u.
              kinetic energy =      10.8404410765 Hartree a.u.
        electrostatic energy =     -18.8380545301 Hartree a.u.
                         esr =       0.4253436727 Hartree a.u.
                       eself =      19.9471140201 Hartree a.u.
      pseudopotential energy =      -9.9929660637 Hartree a.u.
  n-l pseudopotential energy =       2.9918714806 Hartree a.u.
 exchange-correlation energy =      -4.5021537613 Hartree a.u.
           average potential =       0.0000000000 Hartree a.u.



   Eigenvalues (eV), kp =   1 , spin =  1

    0.00    0.00    0.00    0.00    0.00
 
   Allocated memory (kb) =     43104
 
   CELL_PARAMETERS
   18.00000000    0.00000000    0.00000000
    0.00000000   18.00000000    0.00000000
    0.00000000    0.00000000   18.00000000

   System Density [g/cm^3] :     0.0538


   Center of mass square displacement (a.u.):   0.000000

   ATOMIC_POSITIONS
   N   -0.105000E+01  0.000000E+00  0.000000E+00
   N    0.105000E+01  0.000000E+00  0.000000E+00
 
   ATOMIC_VELOCITIES
   N    0.000000E+00  0.000000E+00  0.000000E+00
   N    0.000000E+00  0.000000E+00  0.000000E+00
 


   Partial temperatures (for each ionic specie) 
   Species  Temp (K)   Mean Square Displacement (a.u.)
        1       0.00     0.0000
 
  nfi    ekinc  temph  tempp        etot      enthal       econs       econt    vnhh   xnhh0    vnhp   xnhp0
   20 0.33E-01    0.0    0.0   -19.50086   -19.50086   -19.50086   -19.46791  0.0000  0.0000  0.0000  0.0000     0.00004
 tnosep= F thdyn= F
      NOTE: eigenvalues are not computed without ortho
   21 0.25E-01    0.0    0.0   -19.49982   -19.49982   -19.49982   -19.47503  0.0000  0.0000  0.0000  0.0000     0.00004
 tnosep= F thdyn= F
      NOTE: eigenvalues are not computed without ortho
   22 0.18E-01    0.0    0.0   -19.49893   -19.49893   -19.49893   -19.48100  0.0000  0.0000  0.0000  0.0000     0.00003
 tnosep= F thdyn= F
      NOTE: eigenvalues are not computed without ortho
   23 0.18E-01    0.0    0.0   -19.52052   -19.52052   -19.52052   -19.50260  0.0000  0.0000  0.0000  0.0000     0.00002
 tnosep= F thdyn= F
      NOTE: eigenvalues are not computed without ortho
   24 0.13E-01    0.0    0.0   -19.51452   -19.51452   -19.51452   -19.50181  0.0000  0.0000  0.0000  0.0000     0.00002
 tnosep= F thdyn= F
      NOTE: eigenvalues are not computed without ortho
   25 0.11E-01    0.0    0.0   -19.52202   -19.52202   -19.52202   -19.51132  0.0000  0.0000  0.0000  0.0000     0.00001
 tnosep= F thdyn= F
      NOTE: eigenvalues are not computed without ortho
   26 0.94E-02    0.0    0.0   -19.52885   -19.52885   -19.52885   -19.51940  0.0000  0.0000  0.0000  0.0000     0.00001
 tnosep= F thdyn= F
      NOTE: eigenvalues are not computed without ortho
   27 0.65E-02    0.0    0.0   -19.52627   -19.52627   -19.52627   -19.51973  0.0000  0.0000  0.0000  0.0000     0.00001
 tnosep= F thdyn= F
      NOTE: eigenvalues are not computed without ortho
   28 0.57E-02    0.0    0.0   -19.53078   -19.53078   -19.53078   -19.52505  0.0000  0.0000  0.0000  0.0000     0.00001
 tnosep= F thdyn= F
      NOTE: eigenvalues are not computed without ortho
   29 0.44E-02    0.0    0.0   -19.53046   -19.53046   -19.53046   -19.52604  0.0000  0.0000  0.0000  0.0000     0.00001
 tnosep= F thdyn= F

 * Physical Quantities at step:    30

   from rhoofr: total integrated electronic density
   in g-space =   10.000000   in r-space =  10.000000
      NOTE: eigenvalues are not computed without ortho


                total energy =     -19.5295213013 Hartree a.u.
              kinetic energy =      10.8337686027 Hartree a.u.
        electrostatic energy =     -18.8437201624 Hartree a.u.
                         esr =       0.4253436727 Hartree a.u.
                       eself =      19.9471140201 Hartree a.u.
      pseudopotential energy =      -9.9981019449 Hartree a.u.
  n-l pseudopotential energy =       2.9858326608 Hartree a.u.
 exchange-correlation energy =      -4.5073004575 Hartree a.u.
           average potential =       0.0000000000 Hartree a.u.



   Eigenvalues (eV), kp =   1 , spin =  1

    0.00    0.00    0.00    0.00    0.00
 
   Allocated memory (kb) =     43104
 
   CELL_PARAMETERS
   18.00000000    0.00000000    0.00000000
    0.00000000   18.00000000    0.00000000
    0.00000000    0.00000000   18.00000000

   System Density [g/cm^3] :     0.0538


   Center of mass square displacement (a.u.):   0.000000

   ATOMIC_POSITIONS
   N   -0.105000E+01  0.000000E+00  0.000000E+00
   N    0.105000E+01  0.000000E+00  0.000000E+00
 
   ATOMIC_VELOCITIES
   N    0.000000E+00  0.000000E+00  0.000000E+00
   N    0.000000E+00  0.000000E+00  0.000000E+00
 


   Partial temperatures (for each ionic specie) 
   Species  Temp (K)   Mean Square Displacement (a.u.)
        1       0.00     0.0000
 
  nfi    ekinc  temph  tempp        etot      enthal       econs       econt    vnhh   xnhh0    vnhp   xnhp0
   30 0.32E-02    0.0    0.0   -19.52952   -19.52952   -19.52952   -19.52636  0.0000  0.0000  0.0000  0.0000     0.00001
 tnosep= F thdyn= F
      NOTE: eigenvalues are not computed without ortho
   31 0.27E-02    0.0    0.0   -19.53130   -19.53130   -19.53130   -19.52858  0.0000  0.0000  0.0000  0.0000     0.00000
 tnosep= F thdyn= F
      NOTE: eigenvalues are not computed without ortho
   32 0.19E-02    0.0    0.0   -19.53067   -19.53067   -19.53067   -19.52877  0.0000  0.0000  0.0000  0.0000     0.00000
 tnosep= F thdyn= F
      NOTE: eigenvalues are not computed without ortho
   33 0.14E-02    0.0    0.0   -19.53134   -19.53134   -19.53134   -19.52991  0.0000  0.0000  0.0000  0.0000     0.00000
 tnosep= F thdyn= F
      NOTE: eigenvalues are not computed without ortho
   34 0.12E-02    0.0    0.0   -19.53229   -19.53229   -19.53229   -19.53114  0.0000  0.0000  0.0000  0.0000     0.00000
 tnosep= F thdyn= F
      NOTE: eigenvalues are not computed without ortho
   35 0.76E-03    0.0    0.0   -19.53236   -19.53236   -19.53236   -19.53160  0.0000  0.0000  0.0000  0.0000     0.00000
 tnosep= F thdyn= F
      NOTE: eigenvalues are not computed without ortho
   36 0.60E-03    0.0    0.0   -19.53310   -19.53310   -19.53310   -19.53250  0.0000  0.0000  0.0000  0.0000     0.00000
 tnosep= F thdyn= F
      NOTE: eigenvalues are not computed without ortho
   37 0.43E-03    0.0    0.0   -19.53329   -19.53329   -19.53329   -19.53286  0.0000  0.0000  0.0000  0.0000     0.00000
 tnosep= F thdyn= F
      NOTE: eigenvalues are not computed without ortho
   38 0.27E-03    0.0    0.0   -19.53318   -19.53318   -19.53318   -19.53290  0.0000  0.0000  0.0000  0.0000     0.00000
 tnosep= F thdyn= F
      NOTE: eigenvalues are not computed without ortho
   39 0.22E-03    0.0    0.0   -19.53316   -19.53316   -19.53316   -19.53294  0.0000  0.0000  0.0000  0.0000     0.00000
 tnosep= F thdyn= F

 * Physical Quantities at step:    40

   from rhoofr: total integrated electronic density
   in g-space =   10.000000   in r-space =  10.000000
      NOTE: eigenvalues are not computed without ortho


                total energy =     -19.5328296464 Hartree a.u.
              kinetic energy =      10.8323876423 Hartree a.u.
        electrostatic energy =     -18.8438684311 Hartree a.u.
                         esr =       0.4253436727 Hartree a.u.
                       eself =      19.9471140201 Hartree a.u.
      pseudopotential energy =      -9.9993304956 Hartree a.u.
  n-l pseudopotential energy =       2.9856748459 Hartree a.u.
 exchange-correlation energy =      -4.5076932081 Hartree a.u.
           average potential =       0.0000000000 Hartree a.u.



   Eigenvalues (eV), kp =   1 , spin =  1

    0.00    0.00    0.00    0.00    0.00
 
   Allocated memory (kb) =     43104
 
   CELL_PARAMETERS
   18.00000000    0.00000000    0.00000000
    0.00000000   18.00000000    0.00000000
    0.00000000    0.00000000   18.00000000

   System Density [g/cm^3] :     0.0538


   Center of mass square displacement (a.u.):   0.000000

   ATOMIC_POSITIONS
   N   -0.105000E+01  0.000000E+00  0.000000E+00
   N    0.105000E+01  0.000000E+00  0.000000E+00
 
   ATOMIC_VELOCITIES
   N    0.000000E+00  0.000000E+00  0.000000E+00
   N    0.000000E+00  0.000000E+00  0.000000E+00
 


   Partial temperatures (for each ionic specie) 
   Species  Temp (K)   Mean Square Displacement (a.u.)
        1       0.00     0.0000
 
  nfi    ekinc  temph  tempp        etot      enthal       econs       econt    vnhh   xnhh0    vnhp   xnhp0
   40 0.14E-03    0.0    0.0   -19.53283   -19.53283   -19.53283   -19.53269  0.0000  0.0000  0.0000  0.0000     0.00000
 tnosep= F thdyn= F
      NOTE: eigenvalues are not computed without ortho
   41 0.93E-04    0.0    0.0   -19.53268   -19.53268   -19.53268   -19.53259  0.0000  0.0000  0.0000  0.0000     0.00000
 tnosep= F thdyn= F
      NOTE: eigenvalues are not computed without ortho
   42 0.73E-04    0.0    0.0   -19.53273   -19.53273   -19.53273   -19.53266  0.0000  0.0000  0.0000  0.0000     0.00000
 tnosep= F thdyn= F
      NOTE: eigenvalues are not computed without ortho
   43 0.41E-04    0.0    0.0   -19.53283   -19.53283   -19.53283   -19.53279  0.0000  0.0000  0.0000  0.0000     0.00000
 tnosep= F thdyn= F
      NOTE: eigenvalues are not computed without ortho
   44 0.32E-04    0.0    0.0   -19.53306   -19.53306   -19.53306   -19.53303  0.0000  0.0000  0.0000  0.0000     0.00000
 tnosep= F thdyn= F
      NOTE: eigenvalues are not computed without ortho
   45 0.23E-04    0.0    0.0   -19.53321   -19.53321   -19.53321   -19.53319  0.0000  0.0000  0.0000  0.0000     0.00000
 tnosep= F thdyn= F
      NOTE: eigenvalues are not computed without ortho
   46 0.13E-04    0.0    0.0   -19.53324   -19.53324   -19.53324   -19.53323  0.0000  0.0000  0.0000  0.0000     0.00000
 tnosep= F thdyn= F
      NOTE: eigenvalues are not computed without ortho
   47 0.12E-04    0.0    0.0   -19.53321   -19.53321   -19.53321   -19.53319  0.0000  0.0000  0.0000  0.0000     0.00000
 tnosep= F thdyn= F
      NOTE: eigenvalues are not computed without ortho
   48 0.73E-05    0.0    0.0   -19.53310   -19.53310   -19.53310   -19.53310  0.0000  0.0000  0.0000  0.0000     0.00000
 tnosep= F thdyn= F
      NOTE: eigenvalues are not computed without ortho
   49 0.49E-05    0.0    0.0   -19.53303   -19.53303   -19.53303   -19.53302  0.0000  0.0000  0.0000  0.0000     0.00000
 tnosep= F thdyn= F

 * Physical Quantities at step:    50

   from rhoofr: total integrated electronic density
   in g-space =   10.000000   in r-space =  10.000000
      NOTE: eigenvalues are not computed without ortho


                total energy =     -19.5330048267 Hartree a.u.
              kinetic energy =      10.8328248607 Hartree a.u.
        electrostatic energy =     -18.8440581129 Hartree a.u.
                         esr =       0.4253436727 Hartree a.u.
                       eself =      19.9471140201 Hartree a.u.
      pseudopotential energy =      -9.9997370347 Hartree a.u.
  n-l pseudopotential energy =       2.9858313163 Hartree a.u.
 exchange-correlation energy =      -4.5078658562 Hartree a.u.
           average potential =       0.0000000000 Hartree a.u.



   Eigenvalues (eV), kp =   1 , spin =  1

    0.00    0.00    0.00    0.00    0.00
 
   Allocated memory (kb) =     43104
 
   CELL_PARAMETERS
   18.00000000    0.00000000    0.00000000
    0.00000000   18.00000000    0.00000000
    0.00000000    0.00000000   18.00000000

   System Density [g/cm^3] :     0.0538


   Center of mass square displacement (a.u.):   0.000000

   ATOMIC_POSITIONS
   N   -0.105000E+01  0.000000E+00  0.000000E+00
   N    0.105000E+01  0.000000E+00  0.000000E+00
 
   ATOMIC_VELOCITIES
   N    0.000000E+00  0.000000E+00  0.000000E+00
   N    0.000000E+00  0.000000E+00  0.000000E+00
 


   Partial temperatures (for each ionic specie) 
   Species  Temp (K)   Mean Square Displacement (a.u.)
        1       0.00     0.0000
 
  nfi    ekinc  temph  tempp        etot      enthal       econs       econt    vnhh   xnhh0    vnhp   xnhp0
   50 0.48E-05    0.0    0.0   -19.53300   -19.53300   -19.53300   -19.53300  0.0000  0.0000  0.0000  0.0000     0.00000
 tnosep= F thdyn= F

 * Physical Quantities at step:    51
      NOTE: eigenvalues are not computed without ortho


                total energy =     -19.5330209517 Hartree a.u.
              kinetic energy =      10.8329395825 Hartree a.u.
        electrostatic energy =     -18.8440881722 Hartree a.u.
                         esr =       0.4253436727 Hartree a.u.
                       eself =      19.9471140201 Hartree a.u.
      pseudopotential energy =      -9.9998369095 Hartree a.u.
  n-l pseudopotential energy =       2.9858540533 Hartree a.u.
 exchange-correlation energy =      -4.5078895059 Hartree a.u.
           average potential =       0.0000000000 Hartree a.u.



   Eigenvalues (eV), kp =   1 , spin =  1

    0.00    0.00    0.00    0.00    0.00
 
   Allocated memory (kb) =     43104
 
   CELL_PARAMETERS
   18.00000000    0.00000000    0.00000000
    0.00000000   18.00000000    0.00000000
    0.00000000    0.00000000   18.00000000

   System Density [g/cm^3] :     0.0538


   Center of mass square displacement (a.u.):   0.000000

   ATOMIC_POSITIONS
   N   -0.105000E+01  0.000000E+00  0.000000E+00
   N    0.105000E+01  0.000000E+00  0.000000E+00
 
   ATOMIC_VELOCITIES
   N    0.000000E+00  0.000000E+00  0.000000E+00
   N    0.000000E+00  0.000000E+00  0.000000E+00
 


   Partial temperatures (for each ionic specie) 
   Species  Temp (K)   Mean Square Displacement (a.u.)
        1       0.00     0.0000
   51 0.29E-05    0.0    0.0   -19.53302   -19.53302   -19.53302   -19.53302  0.0000  0.0000  0.0000  0.0000     0.00000
 tnosep= F thdyn= F

   writing restart file: ./SCRATCH//job_cmplx_91.save
   restart file written in    0.167 sec.



   Averaged Physical Quantities
                      accomulated      this run
   ekinc         :        1.27994       0.87621 (AU)
   ekin          :       12.59953      11.64426 (AU)
   epot          :      -32.45476     -32.86549 (AU)
   total energy  :      -16.89081     -18.20635 (AU)
   temperature   :        0.00000       0.00000 (K )
   enthalpy      :      -16.89081     -18.20635 (AU)
   econs         :      -16.89081     -18.20635 (AU)
   pressure      :        0.00000       0.00000 (Gpa)
   volume        :     5832.00000    5832.00000 (AU)


     initialize   :     0.64s CPU
     total_time   :    17.14s CPU (      50 calls,   0.343 s avg)
     formf        :     0.02s CPU
     rhoofr       :     4.21s CPU (      50 calls,   0.084 s avg)
     vofrho       :     7.99s CPU (      50 calls,   0.160 s avg)
     dforce       :     4.62s CPU (     150 calls,   0.031 s avg)
     calphi       :     0.04s CPU (      50 calls,   0.001 s avg)
     gram         :     0.04s CPU (      50 calls,   0.001 s avg)
     newd         :     0.01s CPU (      50 calls,   0.000 s avg)
     calbec       :     0.02s CPU (      51 calls,   0.000 s avg)
     prefor       :     0.01s CPU (      51 calls,   0.000 s avg)
     strucf       :     0.00s CPU
     nlsm1        :     0.02s CPU (      51 calls,   0.000 s avg)
     fft          :     6.11s CPU (     354 calls,   0.017 s avg)
     ffts         :     1.62s CPU (     100 calls,   0.016 s avg)
     fftw         :     5.48s CPU (     850 calls,   0.006 s avg)
     cft3s        :    13.21s CPU (    1304 calls,   0.010 s avg)
     fft_scatter  :     3.16s CPU (    1304 calls,   0.002 s avg)
 
 
     CP           :    17.94s CPU time,   21.28s wall time

 
   This run was terminated on:  14:46:24  16Apr2012            

=------------------------------------------------------------------------------=
   JOB DONE.
=------------------------------------------------------------------------------=
