=------------------------------------------------------------------------------=

     CP: variable-cell Car-Parrinello molecular dynamics
     using norm-conserving and ultrasoft Vanderbilt pseudopotentials

     Version: 4.1 - Wed Feb 15 19:22:38 CET 2012                          
     Authors: Alfredo Pasquarello, Kari Laasonen, Andrea Trave, Roberto Car,
       Paolo Giannozzi, Nicola Marzari, Carlo Cavazzoni, Guido Chiarotti,
       Sandro Scandolo, Paolo Focher, Gerardo Ballabio, and others

=------------------------------------------------------------------------------=

   This run was started on:  17: 5:47  16Feb2012               

   MPI Parallel Build
   Tasks =    4  This task id =    0

   Job Title: MD Simulation


   Atomic Pseudopotentials Parameters
   ----------------------------------

   Reading pseudopotential for specie #  1 from file :
   ../../pseudo/H.pz-vbc.UPF
   file type is 20: UPF


   Main Simulation Parameters (from input)
   ---------------------------------------
   Restart Mode       =       1   restart        
   Number of MD Steps =     100
   Print out every            1 MD Steps
   Reads from unit    =      94
   Writes to unit     =      96
   MD Simulation time step            =      15.00
   Electronic fictitious mass (emass) =    1000.00
   emass cut-off                      =       3.00

   Simulation Cell Parameters (from input)
   external pressure       =            0.00 [GPa]
   wmass (calculated)      =          554.09 [AU]
   ibrav =    8
   alat  =    25.00000000
   a1    =    25.00000000    0.00000000    0.00000000
   a2    =     0.00000000   25.00000000    0.00000000
   a3    =     0.00000000    0.00000000   50.00000000
 
   b1    =     0.04000000    0.00000000    0.00000000
   b2    =     0.00000000    0.04000000    0.00000000
   b3    =     0.00000000    0.00000000    0.02000000
   omega = 31250.00000000

   Energy Cut-offs
   ---------------
   Ecutwfc =   25.0 Ry,      Ecutrho =  100.0 Ry,      Ecuts =  100.0 Ry
   Gcutwfc =   19.9     ,    Gcutrho =   39.8          Gcuts =   39.8
   NOTA BENE: refg, mmx =   0.050000  4000
   Eigenvalues calculated without the kinetic term contribution
   Orthog. with lagrange multipliers : eps =   0.10E-07,  max = 500
   verlet algorithm for electron dynamics
   with friction frice =  0.0500 , grease =  1.0000
   Electron dynamics : the temperature is not controlled

   Electronic states
   -----------------
   Number of Electron =     4, of States =     2
   Occupation numbers :
   2.00 2.00


   Exchange and correlations functionals
   -------------------------------------
   Using Local Density Approximation with
     Exchange functional: SLATER                                                      
     Correlation functional: PERDEW AND ZUNGER                                           
     Exchange-correlation      =  SLA  PZ   NOGX NOGC (1100)


   Ions Simulation Parameters
   --------------------------
   Ions are not allowed to move
   Ionic position (from input)
   sorted by specie, and converted to real a.u. coordinates
   Species   1 atoms =    4 mass =      1822.89 (a.u.),         1.00 (amu) rcmax =   1.00 (a.u.)
        0.000000     0.000000    -3.500000
        0.000000     0.000000    -1.500000
        0.000000     0.000000     1.500000
        0.000000     0.000000     3.500000
   Ionic position will be re-read from restart file


   Cell Dynamics Parameters (from STDIN)
   -------------------------------------
   Starting cell generated from CELLDM
   Cell parameters will be re-read from restart file
   Constant VOLUME Molecular dynamics
   cell parameters are not allowed to move

    =====================================
    |  BERRY PHASE ELECTRIC FIELD 1        
    =====================================
    | direction    =         3            
    | intensity    =   0.00500 a.u.     
    =====================================

   Verbosity: iprsta =  1



   Simulation dimensions initialization
   ------------------------------------

   unit vectors of full simulation cell
   in real space:                         in reciprocal space (units 2pi/alat):
   1    25.0000    0.0000    0.0000              1.0000    0.0000    0.0000
   2     0.0000   25.0000    0.0000              0.0000    1.0000    0.0000
   3     0.0000    0.0000   50.0000              0.0000    0.0000    0.5000
 
   Stick Mesh
   ----------
   nst =  2479,  nstw =   619, nsts =  2479
        PEs    n.st   n.stw   n.sts    n.g    n.gw   n.gs
          1    1240     310    1240  131904   16494  131904
          2    1238     308    1238  131882   16488  131882
          3    1239     309    1239  131901   16491  131901
          4    1240     310    1240  131900   16490  131900
          0    4957    1237    4957  527587   65963  527587
 
 
   Real Mesh
   ---------
   Global Dimensions   Local  Dimensions   Processor Grid
   .X.   .Y.   .Z.     .X.   .Y.   .Z.     .X.   .Y.   .Z.
    80    80   160      80    80    40       1     1     4
   Array leading dimensions ( nr1x, nr2x, nr3x )   =     80    80   160
   Local number of cell to store the grid ( nnrx ) =     256000
   Number of x-y planes for each processors: 
   nr3l =    40   40   40   40
 
   Smooth Real Mesh
   ----------------
   Global Dimensions   Local  Dimensions   Processor Grid
   .X.   .Y.   .Z.     .X.   .Y.   .Z.     .X.   .Y.   .Z.
    80    80   160      80    80    40       1     1     4
   Array leading dimensions ( nr1x, nr2x, nr3x )   =     80    80   160
   Local number of cell to store the grid ( nnrx ) =     256000
   Number of x-y planes for each processors: 
   nr3sl =    40   40   40   40
 
   Reciprocal Space Mesh
   ---------------------
                Large Mesh
   PE   Global(ngmt)     Local(ngm) MaxLocal(ngmx)
    1         263794          65952          65952
    2         263794          65941          65952
    3         263794          65951          65952
    4         263794          65950          65952
                Smooth Mesh
   PE   Global(ngst)     Local(ngs) MaxLocal(ngsx)
    1         263794          65952          65952
    2         263794          65941          65952
    3         263794          65951          65952
    4         263794          65950          65952
                Wave function Mesh
   PE   Global(ngwt)     Local(ngw) MaxLocal(ngwx)
    1          32982           8247           8247
    2          32982           8244           8247
    3          32982           8246           8247
    4          32982           8245           8247


   System geometry initialization
   ------------------------------
 
   Scaled positions from standard input
   H    0.000000E+00  0.000000E+00 -0.700000E-01
   H    0.000000E+00  0.000000E+00 -0.300000E-01
   H    0.000000E+00  0.000000E+00  0.300000E-01
   H    0.000000E+00  0.000000E+00  0.700000E-01
   ibrav =    8       cell parameters 

      25.00000       0.00000       0.00000
       0.00000      25.00000       0.00000
       0.00000       0.00000      50.00000
 

   Matrix Multiplication Performances
   ortho mmul, time for parallel driver      =   0.00000 with    1 procs

   Constraints matrixes will be distributed block like on
   ortho sub-group =    1*   1 procs



   Pseudopotentials initialization
   -------------------------------


   Common initialization

   Specie:     1
 
                        dion 
 
   Short Legend and Physical Units in the Output
   ---------------------------------------------
   NFI    [int]          - step index
   EKINC  [HARTREE A.U.] - kinetic energy of the fictitious electronic dynamics
   TEMPH  [K]            - Temperature of the fictitious cell dynamics
   TEMP   [K]            - Ionic temperature
   ETOT   [HARTREE A.U.] - Scf total energy (Kohn-Sham hamiltonian)
   ENTHAL [HARTREE A.U.] - Enthalpy ( ETOT + P * V )
   ECONS  [HARTREE A.U.] - Enthalpy + kinetic energy of ions and cell
   ECONT  [HARTREE A.U.] - Constant of motion for the CP lagrangian
 

   f_cutoff =  0.1000
   do_spinsym   =    F

   Warning XC functionals forced to be: hf                            
   HF scaling factor =  1.0000
            f_cutoff =  0.1000
       dft_is_hybrid =     T
   EE with periodic-image correction method = tcc                 

   reading restart file: ./SCRATCH/h4_94.save
   restart file read in    0.026 sec.

 nprint_nfi=           -2
 nprint_nfi=          295

   formf: eself=   1.59577
   formf:     vps(g=0)=  -0.0001012     rhops(g=0)=  -0.0000315
   formf: sum_g vps(g)=  -2.2273115 sum_g rhops(g)=  -0.0898096
   Delta V(G=0):   0.000402Ry,    0.010936eV
Initialize Berry phase electric field
 Additional found:       51528
 Additional found:       50500
 Additional found:       51529
 Additional found:       50501
 #not found, gtable:    1237.00000000000     
 #not found, gtabin:    1237.00000000000     
 
  nfi    ekinc  temph  tempp        etot      enthal       econs       econt    vnhh   xnhh0    vnhp   xnhp0
  296 0.11E-03    0.0    0.0    -2.15074    -2.14985    -2.14985    -2.14973  0.0000  0.0000  0.0000  0.0000     0.00000
Elct. dipole 1    0.178398  Ionic dipole 1    0.000000
  297 0.42E-03    0.0    0.0    -2.15155    -2.15066    -2.15066    -2.15023  0.0000  0.0000  0.0000  0.0000     0.00000
Elct. dipole 1    0.178218  Ionic dipole 1    0.000000
  298 0.74E-03    0.0    0.0    -2.15250    -2.15161    -2.15161    -2.15087  0.0000  0.0000  0.0000  0.0000     0.00000
Elct. dipole 1    0.177175  Ionic dipole 1    0.000000
  299 0.83E-03    0.0    0.0    -2.15300    -2.15212    -2.15212    -2.15130  0.0000  0.0000  0.0000  0.0000     0.00000
Elct. dipole 1    0.175439  Ionic dipole 1    0.000000

 * Physical Quantities at step:   300

   from rhoofr: total integrated electronic density
   in g-space =    4.000000   in r-space =   4.000000


                total energy =      -2.1529529920 Hartree a.u.
              kinetic energy =       1.6928296191 Hartree a.u.
        electrostatic energy =      -1.5067433568 Hartree a.u.
                         esr =       0.0464004252 Hartree a.u.
                       eself =       1.5957691216 Hartree a.u.
      pseudopotential energy =      -1.2132536695 Hartree a.u.
  n-l pseudopotential energy =       0.0000000000 Hartree a.u.
 exchange-correlation energy =       0.0000000000 Hartree a.u.
           average potential =       0.0000000000 Hartree a.u.



   Eigenvalues (eV), kp =   1 , spin =  1

  -15.29  -12.88
 
   Allocated memory (kb) =     49988
 
   CELL_PARAMETERS
   25.00000000    0.00000000    0.00000000
    0.00000000   25.00000000    0.00000000
    0.00000000    0.00000000   50.00000000

   System Density [g/cm^3] :     0.0014


   Center of mass square displacement (a.u.):   0.000000

   ATOMIC_POSITIONS
   H    0.000000E+00  0.000000E+00 -0.350000E+01
   H    0.000000E+00  0.000000E+00 -0.150000E+01
   H    0.000000E+00  0.000000E+00  0.150000E+01
   H    0.000000E+00  0.000000E+00  0.350000E+01
 
   ATOMIC_VELOCITIES
   H    0.000000E+00  0.000000E+00  0.000000E+00
   H    0.000000E+00  0.000000E+00  0.000000E+00
   H    0.000000E+00  0.000000E+00  0.000000E+00
   H    0.000000E+00  0.000000E+00  0.000000E+00
 


   Partial temperatures (for each ionic specie) 
   Species  Temp (K)   Mean Square Displacement (a.u.)
        1       0.00     0.0000
 
  nfi    ekinc  temph  tempp        etot      enthal       econs       econt    vnhh   xnhh0    vnhp   xnhp0
  300 0.67E-03    0.0    0.0    -2.15295    -2.15209    -2.15209    -2.15141  0.0000  0.0000  0.0000  0.0000     0.00000
Elct. dipole 1    0.173202  Ionic dipole 1    0.000000

   writing restart file: ./SCRATCH/h4_96.save
   restart file written in    0.132 sec.

  301 0.45E-03    0.0    0.0    -2.15268    -2.15182    -2.15182    -2.15138  0.0000  0.0000  0.0000  0.0000     0.00000
Elct. dipole 1    0.170642  Ionic dipole 1    0.000000
  302 0.30E-03    0.0    0.0    -2.15252    -2.15168    -2.15168    -2.15138  0.0000  0.0000  0.0000  0.0000     0.00000
Elct. dipole 1    0.167883  Ionic dipole 1    0.000000
  303 0.26E-03    0.0    0.0    -2.15258    -2.15175    -2.15175    -2.15149  0.0000  0.0000  0.0000  0.0000     0.00000
Elct. dipole 1    0.164987  Ionic dipole 1    0.000000
  304 0.27E-03    0.0    0.0    -2.15271    -2.15190    -2.15190    -2.15163  0.0000  0.0000  0.0000  0.0000     0.00000
Elct. dipole 1    0.161988  Ionic dipole 1    0.000000
  305 0.25E-03    0.0    0.0    -2.15277    -2.15198    -2.15198    -2.15173  0.0000  0.0000  0.0000  0.0000     0.00000
Elct. dipole 1    0.158938  Ionic dipole 1    0.000000
  306 0.19E-03    0.0    0.0    -2.15274    -2.15196    -2.15196    -2.15177  0.0000  0.0000  0.0000  0.0000     0.00000
Elct. dipole 1    0.155946  Ionic dipole 1    0.000000
  307 0.15E-03    0.0    0.0    -2.15272    -2.15196    -2.15196    -2.15180  0.0000  0.0000  0.0000  0.0000     0.00000
Elct. dipole 1    0.153193  Ionic dipole 1    0.000000
  308 0.16E-03    0.0    0.0    -2.15280    -2.15205    -2.15205    -2.15188  0.0000  0.0000  0.0000  0.0000     0.00000
Elct. dipole 1    0.150912  Ionic dipole 1    0.000000
  309 0.20E-03    0.0    0.0    -2.15297    -2.15222    -2.15222    -2.15202  0.0000  0.0000  0.0000  0.0000     0.00000
Elct. dipole 1    0.149347  Ionic dipole 1    0.000000

 * Physical Quantities at step:   310

   from rhoofr: total integrated electronic density
   in g-space =    4.000000   in r-space =   4.000000


                total energy =      -2.1531222933 Hartree a.u.
              kinetic energy =       1.7250111255 Hartree a.u.
        electrostatic energy =      -1.5100898632 Hartree a.u.
                         esr =       0.0464004252 Hartree a.u.
                       eself =       1.5957691216 Hartree a.u.
      pseudopotential energy =      -1.2377299255 Hartree a.u.
  n-l pseudopotential energy =       0.0000000000 Hartree a.u.
 exchange-correlation energy =       0.0000000000 Hartree a.u.
           average potential =       0.0000000000 Hartree a.u.



   Eigenvalues (eV), kp =   1 , spin =  1

  -15.27  -12.91
 
   Allocated memory (kb) =     49988
 
   CELL_PARAMETERS
   25.00000000    0.00000000    0.00000000
    0.00000000   25.00000000    0.00000000
    0.00000000    0.00000000   50.00000000

   System Density [g/cm^3] :     0.0014


   Center of mass square displacement (a.u.):   0.000000

   ATOMIC_POSITIONS
   H    0.000000E+00  0.000000E+00 -0.350000E+01
   H    0.000000E+00  0.000000E+00 -0.150000E+01
   H    0.000000E+00  0.000000E+00  0.150000E+01
   H    0.000000E+00  0.000000E+00  0.350000E+01
 
   ATOMIC_VELOCITIES
   H    0.000000E+00  0.000000E+00  0.000000E+00
   H    0.000000E+00  0.000000E+00  0.000000E+00
   H    0.000000E+00  0.000000E+00  0.000000E+00
   H    0.000000E+00  0.000000E+00  0.000000E+00
 


   Partial temperatures (for each ionic specie) 
   Species  Temp (K)   Mean Square Displacement (a.u.)
        1       0.00     0.0000
 
  nfi    ekinc  temph  tempp        etot      enthal       econs       econt    vnhh   xnhh0    vnhp   xnhp0
  310 0.23E-03    0.0    0.0    -2.15312    -2.15238    -2.15238    -2.15215  0.0000  0.0000  0.0000  0.0000     0.00000
Elct. dipole 1    0.148701  Ionic dipole 1    0.000000
  311 0.22E-03    0.0    0.0    -2.15319    -2.15244    -2.15244    -2.15223  0.0000  0.0000  0.0000  0.0000     0.00000
Elct. dipole 1    0.149092  Ionic dipole 1    0.000000
  312 0.17E-03    0.0    0.0    -2.15316    -2.15240    -2.15240    -2.15224  0.0000  0.0000  0.0000  0.0000     0.00000
Elct. dipole 1    0.150528  Ionic dipole 1    0.000000
  313 0.11E-03    0.0    0.0    -2.15308    -2.15232    -2.15232    -2.15221  0.0000  0.0000  0.0000  0.0000     0.00000
Elct. dipole 1    0.152902  Ionic dipole 1    0.000000
  314 0.68E-04    0.0    0.0    -2.15303    -2.15225    -2.15225    -2.15219  0.0000  0.0000  0.0000  0.0000     0.00000
Elct. dipole 1    0.156000  Ionic dipole 1    0.000000
  315 0.58E-04    0.0    0.0    -2.15304    -2.15224    -2.15224    -2.15219  0.0000  0.0000  0.0000  0.0000     0.00000
Elct. dipole 1    0.159526  Ionic dipole 1    0.000000
  316 0.68E-04    0.0    0.0    -2.15309    -2.15227    -2.15227    -2.15221  0.0000  0.0000  0.0000  0.0000     0.00000
Elct. dipole 1    0.163137  Ionic dipole 1    0.000000
  317 0.80E-04    0.0    0.0    -2.15315    -2.15231    -2.15231    -2.15223  0.0000  0.0000  0.0000  0.0000     0.00000
Elct. dipole 1    0.166487  Ionic dipole 1    0.000000
  318 0.83E-04    0.0    0.0    -2.15319    -2.15234    -2.15234    -2.15226  0.0000  0.0000  0.0000  0.0000     0.00000
Elct. dipole 1    0.169265  Ionic dipole 1    0.000000
  319 0.77E-04    0.0    0.0    -2.15320    -2.15235    -2.15235    -2.15227  0.0000  0.0000  0.0000  0.0000     0.00000
Elct. dipole 1    0.171231  Ionic dipole 1    0.000000

 * Physical Quantities at step:   320

   from rhoofr: total integrated electronic density
   in g-space =    4.000000   in r-space =   4.000000


                total energy =      -2.1532149068 Hartree a.u.
              kinetic energy =       1.7097645510 Hartree a.u.
        electrostatic energy =      -1.5087482407 Hartree a.u.
                         esr =       0.0464004252 Hartree a.u.
                       eself =       1.5957691216 Hartree a.u.
      pseudopotential energy =      -1.2285401843 Hartree a.u.
  n-l pseudopotential energy =       0.0000000000 Hartree a.u.
 exchange-correlation energy =       0.0000000000 Hartree a.u.
           average potential =       0.0000000000 Hartree a.u.



   Eigenvalues (eV), kp =   1 , spin =  1

  -15.30  -12.91
 
   Allocated memory (kb) =     49988
 
   CELL_PARAMETERS
   25.00000000    0.00000000    0.00000000
    0.00000000   25.00000000    0.00000000
    0.00000000    0.00000000   50.00000000

   System Density [g/cm^3] :     0.0014


   Center of mass square displacement (a.u.):   0.000000

   ATOMIC_POSITIONS
   H    0.000000E+00  0.000000E+00 -0.350000E+01
   H    0.000000E+00  0.000000E+00 -0.150000E+01
   H    0.000000E+00  0.000000E+00  0.150000E+01
   H    0.000000E+00  0.000000E+00  0.350000E+01
 
   ATOMIC_VELOCITIES
   H    0.000000E+00  0.000000E+00  0.000000E+00
   H    0.000000E+00  0.000000E+00  0.000000E+00
   H    0.000000E+00  0.000000E+00  0.000000E+00
   H    0.000000E+00  0.000000E+00  0.000000E+00
 


   Partial temperatures (for each ionic specie) 
   Species  Temp (K)   Mean Square Displacement (a.u.)
        1       0.00     0.0000
 
  nfi    ekinc  temph  tempp        etot      enthal       econs       econt    vnhh   xnhh0    vnhp   xnhp0
  320 0.68E-04    0.0    0.0    -2.15321    -2.15235    -2.15235    -2.15229  0.0000  0.0000  0.0000  0.0000     0.00000
Elct. dipole 1    0.172245  Ionic dipole 1    0.000000
  321 0.61E-04    0.0    0.0    -2.15323    -2.15237    -2.15237    -2.15230  0.0000  0.0000  0.0000  0.0000     0.00000
Elct. dipole 1    0.172276  Ionic dipole 1    0.000000
  322 0.56E-04    0.0    0.0    -2.15324    -2.15238    -2.15238    -2.15233  0.0000  0.0000  0.0000  0.0000     0.00000
Elct. dipole 1    0.171395  Ionic dipole 1    0.000000
  323 0.48E-04    0.0    0.0    -2.15325    -2.15240    -2.15240    -2.15235  0.0000  0.0000  0.0000  0.0000     0.00000
Elct. dipole 1    0.169758  Ionic dipole 1    0.000000
  324 0.38E-04    0.0    0.0    -2.15324    -2.15241    -2.15241    -2.15237  0.0000  0.0000  0.0000  0.0000     0.00000
Elct. dipole 1    0.167580  Ionic dipole 1    0.000000
  325 0.28E-04    0.0    0.0    -2.15323    -2.15241    -2.15241    -2.15238  0.0000  0.0000  0.0000  0.0000     0.00000
Elct. dipole 1    0.165098  Ionic dipole 1    0.000000
  326 0.22E-04    0.0    0.0    -2.15323    -2.15242    -2.15242    -2.15240  0.0000  0.0000  0.0000  0.0000     0.00000
Elct. dipole 1    0.162550  Ionic dipole 1    0.000000
  327 0.22E-04    0.0    0.0    -2.15324    -2.15244    -2.15244    -2.15242  0.0000  0.0000  0.0000  0.0000     0.00000
Elct. dipole 1    0.160151  Ionic dipole 1    0.000000
  328 0.26E-04    0.0    0.0    -2.15326    -2.15247    -2.15247    -2.15244  0.0000  0.0000  0.0000  0.0000     0.00000
Elct. dipole 1    0.158077  Ionic dipole 1    0.000000
  329 0.29E-04    0.0    0.0    -2.15328    -2.15250    -2.15250    -2.15247  0.0000  0.0000  0.0000  0.0000     0.00000
Elct. dipole 1    0.156463  Ionic dipole 1    0.000000

 * Physical Quantities at step:   330

   from rhoofr: total integrated electronic density
   in g-space =    4.000000   in r-space =   4.000000


                total energy =      -2.1532894810 Hartree a.u.
              kinetic energy =       1.7079265380 Hartree a.u.
        electrostatic energy =      -1.5085941560 Hartree a.u.
                         esr =       0.0464004252 Hartree a.u.
                       eself =       1.5957691216 Hartree a.u.
      pseudopotential energy =      -1.2254511982 Hartree a.u.
  n-l pseudopotential energy =       0.0000000000 Hartree a.u.
 exchange-correlation energy =       0.0000000000 Hartree a.u.
           average potential =       0.0000000000 Hartree a.u.



   Eigenvalues (eV), kp =   1 , spin =  1

  -15.28  -12.90
 
   Allocated memory (kb) =     49988
 
   CELL_PARAMETERS
   25.00000000    0.00000000    0.00000000
    0.00000000   25.00000000    0.00000000
    0.00000000    0.00000000   50.00000000

   System Density [g/cm^3] :     0.0014


   Center of mass square displacement (a.u.):   0.000000

   ATOMIC_POSITIONS
   H    0.000000E+00  0.000000E+00 -0.350000E+01
   H    0.000000E+00  0.000000E+00 -0.150000E+01
   H    0.000000E+00  0.000000E+00  0.150000E+01
   H    0.000000E+00  0.000000E+00  0.350000E+01
 
   ATOMIC_VELOCITIES
   H    0.000000E+00  0.000000E+00  0.000000E+00
   H    0.000000E+00  0.000000E+00  0.000000E+00
   H    0.000000E+00  0.000000E+00  0.000000E+00
   H    0.000000E+00  0.000000E+00  0.000000E+00
 


   Partial temperatures (for each ionic specie) 
   Species  Temp (K)   Mean Square Displacement (a.u.)
        1       0.00     0.0000
 
  nfi    ekinc  temph  tempp        etot      enthal       econs       econt    vnhh   xnhh0    vnhp   xnhp0
  330 0.29E-04    0.0    0.0    -2.15329    -2.15251    -2.15251    -2.15248  0.0000  0.0000  0.0000  0.0000     0.00000
Elct. dipole 1    0.155390  Ionic dipole 1    0.000000
  331 0.25E-04    0.0    0.0    -2.15329    -2.15252    -2.15252    -2.15249  0.0000  0.0000  0.0000  0.0000     0.00000
Elct. dipole 1    0.154893  Ionic dipole 1    0.000000
  332 0.19E-04    0.0    0.0    -2.15329    -2.15251    -2.15251    -2.15249  0.0000  0.0000  0.0000  0.0000     0.00000
Elct. dipole 1    0.154959  Ionic dipole 1    0.000000
  333 0.15E-04    0.0    0.0    -2.15329    -2.15251    -2.15251    -2.15249  0.0000  0.0000  0.0000  0.0000     0.00000
Elct. dipole 1    0.155534  Ionic dipole 1    0.000000
  334 0.13E-04    0.0    0.0    -2.15329    -2.15250    -2.15250    -2.15249  0.0000  0.0000  0.0000  0.0000     0.00000
Elct. dipole 1    0.156530  Ionic dipole 1    0.000000
  335 0.11E-04    0.0    0.0    -2.15329    -2.15250    -2.15250    -2.15249  0.0000  0.0000  0.0000  0.0000     0.00000
Elct. dipole 1    0.157833  Ionic dipole 1    0.000000
  336 0.10E-04    0.0    0.0    -2.15329    -2.15250    -2.15250    -2.15249  0.0000  0.0000  0.0000  0.0000     0.00000
Elct. dipole 1    0.159319  Ionic dipole 1    0.000000
  337 0.95E-05    0.0    0.0    -2.15329    -2.15249    -2.15249    -2.15248  0.0000  0.0000  0.0000  0.0000     0.00000
Elct. dipole 1    0.160856  Ionic dipole 1    0.000000
  338 0.91E-05    0.0    0.0    -2.15330    -2.15249    -2.15249    -2.15248  0.0000  0.0000  0.0000  0.0000     0.00000
Elct. dipole 1    0.162323  Ionic dipole 1    0.000000
  339 0.93E-05    0.0    0.0    -2.15330    -2.15248    -2.15248    -2.15247  0.0000  0.0000  0.0000  0.0000     0.00000
Elct. dipole 1    0.163613  Ionic dipole 1    0.000000

 * Physical Quantities at step:   340

   from rhoofr: total integrated electronic density
   in g-space =    4.000000   in r-space =   4.000000


                total energy =      -2.1533057586 Hartree a.u.
              kinetic energy =       1.7065506505 Hartree a.u.
        electrostatic energy =      -1.5084505471 Hartree a.u.
                         esr =       0.0464004252 Hartree a.u.
                       eself =       1.5957691216 Hartree a.u.
      pseudopotential energy =      -1.2243491675 Hartree a.u.
  n-l pseudopotential energy =       0.0000000000 Hartree a.u.
 exchange-correlation energy =       0.0000000000 Hartree a.u.
           average potential =       0.0000000000 Hartree a.u.



   Eigenvalues (eV), kp =   1 , spin =  1

  -15.28  -12.90
 
   Allocated memory (kb) =     49988
 
   CELL_PARAMETERS
   25.00000000    0.00000000    0.00000000
    0.00000000   25.00000000    0.00000000
    0.00000000    0.00000000   50.00000000

   System Density [g/cm^3] :     0.0014


   Center of mass square displacement (a.u.):   0.000000

   ATOMIC_POSITIONS
   H    0.000000E+00  0.000000E+00 -0.350000E+01
   H    0.000000E+00  0.000000E+00 -0.150000E+01
   H    0.000000E+00  0.000000E+00  0.150000E+01
   H    0.000000E+00  0.000000E+00  0.350000E+01
 
   ATOMIC_VELOCITIES
   H    0.000000E+00  0.000000E+00  0.000000E+00
   H    0.000000E+00  0.000000E+00  0.000000E+00
   H    0.000000E+00  0.000000E+00  0.000000E+00
   H    0.000000E+00  0.000000E+00  0.000000E+00
 


   Partial temperatures (for each ionic specie) 
   Species  Temp (K)   Mean Square Displacement (a.u.)
        1       0.00     0.0000
 
  nfi    ekinc  temph  tempp        etot      enthal       econs       econt    vnhh   xnhh0    vnhp   xnhp0
  340 0.96E-05    0.0    0.0    -2.15331    -2.15248    -2.15248    -2.15247  0.0000  0.0000  0.0000  0.0000     0.00000
Elct. dipole 1    0.164644  Ionic dipole 1    0.000000
  341 0.92E-05    0.0    0.0    -2.15331    -2.15248    -2.15248    -2.15247  0.0000  0.0000  0.0000  0.0000     0.00000
Elct. dipole 1    0.165358  Ionic dipole 1    0.000000
  342 0.80E-05    0.0    0.0    -2.15331    -2.15248    -2.15248    -2.15247  0.0000  0.0000  0.0000  0.0000     0.00000
Elct. dipole 1    0.165726  Ionic dipole 1    0.000000

   MAIN:          EKINC   (thr)          DETOT   (thr)       MAXFORCE   (thr)
   MAIN:   0.797693D-05  0.1D-04  0.902389D-06  0.1D-05  0.000000D+00  0.1D+11
   MAIN: convergence achieved for system relaxation

 * Physical Quantities at step:   343


                total energy =      -2.1533089705 Hartree a.u.
              kinetic energy =       1.7086348094 Hartree a.u.
        electrostatic energy =      -1.5085168165 Hartree a.u.
                         esr =       0.0464004252 Hartree a.u.
                       eself =       1.5957691216 Hartree a.u.
      pseudopotential energy =      -1.2261046449 Hartree a.u.
  n-l pseudopotential energy =       0.0000000000 Hartree a.u.
 exchange-correlation energy =       0.0000000000 Hartree a.u.
           average potential =       0.0000000000 Hartree a.u.



   Eigenvalues (eV), kp =   1 , spin =  1

  -15.28  -12.91
 
   Allocated memory (kb) =     49988
 
   CELL_PARAMETERS
   25.00000000    0.00000000    0.00000000
    0.00000000   25.00000000    0.00000000
    0.00000000    0.00000000   50.00000000

   System Density [g/cm^3] :     0.0014


   Center of mass square displacement (a.u.):   0.000000

   ATOMIC_POSITIONS
   H    0.000000E+00  0.000000E+00 -0.350000E+01
   H    0.000000E+00  0.000000E+00 -0.150000E+01
   H    0.000000E+00  0.000000E+00  0.150000E+01
   H    0.000000E+00  0.000000E+00  0.350000E+01
 
   ATOMIC_VELOCITIES
   H    0.000000E+00  0.000000E+00  0.000000E+00
   H    0.000000E+00  0.000000E+00  0.000000E+00
   H    0.000000E+00  0.000000E+00  0.000000E+00
   H    0.000000E+00  0.000000E+00  0.000000E+00
 


   Partial temperatures (for each ionic specie) 
   Species  Temp (K)   Mean Square Displacement (a.u.)
        1       0.00     0.0000
  343 0.62E-05    0.0    0.0    -2.15331    -2.15248    -2.15248    -2.15247  0.0000  0.0000  0.0000  0.0000     0.00000
Elct. dipole 1    0.165745  Ionic dipole 1    0.000000

   MAIN:          EKINC   (thr)          DETOT   (thr)       MAXFORCE   (thr)
   MAIN:   0.618760D-05  0.1D-04  0.941432D-06  0.1D-05  0.000000D+00  0.1D+11
   MAIN: convergence achieved for system relaxation

   writing restart file: ./SCRATCH/h4_96.save
   restart file written in    0.134 sec.



   Averaged Physical Quantities
                      accomulated      this run
   ekinc         :        0.08178       0.00014 (AU)
   ekin          :        1.89973       1.70876 (AU)
   epot          :       -3.65093      -2.73462 (AU)
   total energy  :       -1.92561      -2.15302 (AU)
   temperature   :        0.00000       0.00000 (K )
   enthalpy      :       -1.92476      -2.15221 (AU)
   econs         :       -1.92476      -2.15221 (AU)
   pressure      :        0.00000       0.00000 (Gpa)
   volume        :    31250.00000   31250.00000 (AU)


     initialize   :     7.36s CPU
     total_time   :    30.10s CPU (      48 calls,   0.627 s avg)
     formf        :     0.03s CPU
     rhoofr       :     3.08s CPU (      48 calls,   0.064 s avg)
     vofrho       :     9.79s CPU (      48 calls,   0.204 s avg)
     dforce       :     1.29s CPU (      48 calls,   0.027 s avg)
     calphi       :     0.01s CPU (      48 calls,   0.000 s avg)
     ortho        :     0.00s CPU (      48 calls,   0.000 s avg)
     ortho_iter   :     0.00s CPU (      48 calls,   0.000 s avg)
     rsg          :     0.00s CPU (      48 calls,   0.000 s avg)
     rhoset       :     0.00s CPU (      48 calls,   0.000 s avg)
     updatc       :     0.01s CPU (      48 calls,   0.000 s avg)
     newd         :     0.00s CPU (      48 calls,   0.000 s avg)
     calbec       :     0.00s CPU (      97 calls,   0.000 s avg)
     prefor       :     0.00s CPU (      49 calls,   0.000 s avg)
     strucf       :     0.00s CPU
     nlsm1        :     0.00s CPU (     193 calls,   0.000 s avg)
     fft          :    16.65s CPU (     724 calls,   0.023 s avg)
     ffts         :     2.26s CPU (      96 calls,   0.024 s avg)
     fftw         :     4.63s CPU (     432 calls,   0.011 s avg)
     cft3s        :    23.54s CPU (    1252 calls,   0.019 s avg)
     fft_scatter  :     5.62s CPU (    1252 calls,   0.004 s avg)
 
 
     CP           :    37.57s CPU time,   39.38s wall time

 
   This run was terminated on:  17: 6:26  16Feb2012            

=------------------------------------------------------------------------------=
   JOB DONE.
=------------------------------------------------------------------------------=
