=------------------------------------------------------------------------------=

     CP: variable-cell Car-Parrinello molecular dynamics
     using norm-conserving and ultrasoft Vanderbilt pseudopotentials

     Version: 4.1 - Wed Feb 15 19:22:38 CET 2012                          
     Authors: Alfredo Pasquarello, Kari Laasonen, Andrea Trave, Roberto Car,
       Paolo Giannozzi, Nicola Marzari, Carlo Cavazzoni, Guido Chiarotti,
       Sandro Scandolo, Paolo Focher, Gerardo Ballabio, and others

=------------------------------------------------------------------------------=

   This run was started on:  17:52: 1  16Feb2012               

   MPI Parallel Build
   Tasks =    4  This task id =    0

   Job Title: MD Simulation


   Atomic Pseudopotentials Parameters
   ----------------------------------

   Reading pseudopotential for specie #  1 from file :
   ../../pseudo/H.pz-vbc.UPF
   file type is 20: UPF

   Reading pseudopotential for specie #  2 from file :
   ../../pseudo/C.pz-vbc.UPF
   file type is 20: UPF


   Main Simulation Parameters (from input)
   ---------------------------------------
   Restart Mode       =       1   restart        
   Number of MD Steps =     100
   Print out every            1 MD Steps
   Reads from unit    =      95
   Writes to unit     =      96
   MD Simulation time step            =      15.00
   Electronic fictitious mass (emass) =    1000.00
   emass cut-off                      =       3.00

   Simulation Cell Parameters (from input)
   external pressure       =            0.00 [GPa]
   wmass (calculated)      =          831.14 [AU]
   ibrav =    8
   alat  =    25.00000000
   a1    =    25.00000000    0.00000000    0.00000000
   a2    =     0.00000000   25.00000000    0.00000000
   a3    =     0.00000000    0.00000000   50.00000000
 
   b1    =     0.04000000    0.00000000    0.00000000
   b2    =     0.00000000    0.04000000    0.00000000
   b3    =     0.00000000    0.00000000    0.02000000
   omega = 31250.00000000

   Energy Cut-offs
   ---------------
   Ecutwfc =   40.0 Ry,      Ecutrho =  160.0 Ry,      Ecuts =  160.0 Ry
   Gcutwfc =   25.2     ,    Gcutrho =   50.3          Gcuts =   50.3
   NOTA BENE: refg, mmx =   0.050000  6400
   Eigenvalues calculated without the kinetic term contribution
   Orthog. with lagrange multipliers : eps =   0.10E-07,  max = 500
   verlet algorithm for electron dynamics
   with friction frice =  0.0500 , grease =  1.0000
   Electron dynamics : the temperature is not controlled

   Electronic states
   -----------------
   Number of Electron =    12, of States =     6
   Occupation numbers :
   2.00 2.00 2.00 2.00 2.00 2.00


   Exchange and correlations functionals
   -------------------------------------
   Using Local Density Approximation with
     Exchange functional: SLATER                                                      
     Correlation functional: PERDEW AND ZUNGER                                           
     Exchange-correlation      =  SLA  PZ   NOGX NOGC (1100)


   Ions Simulation Parameters
   --------------------------
   Ions are not allowed to move
   Ionic position (from input)
   sorted by specie, and converted to real a.u. coordinates
   Species   1 atoms =    4 mass =      1822.89 (a.u.),         1.00 (amu) rcmax =   1.00 (a.u.)
        0.000000    -0.376056    -2.869549
        0.000000     2.653175    -1.104545
        0.000000    -2.653175     1.104545
        0.000000     0.376056     2.869549
   Species   2 atoms =    2 mass =      1822.89 (a.u.),         1.00 (amu) rcmax =   0.50 (a.u.)
        0.000000     0.617940    -1.104545
        0.000000    -0.617940     1.104545
   Ionic position will be re-read from restart file


   Cell Dynamics Parameters (from STDIN)
   -------------------------------------
   Starting cell generated from CELLDM
   Cell parameters will be re-read from restart file
   Constant VOLUME Molecular dynamics
   cell parameters are not allowed to move

    =====================================
    |  BERRY PHASE ELECTRIC FIELD 1        
    =====================================
    | direction    =         3            
    | intensity    =   0.00500 a.u.     
    =====================================

   Verbosity: iprsta =  1



   Simulation dimensions initialization
   ------------------------------------

   unit vectors of full simulation cell
   in real space:                         in reciprocal space (units 2pi/alat):
   1    25.0000    0.0000    0.0000              1.0000    0.0000    0.0000
   2     0.0000   25.0000    0.0000              0.0000    1.0000    0.0000
   3     0.0000    0.0000   50.0000              0.0000    0.0000    0.5000
 
   Stick Mesh
   ----------
   nst =  3991,  nstw =   997, nsts =  3991
        PEs    n.st   n.stw   n.sts    n.g    n.gw   n.gs
          1    2004     500    2004  267040   33420  267040
          2    1992     498    1992  267040   33406  267040
          3    1991     497    1991  267039   33405  267039
          4    1994     498    1994  267038   33406  267038
          0    7981    1993    7981 1068157  133637 1068157
 
 
   Real Mesh
   ---------
   Global Dimensions   Local  Dimensions   Processor Grid
   .X.   .Y.   .Z.     .X.   .Y.   .Z.     .X.   .Y.   .Z.
   108   108   216     108   108    54       1     1     4
   Array leading dimensions ( nr1x, nr2x, nr3x )   =    108   108   216
   Local number of cell to store the grid ( nnrx ) =     629856
   Number of x-y planes for each processors: 
   nr3l =    54   54   54   54
 
   Smooth Real Mesh
   ----------------
   Global Dimensions   Local  Dimensions   Processor Grid
   .X.   .Y.   .Z.     .X.   .Y.   .Z.     .X.   .Y.   .Z.
   108   108   216     108   108    54       1     1     4
   Array leading dimensions ( nr1x, nr2x, nr3x )   =    108   108   216
   Local number of cell to store the grid ( nnrx ) =     629856
   Number of x-y planes for each processors: 
   nr3sl =    54   54   54   54
 
   Reciprocal Space Mesh
   ---------------------
                Large Mesh
   PE   Global(ngmt)     Local(ngm) MaxLocal(ngmx)
    1         534079         133520         133520
    2         534079         133520         133520
    3         534079         133520         133520
    4         534079         133519         133520
                Smooth Mesh
   PE   Global(ngst)     Local(ngs) MaxLocal(ngsx)
    1         534079         133520         133520
    2         534079         133520         133520
    3         534079         133520         133520
    4         534079         133519         133520
                Wave function Mesh
   PE   Global(ngwt)     Local(ngw) MaxLocal(ngwx)
    1          66819          16710          16710
    2          66819          16703          16710
    3          66819          16703          16710
    4          66819          16703          16710


   System geometry initialization
   ------------------------------
 
   Scaled positions from standard input
   H    0.000000E+00 -0.150422E-01 -0.573910E-01
   H    0.000000E+00  0.106127E+00 -0.220909E-01
   H    0.000000E+00 -0.106127E+00  0.220909E-01
   H    0.000000E+00  0.150422E-01  0.573910E-01
   C    0.000000E+00  0.247176E-01 -0.220909E-01
   C    0.000000E+00 -0.247176E-01  0.220909E-01
   ibrav =    8       cell parameters 

      25.00000       0.00000       0.00000
       0.00000      25.00000       0.00000
       0.00000       0.00000      50.00000
 

   Matrix Multiplication Performances
   ortho mmul, time for parallel driver      =   0.00000 with    1 procs

   Constraints matrixes will be distributed block like on
   ortho sub-group =    1*   1 procs



   Pseudopotentials initialization
   -------------------------------


   Common initialization

   Specie:     1
 
                        dion 

   Specie:     2
   1  indv=  1   ang. mom=  0
 
                        dion 
   0.5848
 
   Short Legend and Physical Units in the Output
   ---------------------------------------------
   NFI    [int]          - step index
   EKINC  [HARTREE A.U.] - kinetic energy of the fictitious electronic dynamics
   TEMPH  [K]            - Temperature of the fictitious cell dynamics
   TEMP   [K]            - Ionic temperature
   ETOT   [HARTREE A.U.] - Scf total energy (Kohn-Sham hamiltonian)
   ENTHAL [HARTREE A.U.] - Enthalpy ( ETOT + P * V )
   ECONS  [HARTREE A.U.] - Enthalpy + kinetic energy of ions and cell
   ECONT  [HARTREE A.U.] - Constant of motion for the CP lagrangian
 

   f_cutoff =  0.1000
   do_spinsym   =    F

   Warning XC functionals forced to be: hf                            
   HF scaling factor =  1.0000
            f_cutoff =  0.1000
       dft_is_hybrid =     T
   EE with periodic-image correction method = tcc                 

   reading restart file: ./SCRATCH/opa_95.save
   restart file read in    0.078 sec.

 nprint_nfi=           -2
 nprint_nfi=          454

   formf: eself=  27.12808
   formf:     vps(g=0)=  -0.0001012     rhops(g=0)=  -0.0000315
   formf: sum_g vps(g)=  -2.5060569 sum_g rhops(g)=  -0.0898096
   formf:     vps(g=0)=  -0.0001028     rhops(g=0)=  -0.0001275
   formf: sum_g vps(g)=  -2.9163930 sum_g rhops(g)=  -2.8729706
   Delta V(G=0):   0.000603Ry,    0.016407eV
Initialize Berry phase electric field
 Additional found:      104442
 Additional found:      102926
 Additional found:      104443
 Additional found:      102926
 #not found, gtable:    1993.00000000000     
 #not found, gtabin:    1993.00000000000     
 
  nfi    ekinc  temph  tempp        etot      enthal       econs       econt    vnhh   xnhh0    vnhp   xnhp0
  455 0.24E-03    0.0    0.0   -13.30880   -13.30806   -13.30806   -13.30782  0.0000  0.0000  0.0000  0.0000    -0.00001
Elct. dipole 1    0.147276  Ionic dipole 1    0.000000
  456 0.91E-03    0.0    0.0   -13.31055   -13.30981   -13.30981   -13.30890  0.0000  0.0000  0.0000  0.0000    -0.00001
Elct. dipole 1    0.148373  Ionic dipole 1    0.000000
  457 0.16E-02    0.0    0.0   -13.31255   -13.31180   -13.31180   -13.31023  0.0000  0.0000  0.0000  0.0000    -0.00001
Elct. dipole 1    0.150268  Ionic dipole 1    0.000000
  458 0.17E-02    0.0    0.0   -13.31351   -13.31274   -13.31274   -13.31104  0.0000  0.0000  0.0000  0.0000    -0.00001
Elct. dipole 1    0.152736  Ionic dipole 1    0.000000
  459 0.14E-02    0.0    0.0   -13.31332   -13.31255   -13.31255   -13.31119  0.0000  0.0000  0.0000  0.0000    -0.00001
Elct. dipole 1    0.155543  Ionic dipole 1    0.000000

 * Physical Quantities at step:   460

   from rhoofr: total integrated electronic density
   in g-space =   12.000000   in r-space =  12.000000


                total energy =     -13.3127615565 Hartree a.u.
              kinetic energy =      10.1044447204 Hartree a.u.
        electrostatic energy =     -16.9215819840 Hartree a.u.
                         esr =       0.0808070377 Hartree a.u.
                       eself =      27.1280750673 Hartree a.u.
      pseudopotential energy =      -3.2244418179 Hartree a.u.
  n-l pseudopotential energy =       1.2181569070 Hartree a.u.
 exchange-correlation energy =       0.0000000000 Hartree a.u.
           average potential =       0.0000000000 Hartree a.u.



   Eigenvalues (eV), kp =   1 , spin =  1

  -28.40  -21.78  -17.81  -16.01  -14.05  -10.38
 
   Allocated memory (kb) =    126012
 
   CELL_PARAMETERS
   25.00000000    0.00000000    0.00000000
    0.00000000   25.00000000    0.00000000
    0.00000000    0.00000000   50.00000000

   System Density [g/cm^3] :     0.0022


   Center of mass square displacement (a.u.):   0.000000

   ATOMIC_POSITIONS
   H    0.000000E+00 -0.376056E+00 -0.286955E+01
   C    0.000000E+00  0.617940E+00 -0.110454E+01
   C    0.000000E+00 -0.617940E+00  0.110454E+01
   H    0.000000E+00  0.265318E+01 -0.110454E+01
   H    0.000000E+00 -0.265318E+01  0.110454E+01
   H    0.000000E+00  0.376056E+00  0.286955E+01
 
   ATOMIC_VELOCITIES
   H    0.000000E+00  0.000000E+00  0.000000E+00
   C    0.000000E+00  0.000000E+00  0.000000E+00
   C    0.000000E+00  0.000000E+00  0.000000E+00
   H    0.000000E+00  0.000000E+00  0.000000E+00
   H    0.000000E+00  0.000000E+00  0.000000E+00
   H    0.000000E+00  0.000000E+00  0.000000E+00
 


   Partial temperatures (for each ionic specie) 
   Species  Temp (K)   Mean Square Displacement (a.u.)
        1       0.00     0.0000
        2       0.00     0.0000
 
  nfi    ekinc  temph  tempp        etot      enthal       econs       econt    vnhh   xnhh0    vnhp   xnhp0
  460 0.90E-03    0.0    0.0   -13.31276   -13.31197   -13.31197   -13.31107  0.0000  0.0000  0.0000  0.0000    -0.00001
Elct. dipole 1    0.158478  Ionic dipole 1    0.000000
  461 0.63E-03    0.0    0.0   -13.31251   -13.31170   -13.31170   -13.31108  0.0000  0.0000  0.0000  0.0000    -0.00001
Elct. dipole 1    0.161367  Ionic dipole 1    0.000000
  462 0.57E-03    0.0    0.0   -13.31267   -13.31185   -13.31185   -13.31128  0.0000  0.0000  0.0000  0.0000    -0.00001
Elct. dipole 1    0.164084  Ionic dipole 1    0.000000
  463 0.59E-03    0.0    0.0   -13.31297   -13.31214   -13.31214   -13.31155  0.0000  0.0000  0.0000  0.0000    -0.00001
Elct. dipole 1    0.166541  Ionic dipole 1    0.000000
  464 0.58E-03    0.0    0.0   -13.31318   -13.31234   -13.31234   -13.31176  0.0000  0.0000  0.0000  0.0000    -0.00001
Elct. dipole 1    0.168681  Ionic dipole 1    0.000000
  465 0.52E-03    0.0    0.0   -13.31327   -13.31242   -13.31242   -13.31190  0.0000  0.0000  0.0000  0.0000    -0.00001
Elct. dipole 1    0.170461  Ionic dipole 1    0.000000
  466 0.45E-03    0.0    0.0   -13.31331   -13.31246   -13.31246   -13.31201  0.0000  0.0000  0.0000  0.0000    -0.00001
Elct. dipole 1    0.171845  Ionic dipole 1    0.000000
  467 0.39E-03    0.0    0.0   -13.31336   -13.31250   -13.31250   -13.31211  0.0000  0.0000  0.0000  0.0000    -0.00001
Elct. dipole 1    0.172799  Ionic dipole 1    0.000000
  468 0.34E-03    0.0    0.0   -13.31342   -13.31255   -13.31255   -13.31221  0.0000  0.0000  0.0000  0.0000    -0.00001
Elct. dipole 1    0.173300  Ionic dipole 1    0.000000
  469 0.31E-03    0.0    0.0   -13.31349   -13.31262   -13.31262   -13.31231  0.0000  0.0000  0.0000  0.0000    -0.00001
Elct. dipole 1    0.173340  Ionic dipole 1    0.000000

 * Physical Quantities at step:   470

   from rhoofr: total integrated electronic density
   in g-space =   12.000000   in r-space =  12.000000


                total energy =     -13.3135848764 Hartree a.u.
              kinetic energy =      10.2141635559 Hartree a.u.
        electrostatic energy =     -17.0070270699 Hartree a.u.
                         esr =       0.0808070377 Hartree a.u.
                       eself =      27.1280750673 Hartree a.u.
      pseudopotential energy =      -3.2403198969 Hartree a.u.
  n-l pseudopotential energy =       1.2141984885 Hartree a.u.
 exchange-correlation energy =       0.0000000000 Hartree a.u.
           average potential =       0.0000000000 Hartree a.u.



   Eigenvalues (eV), kp =   1 , spin =  1

  -28.14  -21.62  -17.75  -15.91  -13.98  -10.20
 
   Allocated memory (kb) =    126012
 
   CELL_PARAMETERS
   25.00000000    0.00000000    0.00000000
    0.00000000   25.00000000    0.00000000
    0.00000000    0.00000000   50.00000000

   System Density [g/cm^3] :     0.0022


   Center of mass square displacement (a.u.):   0.000000

   ATOMIC_POSITIONS
   H    0.000000E+00 -0.376056E+00 -0.286955E+01
   C    0.000000E+00  0.617940E+00 -0.110454E+01
   C    0.000000E+00 -0.617940E+00  0.110454E+01
   H    0.000000E+00  0.265318E+01 -0.110454E+01
   H    0.000000E+00 -0.265318E+01  0.110454E+01
   H    0.000000E+00  0.376056E+00  0.286955E+01
 
   ATOMIC_VELOCITIES
   H    0.000000E+00  0.000000E+00  0.000000E+00
   C    0.000000E+00  0.000000E+00  0.000000E+00
   C    0.000000E+00  0.000000E+00  0.000000E+00
   H    0.000000E+00  0.000000E+00  0.000000E+00
   H    0.000000E+00  0.000000E+00  0.000000E+00
   H    0.000000E+00  0.000000E+00  0.000000E+00
 


   Partial temperatures (for each ionic specie) 
   Species  Temp (K)   Mean Square Displacement (a.u.)
        1       0.00     0.0000
        2       0.00     0.0000
 
  nfi    ekinc  temph  tempp        etot      enthal       econs       econt    vnhh   xnhh0    vnhp   xnhp0
  470 0.30E-03    0.0    0.0   -13.31358   -13.31272   -13.31272   -13.31242  0.0000  0.0000  0.0000  0.0000    -0.00001
Elct. dipole 1    0.172940  Ionic dipole 1    0.000000
  471 0.30E-03    0.0    0.0   -13.31371   -13.31285   -13.31285   -13.31255  0.0000  0.0000  0.0000  0.0000    -0.00001
Elct. dipole 1    0.172154  Ionic dipole 1    0.000000
  472 0.29E-03    0.0    0.0   -13.31382   -13.31296   -13.31296   -13.31267  0.0000  0.0000  0.0000  0.0000    -0.00001
Elct. dipole 1    0.171067  Ionic dipole 1    0.000000
  473 0.27E-03    0.0    0.0   -13.31389   -13.31304   -13.31304   -13.31277  0.0000  0.0000  0.0000  0.0000    -0.00001
Elct. dipole 1    0.169781  Ionic dipole 1    0.000000
  474 0.23E-03    0.0    0.0   -13.31390   -13.31306   -13.31306   -13.31283  0.0000  0.0000  0.0000  0.0000    -0.00001
Elct. dipole 1    0.168404  Ionic dipole 1    0.000000
  475 0.19E-03    0.0    0.0   -13.31390   -13.31306   -13.31306   -13.31287  0.0000  0.0000  0.0000  0.0000    -0.00001
Elct. dipole 1    0.167034  Ionic dipole 1    0.000000
  476 0.16E-03    0.0    0.0   -13.31390   -13.31307   -13.31307   -13.31292  0.0000  0.0000  0.0000  0.0000    -0.00001
Elct. dipole 1    0.165748  Ionic dipole 1    0.000000
  477 0.14E-03    0.0    0.0   -13.31393   -13.31311   -13.31311   -13.31297  0.0000  0.0000  0.0000  0.0000    -0.00001
Elct. dipole 1    0.164597  Ionic dipole 1    0.000000
  478 0.13E-03    0.0    0.0   -13.31398   -13.31316   -13.31316   -13.31302  0.0000  0.0000  0.0000  0.0000    -0.00001
Elct. dipole 1    0.163609  Ionic dipole 1    0.000000
  479 0.12E-03    0.0    0.0   -13.31401   -13.31319   -13.31319   -13.31307  0.0000  0.0000  0.0000  0.0000    -0.00001
Elct. dipole 1    0.162795  Ionic dipole 1    0.000000

 * Physical Quantities at step:   480

   from rhoofr: total integrated electronic density
   in g-space =   12.000000   in r-space =  12.000000


                total energy =     -13.3140211819 Hartree a.u.
              kinetic energy =      10.1618914947 Hartree a.u.
        electrostatic energy =     -16.9684942672 Hartree a.u.
                         esr =       0.0808070377 Hartree a.u.
                       eself =      27.1280750673 Hartree a.u.
      pseudopotential energy =      -3.2373061401 Hartree a.u.
  n-l pseudopotential energy =       1.2248941998 Hartree a.u.
 exchange-correlation energy =       0.0000000000 Hartree a.u.
           average potential =       0.0000000000 Hartree a.u.



   Eigenvalues (eV), kp =   1 , spin =  1

  -28.23  -21.67  -17.73  -15.91  -13.97  -10.27
 
   Allocated memory (kb) =    126012
 
   CELL_PARAMETERS
   25.00000000    0.00000000    0.00000000
    0.00000000   25.00000000    0.00000000
    0.00000000    0.00000000   50.00000000

   System Density [g/cm^3] :     0.0022


   Center of mass square displacement (a.u.):   0.000000

   ATOMIC_POSITIONS
   H    0.000000E+00 -0.376056E+00 -0.286955E+01
   C    0.000000E+00  0.617940E+00 -0.110454E+01
   C    0.000000E+00 -0.617940E+00  0.110454E+01
   H    0.000000E+00  0.265318E+01 -0.110454E+01
   H    0.000000E+00 -0.265318E+01  0.110454E+01
   H    0.000000E+00  0.376056E+00  0.286955E+01
 
   ATOMIC_VELOCITIES
   H    0.000000E+00  0.000000E+00  0.000000E+00
   C    0.000000E+00  0.000000E+00  0.000000E+00
   C    0.000000E+00  0.000000E+00  0.000000E+00
   H    0.000000E+00  0.000000E+00  0.000000E+00
   H    0.000000E+00  0.000000E+00  0.000000E+00
   H    0.000000E+00  0.000000E+00  0.000000E+00
 


   Partial temperatures (for each ionic specie) 
   Species  Temp (K)   Mean Square Displacement (a.u.)
        1       0.00     0.0000
        2       0.00     0.0000
 
  nfi    ekinc  temph  tempp        etot      enthal       econs       econt    vnhh   xnhh0    vnhp   xnhp0
  480 0.11E-03    0.0    0.0   -13.31402   -13.31321   -13.31321   -13.31310  0.0000  0.0000  0.0000  0.0000    -0.00001
Elct. dipole 1    0.162153  Ionic dipole 1    0.000000
  481 0.92E-04    0.0    0.0   -13.31403   -13.31322   -13.31322   -13.31313  0.0000  0.0000  0.0000  0.0000    -0.00001
Elct. dipole 1    0.161679  Ionic dipole 1    0.000000
  482 0.84E-04    0.0    0.0   -13.31405   -13.31324   -13.31324   -13.31315  0.0000  0.0000  0.0000  0.0000    -0.00001
Elct. dipole 1    0.161366  Ionic dipole 1    0.000000
  483 0.84E-04    0.0    0.0   -13.31408   -13.31327   -13.31327   -13.31319  0.0000  0.0000  0.0000  0.0000    -0.00001
Elct. dipole 1    0.161213  Ionic dipole 1    0.000000
  484 0.85E-04    0.0    0.0   -13.31412   -13.31331   -13.31331   -13.31323  0.0000  0.0000  0.0000  0.0000    -0.00001
Elct. dipole 1    0.161216  Ionic dipole 1    0.000000
  485 0.82E-04    0.0    0.0   -13.31415   -13.31334   -13.31334   -13.31326  0.0000  0.0000  0.0000  0.0000    -0.00001
Elct. dipole 1    0.161373  Ionic dipole 1    0.000000
  486 0.72E-04    0.0    0.0   -13.31416   -13.31335   -13.31335   -13.31328  0.0000  0.0000  0.0000  0.0000    -0.00001
Elct. dipole 1    0.161675  Ionic dipole 1    0.000000
  487 0.58E-04    0.0    0.0   -13.31415   -13.31334   -13.31334   -13.31328  0.0000  0.0000  0.0000  0.0000    -0.00001
Elct. dipole 1    0.162107  Ionic dipole 1    0.000000
  488 0.48E-04    0.0    0.0   -13.31415   -13.31334   -13.31334   -13.31329  0.0000  0.0000  0.0000  0.0000    -0.00001
Elct. dipole 1    0.162646  Ionic dipole 1    0.000000
  489 0.43E-04    0.0    0.0   -13.31416   -13.31334   -13.31334   -13.31330  0.0000  0.0000  0.0000  0.0000    -0.00001
Elct. dipole 1    0.163259  Ionic dipole 1    0.000000

 * Physical Quantities at step:   490

   from rhoofr: total integrated electronic density
   in g-space =   12.000000   in r-space =  12.000000


                total energy =     -13.3141747847 Hartree a.u.
              kinetic energy =      10.1724860343 Hartree a.u.
        electrostatic energy =     -16.9725805835 Hartree a.u.
                         esr =       0.0808070377 Hartree a.u.
                       eself =      27.1280750673 Hartree a.u.
      pseudopotential energy =      -3.2369789482 Hartree a.u.
  n-l pseudopotential energy =       1.2183715723 Hartree a.u.
 exchange-correlation energy =       0.0000000000 Hartree a.u.
           average potential =       0.0000000000 Hartree a.u.



   Eigenvalues (eV), kp =   1 , spin =  1

  -28.22  -21.66  -17.75  -15.92  -13.99  -10.24
 
   Allocated memory (kb) =    126012
 
   CELL_PARAMETERS
   25.00000000    0.00000000    0.00000000
    0.00000000   25.00000000    0.00000000
    0.00000000    0.00000000   50.00000000

   System Density [g/cm^3] :     0.0022


   Center of mass square displacement (a.u.):   0.000000

   ATOMIC_POSITIONS
   H    0.000000E+00 -0.376056E+00 -0.286955E+01
   C    0.000000E+00  0.617940E+00 -0.110454E+01
   C    0.000000E+00 -0.617940E+00  0.110454E+01
   H    0.000000E+00  0.265318E+01 -0.110454E+01
   H    0.000000E+00 -0.265318E+01  0.110454E+01
   H    0.000000E+00  0.376056E+00  0.286955E+01
 
   ATOMIC_VELOCITIES
   H    0.000000E+00  0.000000E+00  0.000000E+00
   C    0.000000E+00  0.000000E+00  0.000000E+00
   C    0.000000E+00  0.000000E+00  0.000000E+00
   H    0.000000E+00  0.000000E+00  0.000000E+00
   H    0.000000E+00  0.000000E+00  0.000000E+00
   H    0.000000E+00  0.000000E+00  0.000000E+00
 


   Partial temperatures (for each ionic specie) 
   Species  Temp (K)   Mean Square Displacement (a.u.)
        1       0.00     0.0000
        2       0.00     0.0000
 
  nfi    ekinc  temph  tempp        etot      enthal       econs       econt    vnhh   xnhh0    vnhp   xnhp0
  490 0.41E-04    0.0    0.0   -13.31417   -13.31336   -13.31336   -13.31331  0.0000  0.0000  0.0000  0.0000    -0.00001
Elct. dipole 1    0.163913  Ionic dipole 1    0.000000
  491 0.38E-04    0.0    0.0   -13.31419   -13.31336   -13.31336   -13.31332  0.0000  0.0000  0.0000  0.0000    -0.00001
Elct. dipole 1    0.164571  Ionic dipole 1    0.000000
  492 0.33E-04    0.0    0.0   -13.31419   -13.31336   -13.31336   -13.31333  0.0000  0.0000  0.0000  0.0000    -0.00001
Elct. dipole 1    0.165200  Ionic dipole 1    0.000000
  493 0.28E-04    0.0    0.0   -13.31419   -13.31336   -13.31336   -13.31333  0.0000  0.0000  0.0000  0.0000    -0.00001
Elct. dipole 1    0.165772  Ionic dipole 1    0.000000
  494 0.25E-04    0.0    0.0   -13.31420   -13.31336   -13.31336   -13.31334  0.0000  0.0000  0.0000  0.0000    -0.00001
Elct. dipole 1    0.166264  Ionic dipole 1    0.000000
  495 0.24E-04    0.0    0.0   -13.31420   -13.31337   -13.31337   -13.31335  0.0000  0.0000  0.0000  0.0000    -0.00001
Elct. dipole 1    0.166659  Ionic dipole 1    0.000000
  496 0.24E-04    0.0    0.0   -13.31421   -13.31338   -13.31338   -13.31335  0.0000  0.0000  0.0000  0.0000    -0.00001
Elct. dipole 1    0.166944  Ionic dipole 1    0.000000
  497 0.23E-04    0.0    0.0   -13.31422   -13.31339   -13.31339   -13.31336  0.0000  0.0000  0.0000  0.0000    -0.00001
Elct. dipole 1    0.167111  Ionic dipole 1    0.000000
  498 0.21E-04    0.0    0.0   -13.31423   -13.31339   -13.31339   -13.31337  0.0000  0.0000  0.0000  0.0000    -0.00001
Elct. dipole 1    0.167158  Ionic dipole 1    0.000000
  499 0.19E-04    0.0    0.0   -13.31423   -13.31339   -13.31339   -13.31338  0.0000  0.0000  0.0000  0.0000    -0.00001
Elct. dipole 1    0.167088  Ionic dipole 1    0.000000

 * Physical Quantities at step:   500

   from rhoofr: total integrated electronic density
   in g-space =   12.000000   in r-space =  12.000000


                total energy =     -13.3142306427 Hartree a.u.
              kinetic energy =      10.1769954034 Hartree a.u.
        electrostatic energy =     -16.9799635440 Hartree a.u.
                         esr =       0.0808070377 Hartree a.u.
                       eself =      27.1280750673 Hartree a.u.
      pseudopotential energy =      -3.2360741882 Hartree a.u.
  n-l pseudopotential energy =       1.2207448166 Hartree a.u.
 exchange-correlation energy =       0.0000000000 Hartree a.u.
           average potential =       0.0000000000 Hartree a.u.



   Eigenvalues (eV), kp =   1 , spin =  1

  -28.20  -21.65  -17.73  -15.90  -13.97  -10.24
 
   Allocated memory (kb) =    126012
 
   CELL_PARAMETERS
   25.00000000    0.00000000    0.00000000
    0.00000000   25.00000000    0.00000000
    0.00000000    0.00000000   50.00000000

   System Density [g/cm^3] :     0.0022


   Center of mass square displacement (a.u.):   0.000000

   ATOMIC_POSITIONS
   H    0.000000E+00 -0.376056E+00 -0.286955E+01
   C    0.000000E+00  0.617940E+00 -0.110454E+01
   C    0.000000E+00 -0.617940E+00  0.110454E+01
   H    0.000000E+00  0.265318E+01 -0.110454E+01
   H    0.000000E+00 -0.265318E+01  0.110454E+01
   H    0.000000E+00  0.376056E+00  0.286955E+01
 
   ATOMIC_VELOCITIES
   H    0.000000E+00  0.000000E+00  0.000000E+00
   C    0.000000E+00  0.000000E+00  0.000000E+00
   C    0.000000E+00  0.000000E+00  0.000000E+00
   H    0.000000E+00  0.000000E+00  0.000000E+00
   H    0.000000E+00  0.000000E+00  0.000000E+00
   H    0.000000E+00  0.000000E+00  0.000000E+00
 


   Partial temperatures (for each ionic specie) 
   Species  Temp (K)   Mean Square Displacement (a.u.)
        1       0.00     0.0000
        2       0.00     0.0000
 
  nfi    ekinc  temph  tempp        etot      enthal       econs       econt    vnhh   xnhh0    vnhp   xnhp0
  500 0.16E-04    0.0    0.0   -13.31423   -13.31340   -13.31340   -13.31338  0.0000  0.0000  0.0000  0.0000    -0.00001
Elct. dipole 1    0.166910  Ionic dipole 1    0.000000

   writing restart file: ./SCRATCH/opa_96.save
   restart file written in    0.326 sec.

  501 0.14E-04    0.0    0.0   -13.31423   -13.31340   -13.31340   -13.31339  0.0000  0.0000  0.0000  0.0000    -0.00001
Elct. dipole 1    0.166639  Ionic dipole 1    0.000000
  502 0.12E-04    0.0    0.0   -13.31423   -13.31340   -13.31340   -13.31339  0.0000  0.0000  0.0000  0.0000    -0.00001
Elct. dipole 1    0.166297  Ionic dipole 1    0.000000
  503 0.10E-04    0.0    0.0   -13.31424   -13.31341   -13.31341   -13.31340  0.0000  0.0000  0.0000  0.0000    -0.00001
Elct. dipole 1    0.165908  Ionic dipole 1    0.000000
  504 0.91E-05    0.0    0.0   -13.31424   -13.31341   -13.31341   -13.31340  0.0000  0.0000  0.0000  0.0000    -0.00001
Elct. dipole 1    0.165497  Ionic dipole 1    0.000000
  505 0.84E-05    0.0    0.0   -13.31424   -13.31341   -13.31341   -13.31340  0.0000  0.0000  0.0000  0.0000    -0.00001
Elct. dipole 1    0.165090  Ionic dipole 1    0.000000
  506 0.81E-05    0.0    0.0   -13.31424   -13.31342   -13.31342   -13.31341  0.0000  0.0000  0.0000  0.0000    -0.00001
Elct. dipole 1    0.164709  Ionic dipole 1    0.000000
  507 0.79E-05    0.0    0.0   -13.31424   -13.31342   -13.31342   -13.31341  0.0000  0.0000  0.0000  0.0000    -0.00001
Elct. dipole 1    0.164371  Ionic dipole 1    0.000000
  508 0.76E-05    0.0    0.0   -13.31425   -13.31343   -13.31343   -13.31342  0.0000  0.0000  0.0000  0.0000    -0.00001
Elct. dipole 1    0.164091  Ionic dipole 1    0.000000
  509 0.68E-05    0.0    0.0   -13.31425   -13.31343   -13.31343   -13.31342  0.0000  0.0000  0.0000  0.0000    -0.00001
Elct. dipole 1    0.163877  Ionic dipole 1    0.000000

 * Physical Quantities at step:   510

   from rhoofr: total integrated electronic density
   in g-space =   12.000000   in r-space =  12.000000


                total energy =     -13.3142486946 Hartree a.u.
              kinetic energy =      10.1734413785 Hartree a.u.
        electrostatic energy =     -16.9780429338 Hartree a.u.
                         esr =       0.0808070377 Hartree a.u.
                       eself =      27.1280750673 Hartree a.u.
      pseudopotential energy =      -3.2360106210 Hartree a.u.
  n-l pseudopotential energy =       1.2221966068 Hartree a.u.
 exchange-correlation energy =       0.0000000000 Hartree a.u.
           average potential =       0.0000000000 Hartree a.u.



   Eigenvalues (eV), kp =   1 , spin =  1

  -28.20  -21.65  -17.73  -15.90  -13.97  -10.23
 
   Allocated memory (kb) =    126012
 
   CELL_PARAMETERS
   25.00000000    0.00000000    0.00000000
    0.00000000   25.00000000    0.00000000
    0.00000000    0.00000000   50.00000000

   System Density [g/cm^3] :     0.0022


   Center of mass square displacement (a.u.):   0.000000

   ATOMIC_POSITIONS
   H    0.000000E+00 -0.376056E+00 -0.286955E+01
   C    0.000000E+00  0.617940E+00 -0.110454E+01
   C    0.000000E+00 -0.617940E+00  0.110454E+01
   H    0.000000E+00  0.265318E+01 -0.110454E+01
   H    0.000000E+00 -0.265318E+01  0.110454E+01
   H    0.000000E+00  0.376056E+00  0.286955E+01
 
   ATOMIC_VELOCITIES
   H    0.000000E+00  0.000000E+00  0.000000E+00
   C    0.000000E+00  0.000000E+00  0.000000E+00
   C    0.000000E+00  0.000000E+00  0.000000E+00
   H    0.000000E+00  0.000000E+00  0.000000E+00
   H    0.000000E+00  0.000000E+00  0.000000E+00
   H    0.000000E+00  0.000000E+00  0.000000E+00
 


   Partial temperatures (for each ionic specie) 
   Species  Temp (K)   Mean Square Displacement (a.u.)
        1       0.00     0.0000
        2       0.00     0.0000
 
  nfi    ekinc  temph  tempp        etot      enthal       econs       econt    vnhh   xnhh0    vnhp   xnhp0
  510 0.59E-05    0.0    0.0   -13.31425   -13.31343   -13.31343   -13.31342  0.0000  0.0000  0.0000  0.0000    -0.00001
Elct. dipole 1    0.163734  Ionic dipole 1    0.000000

   MAIN:          EKINC   (thr)          DETOT   (thr)       MAXFORCE   (thr)
   MAIN:   0.591389D-05  0.1D-04  0.646054D-06  0.1D-05  0.000000D+00  0.1D+11
   MAIN: convergence achieved for system relaxation

 * Physical Quantities at step:   511


                total energy =     -13.3142492340 Hartree a.u.
              kinetic energy =      10.1732809896 Hartree a.u.
        electrostatic energy =     -16.9783056376 Hartree a.u.
                         esr =       0.0808070377 Hartree a.u.
                       eself =      27.1280750673 Hartree a.u.
      pseudopotential energy =      -3.2358524216 Hartree a.u.
  n-l pseudopotential energy =       1.2224649615 Hartree a.u.
 exchange-correlation energy =       0.0000000000 Hartree a.u.
           average potential =       0.0000000000 Hartree a.u.



   Eigenvalues (eV), kp =   1 , spin =  1

  -28.20  -21.65  -17.73  -15.90  -13.98  -10.23
 
   Allocated memory (kb) =    126012
 
   CELL_PARAMETERS
   25.00000000    0.00000000    0.00000000
    0.00000000   25.00000000    0.00000000
    0.00000000    0.00000000   50.00000000

   System Density [g/cm^3] :     0.0022


   Center of mass square displacement (a.u.):   0.000000

   ATOMIC_POSITIONS
   H    0.000000E+00 -0.376056E+00 -0.286955E+01
   C    0.000000E+00  0.617940E+00 -0.110454E+01
   C    0.000000E+00 -0.617940E+00  0.110454E+01
   H    0.000000E+00  0.265318E+01 -0.110454E+01
   H    0.000000E+00 -0.265318E+01  0.110454E+01
   H    0.000000E+00  0.376056E+00  0.286955E+01
 
   ATOMIC_VELOCITIES
   H    0.000000E+00  0.000000E+00  0.000000E+00
   C    0.000000E+00  0.000000E+00  0.000000E+00
   C    0.000000E+00  0.000000E+00  0.000000E+00
   H    0.000000E+00  0.000000E+00  0.000000E+00
   H    0.000000E+00  0.000000E+00  0.000000E+00
   H    0.000000E+00  0.000000E+00  0.000000E+00
 


   Partial temperatures (for each ionic specie) 
   Species  Temp (K)   Mean Square Displacement (a.u.)
        1       0.00     0.0000
        2       0.00     0.0000
  511 0.51E-05    0.0    0.0   -13.31425   -13.31343   -13.31343   -13.31343  0.0000  0.0000  0.0000  0.0000    -0.00001
Elct. dipole 1    0.163663  Ionic dipole 1    0.000000

   MAIN:          EKINC   (thr)          DETOT   (thr)       MAXFORCE   (thr)
   MAIN:   0.510773D-05  0.1D-04  0.539368D-06  0.1D-05  0.000000D+00  0.1D+11
   MAIN: convergence achieved for system relaxation

   writing restart file: ./SCRATCH/opa_96.save
   restart file written in    0.332 sec.



   Averaged Physical Quantities
                      accomulated      this run
   ekinc         :        0.21013       0.00025 (AU)
   ekin          :       10.83240      10.17682 (AU)
   epot          :      -24.49169     -20.21620 (AU)
   total energy  :      -12.98244     -13.31372 (AU)
   temperature   :        0.00000       0.00000 (K )
   enthalpy      :      -12.98164     -13.31290 (AU)
   econs         :      -12.98164     -13.31290 (AU)
   pressure      :        0.00000       0.00000 (Gpa)
   volume        :    31250.00000   31250.00000 (AU)


     initialize   :    27.61s CPU
     total_time   :   441.46s CPU (      57 calls,   7.745 s avg)
     formf        :     0.08s CPU
     rhoofr       :    13.58s CPU (      57 calls,   0.238 s avg)
     vofrho       :    28.99s CPU (      57 calls,   0.509 s avg)
     dforce       :    11.27s CPU (     171 calls,   0.066 s avg)
     calphi       :     0.06s CPU (      57 calls,   0.001 s avg)
     ortho        :     0.22s CPU (      57 calls,   0.004 s avg)
     ortho_iter   :     0.00s CPU (      57 calls,   0.000 s avg)
     rsg          :     0.00s CPU (      57 calls,   0.000 s avg)
     rhoset       :     0.07s CPU (      57 calls,   0.001 s avg)
     updatc       :     0.10s CPU (      57 calls,   0.002 s avg)
     newd         :     0.00s CPU (      57 calls,   0.000 s avg)
     calbec       :     0.07s CPU (     115 calls,   0.001 s avg)
     prefor       :     0.02s CPU (      58 calls,   0.000 s avg)
     strucf       :     0.02s CPU
     nlsm1        :     0.07s CPU (     229 calls,   0.000 s avg)
     fft          :   266.48s CPU (    4507 calls,   0.059 s avg)
     ffts         :     6.74s CPU (     114 calls,   0.059 s avg)
     fftw         :    82.97s CPU (    2907 calls,   0.029 s avg)
     cft3s        :   356.19s CPU (    7528 calls,   0.047 s avg)
     fft_scatter  :    65.84s CPU (    7528 calls,   0.009 s avg)
 
 
     CP           :  7m49.37s CPU time,     8m13.41s wall time

 
   This run was terminated on:  18: 0:14  16Feb2012            

=------------------------------------------------------------------------------=
   JOB DONE.
=------------------------------------------------------------------------------=
