=------------------------------------------------------------------------------=

     CP: variable-cell Car-Parrinello molecular dynamics
     using norm-conserving and ultrasoft Vanderbilt pseudopotentials

     Version: 4.1 - Wed Feb 15 19:22:38 CET 2012                          
     Authors: Alfredo Pasquarello, Kari Laasonen, Andrea Trave, Roberto Car,
       Paolo Giannozzi, Nicola Marzari, Carlo Cavazzoni, Guido Chiarotti,
       Sandro Scandolo, Paolo Focher, Gerardo Ballabio, and others

=------------------------------------------------------------------------------=

   This run was started on:  17:10:30  16Feb2012               

   MPI Parallel Build
   Tasks =    4  This task id =    0

   Job Title: MD Simulation


   Atomic Pseudopotentials Parameters
   ----------------------------------

   Reading pseudopotential for specie #  1 from file :
   ../../pseudo/H.pz-vbc.UPF
   file type is 20: UPF


   Main Simulation Parameters (from input)
   ---------------------------------------
   Restart Mode       =       1   restart        
   Number of MD Steps =     100
   Print out every            1 MD Steps
   Reads from unit    =      93
   Writes to unit     =      94
   MD Simulation time step            =      15.00
   Electronic fictitious mass (emass) =    1000.00
   emass cut-off                      =       3.00

   Simulation Cell Parameters (from input)
   external pressure       =            0.00 [GPa]
   wmass (calculated)      =          554.09 [AU]
   ibrav =    8
   alat  =    25.00000000
   a1    =    25.00000000    0.00000000    0.00000000
   a2    =     0.00000000   25.00000000    0.00000000
   a3    =     0.00000000    0.00000000   50.00000000
 
   b1    =     0.04000000    0.00000000    0.00000000
   b2    =     0.00000000    0.04000000    0.00000000
   b3    =     0.00000000    0.00000000    0.02000000
   omega = 31250.00000000

   Energy Cut-offs
   ---------------
   Ecutwfc =   25.0 Ry,      Ecutrho =  100.0 Ry,      Ecuts =  100.0 Ry
   Gcutwfc =   19.9     ,    Gcutrho =   39.8          Gcuts =   39.8
   NOTA BENE: refg, mmx =   0.050000  4000
   Eigenvalues calculated without the kinetic term contribution
   Orthog. with lagrange multipliers : eps =   0.10E-07,  max = 500
   verlet algorithm for electron dynamics
   with friction frice =  0.0500 , grease =  1.0000
   Electron dynamics : the temperature is not controlled

   Electronic states
   -----------------
   Local Spin Density calculation
   Number of Electron =     4
   Spins up   =     2, occupations: 
   1.00 1.00
   Spins down =     2, occupations: 
   1.00 1.00


   Exchange and correlations functionals
   -------------------------------------
   Using Local Density Approximation with
     Exchange functional: SLATER                                                      
     Correlation functional: PERDEW AND ZUNGER                                           
     Exchange-correlation      =  SLA  PZ   NOGX NOGC (1100)


   Ions Simulation Parameters
   --------------------------
   Ions are not allowed to move
   Ionic position (from input)
   sorted by specie, and converted to real a.u. coordinates
   Species   1 atoms =    4 mass =      1822.89 (a.u.),         1.00 (amu) rcmax =   1.00 (a.u.)
        0.000000     0.000000    -3.500000
        0.000000     0.000000    -1.500000
        0.000000     0.000000     1.500000
        0.000000     0.000000     3.500000
   Ionic position will be re-read from restart file


   Cell Dynamics Parameters (from STDIN)
   -------------------------------------
   Starting cell generated from CELLDM
   Cell parameters will be re-read from restart file
   Constant VOLUME Molecular dynamics
   cell parameters are not allowed to move

    =====================================
    |  BERRY PHASE ELECTRIC FIELD 1        
    =====================================
    | direction    =         3            
    | intensity    =   0.00500 a.u.     
    =====================================

   Verbosity: iprsta =  1



   Simulation dimensions initialization
   ------------------------------------

   unit vectors of full simulation cell
   in real space:                         in reciprocal space (units 2pi/alat):
   1    25.0000    0.0000    0.0000              1.0000    0.0000    0.0000
   2     0.0000   25.0000    0.0000              0.0000    1.0000    0.0000
   3     0.0000    0.0000   50.0000              0.0000    0.0000    0.5000
 
   Stick Mesh
   ----------
   nst =  2479,  nstw =   619, nsts =  2479
        PEs    n.st   n.stw   n.sts    n.g    n.gw   n.gs
          1    1240     310    1240  131904   16494  131904
          2    1238     308    1238  131882   16488  131882
          3    1239     309    1239  131901   16491  131901
          4    1240     310    1240  131900   16490  131900
          0    4957    1237    4957  527587   65963  527587
 
 
   Real Mesh
   ---------
   Global Dimensions   Local  Dimensions   Processor Grid
   .X.   .Y.   .Z.     .X.   .Y.   .Z.     .X.   .Y.   .Z.
    80    80   160      80    80    40       1     1     4
   Array leading dimensions ( nr1x, nr2x, nr3x )   =     80    80   160
   Local number of cell to store the grid ( nnrx ) =     256000
   Number of x-y planes for each processors: 
   nr3l =    40   40   40   40
 
   Smooth Real Mesh
   ----------------
   Global Dimensions   Local  Dimensions   Processor Grid
   .X.   .Y.   .Z.     .X.   .Y.   .Z.     .X.   .Y.   .Z.
    80    80   160      80    80    40       1     1     4
   Array leading dimensions ( nr1x, nr2x, nr3x )   =     80    80   160
   Local number of cell to store the grid ( nnrx ) =     256000
   Number of x-y planes for each processors: 
   nr3sl =    40   40   40   40
 
   Reciprocal Space Mesh
   ---------------------
                Large Mesh
   PE   Global(ngmt)     Local(ngm) MaxLocal(ngmx)
    1         263794          65952          65952
    2         263794          65941          65952
    3         263794          65951          65952
    4         263794          65950          65952
                Smooth Mesh
   PE   Global(ngst)     Local(ngs) MaxLocal(ngsx)
    1         263794          65952          65952
    2         263794          65941          65952
    3         263794          65951          65952
    4         263794          65950          65952
                Wave function Mesh
   PE   Global(ngwt)     Local(ngw) MaxLocal(ngwx)
    1          32982           8247           8247
    2          32982           8244           8247
    3          32982           8246           8247
    4          32982           8245           8247


   System geometry initialization
   ------------------------------
 
   Scaled positions from standard input
   H    0.000000E+00  0.000000E+00 -0.700000E-01
   H    0.000000E+00  0.000000E+00 -0.300000E-01
   H    0.000000E+00  0.000000E+00  0.300000E-01
   H    0.000000E+00  0.000000E+00  0.700000E-01
   ibrav =    8       cell parameters 

      25.00000       0.00000       0.00000
       0.00000      25.00000       0.00000
       0.00000       0.00000      50.00000
 

   Matrix Multiplication Performances
   ortho mmul, time for parallel driver      =   0.00000 with    1 procs

   Constraints matrixes will be distributed block like on
   ortho sub-group =    1*   1 procs



   Pseudopotentials initialization
   -------------------------------


   Common initialization

   Specie:     1
 
                        dion 
 
   Short Legend and Physical Units in the Output
   ---------------------------------------------
   NFI    [int]          - step index
   EKINC  [HARTREE A.U.] - kinetic energy of the fictitious electronic dynamics
   TEMPH  [K]            - Temperature of the fictitious cell dynamics
   TEMP   [K]            - Ionic temperature
   ETOT   [HARTREE A.U.] - Scf total energy (Kohn-Sham hamiltonian)
   ENTHAL [HARTREE A.U.] - Enthalpy ( ETOT + P * V )
   ECONS  [HARTREE A.U.] - Enthalpy + kinetic energy of ions and cell
   ECONT  [HARTREE A.U.] - Constant of motion for the CP lagrangian
 
   NK sic with reference occupation =  0.5000

   NK background density factor =  1.0000
   NK scaling factor =  1.0000
   NK cross-derivatives =    T
   NK reference derivatives =    T
   NK on top of PZ =    F
   rhothr =  0.1E-11
   NK memusage =     35.080 MB


   f_cutoff =  0.1000
   do_spinsym   =    F
   EE with periodic-image correction method = tcc                 

   reading restart file: ./SCRATCH/h4_trad_93.save
   restart file read in    0.040 sec.

 nprint_nfi=           -2
 nprint_nfi=          236

   formf: eself=   1.59577
   formf:     vps(g=0)=  -0.0001012     rhops(g=0)=  -0.0000315
   formf: sum_g vps(g)=  -2.2273115 sum_g rhops(g)=  -0.0898096
   Delta V(G=0):   0.000402Ry,    0.010936eV
Initialize Berry phase electric field
 Additional found:       51528
 Additional found:       50500
 Additional found:       51529
 Additional found:       50501
 #not found, gtable:    1237.00000000000     
 #not found, gtabin:    1237.00000000000     
 
  nfi    ekinc  temph  tempp        etot      enthal       econs       econt    vnhh   xnhh0    vnhp   xnhp0
  237 0.64E-03    0.0    0.0    -2.21804    -2.21731    -2.21731    -2.21666  0.0000  0.0000  0.0000  0.0000     0.00000
Elct. dipole 1    0.145920  Ionic dipole 1    0.000000
  238 0.25E-02    0.0    0.0    -2.22049    -2.21975    -2.21975    -2.21721  0.0000  0.0000  0.0000  0.0000     0.00000
Elct. dipole 1    0.147026  Ionic dipole 1    0.000000
  239 0.46E-02    0.0    0.0    -2.22354    -2.22280    -2.22280    -2.21816  0.0000  0.0000  0.0000  0.0000     0.00000
Elct. dipole 1    0.149048  Ionic dipole 1    0.000000

 * Physical Quantities at step:   240

   from rhoofr: total integrated electronic density
   spin up
   in g-space =    2.000000   in r-space =   2.000000
   spin down
   in g-space =    2.000000   in r-space =   2.000000


                total energy =      -2.2254326632 Hartree a.u.
              kinetic energy =       1.7725987672 Hartree a.u.
        electrostatic energy =      -1.5163697091 Hartree a.u.
                         esr =       0.0464004252 Hartree a.u.
                       eself =       1.5957691216 Hartree a.u.
      pseudopotential energy =      -1.2696822196 Hartree a.u.
  n-l pseudopotential energy =       0.0000000000 Hartree a.u.
 exchange-correlation energy =      -1.1777719522 Hartree a.u.
           average potential =       0.0000000000 Hartree a.u.



   Eigenvalues (eV), kp =   1 , spin =  1

  -16.07  -14.19

   Eigenvalues (eV), kp =   1 , spin =  2

  -16.07  -14.19
 
   Allocated memory (kb) =     97136
 
   CELL_PARAMETERS
   25.00000000    0.00000000    0.00000000
    0.00000000   25.00000000    0.00000000
    0.00000000    0.00000000   50.00000000

   System Density [g/cm^3] :     0.0014


   Center of mass square displacement (a.u.):   0.000000

   ATOMIC_POSITIONS
   H    0.000000E+00  0.000000E+00 -0.350000E+01
   H    0.000000E+00  0.000000E+00 -0.150000E+01
   H    0.000000E+00  0.000000E+00  0.150000E+01
   H    0.000000E+00  0.000000E+00  0.350000E+01
 
   ATOMIC_VELOCITIES
   H    0.000000E+00  0.000000E+00  0.000000E+00
   H    0.000000E+00  0.000000E+00  0.000000E+00
   H    0.000000E+00  0.000000E+00  0.000000E+00
   H    0.000000E+00  0.000000E+00  0.000000E+00
 


   Partial temperatures (for each ionic specie) 
   Species  Temp (K)   Mean Square Displacement (a.u.)
        1       0.00     0.0000
 
  nfi    ekinc  temph  tempp        etot      enthal       econs       econt    vnhh   xnhh0    vnhp   xnhp0
  240 0.54E-02    0.0    0.0    -2.22543    -2.22467    -2.22467    -2.21923  0.0000  0.0000  0.0000  0.0000     0.00000
Elct. dipole 1    0.152031  Ionic dipole 1    0.000000
  241 0.48E-02    0.0    0.0    -2.22568    -2.22490    -2.22490    -2.22014  0.0000  0.0000  0.0000  0.0000     0.00000
Elct. dipole 1    0.156006  Ionic dipole 1    0.000000
  242 0.34E-02    0.0    0.0    -2.22503    -2.22422    -2.22422    -2.22081  0.0000  0.0000  0.0000  0.0000     0.00000
Elct. dipole 1    0.160937  Ionic dipole 1    0.000000
  243 0.23E-02    0.0    0.0    -2.22443    -2.22359    -2.22359    -2.22129  0.0000  0.0000  0.0000  0.0000     0.00000
Elct. dipole 1    0.166675  Ionic dipole 1    0.000000
  244 0.18E-02    0.0    0.0    -2.22430    -2.22343    -2.22343    -2.22168  0.0000  0.0000  0.0000  0.0000     0.00000
Elct. dipole 1    0.172953  Ionic dipole 1    0.000000
  245 0.16E-02    0.0    0.0    -2.22450    -2.22360    -2.22360    -2.22202  0.0000  0.0000  0.0000  0.0000     0.00000
Elct. dipole 1    0.179410  Ionic dipole 1    0.000000
  246 0.15E-02    0.0    0.0    -2.22473    -2.22380    -2.22380    -2.22231  0.0000  0.0000  0.0000  0.0000     0.00000
Elct. dipole 1    0.185637  Ionic dipole 1    0.000000
  247 0.14E-02    0.0    0.0    -2.22489    -2.22394    -2.22394    -2.22256  0.0000  0.0000  0.0000  0.0000     0.00000
Elct. dipole 1    0.191222  Ionic dipole 1    0.000000
  248 0.13E-02    0.0    0.0    -2.22508    -2.22410    -2.22410    -2.22279  0.0000  0.0000  0.0000  0.0000     0.00000
Elct. dipole 1    0.195793  Ionic dipole 1    0.000000
  249 0.13E-02    0.0    0.0    -2.22535    -2.22435    -2.22435    -2.22305  0.0000  0.0000  0.0000  0.0000     0.00000
Elct. dipole 1    0.199043  Ionic dipole 1    0.000000

 * Physical Quantities at step:   250

   from rhoofr: total integrated electronic density
   spin up
   in g-space =    2.000000   in r-space =   2.000000
   spin down
   in g-space =    2.000000   in r-space =   2.000000


                total energy =      -2.2256297421 Hartree a.u.
              kinetic energy =       1.7489508815 Hartree a.u.
        electrostatic energy =      -1.5139967074 Hartree a.u.
                         esr =       0.0464004252 Hartree a.u.
                       eself =       1.5957691216 Hartree a.u.
      pseudopotential energy =      -1.2599925370 Hartree a.u.
  n-l pseudopotential energy =       0.0000000000 Hartree a.u.
 exchange-correlation energy =      -1.1675055645 Hartree a.u.
           average potential =       0.0000000000 Hartree a.u.



   Eigenvalues (eV), kp =   1 , spin =  1

  -16.11  -14.24

   Eigenvalues (eV), kp =   1 , spin =  2

  -16.11  -14.24
 
   Allocated memory (kb) =     97136
 
   CELL_PARAMETERS
   25.00000000    0.00000000    0.00000000
    0.00000000   25.00000000    0.00000000
    0.00000000    0.00000000   50.00000000

   System Density [g/cm^3] :     0.0014


   Center of mass square displacement (a.u.):   0.000000

   ATOMIC_POSITIONS
   H    0.000000E+00  0.000000E+00 -0.350000E+01
   H    0.000000E+00  0.000000E+00 -0.150000E+01
   H    0.000000E+00  0.000000E+00  0.150000E+01
   H    0.000000E+00  0.000000E+00  0.350000E+01
 
   ATOMIC_VELOCITIES
   H    0.000000E+00  0.000000E+00  0.000000E+00
   H    0.000000E+00  0.000000E+00  0.000000E+00
   H    0.000000E+00  0.000000E+00  0.000000E+00
   H    0.000000E+00  0.000000E+00  0.000000E+00
 


   Partial temperatures (for each ionic specie) 
   Species  Temp (K)   Mean Square Displacement (a.u.)
        1       0.00     0.0000
 
  nfi    ekinc  temph  tempp        etot      enthal       econs       econt    vnhh   xnhh0    vnhp   xnhp0
  250 0.13E-02    0.0    0.0    -2.22563    -2.22463    -2.22463    -2.22331  0.0000  0.0000  0.0000  0.0000     0.00000
Elct. dipole 1    0.200765  Ionic dipole 1    0.000000
  251 0.13E-02    0.0    0.0    -2.22583    -2.22482    -2.22482    -2.22357  0.0000  0.0000  0.0000  0.0000     0.00000
Elct. dipole 1    0.200863  Ionic dipole 1    0.000000
  252 0.11E-02    0.0    0.0    -2.22592    -2.22492    -2.22492    -2.22381  0.0000  0.0000  0.0000  0.0000     0.00000
Elct. dipole 1    0.199377  Ionic dipole 1    0.000000
  253 0.95E-03    0.0    0.0    -2.22595    -2.22497    -2.22497    -2.22402  0.0000  0.0000  0.0000  0.0000     0.00000
Elct. dipole 1    0.196486  Ionic dipole 1    0.000000
  254 0.83E-03    0.0    0.0    -2.22601    -2.22504    -2.22504    -2.22422  0.0000  0.0000  0.0000  0.0000     0.00000
Elct. dipole 1    0.192486  Ionic dipole 1    0.000000
  255 0.75E-03    0.0    0.0    -2.22609    -2.22515    -2.22515    -2.22440  0.0000  0.0000  0.0000  0.0000     0.00000
Elct. dipole 1    0.187753  Ionic dipole 1    0.000000
  256 0.67E-03    0.0    0.0    -2.22616    -2.22525    -2.22525    -2.22457  0.0000  0.0000  0.0000  0.0000     0.00000
Elct. dipole 1    0.182701  Ionic dipole 1    0.000000
  257 0.58E-03    0.0    0.0    -2.22619    -2.22530    -2.22530    -2.22472  0.0000  0.0000  0.0000  0.0000     0.00000
Elct. dipole 1    0.177729  Ionic dipole 1    0.000000
  258 0.49E-03    0.0    0.0    -2.22620    -2.22533    -2.22533    -2.22485  0.0000  0.0000  0.0000  0.0000     0.00000
Elct. dipole 1    0.173186  Ionic dipole 1    0.000000
  259 0.42E-03    0.0    0.0    -2.22622    -2.22538    -2.22538    -2.22495  0.0000  0.0000  0.0000  0.0000     0.00000
Elct. dipole 1    0.169343  Ionic dipole 1    0.000000

 * Physical Quantities at step:   260

   from rhoofr: total integrated electronic density
   spin up
   in g-space =    2.000000   in r-space =   2.000000
   spin down
   in g-space =    2.000000   in r-space =   2.000000


                total energy =      -2.2262815505 Hartree a.u.
              kinetic energy =       1.7260819981 Hartree a.u.
        electrostatic energy =      -1.5122453620 Hartree a.u.
                         esr =       0.0464004252 Hartree a.u.
                       eself =       1.5957691216 Hartree a.u.
      pseudopotential energy =      -1.2424088155 Hartree a.u.
  n-l pseudopotential energy =       0.0000000000 Hartree a.u.
 exchange-correlation energy =      -1.1642524960 Hartree a.u.
           average potential =       0.0000000000 Hartree a.u.



   Eigenvalues (eV), kp =   1 , spin =  1

  -16.14  -14.25

   Eigenvalues (eV), kp =   1 , spin =  2

  -16.14  -14.25
 
   Allocated memory (kb) =     97136
 
   CELL_PARAMETERS
   25.00000000    0.00000000    0.00000000
    0.00000000   25.00000000    0.00000000
    0.00000000    0.00000000   50.00000000

   System Density [g/cm^3] :     0.0014


   Center of mass square displacement (a.u.):   0.000000

   ATOMIC_POSITIONS
   H    0.000000E+00  0.000000E+00 -0.350000E+01
   H    0.000000E+00  0.000000E+00 -0.150000E+01
   H    0.000000E+00  0.000000E+00  0.150000E+01
   H    0.000000E+00  0.000000E+00  0.350000E+01
 
   ATOMIC_VELOCITIES
   H    0.000000E+00  0.000000E+00  0.000000E+00
   H    0.000000E+00  0.000000E+00  0.000000E+00
   H    0.000000E+00  0.000000E+00  0.000000E+00
   H    0.000000E+00  0.000000E+00  0.000000E+00
 


   Partial temperatures (for each ionic specie) 
   Species  Temp (K)   Mean Square Displacement (a.u.)
        1       0.00     0.0000
 
  nfi    ekinc  temph  tempp        etot      enthal       econs       econt    vnhh   xnhh0    vnhp   xnhp0
  260 0.40E-03    0.0    0.0    -2.22628    -2.22545    -2.22545    -2.22505  0.0000  0.0000  0.0000  0.0000     0.00000
Elct. dipole 1    0.166377  Ionic dipole 1    0.000000
  261 0.40E-03    0.0    0.0    -2.22637    -2.22554    -2.22554    -2.22515  0.0000  0.0000  0.0000  0.0000     0.00000
Elct. dipole 1    0.164372  Ionic dipole 1    0.000000
  262 0.39E-03    0.0    0.0    -2.22644    -2.22563    -2.22563    -2.22523  0.0000  0.0000  0.0000  0.0000     0.00000
Elct. dipole 1    0.163329  Ionic dipole 1    0.000000
  263 0.36E-03    0.0    0.0    -2.22649    -2.22567    -2.22567    -2.22531  0.0000  0.0000  0.0000  0.0000     0.00000
Elct. dipole 1    0.163187  Ionic dipole 1    0.000000
  264 0.32E-03    0.0    0.0    -2.22651    -2.22569    -2.22569    -2.22537  0.0000  0.0000  0.0000  0.0000     0.00000
Elct. dipole 1    0.163837  Ionic dipole 1    0.000000
  265 0.27E-03    0.0    0.0    -2.22652    -2.22570    -2.22570    -2.22542  0.0000  0.0000  0.0000  0.0000     0.00000
Elct. dipole 1    0.165149  Ionic dipole 1    0.000000
  266 0.24E-03    0.0    0.0    -2.22654    -2.22571    -2.22571    -2.22546  0.0000  0.0000  0.0000  0.0000     0.00000
Elct. dipole 1    0.166975  Ionic dipole 1    0.000000
  267 0.22E-03    0.0    0.0    -2.22657    -2.22572    -2.22572    -2.22550  0.0000  0.0000  0.0000  0.0000     0.00000
Elct. dipole 1    0.169166  Ionic dipole 1    0.000000
  268 0.20E-03    0.0    0.0    -2.22659    -2.22574    -2.22574    -2.22553  0.0000  0.0000  0.0000  0.0000     0.00000
Elct. dipole 1    0.171578  Ionic dipole 1    0.000000
  269 0.18E-03    0.0    0.0    -2.22661    -2.22574    -2.22574    -2.22556  0.0000  0.0000  0.0000  0.0000     0.00000
Elct. dipole 1    0.174072  Ionic dipole 1    0.000000

 * Physical Quantities at step:   270

   from rhoofr: total integrated electronic density
   spin up
   in g-space =    2.000000   in r-space =   2.000000
   spin down
   in g-space =    2.000000   in r-space =   2.000000


                total energy =      -2.2266169783 Hartree a.u.
              kinetic energy =       1.7286610033 Hartree a.u.
        electrostatic energy =      -1.5132626389 Hartree a.u.
                         esr =       0.0464004252 Hartree a.u.
                       eself =       1.5957691216 Hartree a.u.
      pseudopotential energy =      -1.2451553665 Hartree a.u.
  n-l pseudopotential energy =       0.0000000000 Hartree a.u.
 exchange-correlation energy =      -1.1637765614 Hartree a.u.
           average potential =       0.0000000000 Hartree a.u.



   Eigenvalues (eV), kp =   1 , spin =  1

  -16.12  -14.25

   Eigenvalues (eV), kp =   1 , spin =  2

  -16.12  -14.25
 
   Allocated memory (kb) =     97136
 
   CELL_PARAMETERS
   25.00000000    0.00000000    0.00000000
    0.00000000   25.00000000    0.00000000
    0.00000000    0.00000000   50.00000000

   System Density [g/cm^3] :     0.0014


   Center of mass square displacement (a.u.):   0.000000

   ATOMIC_POSITIONS
   H    0.000000E+00  0.000000E+00 -0.350000E+01
   H    0.000000E+00  0.000000E+00 -0.150000E+01
   H    0.000000E+00  0.000000E+00  0.150000E+01
   H    0.000000E+00  0.000000E+00  0.350000E+01
 
   ATOMIC_VELOCITIES
   H    0.000000E+00  0.000000E+00  0.000000E+00
   H    0.000000E+00  0.000000E+00  0.000000E+00
   H    0.000000E+00  0.000000E+00  0.000000E+00
   H    0.000000E+00  0.000000E+00  0.000000E+00
 


   Partial temperatures (for each ionic specie) 
   Species  Temp (K)   Mean Square Displacement (a.u.)
        1       0.00     0.0000
 
  nfi    ekinc  temph  tempp        etot      enthal       econs       econt    vnhh   xnhh0    vnhp   xnhp0
  270 0.16E-03    0.0    0.0    -2.22662    -2.22573    -2.22573    -2.22558  0.0000  0.0000  0.0000  0.0000     0.00000
Elct. dipole 1    0.176522  Ionic dipole 1    0.000000
  271 0.13E-03    0.0    0.0    -2.22662    -2.22573    -2.22573    -2.22560  0.0000  0.0000  0.0000  0.0000     0.00000
Elct. dipole 1    0.178809  Ionic dipole 1    0.000000
  272 0.12E-03    0.0    0.0    -2.22664    -2.22573    -2.22573    -2.22561  0.0000  0.0000  0.0000  0.0000     0.00000
Elct. dipole 1    0.180827  Ionic dipole 1    0.000000
  273 0.12E-03    0.0    0.0    -2.22666    -2.22574    -2.22574    -2.22563  0.0000  0.0000  0.0000  0.0000     0.00000
Elct. dipole 1    0.182480  Ionic dipole 1    0.000000
  274 0.11E-03    0.0    0.0    -2.22668    -2.22576    -2.22576    -2.22564  0.0000  0.0000  0.0000  0.0000     0.00000
Elct. dipole 1    0.183696  Ionic dipole 1    0.000000
  275 0.11E-03    0.0    0.0    -2.22669    -2.22577    -2.22577    -2.22566  0.0000  0.0000  0.0000  0.0000     0.00000
Elct. dipole 1    0.184420  Ionic dipole 1    0.000000
  276 0.98E-04    0.0    0.0    -2.22670    -2.22578    -2.22578    -2.22568  0.0000  0.0000  0.0000  0.0000     0.00000
Elct. dipole 1    0.184630  Ionic dipole 1    0.000000
  277 0.84E-04    0.0    0.0    -2.22671    -2.22579    -2.22579    -2.22570  0.0000  0.0000  0.0000  0.0000     0.00000
Elct. dipole 1    0.184333  Ionic dipole 1    0.000000
  278 0.72E-04    0.0    0.0    -2.22671    -2.22579    -2.22579    -2.22572  0.0000  0.0000  0.0000  0.0000     0.00000
Elct. dipole 1    0.183567  Ionic dipole 1    0.000000
  279 0.63E-04    0.0    0.0    -2.22672    -2.22580    -2.22580    -2.22574  0.0000  0.0000  0.0000  0.0000     0.00000
Elct. dipole 1    0.182403  Ionic dipole 1    0.000000

 * Physical Quantities at step:   280

   from rhoofr: total integrated electronic density
   spin up
   in g-space =    2.000000   in r-space =   2.000000
   spin down
   in g-space =    2.000000   in r-space =   2.000000


                total energy =      -2.2267227066 Hartree a.u.
              kinetic energy =       1.7341807945 Hartree a.u.
        electrostatic energy =      -1.5133758130 Hartree a.u.
                         esr =       0.0464004252 Hartree a.u.
                       eself =       1.5957691216 Hartree a.u.
      pseudopotential energy =      -1.2493246824 Hartree a.u.
  n-l pseudopotential energy =       0.0000000000 Hartree a.u.
 exchange-correlation energy =      -1.1648482616 Hartree a.u.
           average potential =       0.0000000000 Hartree a.u.



   Eigenvalues (eV), kp =   1 , spin =  1

  -16.13  -14.25

   Eigenvalues (eV), kp =   1 , spin =  2

  -16.13  -14.25
 
   Allocated memory (kb) =     97136
 
   CELL_PARAMETERS
   25.00000000    0.00000000    0.00000000
    0.00000000   25.00000000    0.00000000
    0.00000000    0.00000000   50.00000000

   System Density [g/cm^3] :     0.0014


   Center of mass square displacement (a.u.):   0.000000

   ATOMIC_POSITIONS
   H    0.000000E+00  0.000000E+00 -0.350000E+01
   H    0.000000E+00  0.000000E+00 -0.150000E+01
   H    0.000000E+00  0.000000E+00  0.150000E+01
   H    0.000000E+00  0.000000E+00  0.350000E+01
 
   ATOMIC_VELOCITIES
   H    0.000000E+00  0.000000E+00  0.000000E+00
   H    0.000000E+00  0.000000E+00  0.000000E+00
   H    0.000000E+00  0.000000E+00  0.000000E+00
   H    0.000000E+00  0.000000E+00  0.000000E+00
 


   Partial temperatures (for each ionic specie) 
   Species  Temp (K)   Mean Square Displacement (a.u.)
        1       0.00     0.0000
 
  nfi    ekinc  temph  tempp        etot      enthal       econs       econt    vnhh   xnhh0    vnhp   xnhp0
  280 0.58E-04    0.0    0.0    -2.22672    -2.22582    -2.22582    -2.22576  0.0000  0.0000  0.0000  0.0000     0.00000
Elct. dipole 1    0.180938  Ionic dipole 1    0.000000
  281 0.53E-04    0.0    0.0    -2.22673    -2.22583    -2.22583    -2.22578  0.0000  0.0000  0.0000  0.0000     0.00000
Elct. dipole 1    0.179285  Ionic dipole 1    0.000000
  282 0.49E-04    0.0    0.0    -2.22674    -2.22585    -2.22585    -2.22580  0.0000  0.0000  0.0000  0.0000     0.00000
Elct. dipole 1    0.177566  Ionic dipole 1    0.000000
  283 0.44E-04    0.0    0.0    -2.22674    -2.22586    -2.22586    -2.22582  0.0000  0.0000  0.0000  0.0000     0.00000
Elct. dipole 1    0.175900  Ionic dipole 1    0.000000
  284 0.39E-04    0.0    0.0    -2.22674    -2.22587    -2.22587    -2.22583  0.0000  0.0000  0.0000  0.0000     0.00000
Elct. dipole 1    0.174395  Ionic dipole 1    0.000000
  285 0.36E-04    0.0    0.0    -2.22675    -2.22588    -2.22588    -2.22585  0.0000  0.0000  0.0000  0.0000     0.00000
Elct. dipole 1    0.173141  Ionic dipole 1    0.000000
  286 0.34E-04    0.0    0.0    -2.22675    -2.22589    -2.22589    -2.22586  0.0000  0.0000  0.0000  0.0000     0.00000
Elct. dipole 1    0.172204  Ionic dipole 1    0.000000
  287 0.31E-04    0.0    0.0    -2.22676    -2.22590    -2.22590    -2.22587  0.0000  0.0000  0.0000  0.0000     0.00000
Elct. dipole 1    0.171623  Ionic dipole 1    0.000000
  288 0.28E-04    0.0    0.0    -2.22676    -2.22590    -2.22590    -2.22587  0.0000  0.0000  0.0000  0.0000     0.00000
Elct. dipole 1    0.171407  Ionic dipole 1    0.000000
  289 0.24E-04    0.0    0.0    -2.22676    -2.22590    -2.22590    -2.22588  0.0000  0.0000  0.0000  0.0000     0.00000
Elct. dipole 1    0.171543  Ionic dipole 1    0.000000

 * Physical Quantities at step:   290

   from rhoofr: total integrated electronic density
   spin up
   in g-space =    2.000000   in r-space =   2.000000
   spin down
   in g-space =    2.000000   in r-space =   2.000000


                total energy =      -2.2267610529 Hartree a.u.
              kinetic energy =       1.7310436184 Hartree a.u.
        electrostatic energy =      -1.5131541150 Hartree a.u.
                         esr =       0.0464004252 Hartree a.u.
                       eself =       1.5957691216 Hartree a.u.
      pseudopotential energy =      -1.2476144954 Hartree a.u.
  n-l pseudopotential energy =       0.0000000000 Hartree a.u.
 exchange-correlation energy =      -1.1638491495 Hartree a.u.
           average potential =       0.0000000000 Hartree a.u.



   Eigenvalues (eV), kp =   1 , spin =  1

  -16.14  -14.26

   Eigenvalues (eV), kp =   1 , spin =  2

  -16.14  -14.26
 
   Allocated memory (kb) =     97136
 
   CELL_PARAMETERS
   25.00000000    0.00000000    0.00000000
    0.00000000   25.00000000    0.00000000
    0.00000000    0.00000000   50.00000000

   System Density [g/cm^3] :     0.0014


   Center of mass square displacement (a.u.):   0.000000

   ATOMIC_POSITIONS
   H    0.000000E+00  0.000000E+00 -0.350000E+01
   H    0.000000E+00  0.000000E+00 -0.150000E+01
   H    0.000000E+00  0.000000E+00  0.150000E+01
   H    0.000000E+00  0.000000E+00  0.350000E+01
 
   ATOMIC_VELOCITIES
   H    0.000000E+00  0.000000E+00  0.000000E+00
   H    0.000000E+00  0.000000E+00  0.000000E+00
   H    0.000000E+00  0.000000E+00  0.000000E+00
   H    0.000000E+00  0.000000E+00  0.000000E+00
 


   Partial temperatures (for each ionic specie) 
   Species  Temp (K)   Mean Square Displacement (a.u.)
        1       0.00     0.0000
 
  nfi    ekinc  temph  tempp        etot      enthal       econs       econt    vnhh   xnhh0    vnhp   xnhp0
  290 0.21E-04    0.0    0.0    -2.22676    -2.22590    -2.22590    -2.22588  0.0000  0.0000  0.0000  0.0000     0.00000
Elct. dipole 1    0.171991  Ionic dipole 1    0.000000
  291 0.19E-04    0.0    0.0    -2.22676    -2.22590    -2.22590    -2.22588  0.0000  0.0000  0.0000  0.0000     0.00000
Elct. dipole 1    0.172697  Ionic dipole 1    0.000000
  292 0.19E-04    0.0    0.0    -2.22677    -2.22590    -2.22590    -2.22588  0.0000  0.0000  0.0000  0.0000     0.00000
Elct. dipole 1    0.173592  Ionic dipole 1    0.000000
  293 0.18E-04    0.0    0.0    -2.22677    -2.22590    -2.22590    -2.22588  0.0000  0.0000  0.0000  0.0000     0.00000
Elct. dipole 1    0.174604  Ionic dipole 1    0.000000
  294 0.16E-04    0.0    0.0    -2.22677    -2.22589    -2.22589    -2.22588  0.0000  0.0000  0.0000  0.0000     0.00000
Elct. dipole 1    0.175657  Ionic dipole 1    0.000000
  295 0.13E-04    0.0    0.0    -2.22677    -2.22589    -2.22589    -2.22587  0.0000  0.0000  0.0000  0.0000     0.00000
Elct. dipole 1    0.176680  Ionic dipole 1    0.000000
  296 0.11E-04    0.0    0.0    -2.22677    -2.22588    -2.22588    -2.22587  0.0000  0.0000  0.0000  0.0000     0.00000
Elct. dipole 1    0.177611  Ionic dipole 1    0.000000
  297 0.99E-05    0.0    0.0    -2.22677    -2.22588    -2.22588    -2.22587  0.0000  0.0000  0.0000  0.0000     0.00000
Elct. dipole 1    0.178398  Ionic dipole 1    0.000000
  298 0.97E-05    0.0    0.0    -2.22677    -2.22588    -2.22588    -2.22587  0.0000  0.0000  0.0000  0.0000     0.00000
Elct. dipole 1    0.179000  Ionic dipole 1    0.000000
  299 0.96E-05    0.0    0.0    -2.22678    -2.22588    -2.22588    -2.22587  0.0000  0.0000  0.0000  0.0000     0.00000
Elct. dipole 1    0.179394  Ionic dipole 1    0.000000

 * Physical Quantities at step:   300

   from rhoofr: total integrated electronic density
   spin up
   in g-space =    2.000000   in r-space =   2.000000
   spin down
   in g-space =    2.000000   in r-space =   2.000000


                total energy =      -2.2267771454 Hartree a.u.
              kinetic energy =       1.7306487135 Hartree a.u.
        electrostatic energy =      -1.5131097999 Hartree a.u.
                         esr =       0.0464004252 Hartree a.u.
                       eself =       1.5957691216 Hartree a.u.
      pseudopotential energy =      -1.2470437822 Hartree a.u.
  n-l pseudopotential energy =       0.0000000000 Hartree a.u.
 exchange-correlation energy =      -1.1640180114 Hartree a.u.
           average potential =       0.0000000000 Hartree a.u.



   Eigenvalues (eV), kp =   1 , spin =  1

  -16.13  -14.25

   Eigenvalues (eV), kp =   1 , spin =  2

  -16.13  -14.25
 
   Allocated memory (kb) =     97136
 
   CELL_PARAMETERS
   25.00000000    0.00000000    0.00000000
    0.00000000   25.00000000    0.00000000
    0.00000000    0.00000000   50.00000000

   System Density [g/cm^3] :     0.0014


   Center of mass square displacement (a.u.):   0.000000

   ATOMIC_POSITIONS
   H    0.000000E+00  0.000000E+00 -0.350000E+01
   H    0.000000E+00  0.000000E+00 -0.150000E+01
   H    0.000000E+00  0.000000E+00  0.150000E+01
   H    0.000000E+00  0.000000E+00  0.350000E+01
 
   ATOMIC_VELOCITIES
   H    0.000000E+00  0.000000E+00  0.000000E+00
   H    0.000000E+00  0.000000E+00  0.000000E+00
   H    0.000000E+00  0.000000E+00  0.000000E+00
   H    0.000000E+00  0.000000E+00  0.000000E+00
 


   Partial temperatures (for each ionic specie) 
   Species  Temp (K)   Mean Square Displacement (a.u.)
        1       0.00     0.0000
 
  nfi    ekinc  temph  tempp        etot      enthal       econs       econt    vnhh   xnhh0    vnhp   xnhp0
  300 0.89E-05    0.0    0.0    -2.22678    -2.22588    -2.22588    -2.22587  0.0000  0.0000  0.0000  0.0000     0.00000
Elct. dipole 1    0.179571  Ionic dipole 1    0.000000

   writing restart file: ./SCRATCH/h4_trad_94.save
   restart file written in    0.235 sec.

  301 0.77E-05    0.0    0.0    -2.22678    -2.22588    -2.22588    -2.22587  0.0000  0.0000  0.0000  0.0000     0.00000
Elct. dipole 1    0.179535  Ionic dipole 1    0.000000

   MAIN:          EKINC   (thr)          DETOT   (thr)       MAXFORCE   (thr)
   MAIN:   0.773667D-05  0.1D-04  0.446379D-06  0.1D-05  0.000000D+00  0.1D+11
   MAIN: convergence achieved for system relaxation

 * Physical Quantities at step:   302


                total energy =      -2.2267778500 Hartree a.u.
              kinetic energy =       1.7312193791 Hartree a.u.
        electrostatic energy =      -1.5131437192 Hartree a.u.
                         esr =       0.0464004252 Hartree a.u.
                       eself =       1.5957691216 Hartree a.u.
      pseudopotential energy =      -1.2474897498 Hartree a.u.
  n-l pseudopotential energy =       0.0000000000 Hartree a.u.
 exchange-correlation energy =      -1.1640957040 Hartree a.u.
           average potential =       0.0000000000 Hartree a.u.



   Eigenvalues (eV), kp =   1 , spin =  1

  -16.13  -14.26

   Eigenvalues (eV), kp =   1 , spin =  2

  -16.13  -14.26
 
   Allocated memory (kb) =     97136
 
   CELL_PARAMETERS
   25.00000000    0.00000000    0.00000000
    0.00000000   25.00000000    0.00000000
    0.00000000    0.00000000   50.00000000

   System Density [g/cm^3] :     0.0014


   Center of mass square displacement (a.u.):   0.000000

   ATOMIC_POSITIONS
   H    0.000000E+00  0.000000E+00 -0.350000E+01
   H    0.000000E+00  0.000000E+00 -0.150000E+01
   H    0.000000E+00  0.000000E+00  0.150000E+01
   H    0.000000E+00  0.000000E+00  0.350000E+01
 
   ATOMIC_VELOCITIES
   H    0.000000E+00  0.000000E+00  0.000000E+00
   H    0.000000E+00  0.000000E+00  0.000000E+00
   H    0.000000E+00  0.000000E+00  0.000000E+00
   H    0.000000E+00  0.000000E+00  0.000000E+00
 


   Partial temperatures (for each ionic specie) 
   Species  Temp (K)   Mean Square Displacement (a.u.)
        1       0.00     0.0000
  302 0.66E-05    0.0    0.0    -2.22678    -2.22588    -2.22588    -2.22587  0.0000  0.0000  0.0000  0.0000     0.00000
Elct. dipole 1    0.179306  Ionic dipole 1    0.000000

   MAIN:          EKINC   (thr)          DETOT   (thr)       MAXFORCE   (thr)
   MAIN:   0.661705D-05  0.1D-04  0.258208D-06  0.1D-05  0.000000D+00  0.1D+11
   MAIN: convergence achieved for system relaxation

   writing restart file: ./SCRATCH/h4_trad_94.save
   restart file written in    0.239 sec.



   Averaged Physical Quantities
                      accomulated      this run
   ekinc         :        0.18571       0.00069 (AU)
   ekin          :        1.92608       1.73308 (AU)
   epot          :       -3.80281      -3.92585 (AU)
   total energy  :       -1.89634      -2.22604 (AU)
   temperature   :        0.00000       0.00000 (K )
   enthalpy      :       -1.89548      -2.22516 (AU)
   econs         :       -1.89548      -2.22516 (AU)
   pressure      :        0.00000       0.00000 (Gpa)
   volume        :    31250.00000   31250.00000 (AU)


     initialize   :     7.58s CPU
     total_time   :   181.42s CPU (      66 calls,   2.749 s avg)
     formf        :     0.03s CPU
     rhoofr       :     5.51s CPU (      66 calls,   0.083 s avg)
     vofrho       :    18.25s CPU (      66 calls,   0.277 s avg)
     dforce       :     3.48s CPU (     132 calls,   0.026 s avg)
     calphi       :     0.02s CPU (      66 calls,   0.000 s avg)
     ortho        :     0.07s CPU (      66 calls,   0.001 s avg)
     ortho_iter   :     0.00s CPU (     132 calls,   0.000 s avg)
     rsg          :     0.00s CPU (     132 calls,   0.000 s avg)
     rhoset       :     0.05s CPU (     132 calls,   0.000 s avg)
     updatc       :     0.00s CPU (     132 calls,   0.000 s avg)
     newd         :     0.00s CPU (      66 calls,   0.000 s avg)
     calbec       :     0.00s CPU (     133 calls,   0.000 s avg)
     prefor       :     0.00s CPU (      67 calls,   0.000 s avg)
     strucf       :     0.00s CPU
     nlsm1        :     0.00s CPU (     265 calls,   0.000 s avg)
     fft          :    33.50s CPU (    1390 calls,   0.024 s avg)
     ffts         :     3.06s CPU (     132 calls,   0.023 s avg)
     fftw         :     4.55s CPU (     396 calls,   0.011 s avg)
     cft3s        :    41.11s CPU (    1918 calls,   0.021 s avg)
     fft_scatter  :    12.02s CPU (    1918 calls,   0.006 s avg)
     nksic_drv    :   146.23s CPU (      66 calls,   2.216 s avg)
     nksic_orbrho :     3.53s CPU (     132 calls,   0.027 s avg)
     nksic_rhoref :     1.44s CPU (     264 calls,   0.005 s avg)
     nksic_eforce :     6.67s CPU (     132 calls,   0.051 s avg)
     nksic_corr   :   139.95s CPU (     264 calls,   0.530 s avg)
     nksic_corr_h :    16.38s CPU (     264 calls,   0.062 s avg)
     nksic_corr_v :    46.05s CPU (     264 calls,   0.174 s avg)
     nksic_corr_f :    77.01s CPU (     264 calls,   0.292 s avg)
 
 
     CP           :  3m 9.21s CPU time,     3m11.06s wall time

 
   This run was terminated on:  17:13:41  16Feb2012            

=------------------------------------------------------------------------------=
   JOB DONE.
=------------------------------------------------------------------------------=
