=------------------------------------------------------------------------------=

     CP: variable-cell Car-Parrinello molecular dynamics
     using norm-conserving and ultrasoft Vanderbilt pseudopotentials

     Version: 4.1 - Wed Feb 15 19:22:38 CET 2012                          
     Authors: Alfredo Pasquarello, Kari Laasonen, Andrea Trave, Roberto Car,
       Paolo Giannozzi, Nicola Marzari, Carlo Cavazzoni, Guido Chiarotti,
       Sandro Scandolo, Paolo Focher, Gerardo Ballabio, and others

=------------------------------------------------------------------------------=

   This run was started on:  17: 3:29  16Feb2012               

   MPI Parallel Build
   Tasks =    4  This task id =    0

   Job Title: MD Simulation


   Atomic Pseudopotentials Parameters
   ----------------------------------

   Reading pseudopotential for specie #  1 from file :
   ../../pseudo/H.pz-vbc.UPF
   file type is 20: UPF


   Main Simulation Parameters (from input)
   ---------------------------------------
   Restart Mode       =       1   restart        
   Number of MD Steps =     100
   Print out every            1 MD Steps
   Reads from unit    =      93
   Writes to unit     =      94
   MD Simulation time step            =      15.00
   Electronic fictitious mass (emass) =    1000.00
   emass cut-off                      =       3.00

   Simulation Cell Parameters (from input)
   external pressure       =            0.00 [GPa]
   wmass (calculated)      =          554.09 [AU]
   ibrav =    8
   alat  =    25.00000000
   a1    =    25.00000000    0.00000000    0.00000000
   a2    =     0.00000000   25.00000000    0.00000000
   a3    =     0.00000000    0.00000000   50.00000000
 
   b1    =     0.04000000    0.00000000    0.00000000
   b2    =     0.00000000    0.04000000    0.00000000
   b3    =     0.00000000    0.00000000    0.02000000
   omega = 31250.00000000

   Energy Cut-offs
   ---------------
   Ecutwfc =   25.0 Ry,      Ecutrho =  100.0 Ry,      Ecuts =  100.0 Ry
   Gcutwfc =   19.9     ,    Gcutrho =   39.8          Gcuts =   39.8
   NOTA BENE: refg, mmx =   0.050000  4000
   Eigenvalues calculated without the kinetic term contribution
   Orthog. with lagrange multipliers : eps =   0.10E-07,  max = 500
   verlet algorithm for electron dynamics
   with friction frice =  0.0500 , grease =  1.0000
   Electron dynamics : the temperature is not controlled

   Electronic states
   -----------------
   Number of Electron =     4, of States =     2
   Occupation numbers :
   2.00 2.00


   Exchange and correlations functionals
   -------------------------------------
   Using Local Density Approximation with
     Exchange functional: SLATER                                                      
     Correlation functional: PERDEW AND ZUNGER                                           
     Exchange-correlation      =  SLA  PZ   NOGX NOGC (1100)


   Ions Simulation Parameters
   --------------------------
   Ions are not allowed to move
   Ionic position (from input)
   sorted by specie, and converted to real a.u. coordinates
   Species   1 atoms =    4 mass =      1822.89 (a.u.),         1.00 (amu) rcmax =   1.00 (a.u.)
        0.000000     0.000000    -3.500000
        0.000000     0.000000    -1.500000
        0.000000     0.000000     1.500000
        0.000000     0.000000     3.500000
   Ionic position will be re-read from restart file


   Cell Dynamics Parameters (from STDIN)
   -------------------------------------
   Starting cell generated from CELLDM
   Cell parameters will be re-read from restart file
   Constant VOLUME Molecular dynamics
   cell parameters are not allowed to move

    =====================================
    |  BERRY PHASE ELECTRIC FIELD 1        
    =====================================
    | direction    =         3            
    | intensity    =   0.00500 a.u.     
    =====================================

   Verbosity: iprsta =  1



   Simulation dimensions initialization
   ------------------------------------

   unit vectors of full simulation cell
   in real space:                         in reciprocal space (units 2pi/alat):
   1    25.0000    0.0000    0.0000              1.0000    0.0000    0.0000
   2     0.0000   25.0000    0.0000              0.0000    1.0000    0.0000
   3     0.0000    0.0000   50.0000              0.0000    0.0000    0.5000
 
   Stick Mesh
   ----------
   nst =  2479,  nstw =   619, nsts =  2479
        PEs    n.st   n.stw   n.sts    n.g    n.gw   n.gs
          1    1240     310    1240  131904   16494  131904
          2    1238     308    1238  131882   16488  131882
          3    1239     309    1239  131901   16491  131901
          4    1240     310    1240  131900   16490  131900
          0    4957    1237    4957  527587   65963  527587
 
 
   Real Mesh
   ---------
   Global Dimensions   Local  Dimensions   Processor Grid
   .X.   .Y.   .Z.     .X.   .Y.   .Z.     .X.   .Y.   .Z.
    80    80   160      80    80    40       1     1     4
   Array leading dimensions ( nr1x, nr2x, nr3x )   =     80    80   160
   Local number of cell to store the grid ( nnrx ) =     256000
   Number of x-y planes for each processors: 
   nr3l =    40   40   40   40
 
   Smooth Real Mesh
   ----------------
   Global Dimensions   Local  Dimensions   Processor Grid
   .X.   .Y.   .Z.     .X.   .Y.   .Z.     .X.   .Y.   .Z.
    80    80   160      80    80    40       1     1     4
   Array leading dimensions ( nr1x, nr2x, nr3x )   =     80    80   160
   Local number of cell to store the grid ( nnrx ) =     256000
   Number of x-y planes for each processors: 
   nr3sl =    40   40   40   40
 
   Reciprocal Space Mesh
   ---------------------
                Large Mesh
   PE   Global(ngmt)     Local(ngm) MaxLocal(ngmx)
    1         263794          65952          65952
    2         263794          65941          65952
    3         263794          65951          65952
    4         263794          65950          65952
                Smooth Mesh
   PE   Global(ngst)     Local(ngs) MaxLocal(ngsx)
    1         263794          65952          65952
    2         263794          65941          65952
    3         263794          65951          65952
    4         263794          65950          65952
                Wave function Mesh
   PE   Global(ngwt)     Local(ngw) MaxLocal(ngwx)
    1          32982           8247           8247
    2          32982           8244           8247
    3          32982           8246           8247
    4          32982           8245           8247


   System geometry initialization
   ------------------------------
 
   Scaled positions from standard input
   H    0.000000E+00  0.000000E+00 -0.700000E-01
   H    0.000000E+00  0.000000E+00 -0.300000E-01
   H    0.000000E+00  0.000000E+00  0.300000E-01
   H    0.000000E+00  0.000000E+00  0.700000E-01
   ibrav =    8       cell parameters 

      25.00000       0.00000       0.00000
       0.00000      25.00000       0.00000
       0.00000       0.00000      50.00000
 

   Matrix Multiplication Performances
   ortho mmul, time for parallel driver      =   0.00000 with    1 procs

   Constraints matrixes will be distributed block like on
   ortho sub-group =    1*   1 procs



   Pseudopotentials initialization
   -------------------------------


   Common initialization

   Specie:     1
 
                        dion 
 
   Short Legend and Physical Units in the Output
   ---------------------------------------------
   NFI    [int]          - step index
   EKINC  [HARTREE A.U.] - kinetic energy of the fictitious electronic dynamics
   TEMPH  [K]            - Temperature of the fictitious cell dynamics
   TEMP   [K]            - Ionic temperature
   ETOT   [HARTREE A.U.] - Scf total energy (Kohn-Sham hamiltonian)
   ENTHAL [HARTREE A.U.] - Enthalpy ( ETOT + P * V )
   ECONS  [HARTREE A.U.] - Enthalpy + kinetic energy of ions and cell
   ECONT  [HARTREE A.U.] - Constant of motion for the CP lagrangian
 
   NK sic with reference occupation =  0.5000

   NK background density factor =  1.0000
   NK scaling factor =  1.0000
   NK cross-derivatives =    T
   NK reference derivatives =    T
   NK on top of PZ =    F
   rhothr =  0.1E-11
   NK memusage =     30.984 MB


   f_cutoff =  0.1000
   do_spinsym   =    F
   EE with periodic-image correction method = tcc                 

   reading restart file: ./SCRATCH/h4_93.save
   restart file read in    0.027 sec.

 nprint_nfi=           -2
 nprint_nfi=          235

   formf: eself=   1.59577
   formf:     vps(g=0)=  -0.0001012     rhops(g=0)=  -0.0000315
   formf: sum_g vps(g)=  -2.2273115 sum_g rhops(g)=  -0.0898096
   Delta V(G=0):   0.000402Ry,    0.010936eV
Initialize Berry phase electric field
 Additional found:       51528
 Additional found:       50500
 Additional found:       51529
 Additional found:       50501
 #not found, gtable:    1237.00000000000     
 #not found, gtabin:    1237.00000000000     
 
  nfi    ekinc  temph  tempp        etot      enthal       econs       econt    vnhh   xnhh0    vnhp   xnhp0
  236 0.32E-03    0.0    0.0    -2.21804    -2.21731    -2.21731    -2.21699  0.0000  0.0000  0.0000  0.0000     0.00000
Elct. dipole 1    0.145920  Ionic dipole 1    0.000000
  237 0.13E-02    0.0    0.0    -2.22049    -2.21975    -2.21975    -2.21848  0.0000  0.0000  0.0000  0.0000     0.00000
Elct. dipole 1    0.147025  Ionic dipole 1    0.000000
  238 0.23E-02    0.0    0.0    -2.22354    -2.22280    -2.22280    -2.22048  0.0000  0.0000  0.0000  0.0000     0.00000
Elct. dipole 1    0.149047  Ionic dipole 1    0.000000
  239 0.27E-02    0.0    0.0    -2.22543    -2.22467    -2.22467    -2.22195  0.0000  0.0000  0.0000  0.0000     0.00000
Elct. dipole 1    0.152030  Ionic dipole 1    0.000000

 * Physical Quantities at step:   240

   from rhoofr: total integrated electronic density
   in g-space =    4.000000   in r-space =   4.000000


                total energy =      -2.2256837974 Hartree a.u.
              kinetic energy =       1.7237644633 Hartree a.u.
        electrostatic energy =      -1.5128255083 Hartree a.u.
                         esr =       0.0464004252 Hartree a.u.
                       eself =       1.5957691216 Hartree a.u.
      pseudopotential energy =      -1.2415169673 Hartree a.u.
  n-l pseudopotential energy =       0.0000000000 Hartree a.u.
 exchange-correlation energy =      -1.1617529956 Hartree a.u.
           average potential =       0.0000000000 Hartree a.u.



   Eigenvalues (eV), kp =   1 , spin =  1

  -16.18  -14.30
 
   Allocated memory (kb) =     85012
 
   CELL_PARAMETERS
   25.00000000    0.00000000    0.00000000
    0.00000000   25.00000000    0.00000000
    0.00000000    0.00000000   50.00000000

   System Density [g/cm^3] :     0.0014


   Center of mass square displacement (a.u.):   0.000000

   ATOMIC_POSITIONS
   H    0.000000E+00  0.000000E+00 -0.350000E+01
   H    0.000000E+00  0.000000E+00 -0.150000E+01
   H    0.000000E+00  0.000000E+00  0.150000E+01
   H    0.000000E+00  0.000000E+00  0.350000E+01
 
   ATOMIC_VELOCITIES
   H    0.000000E+00  0.000000E+00  0.000000E+00
   H    0.000000E+00  0.000000E+00  0.000000E+00
   H    0.000000E+00  0.000000E+00  0.000000E+00
   H    0.000000E+00  0.000000E+00  0.000000E+00
 


   Partial temperatures (for each ionic specie) 
   Species  Temp (K)   Mean Square Displacement (a.u.)
        1       0.00     0.0000
 
  nfi    ekinc  temph  tempp        etot      enthal       econs       econt    vnhh   xnhh0    vnhp   xnhp0
  240 0.24E-02    0.0    0.0    -2.22568    -2.22490    -2.22490    -2.22252  0.0000  0.0000  0.0000  0.0000     0.00000
Elct. dipole 1    0.156006  Ionic dipole 1    0.000000
  241 0.17E-02    0.0    0.0    -2.22503    -2.22422    -2.22422    -2.22252  0.0000  0.0000  0.0000  0.0000     0.00000
Elct. dipole 1    0.160937  Ionic dipole 1    0.000000
  242 0.11E-02    0.0    0.0    -2.22443    -2.22359    -2.22359    -2.22244  0.0000  0.0000  0.0000  0.0000     0.00000
Elct. dipole 1    0.166674  Ionic dipole 1    0.000000
  243 0.88E-03    0.0    0.0    -2.22430    -2.22343    -2.22343    -2.22256  0.0000  0.0000  0.0000  0.0000     0.00000
Elct. dipole 1    0.172952  Ionic dipole 1    0.000000
  244 0.79E-03    0.0    0.0    -2.22450    -2.22360    -2.22360    -2.22281  0.0000  0.0000  0.0000  0.0000     0.00000
Elct. dipole 1    0.179410  Ionic dipole 1    0.000000
  245 0.74E-03    0.0    0.0    -2.22473    -2.22380    -2.22380    -2.22305  0.0000  0.0000  0.0000  0.0000     0.00000
Elct. dipole 1    0.185637  Ionic dipole 1    0.000000
  246 0.69E-03    0.0    0.0    -2.22489    -2.22394    -2.22394    -2.22325  0.0000  0.0000  0.0000  0.0000     0.00000
Elct. dipole 1    0.191222  Ionic dipole 1    0.000000
  247 0.65E-03    0.0    0.0    -2.22508    -2.22410    -2.22410    -2.22345  0.0000  0.0000  0.0000  0.0000     0.00000
Elct. dipole 1    0.195792  Ionic dipole 1    0.000000
  248 0.65E-03    0.0    0.0    -2.22535    -2.22435    -2.22435    -2.22370  0.0000  0.0000  0.0000  0.0000     0.00000
Elct. dipole 1    0.199043  Ionic dipole 1    0.000000
  249 0.66E-03    0.0    0.0    -2.22563    -2.22463    -2.22463    -2.22397  0.0000  0.0000  0.0000  0.0000     0.00000
Elct. dipole 1    0.200765  Ionic dipole 1    0.000000

 * Physical Quantities at step:   250

   from rhoofr: total integrated electronic density
   in g-space =    4.000000   in r-space =   4.000000


                total energy =      -2.2258289757 Hartree a.u.
              kinetic energy =       1.7579799354 Hartree a.u.
        electrostatic energy =      -1.5150157182 Hartree a.u.
                         esr =       0.0464004252 Hartree a.u.
                       eself =       1.5957691216 Hartree a.u.
      pseudopotential energy =      -1.2653649995 Hartree a.u.
  n-l pseudopotential energy =       0.0000000000 Hartree a.u.
 exchange-correlation energy =      -1.1701408670 Hartree a.u.
           average potential =       0.0000000000 Hartree a.u.



   Eigenvalues (eV), kp =   1 , spin =  1

  -16.09  -14.22
 
   Allocated memory (kb) =     85012
 
   CELL_PARAMETERS
   25.00000000    0.00000000    0.00000000
    0.00000000   25.00000000    0.00000000
    0.00000000    0.00000000   50.00000000

   System Density [g/cm^3] :     0.0014


   Center of mass square displacement (a.u.):   0.000000

   ATOMIC_POSITIONS
   H    0.000000E+00  0.000000E+00 -0.350000E+01
   H    0.000000E+00  0.000000E+00 -0.150000E+01
   H    0.000000E+00  0.000000E+00  0.150000E+01
   H    0.000000E+00  0.000000E+00  0.350000E+01
 
   ATOMIC_VELOCITIES
   H    0.000000E+00  0.000000E+00  0.000000E+00
   H    0.000000E+00  0.000000E+00  0.000000E+00
   H    0.000000E+00  0.000000E+00  0.000000E+00
   H    0.000000E+00  0.000000E+00  0.000000E+00
 


   Partial temperatures (for each ionic specie) 
   Species  Temp (K)   Mean Square Displacement (a.u.)
        1       0.00     0.0000
 
  nfi    ekinc  temph  tempp        etot      enthal       econs       econt    vnhh   xnhh0    vnhp   xnhp0
  250 0.63E-03    0.0    0.0    -2.22583    -2.22482    -2.22482    -2.22420  0.0000  0.0000  0.0000  0.0000     0.00000
Elct. dipole 1    0.200863  Ionic dipole 1    0.000000
  251 0.55E-03    0.0    0.0    -2.22592    -2.22492    -2.22492    -2.22436  0.0000  0.0000  0.0000  0.0000     0.00000
Elct. dipole 1    0.199377  Ionic dipole 1    0.000000
  252 0.47E-03    0.0    0.0    -2.22595    -2.22497    -2.22497    -2.22449  0.0000  0.0000  0.0000  0.0000     0.00000
Elct. dipole 1    0.196486  Ionic dipole 1    0.000000
  253 0.41E-03    0.0    0.0    -2.22601    -2.22504    -2.22504    -2.22463  0.0000  0.0000  0.0000  0.0000     0.00000
Elct. dipole 1    0.192486  Ionic dipole 1    0.000000
  254 0.37E-03    0.0    0.0    -2.22609    -2.22515    -2.22515    -2.22478  0.0000  0.0000  0.0000  0.0000     0.00000
Elct. dipole 1    0.187753  Ionic dipole 1    0.000000
  255 0.34E-03    0.0    0.0    -2.22616    -2.22525    -2.22525    -2.22491  0.0000  0.0000  0.0000  0.0000     0.00000
Elct. dipole 1    0.182701  Ionic dipole 1    0.000000
  256 0.29E-03    0.0    0.0    -2.22619    -2.22530    -2.22530    -2.22501  0.0000  0.0000  0.0000  0.0000     0.00000
Elct. dipole 1    0.177729  Ionic dipole 1    0.000000
  257 0.24E-03    0.0    0.0    -2.22620    -2.22533    -2.22533    -2.22509  0.0000  0.0000  0.0000  0.0000     0.00000
Elct. dipole 1    0.173186  Ionic dipole 1    0.000000
  258 0.21E-03    0.0    0.0    -2.22622    -2.22538    -2.22538    -2.22516  0.0000  0.0000  0.0000  0.0000     0.00000
Elct. dipole 1    0.169343  Ionic dipole 1    0.000000
  259 0.20E-03    0.0    0.0    -2.22628    -2.22545    -2.22545    -2.22525  0.0000  0.0000  0.0000  0.0000     0.00000
Elct. dipole 1    0.166377  Ionic dipole 1    0.000000

 * Physical Quantities at step:   260

   from rhoofr: total integrated electronic density
   in g-space =    4.000000   in r-space =   4.000000


                total energy =      -2.2263661783 Hartree a.u.
              kinetic energy =       1.7265991205 Hartree a.u.
        electrostatic energy =      -1.5121141274 Hartree a.u.
                         esr =       0.0464004252 Hartree a.u.
                       eself =       1.5957691216 Hartree a.u.
      pseudopotential energy =      -1.2438633544 Hartree a.u.
  n-l pseudopotential energy =       0.0000000000 Hartree a.u.
 exchange-correlation energy =      -1.1635976984 Hartree a.u.
           average potential =       0.0000000000 Hartree a.u.



   Eigenvalues (eV), kp =   1 , spin =  1

  -16.15  -14.26
 
   Allocated memory (kb) =     85012
 
   CELL_PARAMETERS
   25.00000000    0.00000000    0.00000000
    0.00000000   25.00000000    0.00000000
    0.00000000    0.00000000   50.00000000

   System Density [g/cm^3] :     0.0014


   Center of mass square displacement (a.u.):   0.000000

   ATOMIC_POSITIONS
   H    0.000000E+00  0.000000E+00 -0.350000E+01
   H    0.000000E+00  0.000000E+00 -0.150000E+01
   H    0.000000E+00  0.000000E+00  0.150000E+01
   H    0.000000E+00  0.000000E+00  0.350000E+01
 
   ATOMIC_VELOCITIES
   H    0.000000E+00  0.000000E+00  0.000000E+00
   H    0.000000E+00  0.000000E+00  0.000000E+00
   H    0.000000E+00  0.000000E+00  0.000000E+00
   H    0.000000E+00  0.000000E+00  0.000000E+00
 


   Partial temperatures (for each ionic specie) 
   Species  Temp (K)   Mean Square Displacement (a.u.)
        1       0.00     0.0000
 
  nfi    ekinc  temph  tempp        etot      enthal       econs       econt    vnhh   xnhh0    vnhp   xnhp0
  260 0.20E-03    0.0    0.0    -2.22637    -2.22554    -2.22554    -2.22534  0.0000  0.0000  0.0000  0.0000     0.00000
Elct. dipole 1    0.164372  Ionic dipole 1    0.000000
  261 0.20E-03    0.0    0.0    -2.22644    -2.22563    -2.22563    -2.22543  0.0000  0.0000  0.0000  0.0000     0.00000
Elct. dipole 1    0.163330  Ionic dipole 1    0.000000
  262 0.18E-03    0.0    0.0    -2.22649    -2.22567    -2.22567    -2.22549  0.0000  0.0000  0.0000  0.0000     0.00000
Elct. dipole 1    0.163187  Ionic dipole 1    0.000000
  263 0.16E-03    0.0    0.0    -2.22651    -2.22569    -2.22569    -2.22553  0.0000  0.0000  0.0000  0.0000     0.00000
Elct. dipole 1    0.163837  Ionic dipole 1    0.000000
  264 0.14E-03    0.0    0.0    -2.22652    -2.22570    -2.22570    -2.22556  0.0000  0.0000  0.0000  0.0000     0.00000
Elct. dipole 1    0.165149  Ionic dipole 1    0.000000
  265 0.12E-03    0.0    0.0    -2.22654    -2.22571    -2.22571    -2.22559  0.0000  0.0000  0.0000  0.0000     0.00000
Elct. dipole 1    0.166975  Ionic dipole 1    0.000000
  266 0.11E-03    0.0    0.0    -2.22657    -2.22572    -2.22572    -2.22561  0.0000  0.0000  0.0000  0.0000     0.00000
Elct. dipole 1    0.169166  Ionic dipole 1    0.000000
  267 0.10E-03    0.0    0.0    -2.22659    -2.22574    -2.22574    -2.22563  0.0000  0.0000  0.0000  0.0000     0.00000
Elct. dipole 1    0.171577  Ionic dipole 1    0.000000
  268 0.90E-04    0.0    0.0    -2.22661    -2.22574    -2.22574    -2.22565  0.0000  0.0000  0.0000  0.0000     0.00000
Elct. dipole 1    0.174072  Ionic dipole 1    0.000000
  269 0.78E-04    0.0    0.0    -2.22662    -2.22573    -2.22573    -2.22566  0.0000  0.0000  0.0000  0.0000     0.00000
Elct. dipole 1    0.176522  Ionic dipole 1    0.000000

 * Physical Quantities at step:   270

   from rhoofr: total integrated electronic density
   in g-space =    4.000000   in r-space =   4.000000


                total energy =      -2.2266233163 Hartree a.u.
              kinetic energy =       1.7278388107 Hartree a.u.
        electrostatic energy =      -1.5131256457 Hartree a.u.
                         esr =       0.0464004252 Hartree a.u.
                       eself =       1.5957691216 Hartree a.u.
      pseudopotential energy =      -1.2444197705 Hartree a.u.
  n-l pseudopotential energy =       0.0000000000 Hartree a.u.
 exchange-correlation energy =      -1.1638150944 Hartree a.u.
           average potential =       0.0000000000 Hartree a.u.



   Eigenvalues (eV), kp =   1 , spin =  1

  -16.12  -14.24
 
   Allocated memory (kb) =     85012
 
   CELL_PARAMETERS
   25.00000000    0.00000000    0.00000000
    0.00000000   25.00000000    0.00000000
    0.00000000    0.00000000   50.00000000

   System Density [g/cm^3] :     0.0014


   Center of mass square displacement (a.u.):   0.000000

   ATOMIC_POSITIONS
   H    0.000000E+00  0.000000E+00 -0.350000E+01
   H    0.000000E+00  0.000000E+00 -0.150000E+01
   H    0.000000E+00  0.000000E+00  0.150000E+01
   H    0.000000E+00  0.000000E+00  0.350000E+01
 
   ATOMIC_VELOCITIES
   H    0.000000E+00  0.000000E+00  0.000000E+00
   H    0.000000E+00  0.000000E+00  0.000000E+00
   H    0.000000E+00  0.000000E+00  0.000000E+00
   H    0.000000E+00  0.000000E+00  0.000000E+00
 


   Partial temperatures (for each ionic specie) 
   Species  Temp (K)   Mean Square Displacement (a.u.)
        1       0.00     0.0000
 
  nfi    ekinc  temph  tempp        etot      enthal       econs       econt    vnhh   xnhh0    vnhp   xnhp0
  270 0.67E-04    0.0    0.0    -2.22662    -2.22573    -2.22573    -2.22566  0.0000  0.0000  0.0000  0.0000     0.00000
Elct. dipole 1    0.178809  Ionic dipole 1    0.000000
  271 0.61E-04    0.0    0.0    -2.22664    -2.22573    -2.22573    -2.22567  0.0000  0.0000  0.0000  0.0000     0.00000
Elct. dipole 1    0.180826  Ionic dipole 1    0.000000
  272 0.58E-04    0.0    0.0    -2.22666    -2.22574    -2.22574    -2.22569  0.0000  0.0000  0.0000  0.0000     0.00000
Elct. dipole 1    0.182480  Ionic dipole 1    0.000000
  273 0.57E-04    0.0    0.0    -2.22668    -2.22576    -2.22576    -2.22570  0.0000  0.0000  0.0000  0.0000     0.00000
Elct. dipole 1    0.183696  Ionic dipole 1    0.000000
  274 0.54E-04    0.0    0.0    -2.22669    -2.22577    -2.22577    -2.22572  0.0000  0.0000  0.0000  0.0000     0.00000
Elct. dipole 1    0.184420  Ionic dipole 1    0.000000
  275 0.49E-04    0.0    0.0    -2.22670    -2.22578    -2.22578    -2.22573  0.0000  0.0000  0.0000  0.0000     0.00000
Elct. dipole 1    0.184630  Ionic dipole 1    0.000000
  276 0.42E-04    0.0    0.0    -2.22671    -2.22579    -2.22579    -2.22574  0.0000  0.0000  0.0000  0.0000     0.00000
Elct. dipole 1    0.184333  Ionic dipole 1    0.000000
  277 0.36E-04    0.0    0.0    -2.22671    -2.22579    -2.22579    -2.22576  0.0000  0.0000  0.0000  0.0000     0.00000
Elct. dipole 1    0.183567  Ionic dipole 1    0.000000
  278 0.32E-04    0.0    0.0    -2.22672    -2.22580    -2.22580    -2.22577  0.0000  0.0000  0.0000  0.0000     0.00000
Elct. dipole 1    0.182403  Ionic dipole 1    0.000000
  279 0.29E-04    0.0    0.0    -2.22672    -2.22582    -2.22582    -2.22579  0.0000  0.0000  0.0000  0.0000     0.00000
Elct. dipole 1    0.180939  Ionic dipole 1    0.000000

 * Physical Quantities at step:   280

   from rhoofr: total integrated electronic density
   in g-space =    4.000000   in r-space =   4.000000


                total energy =      -2.2267297838 Hartree a.u.
              kinetic energy =       1.7334791699 Hartree a.u.
        electrostatic energy =      -1.5133196685 Hartree a.u.
                         esr =       0.0464004252 Hartree a.u.
                       eself =       1.5957691216 Hartree a.u.
      pseudopotential energy =      -1.2486930707 Hartree a.u.
  n-l pseudopotential energy =       0.0000000000 Hartree a.u.
 exchange-correlation energy =      -1.1648433572 Hartree a.u.
           average potential =       0.0000000000 Hartree a.u.



   Eigenvalues (eV), kp =   1 , spin =  1

  -16.13  -14.25
 
   Allocated memory (kb) =     85012
 
   CELL_PARAMETERS
   25.00000000    0.00000000    0.00000000
    0.00000000   25.00000000    0.00000000
    0.00000000    0.00000000   50.00000000

   System Density [g/cm^3] :     0.0014


   Center of mass square displacement (a.u.):   0.000000

   ATOMIC_POSITIONS
   H    0.000000E+00  0.000000E+00 -0.350000E+01
   H    0.000000E+00  0.000000E+00 -0.150000E+01
   H    0.000000E+00  0.000000E+00  0.150000E+01
   H    0.000000E+00  0.000000E+00  0.350000E+01
 
   ATOMIC_VELOCITIES
   H    0.000000E+00  0.000000E+00  0.000000E+00
   H    0.000000E+00  0.000000E+00  0.000000E+00
   H    0.000000E+00  0.000000E+00  0.000000E+00
   H    0.000000E+00  0.000000E+00  0.000000E+00
 


   Partial temperatures (for each ionic specie) 
   Species  Temp (K)   Mean Square Displacement (a.u.)
        1       0.00     0.0000
 
  nfi    ekinc  temph  tempp        etot      enthal       econs       econt    vnhh   xnhh0    vnhp   xnhp0
  280 0.27E-04    0.0    0.0    -2.22673    -2.22583    -2.22583    -2.22581  0.0000  0.0000  0.0000  0.0000     0.00000
Elct. dipole 1    0.179286  Ionic dipole 1    0.000000
  281 0.24E-04    0.0    0.0    -2.22674    -2.22585    -2.22585    -2.22582  0.0000  0.0000  0.0000  0.0000     0.00000
Elct. dipole 1    0.177566  Ionic dipole 1    0.000000
  282 0.22E-04    0.0    0.0    -2.22674    -2.22586    -2.22586    -2.22584  0.0000  0.0000  0.0000  0.0000     0.00000
Elct. dipole 1    0.175900  Ionic dipole 1    0.000000
  283 0.20E-04    0.0    0.0    -2.22674    -2.22587    -2.22587    -2.22585  0.0000  0.0000  0.0000  0.0000     0.00000
Elct. dipole 1    0.174395  Ionic dipole 1    0.000000
  284 0.18E-04    0.0    0.0    -2.22675    -2.22588    -2.22588    -2.22586  0.0000  0.0000  0.0000  0.0000     0.00000
Elct. dipole 1    0.173141  Ionic dipole 1    0.000000
  285 0.17E-04    0.0    0.0    -2.22675    -2.22589    -2.22589    -2.22587  0.0000  0.0000  0.0000  0.0000     0.00000
Elct. dipole 1    0.172204  Ionic dipole 1    0.000000
  286 0.16E-04    0.0    0.0    -2.22676    -2.22590    -2.22590    -2.22588  0.0000  0.0000  0.0000  0.0000     0.00000
Elct. dipole 1    0.171623  Ionic dipole 1    0.000000
  287 0.14E-04    0.0    0.0    -2.22676    -2.22590    -2.22590    -2.22589  0.0000  0.0000  0.0000  0.0000     0.00000
Elct. dipole 1    0.171407  Ionic dipole 1    0.000000
  288 0.12E-04    0.0    0.0    -2.22676    -2.22590    -2.22590    -2.22589  0.0000  0.0000  0.0000  0.0000     0.00000
Elct. dipole 1    0.171543  Ionic dipole 1    0.000000
  289 0.10E-04    0.0    0.0    -2.22676    -2.22590    -2.22590    -2.22589  0.0000  0.0000  0.0000  0.0000     0.00000
Elct. dipole 1    0.171991  Ionic dipole 1    0.000000

 * Physical Quantities at step:   290

   from rhoofr: total integrated electronic density
   in g-space =    4.000000   in r-space =   4.000000


                total energy =      -2.2267635346 Hartree a.u.
              kinetic energy =       1.7314466005 Hartree a.u.
        electrostatic energy =      -1.5132054247 Hartree a.u.
                         esr =       0.0464004252 Hartree a.u.
                       eself =       1.5957691216 Hartree a.u.
      pseudopotential energy =      -1.2478383341 Hartree a.u.
  n-l pseudopotential energy =       0.0000000000 Hartree a.u.
 exchange-correlation energy =      -1.1639794867 Hartree a.u.
           average potential =       0.0000000000 Hartree a.u.



   Eigenvalues (eV), kp =   1 , spin =  1

  -16.13  -14.26
 
   Allocated memory (kb) =     85012
 
   CELL_PARAMETERS
   25.00000000    0.00000000    0.00000000
    0.00000000   25.00000000    0.00000000
    0.00000000    0.00000000   50.00000000

   System Density [g/cm^3] :     0.0014


   Center of mass square displacement (a.u.):   0.000000

   ATOMIC_POSITIONS
   H    0.000000E+00  0.000000E+00 -0.350000E+01
   H    0.000000E+00  0.000000E+00 -0.150000E+01
   H    0.000000E+00  0.000000E+00  0.150000E+01
   H    0.000000E+00  0.000000E+00  0.350000E+01
 
   ATOMIC_VELOCITIES
   H    0.000000E+00  0.000000E+00  0.000000E+00
   H    0.000000E+00  0.000000E+00  0.000000E+00
   H    0.000000E+00  0.000000E+00  0.000000E+00
   H    0.000000E+00  0.000000E+00  0.000000E+00
 


   Partial temperatures (for each ionic specie) 
   Species  Temp (K)   Mean Square Displacement (a.u.)
        1       0.00     0.0000
 
  nfi    ekinc  temph  tempp        etot      enthal       econs       econt    vnhh   xnhh0    vnhp   xnhp0
  290 0.96E-05    0.0    0.0    -2.22676    -2.22590    -2.22590    -2.22589  0.0000  0.0000  0.0000  0.0000     0.00000
Elct. dipole 1    0.172697  Ionic dipole 1    0.000000
  291 0.93E-05    0.0    0.0    -2.22677    -2.22590    -2.22590    -2.22589  0.0000  0.0000  0.0000  0.0000     0.00000
Elct. dipole 1    0.173592  Ionic dipole 1    0.000000
  292 0.88E-05    0.0    0.0    -2.22677    -2.22590    -2.22590    -2.22589  0.0000  0.0000  0.0000  0.0000     0.00000
Elct. dipole 1    0.174604  Ionic dipole 1    0.000000
  293 0.78E-05    0.0    0.0    -2.22677    -2.22589    -2.22589    -2.22588  0.0000  0.0000  0.0000  0.0000     0.00000
Elct. dipole 1    0.175657  Ionic dipole 1    0.000000
  294 0.65E-05    0.0    0.0    -2.22677    -2.22589    -2.22589    -2.22588  0.0000  0.0000  0.0000  0.0000     0.00000
Elct. dipole 1    0.176680  Ionic dipole 1    0.000000

   MAIN:          EKINC   (thr)          DETOT   (thr)       MAXFORCE   (thr)
   MAIN:   0.647203D-05  0.1D-04  0.975493D-07  0.1D-05  0.000000D+00  0.1D+11
   MAIN: convergence achieved for system relaxation

 * Physical Quantities at step:   295


                total energy =      -2.2267710817 Hartree a.u.
              kinetic energy =       1.7307115280 Hartree a.u.
        electrostatic energy =      -1.5131379628 Hartree a.u.
                         esr =       0.0464004252 Hartree a.u.
                       eself =       1.5957691216 Hartree a.u.
      pseudopotential energy =      -1.2469887613 Hartree a.u.
  n-l pseudopotential energy =       0.0000000000 Hartree a.u.
 exchange-correlation energy =      -1.1641372858 Hartree a.u.
           average potential =       0.0000000000 Hartree a.u.



   Eigenvalues (eV), kp =   1 , spin =  1

  -16.13  -14.25
 
   Allocated memory (kb) =     85012
 
   CELL_PARAMETERS
   25.00000000    0.00000000    0.00000000
    0.00000000   25.00000000    0.00000000
    0.00000000    0.00000000   50.00000000

   System Density [g/cm^3] :     0.0014


   Center of mass square displacement (a.u.):   0.000000

   ATOMIC_POSITIONS
   H    0.000000E+00  0.000000E+00 -0.350000E+01
   H    0.000000E+00  0.000000E+00 -0.150000E+01
   H    0.000000E+00  0.000000E+00  0.150000E+01
   H    0.000000E+00  0.000000E+00  0.350000E+01
 
   ATOMIC_VELOCITIES
   H    0.000000E+00  0.000000E+00  0.000000E+00
   H    0.000000E+00  0.000000E+00  0.000000E+00
   H    0.000000E+00  0.000000E+00  0.000000E+00
   H    0.000000E+00  0.000000E+00  0.000000E+00
 


   Partial temperatures (for each ionic specie) 
   Species  Temp (K)   Mean Square Displacement (a.u.)
        1       0.00     0.0000
  295 0.54E-05    0.0    0.0    -2.22677    -2.22588    -2.22588    -2.22588  0.0000  0.0000  0.0000  0.0000     0.00000
Elct. dipole 1    0.177611  Ionic dipole 1    0.000000

   MAIN:          EKINC   (thr)          DETOT   (thr)       MAXFORCE   (thr)
   MAIN:   0.542868D-05  0.1D-04  0.166109D-06  0.1D-05  0.000000D+00  0.1D+11
   MAIN: convergence achieved for system relaxation

   writing restart file: ./SCRATCH/h4_94.save
   restart file written in    0.137 sec.



   Averaged Physical Quantities
                      accomulated      this run
   ekinc         :        0.09506       0.00038 (AU)
   ekin          :        1.93080       1.73332 (AU)
   epot          :       -3.80002      -3.92601 (AU)
   total energy  :       -1.88861      -2.22597 (AU)
   temperature   :        0.00000       0.00000 (K )
   enthalpy      :       -1.88775      -2.22509 (AU)
   econs         :       -1.88775      -2.22509 (AU)
   pressure      :        0.00000       0.00000 (Gpa)
   volume        :    31250.00000   31250.00000 (AU)


     initialize   :     7.31s CPU
     total_time   :    89.88s CPU (      60 calls,   1.498 s avg)
     formf        :     0.03s CPU
     rhoofr       :     3.60s CPU (      60 calls,   0.060 s avg)
     vofrho       :    12.10s CPU (      60 calls,   0.202 s avg)
     dforce       :     1.44s CPU (      60 calls,   0.024 s avg)
     calphi       :     0.00s CPU (      60 calls,   0.000 s avg)
     ortho        :     0.03s CPU (      60 calls,   0.001 s avg)
     ortho_iter   :     0.00s CPU (      60 calls,   0.000 s avg)
     rsg          :     0.00s CPU (      60 calls,   0.000 s avg)
     rhoset       :     0.03s CPU (      60 calls,   0.001 s avg)
     updatc       :     0.00s CPU (      60 calls,   0.000 s avg)
     newd         :     0.00s CPU (      60 calls,   0.000 s avg)
     calbec       :     0.00s CPU (     121 calls,   0.000 s avg)
     prefor       :     0.00s CPU (      61 calls,   0.000 s avg)
     strucf       :     0.00s CPU
     nlsm1        :     0.00s CPU (     241 calls,   0.000 s avg)
     fft          :    18.31s CPU (     844 calls,   0.022 s avg)
     ffts         :     2.58s CPU (     120 calls,   0.022 s avg)
     fftw         :     1.69s CPU (     180 calls,   0.009 s avg)
     cft3s        :    22.58s CPU (    1144 calls,   0.020 s avg)
     fft_scatter  :     4.99s CPU (    1144 calls,   0.004 s avg)
     nksic_drv    :    69.42s CPU (      60 calls,   1.157 s avg)
     nksic_orbrho :     1.34s CPU (      60 calls,   0.022 s avg)
     nksic_rhoref :     0.76s CPU (     120 calls,   0.006 s avg)
     nksic_eforce :     2.87s CPU (      60 calls,   0.048 s avg)
     nksic_corr   :    66.43s CPU (     120 calls,   0.554 s avg)
     nksic_corr_h :     6.82s CPU (     120 calls,   0.057 s avg)
     nksic_corr_v :    24.55s CPU (     120 calls,   0.205 s avg)
     nksic_corr_f :    34.75s CPU (     120 calls,   0.290 s avg)
 
 
     CP           :  1m37.34s CPU time,     1m38.83s wall time

 
   This run was terminated on:  17: 5: 8  16Feb2012            

=------------------------------------------------------------------------------=
   JOB DONE.
=------------------------------------------------------------------------------=
