=------------------------------------------------------------------------------=

     CP: variable-cell Car-Parrinello molecular dynamics
     using norm-conserving and ultrasoft Vanderbilt pseudopotentials

     Version: 4.1 - Wed Feb 15 19:22:38 CET 2012                          
     Authors: Alfredo Pasquarello, Kari Laasonen, Andrea Trave, Roberto Car,
       Paolo Giannozzi, Nicola Marzari, Carlo Cavazzoni, Guido Chiarotti,
       Sandro Scandolo, Paolo Focher, Gerardo Ballabio, and others

=------------------------------------------------------------------------------=

   This run was started on:  17: 5: 9  16Feb2012               

   MPI Parallel Build
   Tasks =    4  This task id =    0

   Job Title: MD Simulation


   Atomic Pseudopotentials Parameters
   ----------------------------------

   Reading pseudopotential for specie #  1 from file :
   ../../pseudo/H.pz-vbc.UPF
   file type is 20: UPF


   Main Simulation Parameters (from input)
   ---------------------------------------
   Restart Mode       =       1   restart        
   Number of MD Steps =     100
   Print out every            1 MD Steps
   Reads from unit    =      94
   Writes to unit     =      95
   MD Simulation time step            =      15.00
   Electronic fictitious mass (emass) =    1000.00
   emass cut-off                      =       3.00

   Simulation Cell Parameters (from input)
   external pressure       =            0.00 [GPa]
   wmass (calculated)      =          554.09 [AU]
   ibrav =    8
   alat  =    25.00000000
   a1    =    25.00000000    0.00000000    0.00000000
   a2    =     0.00000000   25.00000000    0.00000000
   a3    =     0.00000000    0.00000000   50.00000000
 
   b1    =     0.04000000    0.00000000    0.00000000
   b2    =     0.00000000    0.04000000    0.00000000
   b3    =     0.00000000    0.00000000    0.02000000
   omega = 31250.00000000

   Energy Cut-offs
   ---------------
   Ecutwfc =   25.0 Ry,      Ecutrho =  100.0 Ry,      Ecuts =  100.0 Ry
   Gcutwfc =   19.9     ,    Gcutrho =   39.8          Gcuts =   39.8
   NOTA BENE: refg, mmx =   0.050000  4000
   Eigenvalues calculated without the kinetic term contribution
   Orthog. with lagrange multipliers : eps =   0.10E-07,  max = 500
   verlet algorithm for electron dynamics
   with friction frice =  0.0500 , grease =  1.0000
   Electron dynamics : the temperature is not controlled

   Electronic states
   -----------------
   Number of Electron =     4, of States =     2
   Occupation numbers :
   2.00 2.00


   Exchange and correlations functionals
   -------------------------------------
   Using Local Density Approximation with
     Exchange functional: SLATER                                                      
     Correlation functional: PERDEW AND ZUNGER                                           
     Exchange-correlation      =  SLA  PZ   NOGX NOGC (1100)


   Ions Simulation Parameters
   --------------------------
   Ions are not allowed to move
   Ionic position (from input)
   sorted by specie, and converted to real a.u. coordinates
   Species   1 atoms =    4 mass =      1822.89 (a.u.),         1.00 (amu) rcmax =   1.00 (a.u.)
        0.000000     0.000000    -3.500000
        0.000000     0.000000    -1.500000
        0.000000     0.000000     1.500000
        0.000000     0.000000     3.500000
   Ionic position will be re-read from restart file


   Cell Dynamics Parameters (from STDIN)
   -------------------------------------
   Starting cell generated from CELLDM
   Cell parameters will be re-read from restart file
   Constant VOLUME Molecular dynamics
   cell parameters are not allowed to move

    =====================================
    |  BERRY PHASE ELECTRIC FIELD 1        
    =====================================
    | direction    =         3            
    | intensity    =   0.00500 a.u.     
    =====================================

   Verbosity: iprsta =  1



   Simulation dimensions initialization
   ------------------------------------

   unit vectors of full simulation cell
   in real space:                         in reciprocal space (units 2pi/alat):
   1    25.0000    0.0000    0.0000              1.0000    0.0000    0.0000
   2     0.0000   25.0000    0.0000              0.0000    1.0000    0.0000
   3     0.0000    0.0000   50.0000              0.0000    0.0000    0.5000
 
   Stick Mesh
   ----------
   nst =  2479,  nstw =   619, nsts =  2479
        PEs    n.st   n.stw   n.sts    n.g    n.gw   n.gs
          1    1240     310    1240  131904   16494  131904
          2    1238     308    1238  131882   16488  131882
          3    1239     309    1239  131901   16491  131901
          4    1240     310    1240  131900   16490  131900
          0    4957    1237    4957  527587   65963  527587
 
 
   Real Mesh
   ---------
   Global Dimensions   Local  Dimensions   Processor Grid
   .X.   .Y.   .Z.     .X.   .Y.   .Z.     .X.   .Y.   .Z.
    80    80   160      80    80    40       1     1     4
   Array leading dimensions ( nr1x, nr2x, nr3x )   =     80    80   160
   Local number of cell to store the grid ( nnrx ) =     256000
   Number of x-y planes for each processors: 
   nr3l =    40   40   40   40
 
   Smooth Real Mesh
   ----------------
   Global Dimensions   Local  Dimensions   Processor Grid
   .X.   .Y.   .Z.     .X.   .Y.   .Z.     .X.   .Y.   .Z.
    80    80   160      80    80    40       1     1     4
   Array leading dimensions ( nr1x, nr2x, nr3x )   =     80    80   160
   Local number of cell to store the grid ( nnrx ) =     256000
   Number of x-y planes for each processors: 
   nr3sl =    40   40   40   40
 
   Reciprocal Space Mesh
   ---------------------
                Large Mesh
   PE   Global(ngmt)     Local(ngm) MaxLocal(ngmx)
    1         263794          65952          65952
    2         263794          65941          65952
    3         263794          65951          65952
    4         263794          65950          65952
                Smooth Mesh
   PE   Global(ngst)     Local(ngs) MaxLocal(ngsx)
    1         263794          65952          65952
    2         263794          65941          65952
    3         263794          65951          65952
    4         263794          65950          65952
                Wave function Mesh
   PE   Global(ngwt)     Local(ngw) MaxLocal(ngwx)
    1          32982           8247           8247
    2          32982           8244           8247
    3          32982           8246           8247
    4          32982           8245           8247


   System geometry initialization
   ------------------------------
 
   Scaled positions from standard input
   H    0.000000E+00  0.000000E+00 -0.700000E-01
   H    0.000000E+00  0.000000E+00 -0.300000E-01
   H    0.000000E+00  0.000000E+00  0.300000E-01
   H    0.000000E+00  0.000000E+00  0.700000E-01
   ibrav =    8       cell parameters 

      25.00000       0.00000       0.00000
       0.00000      25.00000       0.00000
       0.00000       0.00000      50.00000
 

   Matrix Multiplication Performances
   ortho mmul, time for parallel driver      =   0.00000 with    1 procs

   Constraints matrixes will be distributed block like on
   ortho sub-group =    1*   1 procs



   Pseudopotentials initialization
   -------------------------------


   Common initialization

   Specie:     1
 
                        dion 
 
   Short Legend and Physical Units in the Output
   ---------------------------------------------
   NFI    [int]          - step index
   EKINC  [HARTREE A.U.] - kinetic energy of the fictitious electronic dynamics
   TEMPH  [K]            - Temperature of the fictitious cell dynamics
   TEMP   [K]            - Ionic temperature
   ETOT   [HARTREE A.U.] - Scf total energy (Kohn-Sham hamiltonian)
   ENTHAL [HARTREE A.U.] - Enthalpy ( ETOT + P * V )
   ECONS  [HARTREE A.U.] - Enthalpy + kinetic energy of ions and cell
   ECONT  [HARTREE A.U.] - Constant of motion for the CP lagrangian
 
   PZ sic =    T

   rhothr =  0.1E-11
   NK memusage =     20.744 MB


   f_cutoff =  0.1000
   do_spinsym   =    F
   EE with periodic-image correction method = tcc                 

   reading restart file: ./SCRATCH/h4_94.save
   restart file read in    0.026 sec.

 nprint_nfi=           -2
 nprint_nfi=          295

   formf: eself=   1.59577
   formf:     vps(g=0)=  -0.0001012     rhops(g=0)=  -0.0000315
   formf: sum_g vps(g)=  -2.2273115 sum_g rhops(g)=  -0.0898096
   Delta V(G=0):   0.000402Ry,    0.010936eV
Initialize Berry phase electric field
 Additional found:       51528
 Additional found:       50500
 Additional found:       51529
 Additional found:       50501
 #not found, gtable:    1237.00000000000     
 #not found, gtabin:    1237.00000000000     
 
  nfi    ekinc  temph  tempp        etot      enthal       econs       econt    vnhh   xnhh0    vnhp   xnhp0
  296 0.99E-04    0.0    0.0    -2.25026    -2.24936    -2.24936    -2.24926  0.0000  0.0000  0.0000  0.0000     0.00000
Elct. dipole 1    0.178398  Ionic dipole 1    0.000000
  297 0.36E-03    0.0    0.0    -2.25095    -2.25006    -2.25006    -2.24970  0.0000  0.0000  0.0000  0.0000     0.00000
Elct. dipole 1    0.178182  Ionic dipole 1    0.000000
  298 0.61E-03    0.0    0.0    -2.25171    -2.25083    -2.25083    -2.25022  0.0000  0.0000  0.0000  0.0000     0.00000
Elct. dipole 1    0.177086  Ionic dipole 1    0.000000
  299 0.64E-03    0.0    0.0    -2.25202    -2.25115    -2.25115    -2.25051  0.0000  0.0000  0.0000  0.0000     0.00000
Elct. dipole 1    0.175309  Ionic dipole 1    0.000000

 * Physical Quantities at step:   300

   from rhoofr: total integrated electronic density
   in g-space =    4.000000   in r-space =   4.000000


                total energy =      -2.2518535992 Hartree a.u.
              kinetic energy =       1.7090118391 Hartree a.u.
        electrostatic energy =      -1.5086154985 Hartree a.u.
                         esr =       0.0464004252 Hartree a.u.
                       eself =       1.5957691216 Hartree a.u.
      pseudopotential energy =      -1.2224424749 Hartree a.u.
  n-l pseudopotential energy =       0.0000000000 Hartree a.u.
 exchange-correlation energy =      -1.1678603316 Hartree a.u.
           average potential =       0.0000000000 Hartree a.u.



   Eigenvalues (eV), kp =   1 , spin =  1

  -15.76  -13.72
 
   Allocated memory (kb) =     75020
 
   CELL_PARAMETERS
   25.00000000    0.00000000    0.00000000
    0.00000000   25.00000000    0.00000000
    0.00000000    0.00000000   50.00000000

   System Density [g/cm^3] :     0.0014


   Center of mass square displacement (a.u.):   0.000000

   ATOMIC_POSITIONS
   H    0.000000E+00  0.000000E+00 -0.350000E+01
   H    0.000000E+00  0.000000E+00 -0.150000E+01
   H    0.000000E+00  0.000000E+00  0.150000E+01
   H    0.000000E+00  0.000000E+00  0.350000E+01
 
   ATOMIC_VELOCITIES
   H    0.000000E+00  0.000000E+00  0.000000E+00
   H    0.000000E+00  0.000000E+00  0.000000E+00
   H    0.000000E+00  0.000000E+00  0.000000E+00
   H    0.000000E+00  0.000000E+00  0.000000E+00
 


   Partial temperatures (for each ionic specie) 
   Species  Temp (K)   Mean Square Displacement (a.u.)
        1       0.00     0.0000
 
  nfi    ekinc  temph  tempp        etot      enthal       econs       econt    vnhh   xnhh0    vnhp   xnhp0
  300 0.46E-03    0.0    0.0    -2.25185    -2.25099    -2.25099    -2.25052  0.0000  0.0000  0.0000  0.0000     0.00000
Elct. dipole 1    0.173088  Ionic dipole 1    0.000000

   writing restart file: ./SCRATCH/h4_95.save
   restart file written in    0.136 sec.

  301 0.27E-03    0.0    0.0    -2.25157    -2.25072    -2.25072    -2.25044  0.0000  0.0000  0.0000  0.0000     0.00000
Elct. dipole 1    0.170646  Ionic dipole 1    0.000000
  302 0.19E-03    0.0    0.0    -2.25150    -2.25066    -2.25066    -2.25047  0.0000  0.0000  0.0000  0.0000     0.00000
Elct. dipole 1    0.168146  Ionic dipole 1    0.000000
  303 0.22E-03    0.0    0.0    -2.25166    -2.25084    -2.25084    -2.25062  0.0000  0.0000  0.0000  0.0000     0.00000
Elct. dipole 1    0.165683  Ionic dipole 1    0.000000
  304 0.26E-03    0.0    0.0    -2.25186    -2.25104    -2.25104    -2.25079  0.0000  0.0000  0.0000  0.0000     0.00000
Elct. dipole 1    0.163302  Ionic dipole 1    0.000000
  305 0.23E-03    0.0    0.0    -2.25191    -2.25111    -2.25111    -2.25087  0.0000  0.0000  0.0000  0.0000     0.00000
Elct. dipole 1    0.161034  Ionic dipole 1    0.000000
  306 0.16E-03    0.0    0.0    -2.25182    -2.25103    -2.25103    -2.25087  0.0000  0.0000  0.0000  0.0000     0.00000
Elct. dipole 1    0.158933  Ionic dipole 1    0.000000
  307 0.10E-03    0.0    0.0    -2.25174    -2.25096    -2.25096    -2.25086  0.0000  0.0000  0.0000  0.0000     0.00000
Elct. dipole 1    0.157104  Ionic dipole 1    0.000000
  308 0.10E-03    0.0    0.0    -2.25178    -2.25100    -2.25100    -2.25090  0.0000  0.0000  0.0000  0.0000     0.00000
Elct. dipole 1    0.155688  Ionic dipole 1    0.000000
  309 0.14E-03    0.0    0.0    -2.25192    -2.25115    -2.25115    -2.25101  0.0000  0.0000  0.0000  0.0000     0.00000
Elct. dipole 1    0.154848  Ionic dipole 1    0.000000

 * Physical Quantities at step:   310

   from rhoofr: total integrated electronic density
   in g-space =    4.000000   in r-space =   4.000000


                total energy =      -2.2520628590 Hartree a.u.
              kinetic energy =       1.7348103764 Hartree a.u.
        electrostatic energy =      -1.5115577803 Hartree a.u.
                         esr =       0.0464004252 Hartree a.u.
                       eself =       1.5957691216 Hartree a.u.
      pseudopotential energy =      -1.2429413420 Hartree a.u.
  n-l pseudopotential energy =       0.0000000000 Hartree a.u.
 exchange-correlation energy =      -1.1715062330 Hartree a.u.
           average potential =       0.0000000000 Hartree a.u.



   Eigenvalues (eV), kp =   1 , spin =  1

  -15.76  -13.75
 
   Allocated memory (kb) =     75020
 
   CELL_PARAMETERS
   25.00000000    0.00000000    0.00000000
    0.00000000   25.00000000    0.00000000
    0.00000000    0.00000000   50.00000000

   System Density [g/cm^3] :     0.0014


   Center of mass square displacement (a.u.):   0.000000

   ATOMIC_POSITIONS
   H    0.000000E+00  0.000000E+00 -0.350000E+01
   H    0.000000E+00  0.000000E+00 -0.150000E+01
   H    0.000000E+00  0.000000E+00  0.150000E+01
   H    0.000000E+00  0.000000E+00  0.350000E+01
 
   ATOMIC_VELOCITIES
   H    0.000000E+00  0.000000E+00  0.000000E+00
   H    0.000000E+00  0.000000E+00  0.000000E+00
   H    0.000000E+00  0.000000E+00  0.000000E+00
   H    0.000000E+00  0.000000E+00  0.000000E+00
 


   Partial temperatures (for each ionic specie) 
   Species  Temp (K)   Mean Square Displacement (a.u.)
        1       0.00     0.0000
 
  nfi    ekinc  temph  tempp        etot      enthal       econs       econt    vnhh   xnhh0    vnhp   xnhp0
  310 0.17E-03    0.0    0.0    -2.25206    -2.25129    -2.25129    -2.25112  0.0000  0.0000  0.0000  0.0000     0.00000
Elct. dipole 1    0.154724  Ionic dipole 1    0.000000
  311 0.17E-03    0.0    0.0    -2.25212    -2.25135    -2.25135    -2.25118  0.0000  0.0000  0.0000  0.0000     0.00000
Elct. dipole 1    0.155404  Ionic dipole 1    0.000000
  312 0.13E-03    0.0    0.0    -2.25210    -2.25131    -2.25131    -2.25118  0.0000  0.0000  0.0000  0.0000     0.00000
Elct. dipole 1    0.156897  Ionic dipole 1    0.000000
  313 0.84E-04    0.0    0.0    -2.25204    -2.25125    -2.25125    -2.25116  0.0000  0.0000  0.0000  0.0000     0.00000
Elct. dipole 1    0.159123  Ionic dipole 1    0.000000
  314 0.57E-04    0.0    0.0    -2.25201    -2.25120    -2.25120    -2.25115  0.0000  0.0000  0.0000  0.0000     0.00000
Elct. dipole 1    0.161912  Ionic dipole 1    0.000000
  315 0.52E-04    0.0    0.0    -2.25203    -2.25120    -2.25120    -2.25115  0.0000  0.0000  0.0000  0.0000     0.00000
Elct. dipole 1    0.165024  Ionic dipole 1    0.000000
  316 0.59E-04    0.0    0.0    -2.25207    -2.25123    -2.25123    -2.25117  0.0000  0.0000  0.0000  0.0000     0.00000
Elct. dipole 1    0.168169  Ionic dipole 1    0.000000
  317 0.63E-04    0.0    0.0    -2.25210    -2.25125    -2.25125    -2.25118  0.0000  0.0000  0.0000  0.0000     0.00000
Elct. dipole 1    0.171048  Ionic dipole 1    0.000000
  318 0.59E-04    0.0    0.0    -2.25212    -2.25125    -2.25125    -2.25119  0.0000  0.0000  0.0000  0.0000     0.00000
Elct. dipole 1    0.173389  Ionic dipole 1    0.000000
  319 0.52E-04    0.0    0.0    -2.25212    -2.25125    -2.25125    -2.25120  0.0000  0.0000  0.0000  0.0000     0.00000
Elct. dipole 1    0.174981  Ionic dipole 1    0.000000

 * Physical Quantities at step:   320

   from rhoofr: total integrated electronic density
   in g-space =    4.000000   in r-space =   4.000000


                total energy =      -2.2521306262 Hartree a.u.
              kinetic energy =       1.7247542958 Hartree a.u.
        electrostatic energy =      -1.5107791839 Hartree a.u.
                         esr =       0.0464004252 Hartree a.u.
                       eself =       1.5957691216 Hartree a.u.
      pseudopotential energy =      -1.2370554361 Hartree a.u.
  n-l pseudopotential energy =       0.0000000000 Hartree a.u.
 exchange-correlation energy =      -1.1684798846 Hartree a.u.
           average potential =       0.0000000000 Hartree a.u.



   Eigenvalues (eV), kp =   1 , spin =  1

  -15.77  -13.75
 
   Allocated memory (kb) =     75020
 
   CELL_PARAMETERS
   25.00000000    0.00000000    0.00000000
    0.00000000   25.00000000    0.00000000
    0.00000000    0.00000000   50.00000000

   System Density [g/cm^3] :     0.0014


   Center of mass square displacement (a.u.):   0.000000

   ATOMIC_POSITIONS
   H    0.000000E+00  0.000000E+00 -0.350000E+01
   H    0.000000E+00  0.000000E+00 -0.150000E+01
   H    0.000000E+00  0.000000E+00  0.150000E+01
   H    0.000000E+00  0.000000E+00  0.350000E+01
 
   ATOMIC_VELOCITIES
   H    0.000000E+00  0.000000E+00  0.000000E+00
   H    0.000000E+00  0.000000E+00  0.000000E+00
   H    0.000000E+00  0.000000E+00  0.000000E+00
   H    0.000000E+00  0.000000E+00  0.000000E+00
 


   Partial temperatures (for each ionic specie) 
   Species  Temp (K)   Mean Square Displacement (a.u.)
        1       0.00     0.0000
 
  nfi    ekinc  temph  tempp        etot      enthal       econs       econt    vnhh   xnhh0    vnhp   xnhp0
  320 0.46E-04    0.0    0.0    -2.25213    -2.25125    -2.25125    -2.25121  0.0000  0.0000  0.0000  0.0000     0.00000
Elct. dipole 1    0.175702  Ionic dipole 1    0.000000
  321 0.45E-04    0.0    0.0    -2.25215    -2.25127    -2.25127    -2.25122  0.0000  0.0000  0.0000  0.0000     0.00000
Elct. dipole 1    0.175531  Ionic dipole 1    0.000000
  322 0.44E-04    0.0    0.0    -2.25216    -2.25129    -2.25129    -2.25125  0.0000  0.0000  0.0000  0.0000     0.00000
Elct. dipole 1    0.174543  Ionic dipole 1    0.000000
  323 0.40E-04    0.0    0.0    -2.25217    -2.25131    -2.25131    -2.25127  0.0000  0.0000  0.0000  0.0000     0.00000
Elct. dipole 1    0.172889  Ionic dipole 1    0.000000
  324 0.33E-04    0.0    0.0    -2.25217    -2.25132    -2.25132    -2.25129  0.0000  0.0000  0.0000  0.0000     0.00000
Elct. dipole 1    0.170776  Ionic dipole 1    0.000000
  325 0.24E-04    0.0    0.0    -2.25217    -2.25132    -2.25132    -2.25130  0.0000  0.0000  0.0000  0.0000     0.00000
Elct. dipole 1    0.168431  Ionic dipole 1    0.000000
  326 0.18E-04    0.0    0.0    -2.25216    -2.25133    -2.25133    -2.25131  0.0000  0.0000  0.0000  0.0000     0.00000
Elct. dipole 1    0.166073  Ionic dipole 1    0.000000
  327 0.17E-04    0.0    0.0    -2.25217    -2.25135    -2.25135    -2.25133  0.0000  0.0000  0.0000  0.0000     0.00000
Elct. dipole 1    0.163897  Ionic dipole 1    0.000000
  328 0.19E-04    0.0    0.0    -2.25218    -2.25137    -2.25137    -2.25135  0.0000  0.0000  0.0000  0.0000     0.00000
Elct. dipole 1    0.162055  Ionic dipole 1    0.000000
  329 0.20E-04    0.0    0.0    -2.25219    -2.25139    -2.25139    -2.25137  0.0000  0.0000  0.0000  0.0000     0.00000
Elct. dipole 1    0.160654  Ionic dipole 1    0.000000

 * Physical Quantities at step:   330

   from rhoofr: total integrated electronic density
   in g-space =    4.000000   in r-space =   4.000000


                total energy =      -2.2521970894 Hartree a.u.
              kinetic energy =       1.7216531006 Hartree a.u.
        electrostatic energy =      -1.5104069439 Hartree a.u.
                         esr =       0.0464004252 Hartree a.u.
                       eself =       1.5957691216 Hartree a.u.
      pseudopotential energy =      -1.2333194064 Hartree a.u.
  n-l pseudopotential energy =       0.0000000000 Hartree a.u.
 exchange-correlation energy =      -1.1689749936 Hartree a.u.
           average potential =       0.0000000000 Hartree a.u.



   Eigenvalues (eV), kp =   1 , spin =  1

  -15.77  -13.75
 
   Allocated memory (kb) =     75020
 
   CELL_PARAMETERS
   25.00000000    0.00000000    0.00000000
    0.00000000   25.00000000    0.00000000
    0.00000000    0.00000000   50.00000000

   System Density [g/cm^3] :     0.0014


   Center of mass square displacement (a.u.):   0.000000

   ATOMIC_POSITIONS
   H    0.000000E+00  0.000000E+00 -0.350000E+01
   H    0.000000E+00  0.000000E+00 -0.150000E+01
   H    0.000000E+00  0.000000E+00  0.150000E+01
   H    0.000000E+00  0.000000E+00  0.350000E+01
 
   ATOMIC_VELOCITIES
   H    0.000000E+00  0.000000E+00  0.000000E+00
   H    0.000000E+00  0.000000E+00  0.000000E+00
   H    0.000000E+00  0.000000E+00  0.000000E+00
   H    0.000000E+00  0.000000E+00  0.000000E+00
 


   Partial temperatures (for each ionic specie) 
   Species  Temp (K)   Mean Square Displacement (a.u.)
        1       0.00     0.0000
 
  nfi    ekinc  temph  tempp        etot      enthal       econs       econt    vnhh   xnhh0    vnhp   xnhp0
  330 0.20E-04    0.0    0.0    -2.25220    -2.25140    -2.25140    -2.25138  0.0000  0.0000  0.0000  0.0000     0.00000
Elct. dipole 1    0.159752  Ionic dipole 1    0.000000
  331 0.18E-04    0.0    0.0    -2.25220    -2.25140    -2.25140    -2.25138  0.0000  0.0000  0.0000  0.0000     0.00000
Elct. dipole 1    0.159361  Ionic dipole 1    0.000000
  332 0.15E-04    0.0    0.0    -2.25220    -2.25140    -2.25140    -2.25139  0.0000  0.0000  0.0000  0.0000     0.00000
Elct. dipole 1    0.159458  Ionic dipole 1    0.000000
  333 0.13E-04    0.0    0.0    -2.25220    -2.25140    -2.25140    -2.25139  0.0000  0.0000  0.0000  0.0000     0.00000
Elct. dipole 1    0.159987  Ionic dipole 1    0.000000
  334 0.12E-04    0.0    0.0    -2.25220    -2.25140    -2.25140    -2.25139  0.0000  0.0000  0.0000  0.0000     0.00000
Elct. dipole 1    0.160867  Ionic dipole 1    0.000000
  335 0.10E-04    0.0    0.0    -2.25221    -2.25140    -2.25140    -2.25139  0.0000  0.0000  0.0000  0.0000     0.00000
Elct. dipole 1    0.162002  Ionic dipole 1    0.000000
  336 0.87E-05    0.0    0.0    -2.25221    -2.25139    -2.25139    -2.25138  0.0000  0.0000  0.0000  0.0000     0.00000
Elct. dipole 1    0.163286  Ionic dipole 1    0.000000

   MAIN:          EKINC   (thr)          DETOT   (thr)       MAXFORCE   (thr)
   MAIN:   0.865534D-05  0.1D-04  0.376789D-06  0.1D-05  0.000000D+00  0.1D+11
   MAIN: convergence achieved for system relaxation

 * Physical Quantities at step:   337


                total energy =      -2.2522057546 Hartree a.u.
              kinetic energy =       1.7212889803 Hartree a.u.
        electrostatic energy =      -1.5104304440 Hartree a.u.
                         esr =       0.0464004252 Hartree a.u.
                       eself =       1.5957691216 Hartree a.u.
      pseudopotential energy =      -1.2329398130 Hartree a.u.
  n-l pseudopotential energy =       0.0000000000 Hartree a.u.
 exchange-correlation energy =      -1.1690657572 Hartree a.u.
           average potential =       0.0000000000 Hartree a.u.



   Eigenvalues (eV), kp =   1 , spin =  1

  -15.76  -13.73
 
   Allocated memory (kb) =     75020
 
   CELL_PARAMETERS
   25.00000000    0.00000000    0.00000000
    0.00000000   25.00000000    0.00000000
    0.00000000    0.00000000   50.00000000

   System Density [g/cm^3] :     0.0014


   Center of mass square displacement (a.u.):   0.000000

   ATOMIC_POSITIONS
   H    0.000000E+00  0.000000E+00 -0.350000E+01
   H    0.000000E+00  0.000000E+00 -0.150000E+01
   H    0.000000E+00  0.000000E+00  0.150000E+01
   H    0.000000E+00  0.000000E+00  0.350000E+01
 
   ATOMIC_VELOCITIES
   H    0.000000E+00  0.000000E+00  0.000000E+00
   H    0.000000E+00  0.000000E+00  0.000000E+00
   H    0.000000E+00  0.000000E+00  0.000000E+00
   H    0.000000E+00  0.000000E+00  0.000000E+00
 


   Partial temperatures (for each ionic specie) 
   Species  Temp (K)   Mean Square Displacement (a.u.)
        1       0.00     0.0000
  337 0.70E-05    0.0    0.0    -2.25221    -2.25138    -2.25138    -2.25138  0.0000  0.0000  0.0000  0.0000     0.00000
Elct. dipole 1    0.164611  Ionic dipole 1    0.000000

   MAIN:          EKINC   (thr)          DETOT   (thr)       MAXFORCE   (thr)
   MAIN:   0.697408D-05  0.1D-04  0.508163D-06  0.1D-05  0.000000D+00  0.1D+11
   MAIN: convergence achieved for system relaxation

   writing restart file: ./SCRATCH/h4_95.save
   restart file written in    0.138 sec.



   Averaged Physical Quantities
                      accomulated      this run
   ekinc         :        0.08323       0.00012 (AU)
   ekin          :        1.90484       1.72249 (AU)
   epot          :       -3.81415      -3.91340 (AU)
   total energy  :       -1.93390      -2.25197 (AU)
   temperature   :        0.00000       0.00000 (K )
   enthalpy      :       -1.93304      -2.25114 (AU)
   econs         :       -1.93304      -2.25114 (AU)
   pressure      :        0.00000       0.00000 (Gpa)
   volume        :    31250.00000   31250.00000 (AU)


     initialize   :     7.49s CPU
     total_time   :    28.67s CPU (      42 calls,   0.683 s avg)
     formf        :     0.02s CPU
     rhoofr       :     3.03s CPU (      42 calls,   0.072 s avg)
     vofrho       :     9.92s CPU (      42 calls,   0.236 s avg)
     dforce       :     1.17s CPU (      42 calls,   0.028 s avg)
     calphi       :     0.01s CPU (      42 calls,   0.000 s avg)
     ortho        :     0.02s CPU (      42 calls,   0.000 s avg)
     ortho_iter   :     0.00s CPU (      42 calls,   0.000 s avg)
     rsg          :     0.00s CPU (      42 calls,   0.000 s avg)
     rhoset       :     0.02s CPU (      42 calls,   0.000 s avg)
     updatc       :     0.02s CPU (      42 calls,   0.000 s avg)
     newd         :     0.00s CPU (      42 calls,   0.000 s avg)
     calbec       :     0.00s CPU (      85 calls,   0.000 s avg)
     prefor       :     0.00s CPU (      43 calls,   0.000 s avg)
     strucf       :     0.00s CPU
     nlsm1        :     0.00s CPU (     169 calls,   0.000 s avg)
     fft          :    14.75s CPU (     592 calls,   0.025 s avg)
     ffts         :     2.12s CPU (      84 calls,   0.025 s avg)
     fftw         :     1.51s CPU (     126 calls,   0.012 s avg)
     cft3s        :    18.37s CPU (     802 calls,   0.023 s avg)
     fft_scatter  :     4.43s CPU (     802 calls,   0.006 s avg)
     nksic_drv    :    11.80s CPU (      42 calls,   0.281 s avg)
     nksic_orbrho :     1.13s CPU (      42 calls,   0.027 s avg)
     nksic_rhoref :     0.62s CPU (      84 calls,   0.007 s avg)
     nksic_eforce :     2.31s CPU (      42 calls,   0.055 s avg)
     nksic_corr   :    28.42s CPU
     nksic_corr_h :    28.42s CPU
 
 
     CP           :    36.28s CPU time,   37.08s wall time

 
   This run was terminated on:  17: 5:46  16Feb2012            

=------------------------------------------------------------------------------=
   JOB DONE.
=------------------------------------------------------------------------------=
