 argument  1 = nwchem_PBE0.in
                                         
                                         
 
 
              Northwest Computational Chemistry Package (NWChem) 6.0
              ------------------------------------------------------
 
 
                    Environmental Molecular Sciences Laboratory
                       Pacific Northwest National Laboratory
                                Richland, WA 99352
 
                              Copyright (c) 1994-2010
                       Pacific Northwest National Laboratory
                            Battelle Memorial Institute
 
             NWChem is an open-source computational chemistry package
                        distributed under the terms of the
                      Educational Community License (ECL) 2.0
             A copy of the license is included with this distribution
                              in the LICENSE.TXT file
 
                                  ACKNOWLEDGMENT
                                  --------------

            This software and its documentation were developed at the
            EMSL at Pacific Northwest National Laboratory, a multiprogram
            national laboratory, operated for the U.S. Department of Energy
            by Battelle under Contract Number DE-AC05-76RL01830. Support
            for this work was provided by the Department of Energy Office
            of Biological and Environmental Research, Office of Basic
            Energy Sciences, and the Office of Advanced Scientific Computing.


           Job information
           ---------------

    hostname      = potzie
    program       = /home/ferretti/codes/nwchem-6.0/bin/LINUX64/nwchem
    date          = Wed Feb 15 19:31:26 2012

    compiled      = Wed_Feb_15_19:29:22_2012
    source        = /home/ferretti/codes/nwchem-6.0
    nwchem branch = 6.0
    input         = nwchem_PBE0.in
    prefix        = nwchem_C2_H4.
    data base     = ./nwchem_C2_H4.db
    status        = startup
    nproc         =        1
    time left     =     -1s



           Memory information
           ------------------

    heap     =   13107201 doubles =    100.0 Mbytes
    stack    =   13107201 doubles =    100.0 Mbytes
    global   =   26214400 doubles =    200.0 Mbytes (distinct from heap & stack)
    total    =   52428802 doubles =    400.0 Mbytes
    verify   = yes
    hardfail = no 


           Directory information
           ---------------------
 
  0 permanent = .
  0 scratch   = ./SCRATCH
 
 
 
 
                                NWChem Input Module
                                -------------------
 
 

 Scaling coordinates for geometry "geometry" by  1.889725989
 (inverse scale =  0.529177249)

 C2H symmetry detected

          ------
          auto-z
          ------
 
 
                             Geometry "geometry" -> ""
                             -------------------------
 
 Output coordinates in angstroms (scale by  1.889725989 to convert to a.u.)
 
  No.       Tag          Charge          X              Y              Z
 ---- ---------------- ---------- -------------- -------------- --------------
    1 H                    1.0000     0.91506136    -1.22804966     0.00000000
    2 C                    6.0000     0.00000017    -0.66975313     0.00000000
    3 C                    6.0000    -0.00000017     0.66975313     0.00000000
    4 H                    1.0000    -0.93990797    -1.19558741     0.00000000
    5 H                    1.0000     0.93990797     1.19558741     0.00000000
    6 H                    1.0000    -0.91506136     1.22804966     0.00000000
 
      Atomic Mass 
      ----------- 
 
      H                  1.007825
      C                 12.000000
 

 Effective nuclear repulsion energy (a.u.)      33.4500711244

            Nuclear Dipole moment (a.u.) 
            ----------------------------
        X                 Y               Z
 ---------------- ---------------- ----------------
     0.0000000000     0.0000000000     0.0000000000
 
      Symmetry information
      --------------------
 
 Group name             C2h       
 Group number             21
 Group order               4
 No. of unique centers     3
 
      Symmetry unique atoms
 
     1    2    4
 


                                Z-matrix (autoz)
                                -------- 

 Units are Angstrom for bonds and degrees for angles
 
      Type          Name      I     J     K     L     M      Value
      ----------- --------  ----- ----- ----- ----- ----- ----------
    1 Stretch                  1     2                       1.07193
    2 Stretch                  2     3                       1.33951
    3 Stretch                  2     4                       1.07700
    4 Stretch                  3     5                       1.07700
    5 Stretch                  3     6                       1.07193
    6 Bend                     1     2     3               121.38819
    7 Bend                     1     2     4               119.38687
    8 Bend                     2     3     5               119.22494
    9 Bend                     2     3     6               121.38819
   10 Bend                     3     2     4               119.22494
   11 Bend                     5     3     6               119.38687
   12 Torsion                  1     2     3     5           0.00000
   13 Torsion                  1     2     3     6         180.00000
   14 Torsion                  4     2     3     5         180.00000
   15 Torsion                  4     2     3     6           0.00000
 
 
            XYZ format geometry
            -------------------
     6
 geometry
 H                     0.91506136    -1.22804966     0.00000000
 C                     0.00000017    -0.66975313     0.00000000
 C                    -0.00000017     0.66975313     0.00000000
 H                    -0.93990797    -1.19558741     0.00000000
 H                     0.93990797     1.19558741     0.00000000
 H                    -0.91506136     1.22804966     0.00000000
 
 ==============================================================================
                                internuclear distances
 ------------------------------------------------------------------------------
       center one      |      center two      | atomic units |  angstroms
 ------------------------------------------------------------------------------
    2 C                |   1 H                |     2.02565  |     1.07193
    3 C                |   2 C                |     2.53130  |     1.33951
    4 H                |   2 C                |     2.03523  |     1.07700
    5 H                |   3 C                |     2.03523  |     1.07700
    6 H                |   3 C                |     2.02565  |     1.07193
 ------------------------------------------------------------------------------
                         number of included internuclear distances:          5
 ==============================================================================



 ==============================================================================
                                 internuclear angles
 ------------------------------------------------------------------------------
        center 1       |       center 2       |       center 3       |  degrees
 ------------------------------------------------------------------------------
    1 H                |   2 C                |   3 C                |   121.39
    1 H                |   2 C                |   4 H                |   119.39
    3 C                |   2 C                |   4 H                |   119.22
    2 C                |   3 C                |   5 H                |   119.22
    2 C                |   3 C                |   6 H                |   121.39
    5 H                |   3 C                |   6 H                |   119.39
 ------------------------------------------------------------------------------
                            number of included internuclear angles:          6
 ==============================================================================



                      Basis "ao basis" -> "" (cartesian)
                      -----
  H (Hydrogen)
  ------------
            Exponent  Coefficients 
       -------------- ---------------------------------------------------------
  1 S  3.38700000E+01  0.006068
  1 S  5.09500000E+00  0.045308
  1 S  1.15900000E+00  0.202822
 
  2 S  3.25800000E-01  1.000000
 
  3 S  1.02700000E-01  1.000000
 
  4 P  1.40700000E+00  1.000000
 
  5 P  3.88000000E-01  1.000000
 
  6 D  1.05700000E+00  1.000000
 
  C (Carbon)
  ----------
            Exponent  Coefficients 
       -------------- ---------------------------------------------------------
  1 S  8.23600000E+03  0.000531
  1 S  1.23500000E+03  0.004108
  1 S  2.80800000E+02  0.021087
  1 S  7.92700000E+01  0.081853
  1 S  2.55900000E+01  0.234817
  1 S  8.99700000E+00  0.434401
  1 S  3.31900000E+00  0.346129
  1 S  3.64300000E-01 -0.008983
 
  2 S  8.23600000E+03 -0.000113
  2 S  1.23500000E+03 -0.000878
  2 S  2.80800000E+02 -0.004540
  2 S  7.92700000E+01 -0.018133
  2 S  2.55900000E+01 -0.055760
  2 S  8.99700000E+00 -0.126895
  2 S  3.31900000E+00 -0.170352
  2 S  3.64300000E-01  0.598684
 
  3 S  9.05900000E-01  1.000000
 
  4 S  1.28500000E-01  1.000000
 
  5 P  1.87100000E+01  0.014031
  5 P  4.13300000E+00  0.086866
  5 P  1.20000000E+00  0.290216
 
  6 P  3.82700000E-01  1.000000
 
  7 P  1.20900000E-01  1.000000
 
  8 D  1.09700000E+00  1.000000
 
  9 D  3.18000000E-01  1.000000
 
 10 F  7.61000000E-01  1.000000
 


 Summary of "ao basis" -> "" (cartesian)
 ------------------------------------------------------------------------------
       Tag                 Description            Shells   Functions and Types
 ---------------- ------------------------------  ------  ---------------------
 H                          cc-pvtz                  6       15   3s2p1d
 C                          cc-pvtz                 10       35   4s3p2d1f


 
                                 NWChem DFT Module
                                 -----------------
 
 
  Caching 1-el integrals 
 
            General Information
            -------------------
          SCF calculation type: DFT
          Wavefunction type:  closed shell.
          No. of atoms     :     6
          No. of electrons :    16
           Alpha electrons :     8
            Beta electrons :     8
          Charge           :     0
          Spin multiplicity:     1
          Use of symmetry is: on ; symmetry adaption is: on 
          Maximum number of iterations:  30
          AO basis - number of functions:   130
                     number of shells:    44
          Convergence on energy requested: 1.00D-06
          Convergence on density requested: 1.00D-05
          Convergence on gradient requested: 5.00D-04
 
              XC Information
              --------------
                         PBE0 Method XC Functional
                     Hartree-Fock (Exact) Exchange  0.250          
          PerdewBurkeErnzerhof Exchange Functional  0.750          
            Perdew 1991 LDA Correlation Functional  1.000 local    
           PerdewBurkeErnz. Correlation Functional  1.000 non-local
 
             Grid Information
             ----------------
          Grid used for XC integration:  medium    
          Radial quadrature: Mura-Knowles        
          Angular quadrature: Lebedev. 
          Tag              B.-S. Rad. Rad. Pts. Rad. Cut. Ang. Pts.
          ---              ---------- --------- --------- ---------
          H                   0.35       45          10.0       434
          C                   0.70       49           8.0       434
          Grid pruning is: on 
          Number of quadrature shells:   139
          Spatial weights used:  Erf1
 
          Convergence Information
          -----------------------
          Convergence aids based upon iterative change in 
          total energy or number of iterations. 
          Levelshifting, if invoked, occurs when the 
          HOMO/LUMO gap drops below (HL_TOL): 1.00D-02
          DIIS, if invoked, will attempt to extrapolate 
          using up to (NFOCK): 10 stored Fock matrices.

                    Damping( 0%)  Levelshifting(0.5)       DIIS
                  --------------- ------------------- ---------------
          dE  on:    start            ASAP                start   
          dE off:    2 iters         30 iters            30 iters 

 
      Screening Tolerance Information
      -------------------------------
          Density screening/tol_rho: 1.00D-10
          AO Gaussian exp screening on grid/accAOfunc:  14
          CD Gaussian exp screening on grid/accCDfunc:  20
          XC Gaussian exp screening on grid/accXCfunc:  20
          Schwarz screening/accCoul: 1.00D-08

 
      Superposition of Atomic Density Guess
      -------------------------------------
 
 Sum of atomic energies:         -77.34023031
 
      Non-variational initial energy
      ------------------------------

 Total energy =     -78.482919
 1-e energy   =    -168.178285
 2-e energy   =      56.245295
 HOMO         =      -0.344299
 LUMO         =      -0.005764
 
 
      Symmetry analysis of molecular orbitals - initial
      -------------------------------------------------
 
  Numbering of irreducible representations: 
 
     1 ag          2 au          3 bg          4 bu      
 
  Orbital symmetries:
 
     1 ag          2 bu          3 ag          4 bu          5 bu      
     6 ag          7 ag          8 au          9 bg         10 ag      
    11 bu         12 bu         13 ag         14 ag         15 bu      
    16 ag         17 au         18 bu      
 
   Time after variat. SCF:      0.7
   Time prior to 1st pass:      0.7

 Integral file          = ./SCRATCH/nwchem_C2_H4.aoints.0
 Record size in doubles =  65536        No. of integs per rec  =  43688
 Max. records in memory =      0        Max. records in file   = 792386
 No. of bits per label  =      8        No. of bits per value  =     64


 #quartets = 2.611D+05 #integrals = 9.760D+06 #direct =  0.0% #cached =100.0%


 Grid_pts file          = ./SCRATCH/nwchem_C2_H4.gridpts.0
 Record size in doubles =  12289        No. of grid_pts per rec  =   3070
 Max. records in memory =     23        Max. recs in file   =   4225388


           Memory utilization after 1st SCF pass: 
           Heap Space remaining (MW):       12.81            12806957
          Stack Space remaining (MW):       13.11            13106405

   convergence    iter        energy       DeltaE   RMS-Dens  Diis-err    time
 ---------------- ----- ----------------- --------- --------- ---------  ------
 d= 0,ls=0.0,diis     1    -78.4943222749 -1.12D+02  3.15D-03  2.26D-01     3.5
 d= 0,ls=0.0,diis     2    -78.5105879325 -1.63D-02  5.19D-04  8.14D-03     4.5
 d= 0,ls=0.0,diis     3    -78.5110736608 -4.86D-04  2.13D-04  4.01D-03     5.5
 d= 0,ls=0.0,diis     4    -78.5115554341 -4.82D-04  3.34D-05  9.04D-05     6.5
 d= 0,ls=0.0,diis     5    -78.5115669464 -1.15D-05  2.98D-06  4.36D-07     7.6
 d= 0,ls=0.0,diis     6    -78.5115669994 -5.30D-08  3.98D-07  1.27D-09     8.6


         Total DFT energy =      -78.511566999395
      One electron energy =     -170.483772295735
           Coulomb energy =       70.721421961546
    Exchange-Corr. energy =      -12.199287789592
 Nuclear repulsion energy =       33.450071124386

 Numeric. integr. density =       16.000001407158

     Total iterative time =      7.9s


 
                       DFT Final Molecular Orbital Analysis
                       ------------------------------------
 
 Vector    1  Occ=2.000000D+00  E=-1.022384D+01  Symmetry=ag
              MO Center=  6.1D-17,  1.4D-12, -1.9D-20, r^2= 4.8D-01
   Bfn.  Coefficient  Atom+Function         Bfn.  Coefficient  Atom+Function  
  ----- ------------  ---------------      ----- ------------  ---------------
    51      0.702013  3 C  s                 16      0.702013  2 C  s          
 
 Vector    2  Occ=2.000000D+00  E=-1.022295D+01  Symmetry=bu
              MO Center= -1.6D-18, -1.4D-12,  1.8D-25, r^2= 4.8D-01
   Bfn.  Coefficient  Atom+Function         Bfn.  Coefficient  Atom+Function  
  ----- ------------  ---------------      ----- ------------  ---------------
    16     -0.706345  2 C  s                 51      0.706345  3 C  s          
 
 Vector    3  Occ=2.000000D+00  E=-7.849468D-01  Symmetry=ag
              MO Center= -2.2D-14,  2.9D-15,  9.8D-20, r^2= 1.1D+00
   Bfn.  Coefficient  Atom+Function         Bfn.  Coefficient  Atom+Function  
  ----- ------------  ---------------      ----- ------------  ---------------
    17     -0.328588  2 C  s                 52     -0.328588  3 C  s          
 
 Vector    4  Occ=2.000000D+00  E=-5.989951D-01  Symmetry=bu
              MO Center= -6.1D-17, -3.2D-15, -1.8D-21, r^2= 2.1D+00
   Bfn.  Coefficient  Atom+Function         Bfn.  Coefficient  Atom+Function  
  ----- ------------  ---------------      ----- ------------  ---------------
    17     -0.269871  2 C  s                 52      0.269871  3 C  s          
 
 Vector    5  Occ=2.000000D+00  E=-4.900454D-01  Symmetry=bu
              MO Center=  2.1D-14,  2.0D-16, -1.4D-32, r^2= 1.9D+00
   Bfn.  Coefficient  Atom+Function         Bfn.  Coefficient  Atom+Function  
  ----- ------------  ---------------      ----- ------------  ---------------
    20      0.190959  2 C  px                55      0.190959  3 C  px         
   102      0.154992  5 H  s                 87     -0.154992  4 H  s          
    23      0.154273  2 C  px                58      0.154273  3 C  px         
     2      0.150553  1 H  s                117     -0.150553  6 H  s          
 
 Vector    6  Occ=2.000000D+00  E=-4.285802D-01  Symmetry=ag
              MO Center= -1.2D-17, -1.7D-16,  5.0D-34, r^2= 1.7D+00
   Bfn.  Coefficient  Atom+Function         Bfn.  Coefficient  Atom+Function  
  ----- ------------  ---------------      ----- ------------  ---------------
    21      0.243826  2 C  py                56     -0.243826  3 C  py         
    24      0.220717  2 C  py                59     -0.220717  3 C  py         
 
 Vector    7  Occ=2.000000D+00  E=-3.723658D-01  Symmetry=ag
              MO Center= -7.1D-17, -3.5D-17, -5.6D-32, r^2= 2.3D+00
   Bfn.  Coefficient  Atom+Function         Bfn.  Coefficient  Atom+Function  
  ----- ------------  ---------------      ----- ------------  ---------------
    20      0.179210  2 C  px                55     -0.179210  3 C  px         
    87     -0.179174  4 H  s                102     -0.179174  5 H  s          
     2      0.162333  1 H  s                117      0.162333  6 H  s          
    58     -0.161889  3 C  px                23      0.161889  2 C  px         
 
 Vector    8  Occ=2.000000D+00  E=-2.870907D-01  Symmetry=au
              MO Center= -4.3D-18,  1.7D-16, -6.6D-15, r^2= 1.5D+00
   Bfn.  Coefficient  Atom+Function         Bfn.  Coefficient  Atom+Function  
  ----- ------------  ---------------      ----- ------------  ---------------
    60     -0.243255  3 C  pz                25     -0.243255  2 C  pz         
    57     -0.226155  3 C  pz                22     -0.226155  2 C  pz         
    63     -0.213026  3 C  pz                28     -0.213026  2 C  pz         
 
 Vector    9  Occ=0.000000D+00  E= 4.771528D-03  Symmetry=bg
              MO Center= -1.0D-17, -6.7D-16, -5.3D-16, r^2= 2.3D+00
   Bfn.  Coefficient  Atom+Function         Bfn.  Coefficient  Atom+Function  
  ----- ------------  ---------------      ----- ------------  ---------------
    28      0.650262  2 C  pz                63     -0.650262  3 C  pz         
    22      0.243136  2 C  pz                57     -0.243136  3 C  pz         
    60     -0.180691  3 C  pz                25      0.180691  2 C  pz         
 
 Vector   10  Occ=0.000000D+00  E= 6.640944D-02  Symmetry=ag
              MO Center=  3.7D-14,  1.2D-13,  5.9D-15, r^2= 6.5D+00
   Bfn.  Coefficient  Atom+Function         Bfn.  Coefficient  Atom+Function  
  ----- ------------  ---------------      ----- ------------  ---------------
    54      2.032399  3 C  s                 19      2.032399  2 C  s          
   118     -1.138374  6 H  s                  3     -1.138374  1 H  s          
   103     -1.119839  5 H  s                 88     -1.119839  4 H  s          
    27     -0.560832  2 C  py                62      0.560832  3 C  py         
    75     -0.161871  3 C  dzz               40     -0.161871  2 C  dzz        
 
 Vector   11  Occ=0.000000D+00  E= 9.659526D-02  Symmetry=bu
              MO Center=  3.8D-15,  2.1D-15, -1.9D-17, r^2= 7.0D+00
   Bfn.  Coefficient  Atom+Function         Bfn.  Coefficient  Atom+Function  
  ----- ------------  ---------------      ----- ------------  ---------------
     3     -1.675467  1 H  s                118      1.675467  6 H  s          
   103     -1.026439  5 H  s                 88      1.026439  4 H  s          
    19      0.893901  2 C  s                 54     -0.893901  3 C  s          
    26      0.812617  2 C  px                61      0.812617  3 C  px         
    23      0.150793  2 C  px                58      0.150793  3 C  px         
 
 Vector   12  Occ=0.000000D+00  E= 9.789559D-02  Symmetry=bu
              MO Center= -1.1D-13, -1.2D-13, -6.4D-18, r^2= 7.6D+00
   Bfn.  Coefficient  Atom+Function         Bfn.  Coefficient  Atom+Function  
  ----- ------------  ---------------      ----- ------------  ---------------
    19      3.606638  2 C  s                 54     -3.606638  3 C  s          
    88     -1.597515  4 H  s                103      1.597515  5 H  s          
     3     -0.885326  1 H  s                118      0.885326  6 H  s          
    62      0.280818  3 C  py                27      0.280818  2 C  py         
    40     -0.278357  2 C  dzz               75      0.278357  3 C  dzz        
 
 Vector   13  Occ=0.000000D+00  E= 1.613602D-01  Symmetry=ag
              MO Center=  5.8D-14,  5.8D-15, -6.4D-17, r^2= 8.6D+00
   Bfn.  Coefficient  Atom+Function         Bfn.  Coefficient  Atom+Function  
  ----- ------------  ---------------      ----- ------------  ---------------
    61      2.376294  3 C  px                26     -2.376294  2 C  px         
     3      2.292578  1 H  s                118      2.292578  6 H  s          
   103     -2.243799  5 H  s                 88     -2.243799  4 H  s          
    87     -0.181876  4 H  s                102     -0.181876  5 H  s          
    58      0.169022  3 C  px                23     -0.169022  2 C  px         
 
 Vector   14  Occ=0.000000D+00  E= 2.439801D-01  Symmetry=ag
              MO Center= -3.4D-15, -2.8D-14,  7.3D-17, r^2= 5.3D+00
   Bfn.  Coefficient  Atom+Function         Bfn.  Coefficient  Atom+Function  
  ----- ------------  ---------------      ----- ------------  ---------------
    27     -1.275393  2 C  py                62      1.275393  3 C  py         
    87     -0.604342  4 H  s                102     -0.604342  5 H  s          
    54      0.603671  3 C  s                 19      0.603671  2 C  s          
     2     -0.562863  1 H  s                117     -0.562863  6 H  s          
    59     -0.530193  3 C  py                24      0.530193  2 C  py         
 
 Vector   15  Occ=0.000000D+00  E= 2.531455D-01  Symmetry=bu
              MO Center=  2.5D-14,  4.1D-13,  1.1D-17, r^2= 5.4D+00
   Bfn.  Coefficient  Atom+Function         Bfn.  Coefficient  Atom+Function  
  ----- ------------  ---------------      ----- ------------  ---------------
    19     -5.393744  2 C  s                 54      5.393744  3 C  s          
    62     -4.270130  3 C  py                27     -4.270130  2 C  py         
   118      1.063567  6 H  s                  3     -1.063567  1 H  s          
   103      1.000304  5 H  s                 88     -1.000304  4 H  s          
    59     -0.414587  3 C  py                24     -0.414587  2 C  py         
 
 Vector   16  Occ=0.000000D+00  E= 2.761284D-01  Symmetry=ag
              MO Center= -1.9D-14, -3.5D-13,  8.3D-16, r^2= 3.7D+00
   Bfn.  Coefficient  Atom+Function         Bfn.  Coefficient  Atom+Function  
  ----- ------------  ---------------      ----- ------------  ---------------
    54      3.871417  3 C  s                 19      3.871417  2 C  s          
    38     -0.876410  2 C  dyy               73     -0.876410  3 C  dyy        
    75     -0.750361  3 C  dzz               40     -0.750361  2 C  dzz        
    70     -0.746286  3 C  dxx               35     -0.746286  2 C  dxx        
    88     -0.680614  4 H  s                103     -0.680614  5 H  s          
 
 Vector   17  Occ=0.000000D+00  E= 2.915654D-01  Symmetry=au
              MO Center=  3.4D-16,  2.0D-15,  3.5D-16, r^2= 3.9D+00
   Bfn.  Coefficient  Atom+Function         Bfn.  Coefficient  Atom+Function  
  ----- ------------  ---------------      ----- ------------  ---------------
    60      1.027537  3 C  pz                25      1.027537  2 C  pz         
    63     -0.787314  3 C  pz                28     -0.787314  2 C  pz         
    43     -0.266848  2 C  fxxz              78     -0.266848  3 C  fxxz       
    85     -0.251141  3 C  fzzz              50     -0.251141  2 C  fzzz       
    48     -0.245964  2 C  fyyz              83     -0.245964  3 C  fyyz       
 
 Vector   18  Occ=0.000000D+00  E= 3.017534D-01  Symmetry=bu
              MO Center= -5.3D-16, -4.7D-16, -3.4D-17, r^2= 3.5D+00
   Bfn.  Coefficient  Atom+Function         Bfn.  Coefficient  Atom+Function  
  ----- ------------  ---------------      ----- ------------  ---------------
   117     -1.049997  6 H  s                  2      1.049997  1 H  s          
    87     -0.950657  4 H  s                102      0.950657  5 H  s          
    61     -0.823136  3 C  px                26     -0.823136  2 C  px         
 
 Vector   19  Occ=0.000000D+00  E= 3.900645D-01  Symmetry=bg
              MO Center=  1.3D-15, -2.8D-15, -6.6D-16, r^2= 4.4D+00
   Bfn.  Coefficient  Atom+Function         Bfn.  Coefficient  Atom+Function  
  ----- ------------  ---------------      ----- ------------  ---------------
    28     -1.628113  2 C  pz                63      1.628113  3 C  pz         
    25      1.054644  2 C  pz                60     -1.054644  3 C  pz         
    48     -0.289820  2 C  fyyz              83      0.289820  3 C  fyyz       
    74     -0.271119  3 C  dyz               39     -0.271119  2 C  dyz        
    43     -0.215278  2 C  fxxz              78      0.215278  3 C  fxxz       
 
 Vector   20  Occ=0.000000D+00  E= 4.132328D-01  Symmetry=bu
              MO Center=  1.4D-14,  1.7D-13,  9.9D-17, r^2= 3.8D+00
   Bfn.  Coefficient  Atom+Function         Bfn.  Coefficient  Atom+Function  
  ----- ------------  ---------------      ----- ------------  ---------------
    19     -6.551773  2 C  s                 54      6.551773  3 C  s          
    62     -2.246147  3 C  py                27     -2.246147  2 C  py         
    87      1.496925  4 H  s                102     -1.496925  5 H  s          
     2      1.397135  1 H  s                117     -1.397135  6 H  s          
   118      0.580521  6 H  s                  3     -0.580521  1 H  s          
 
 Vector   21  Occ=0.000000D+00  E= 4.447895D-01  Symmetry=ag
              MO Center=  2.8D-13, -9.2D-13,  1.4D-15, r^2= 5.6D+00
   Bfn.  Coefficient  Atom+Function         Bfn.  Coefficient  Atom+Function  
  ----- ------------  ---------------      ----- ------------  ---------------
    19      4.588930  2 C  s                 54      4.588930  3 C  s          
     3     -1.533895  1 H  s                118     -1.533895  6 H  s          
    88     -1.531551  4 H  s                103     -1.531551  5 H  s          
    27     -1.126648  2 C  py                62      1.126648  3 C  py         
    40     -0.836976  2 C  dzz               75     -0.836976  3 C  dzz        
 
 Vector   22  Occ=0.000000D+00  E= 4.499521D-01  Symmetry=bu
              MO Center= -3.1D-13,  2.6D-14, -1.2D-17, r^2= 5.7D+00
   Bfn.  Coefficient  Atom+Function         Bfn.  Coefficient  Atom+Function  
  ----- ------------  ---------------      ----- ------------  ---------------
    61     -2.356277  3 C  px                26     -2.356277  2 C  px         
    88     -2.021916  4 H  s                103      2.021916  5 H  s          
   118     -1.996129  6 H  s                  3      1.996129  1 H  s          
    71     -1.079537  3 C  dxy               36      1.079537  2 C  dxy        
   117     -0.762716  6 H  s                  2      0.762716  1 H  s          
 
 Vector   23  Occ=0.000000D+00  E= 4.737555D-01  Symmetry=bu
              MO Center=  2.7D-13,  6.6D-13,  6.4D-16, r^2= 6.6D+00
   Bfn.  Coefficient  Atom+Function         Bfn.  Coefficient  Atom+Function  
  ----- ------------  ---------------      ----- ------------  ---------------
    54     11.824651  3 C  s                 19    -11.824651  2 C  s          
   103     -1.883624  5 H  s                 88      1.883624  4 H  s          
     3      1.856965  1 H  s                118     -1.856965  6 H  s          
    75     -1.479224  3 C  dzz               40      1.479224  2 C  dzz        
     2      1.065335  1 H  s                117     -1.065335  6 H  s          
 
 Vector   24  Occ=0.000000D+00  E= 5.065279D-01  Symmetry=bg
              MO Center=  1.1D-16,  1.2D-13, -1.2D-15, r^2= 2.4D+00
   Bfn.  Coefficient  Atom+Function         Bfn.  Coefficient  Atom+Function  
  ----- ------------  ---------------      ----- ------------  ---------------
    72      0.679576  3 C  dxz               37      0.679576  2 C  dxz        
   109      0.231551  5 H  pz                94     -0.231551  4 H  pz         
   124     -0.223097  6 H  pz                 9      0.223097  1 H  pz         
 

 center of mass
 --------------
 x =   0.00000000 y =   0.00000000 z =   0.00000000

 moments of inertia (a.u.)
 ------------------
          59.589296242978           0.000000000000           0.000000000000
           0.000000000000          12.386088429771           0.000000000000
           0.000000000000           0.000000000000          71.975384672750
 
     Multipole analysis of the density
     ---------------------------------
 
     L   x y z        total         alpha         beta         nuclear
     -   - - -        -----         -----         ----         -------
     0   0 0 0      0.000000     -8.000000     -8.000000     16.000000
 
     1   1 0 0      0.000000      0.000000      0.000000      0.000000
     1   0 1 0      0.000000      0.000000      0.000000      0.000000
     1   0 0 1      0.000000      0.000000      0.000000      0.000000
 
     2   2 0 0     -9.020416    -10.655168    -10.655168     12.289920
     2   1 1 0     -0.063387     -0.031696     -0.031696      0.000005
     2   1 0 1      0.000000      0.000000      0.000000      0.000000
     2   0 2 0     -9.177210    -24.689950    -24.689950     40.202690
     2   0 1 1      0.000000      0.000000      0.000000      0.000000
     2   0 0 2    -11.563976     -5.781988     -5.781988      0.000000
 

------------------------------------------------------------
EAF file 0: "./SCRATCH/nwchem_C2_H4.aoints.0" size=117440512 bytes
------------------------------------------------------------
               write      read    awrite     aread      wait
               -----      ----    ------     -----      ----
     calls:      224         5         0      1115      1115
   data(b): 1.17e+08  2.62e+06  0.00e+00  5.85e+08
   time(s): 6.37e-02  8.88e-04  0.00e+00  1.27e-01  1.14e-04
rate(mb/s): 1.84e+03  2.95e+03  0.00e+00* 4.58e+03*
------------------------------------------------------------
* = Effective rate.  Full wait time used for read and write.


 Parallel integral file used     224 records with       0 large values


 Task  times  cpu:        8.7s     wall:        8.9s
 
 
                                NWChem Input Module
                                -------------------
 
 
 Summary of allocated global arrays
-----------------------------------
  No active global arrays



                         GA Statistics for process    0
                         ------------------------------

       create   destroy   get      put      acc     scatter   gather  read&inc
calls:  176      176     2.38e+04 7249     6234        0        0      787     
number of processes/call 1.00e+00 1.00e+00 1.00e+00 0.00e+00 0.00e+00
bytes total:             8.25e+07 2.42e+07 2.42e+07 0.00e+00 0.00e+00 6.30e+03
bytes remote:            0.00e+00 0.00e+00 0.00e+00 0.00e+00 0.00e+00 0.00e+00
Max memory consumed for GA by this process: 5272800 bytes
 
 
 
                                     CITATION
                                     --------
                Please cite the following reference when publishing
                           results obtained with NWChem:
 
                 M. Valiev, E.J. Bylaska, N. Govind, K. Kowalski,
              T.P. Straatsma, H.J.J. van Dam, D. Wang, J. Nieplocha,
                        E. Apra, T.L. Windus, W.A. de Jong
                 "NWChem: a comprehensive and scalable open-source
                  solution for large scale molecular simulations"
                      Comput. Phys. Commun. 181, 1477 (2010)
                           doi:10.1016/j.cpc.2010.04.018
 
                              AUTHORS & CONTRIBUTORS
                              ----------------------
      E. J. Bylaska, W. A. de Jong, N. Govind, K. Kowalski, T. P. Straatsma,
     M. Valiev, H. J. J. van Dam, D. Wang, E. Apra, T. L. Windus, J. Hammond,
     J. Autschbach, P. Nichols, S. Hirata, M. T. Hackler, Y. Zhao, P.-D. Fan,
      R. J. Harrison, M. Dupuis, D. M. A. Smith, K. Glaesemann, J. Nieplocha,
      V. Tipparaju, M. Krishnan, A. Vazquez-Mayagoitia, L. Jensen, M. Swart,
      Q. Wu, T. Van Voorhis, A. A. Auer, M. Nooijen, L. D. Crosby, E. Brown,
             G. Cisneros, G. I. Fann, H. Fruchtl, J. Garza, K. Hirao,
        R. Kendall, J. A. Nichols, K. Tsemekhman, K. Wolinski, J. Anchell,
       D. Bernholdt, P. Borowski, T. Clark, D. Clerc, H. Dachsel, M. Deegan,
        K. Dyall, D. Elwood, E. Glendening, M. Gutowski, A. Hess, J. Jaffe,
        B. Johnson, J. Ju, R. Kobayashi, R. Kutteh, Z. Lin, R. Littlefield,
    X. Long, B. Meng, T. Nakajima, S. Niu, L. Pollack, M. Rosing, G. Sandrone,
       M. Stave, H. Taylor, G. Thomas, J. H. van Lenthe, A. Wong, Z. Zhang.

 Total times  cpu:        8.7s     wall:        9.0s
MA_summarize_allocated_blocks: starting scan ...
MA_summarize_allocated_blocks: scan completed: 0 heap blocks, 0 stack blocks
MA usage statistics:

	allocation statistics:
					      heap	     stack
					      ----	     -----
	current number of blocks	         0	         0
	maximum number of blocks	        23	        52
	current total bytes		         0	         0
	maximum total bytes		   2401648	  22515048
	maximum total K-bytes		      2402	     22516
	maximum total M-bytes		         3	        23
