 argument  1 = nwchem_HF.in
                                         
                                         
 
 
              Northwest Computational Chemistry Package (NWChem) 6.0
              ------------------------------------------------------
 
 
                    Environmental Molecular Sciences Laboratory
                       Pacific Northwest National Laboratory
                                Richland, WA 99352
 
                              Copyright (c) 1994-2010
                       Pacific Northwest National Laboratory
                            Battelle Memorial Institute
 
             NWChem is an open-source computational chemistry package
                        distributed under the terms of the
                      Educational Community License (ECL) 2.0
             A copy of the license is included with this distribution
                              in the LICENSE.TXT file
 
                                  ACKNOWLEDGMENT
                                  --------------

            This software and its documentation were developed at the
            EMSL at Pacific Northwest National Laboratory, a multiprogram
            national laboratory, operated for the U.S. Department of Energy
            by Battelle under Contract Number DE-AC05-76RL01830. Support
            for this work was provided by the Department of Energy Office
            of Biological and Environmental Research, Office of Basic
            Energy Sciences, and the Office of Advanced Scientific Computing.


           Job information
           ---------------

    hostname      = potzie
    program       = /home/ferretti/codes/nwchem-6.0/bin/LINUX64/nwchem
    date          = Wed Feb 15 22:51:18 2012

    compiled      = Wed_Feb_15_19:29:22_2012
    source        = /home/ferretti/codes/nwchem-6.0
    nwchem branch = 6.0
    input         = nwchem_HF.in
    prefix        = nwchem_C2_H4.
    data base     = ./nwchem_C2_H4.db
    status        = startup
    nproc         =        1
    time left     =     -1s



           Memory information
           ------------------

    heap     =   13107201 doubles =    100.0 Mbytes
    stack    =   13107201 doubles =    100.0 Mbytes
    global   =   26214400 doubles =    200.0 Mbytes (distinct from heap & stack)
    total    =   52428802 doubles =    400.0 Mbytes
    verify   = yes
    hardfail = no 


           Directory information
           ---------------------
 
  0 permanent = .
  0 scratch   = ./SCRATCH
 
 
 
 
                                NWChem Input Module
                                -------------------
 
 

 Scaling coordinates for geometry "geometry" by  1.889725989
 (inverse scale =  0.529177249)

 C2H symmetry detected

          ------
          auto-z
          ------
 
 
                             Geometry "geometry" -> ""
                             -------------------------
 
 Output coordinates in angstroms (scale by  1.889725989 to convert to a.u.)
 
  No.       Tag          Charge          X              Y              Z
 ---- ---------------- ---------- -------------- -------------- --------------
    1 H                    1.0000     0.91506136    -1.22804966     0.00000000
    2 C                    6.0000     0.00000017    -0.66975313     0.00000000
    3 C                    6.0000    -0.00000017     0.66975313     0.00000000
    4 H                    1.0000    -0.93990797    -1.19558741     0.00000000
    5 H                    1.0000     0.93990797     1.19558741     0.00000000
    6 H                    1.0000    -0.91506136     1.22804966     0.00000000
 
      Atomic Mass 
      ----------- 
 
      H                  1.007825
      C                 12.000000
 

 Effective nuclear repulsion energy (a.u.)      33.4500711244

            Nuclear Dipole moment (a.u.) 
            ----------------------------
        X                 Y               Z
 ---------------- ---------------- ----------------
     0.0000000000     0.0000000000     0.0000000000
 
      Symmetry information
      --------------------
 
 Group name             C2h       
 Group number             21
 Group order               4
 No. of unique centers     3
 
      Symmetry unique atoms
 
     1    2    4
 


                                Z-matrix (autoz)
                                -------- 

 Units are Angstrom for bonds and degrees for angles
 
      Type          Name      I     J     K     L     M      Value
      ----------- --------  ----- ----- ----- ----- ----- ----------
    1 Stretch                  1     2                       1.07193
    2 Stretch                  2     3                       1.33951
    3 Stretch                  2     4                       1.07700
    4 Stretch                  3     5                       1.07700
    5 Stretch                  3     6                       1.07193
    6 Bend                     1     2     3               121.38819
    7 Bend                     1     2     4               119.38687
    8 Bend                     2     3     5               119.22494
    9 Bend                     2     3     6               121.38819
   10 Bend                     3     2     4               119.22494
   11 Bend                     5     3     6               119.38687
   12 Torsion                  1     2     3     5           0.00000
   13 Torsion                  1     2     3     6         180.00000
   14 Torsion                  4     2     3     5         180.00000
   15 Torsion                  4     2     3     6           0.00000
 
 
            XYZ format geometry
            -------------------
     6
 geometry
 H                     0.91506136    -1.22804966     0.00000000
 C                     0.00000017    -0.66975313     0.00000000
 C                    -0.00000017     0.66975313     0.00000000
 H                    -0.93990797    -1.19558741     0.00000000
 H                     0.93990797     1.19558741     0.00000000
 H                    -0.91506136     1.22804966     0.00000000
 
 ==============================================================================
                                internuclear distances
 ------------------------------------------------------------------------------
       center one      |      center two      | atomic units |  angstroms
 ------------------------------------------------------------------------------
    2 C                |   1 H                |     2.02565  |     1.07193
    3 C                |   2 C                |     2.53130  |     1.33951
    4 H                |   2 C                |     2.03523  |     1.07700
    5 H                |   3 C                |     2.03523  |     1.07700
    6 H                |   3 C                |     2.02565  |     1.07193
 ------------------------------------------------------------------------------
                         number of included internuclear distances:          5
 ==============================================================================



 ==============================================================================
                                 internuclear angles
 ------------------------------------------------------------------------------
        center 1       |       center 2       |       center 3       |  degrees
 ------------------------------------------------------------------------------
    1 H                |   2 C                |   3 C                |   121.39
    1 H                |   2 C                |   4 H                |   119.39
    3 C                |   2 C                |   4 H                |   119.22
    2 C                |   3 C                |   5 H                |   119.22
    2 C                |   3 C                |   6 H                |   121.39
    5 H                |   3 C                |   6 H                |   119.39
 ------------------------------------------------------------------------------
                            number of included internuclear angles:          6
 ==============================================================================



                      Basis "ao basis" -> "" (cartesian)
                      -----
  H (Hydrogen)
  ------------
            Exponent  Coefficients 
       -------------- ---------------------------------------------------------
  1 S  3.38700000E+01  0.006068
  1 S  5.09500000E+00  0.045308
  1 S  1.15900000E+00  0.202822
 
  2 S  3.25800000E-01  1.000000
 
  3 S  1.02700000E-01  1.000000
 
  4 P  1.40700000E+00  1.000000
 
  5 P  3.88000000E-01  1.000000
 
  6 D  1.05700000E+00  1.000000
 
  C (Carbon)
  ----------
            Exponent  Coefficients 
       -------------- ---------------------------------------------------------
  1 S  8.23600000E+03  0.000531
  1 S  1.23500000E+03  0.004108
  1 S  2.80800000E+02  0.021087
  1 S  7.92700000E+01  0.081853
  1 S  2.55900000E+01  0.234817
  1 S  8.99700000E+00  0.434401
  1 S  3.31900000E+00  0.346129
  1 S  3.64300000E-01 -0.008983
 
  2 S  8.23600000E+03 -0.000113
  2 S  1.23500000E+03 -0.000878
  2 S  2.80800000E+02 -0.004540
  2 S  7.92700000E+01 -0.018133
  2 S  2.55900000E+01 -0.055760
  2 S  8.99700000E+00 -0.126895
  2 S  3.31900000E+00 -0.170352
  2 S  3.64300000E-01  0.598684
 
  3 S  9.05900000E-01  1.000000
 
  4 S  1.28500000E-01  1.000000
 
  5 P  1.87100000E+01  0.014031
  5 P  4.13300000E+00  0.086866
  5 P  1.20000000E+00  0.290216
 
  6 P  3.82700000E-01  1.000000
 
  7 P  1.20900000E-01  1.000000
 
  8 D  1.09700000E+00  1.000000
 
  9 D  3.18000000E-01  1.000000
 
 10 F  7.61000000E-01  1.000000
 


 Summary of "ao basis" -> "" (cartesian)
 ------------------------------------------------------------------------------
       Tag                 Description            Shells   Functions and Types
 ---------------- ------------------------------  ------  ---------------------
 H                          cc-pvtz                  6       15   3s2p1d
 C                          cc-pvtz                 10       35   4s3p2d1f


                                 NWChem SCF Module
                                 -----------------
 
 

  ao basis        = "ao basis"
  functions       =   130
  atoms           =     6
  closed shells   =     8
  open shells     =     0
  charge          =   0.00
  wavefunction    = RHF 
  input vectors   = atomic
  output vectors  = ./nwchem_C2_H4.movecs
  use symmetry    = T
  symmetry adapt  = T


 Summary of "ao basis" -> "ao basis" (cartesian)
 ------------------------------------------------------------------------------
       Tag                 Description            Shells   Functions and Types
 ---------------- ------------------------------  ------  ---------------------
 H                          cc-pvtz                  6       15   3s2p1d
 C                          cc-pvtz                 10       35   4s3p2d1f


      Symmetry analysis of basis
      --------------------------
 
        ag         46
        au         19
        bg         19
        bu         46
 

 Forming initial guess at       0.2s

 
      Superposition of Atomic Density Guess
      -------------------------------------
 
 Sum of atomic energies:         -77.34023031
 
      Non-variational initial energy
      ------------------------------

 Total energy =     -78.482919
 1-e energy   =    -168.178285
 2-e energy   =      56.245295
 HOMO         =      -0.344299
 LUMO         =      -0.005764
 
 
      Symmetry analysis of molecular orbitals - initial
      -------------------------------------------------
 
  Numbering of irreducible representations: 
 
     1 ag          2 au          3 bg          4 bu      
 
  Orbital symmetries:
 
     1 ag          2 bu          3 ag          4 bu          5 bu      
     6 ag          7 ag          8 au          9 bg         10 ag      
    11 bu         12 bu         13 ag         14 ag         15 bu      
    16 ag         17 au         18 bu      
 

 Starting SCF solution at       1.5s



 ----------------------------------------------
         Quadratically convergent ROHF

 Convergence threshold     :          1.000E-04
 Maximum no. of iterations :           30
 Final Fock-matrix accuracy:          1.000E-07
 ----------------------------------------------


 Integral file          = ./SCRATCH/nwchem_C2_H4.aoints.0
 Record size in doubles =  65536        No. of integs per rec  =  43688
 Max. records in memory =      0        Max. records in file   = 792460
 No. of bits per label  =      8        No. of bits per value  =     64


 #quartets = 2.611D+05 #integrals = 9.760D+06 #direct =  0.0% #cached =100.0%


              iter       energy          gnorm     gmax       time
             ----- ------------------- --------- --------- --------
                 1      -78.0393321639  5.31D-01  2.34D-01      3.1
                 2      -78.0615346230  1.46D-01  4.35D-02      3.6
                 3      -78.0635699608  4.32D-03  2.01D-03      4.6
                 4      -78.0635725349  9.14D-06  3.20D-06      6.4


       Final RHF  results 
       ------------------ 

         Total SCF energy =    -78.063572534936
      One-electron energy =   -170.231258964780
      Two-electron energy =     58.717615305458
 Nuclear repulsion energy =     33.450071124386

        Time for solution =      5.8s


 
       Symmetry analysis of molecular orbitals - final
       -----------------------------------------------
 
  Numbering of irreducible representations: 
 
     1 ag          2 au          3 bg          4 bu      
 
  Orbital symmetries:
 
     1 ag          2 bu          3 ag          4 bu          5 bu      
     6 ag          7 ag          8 au          9 bg         10 ag      
    11 bu         12 bu         13 ag         14 ag         15 bu      
    16 ag         17 au         18 bu      
 
             Final eigenvalues
             -----------------

              1      
    1  -11.2282
    2  -11.2265
    3   -1.0330
    4   -0.7929
    5   -0.6489
    6   -0.5814
    7   -0.5127
    8   -0.3745
    9    0.1496
   10    0.1551
   11    0.1840
   12    0.1876
   13    0.2396
   14    0.3557
   15    0.3637
   16    0.3880
   17    0.4189
   18    0.4376
 
                       ROHF Final Molecular Orbital Analysis
                       -------------------------------------
 
 Vector    2  Occ=2.000000D+00  E=-1.122648D+01  Symmetry=bu
              MO Center= -2.0D-20,  3.9D-16,  4.0D-36, r^2= 4.8D-01
   Bfn.  Coefficient  Atom+Function         Bfn.  Coefficient  Atom+Function  
  ----- ------------  ---------------      ----- ------------  ---------------
    51     -0.692138  3 C  s                 16      0.692138  2 C  s          
 
 Vector    3  Occ=2.000000D+00  E=-1.032961D+00  Symmetry=ag
              MO Center=  7.8D-18,  0.0D+00, -1.1D-34, r^2= 1.1D+00
   Bfn.  Coefficient  Atom+Function         Bfn.  Coefficient  Atom+Function  
  ----- ------------  ---------------      ----- ------------  ---------------
    17      0.346021  2 C  s                 52      0.346021  3 C  s          
 
 Vector    4  Occ=2.000000D+00  E=-7.929004D-01  Symmetry=bu
              MO Center=  1.1D-17, -1.7D-16,  2.1D-32, r^2= 2.1D+00
   Bfn.  Coefficient  Atom+Function         Bfn.  Coefficient  Atom+Function  
  ----- ------------  ---------------      ----- ------------  ---------------
    17     -0.281782  2 C  s                 52      0.281782  3 C  s          
    19     -0.153266  2 C  s                 54      0.153266  3 C  s          
 
 Vector    5  Occ=2.000000D+00  E=-6.489106D-01  Symmetry=bu
              MO Center=  2.0D-15,  1.7D-16,  6.1D-16, r^2= 1.9D+00
   Bfn.  Coefficient  Atom+Function         Bfn.  Coefficient  Atom+Function  
  ----- ------------  ---------------      ----- ------------  ---------------
    23      0.182670  2 C  px                58      0.182670  3 C  px         
    55      0.177878  3 C  px                20      0.177878  2 C  px         
   102      0.156544  5 H  s                 87     -0.156544  4 H  s          
     2      0.151811  1 H  s                117     -0.151811  6 H  s          
 
 Vector    6  Occ=2.000000D+00  E=-5.813627D-01  Symmetry=ag
              MO Center= -1.9D-17,  9.7D-17,  2.7D-32, r^2= 1.7D+00
   Bfn.  Coefficient  Atom+Function         Bfn.  Coefficient  Atom+Function  
  ----- ------------  ---------------      ----- ------------  ---------------
    24      0.248950  2 C  py                59     -0.248950  3 C  py         
    56     -0.230533  3 C  py                21      0.230533  2 C  py         
 
 Vector    7  Occ=2.000000D+00  E=-5.127060D-01  Symmetry=ag
              MO Center= -6.2D-16,  7.2D-16, -2.6D-16, r^2= 2.3D+00
   Bfn.  Coefficient  Atom+Function         Bfn.  Coefficient  Atom+Function  
  ----- ------------  ---------------      ----- ------------  ---------------
    23      0.188364  2 C  px                58     -0.188364  3 C  px         
   102     -0.177172  5 H  s                 87     -0.177172  4 H  s          
    55     -0.169634  3 C  px                20      0.169634  2 C  px         
     2      0.160111  1 H  s                117      0.160111  6 H  s          
 
 Vector    8  Occ=2.000000D+00  E=-3.745392D-01  Symmetry=au
              MO Center=  1.8D-16,  1.5D-16,  1.4D-15, r^2= 1.5D+00
   Bfn.  Coefficient  Atom+Function         Bfn.  Coefficient  Atom+Function  
  ----- ------------  ---------------      ----- ------------  ---------------
    60      0.249961  3 C  pz                25      0.249961  2 C  pz         
    28      0.226602  2 C  pz                63      0.226602  3 C  pz         
    22      0.206893  2 C  pz                57      0.206893  3 C  pz         
 
 Vector    9  Occ=0.000000D+00  E= 1.495837D-01  Symmetry=bg
              MO Center=  0.0D+00, -1.1D-16,  9.1D-20, r^2= 2.9D+00
   Bfn.  Coefficient  Atom+Function         Bfn.  Coefficient  Atom+Function  
  ----- ------------  ---------------      ----- ------------  ---------------
    28      0.868885  2 C  pz                63     -0.868885  3 C  pz         
    57     -0.209097  3 C  pz                22      0.209097  2 C  pz         
 
 Vector   10  Occ=0.000000D+00  E= 1.550674D-01  Symmetry=ag
              MO Center= -2.2D-15, -2.6D-15,  4.7D-16, r^2= 7.2D+00
   Bfn.  Coefficient  Atom+Function         Bfn.  Coefficient  Atom+Function  
  ----- ------------  ---------------      ----- ------------  ---------------
    19      2.441310  2 C  s                 54      2.441310  3 C  s          
     3     -1.315406  1 H  s                118     -1.315406  6 H  s          
   103     -1.259429  5 H  s                 88     -1.259429  4 H  s          
    62      0.609566  3 C  py                27     -0.609566  2 C  py         
    75     -0.239445  3 C  dzz               40     -0.239445  2 C  dzz        
 
 Vector   11  Occ=0.000000D+00  E= 1.839937D-01  Symmetry=bu
              MO Center= -2.6D-15, -2.5D-15, -1.6D-30, r^2= 8.5D+00
   Bfn.  Coefficient  Atom+Function         Bfn.  Coefficient  Atom+Function  
  ----- ------------  ---------------      ----- ------------  ---------------
    19     -4.327969  2 C  s                 54      4.327969  3 C  s          
     3      1.632931  1 H  s                118     -1.632931  6 H  s          
    88      1.301373  4 H  s                103     -1.301373  5 H  s          
    40      0.382460  2 C  dzz               75     -0.382460  3 C  dzz        
    62     -0.245842  3 C  py                27     -0.245842  2 C  py         
 
 Vector   12  Occ=0.000000D+00  E= 1.876470D-01  Symmetry=bu
              MO Center= -2.6D-14, -3.4D-14,  2.9D-15, r^2= 7.8D+00
   Bfn.  Coefficient  Atom+Function         Bfn.  Coefficient  Atom+Function  
  ----- ------------  ---------------      ----- ------------  ---------------
    88      1.757516  4 H  s                103     -1.757516  5 H  s          
   118      1.456282  6 H  s                  3     -1.456282  1 H  s          
    61      1.004729  3 C  px                26      1.004729  2 C  px         
    19     -0.523270  2 C  s                 54      0.523270  3 C  s          
    23      0.159551  2 C  px                58      0.159551  3 C  px         
 
 Vector   13  Occ=0.000000D+00  E= 2.396377D-01  Symmetry=ag
              MO Center=  8.0D-15,  4.2D-14,  9.3D-18, r^2= 9.3D+00
   Bfn.  Coefficient  Atom+Function         Bfn.  Coefficient  Atom+Function  
  ----- ------------  ---------------      ----- ------------  ---------------
    61      2.786272  3 C  px                26     -2.786272  2 C  px         
   118      2.541277  6 H  s                  3      2.541277  1 H  s          
   103     -2.509405  5 H  s                 88     -2.509405  4 H  s          
   102     -0.227529  5 H  s                 87     -0.227529  4 H  s          
     2      0.212463  1 H  s                117      0.212463  6 H  s          
 
 Vector   14  Occ=0.000000D+00  E= 3.556826D-01  Symmetry=ag
              MO Center=  7.5D-16, -1.8D-15,  3.6D-17, r^2= 5.4D+00
   Bfn.  Coefficient  Atom+Function         Bfn.  Coefficient  Atom+Function  
  ----- ------------  ---------------      ----- ------------  ---------------
    62      1.423983  3 C  py                27     -1.423983  2 C  py         
    54      0.691921  3 C  s                 19      0.691921  2 C  s          
    87     -0.640609  4 H  s                102     -0.640609  5 H  s          
    24      0.605623  2 C  py                59     -0.605623  3 C  py         
     2     -0.591371  1 H  s                117     -0.591371  6 H  s          
 
 Vector   15  Occ=0.000000D+00  E= 3.636926D-01  Symmetry=bu
              MO Center=  1.3D-14, -3.1D-15,  8.1D-30, r^2= 6.2D+00
   Bfn.  Coefficient  Atom+Function         Bfn.  Coefficient  Atom+Function  
  ----- ------------  ---------------      ----- ------------  ---------------
    19      5.960141  2 C  s                 54     -5.960141  3 C  s          
    27      4.936122  2 C  py                62      4.936122  3 C  py         
     3      1.306942  1 H  s                118     -1.306942  6 H  s          
   103     -1.266704  5 H  s                 88      1.266704  4 H  s          
    59      0.499069  3 C  py                24      0.499069  2 C  py         
 
 Vector   16  Occ=0.000000D+00  E= 3.880247D-01  Symmetry=ag
              MO Center=  7.2D-15, -4.6D-15, -8.9D-16, r^2= 4.1D+00
   Bfn.  Coefficient  Atom+Function         Bfn.  Coefficient  Atom+Function  
  ----- ------------  ---------------      ----- ------------  ---------------
    19      4.635389  2 C  s                 54      4.635389  3 C  s          
    73     -1.024809  3 C  dyy               38     -1.024809  2 C  dyy        
    40     -0.942638  2 C  dzz               75     -0.942638  3 C  dzz        
   103     -0.874725  5 H  s                 88     -0.874725  4 H  s          
    35     -0.848602  2 C  dxx               70     -0.848602  3 C  dxx        
 
 Vector   17  Occ=0.000000D+00  E= 4.189479D-01  Symmetry=au
              MO Center=  1.4D-17, -1.4D-16, -1.3D-18, r^2= 4.0D+00
   Bfn.  Coefficient  Atom+Function         Bfn.  Coefficient  Atom+Function  
  ----- ------------  ---------------      ----- ------------  ---------------
    25      1.153110  2 C  pz                60      1.153110  3 C  pz         
    28     -0.815223  2 C  pz                63     -0.815223  3 C  pz         
    43     -0.325512  2 C  fxxz              78     -0.325512  3 C  fxxz       
    48     -0.302510  2 C  fyyz              83     -0.302510  3 C  fyyz       
    50     -0.301939  2 C  fzzz              85     -0.301939  3 C  fzzz       
 
 Vector   18  Occ=0.000000D+00  E= 4.376295D-01  Symmetry=bu
              MO Center=  3.5D-15, -1.6D-15,  8.1D-30, r^2= 3.5D+00
   Bfn.  Coefficient  Atom+Function         Bfn.  Coefficient  Atom+Function  
  ----- ------------  ---------------      ----- ------------  ---------------
    26      1.272599  2 C  px                61      1.272599  3 C  px         
     2     -1.245511  1 H  s                117      1.245511  6 H  s          
    87      1.147565  4 H  s                102     -1.147565  5 H  s          
   118      0.410695  6 H  s                  3     -0.410695  1 H  s          
    36     -0.342633  2 C  dxy               71      0.342633  3 C  dxy        
 
 Vector   19  Occ=0.000000D+00  E= 5.457647D-01  Symmetry=bg
              MO Center= -2.1D-17,  4.4D-16, -5.2D-16, r^2= 4.1D+00
   Bfn.  Coefficient  Atom+Function         Bfn.  Coefficient  Atom+Function  
  ----- ------------  ---------------      ----- ------------  ---------------
    28     -1.626541  2 C  pz                63      1.626541  3 C  pz         
    60     -1.182341  3 C  pz                25      1.182341  2 C  pz         
    39     -0.361968  2 C  dyz               74     -0.361968  3 C  dyz        
    48     -0.351275  2 C  fyyz              83      0.351275  3 C  fyyz       
    78      0.262760  3 C  fxxz              43     -0.262760  2 C  fxxz       
 

 center of mass
 --------------
 x =   0.00000000 y =   0.00000000 z =   0.00000000

 moments of inertia (a.u.)
 ------------------
          59.589296242978           0.000000000000           0.000000000000
           0.000000000000          12.386088429771           0.000000000000
           0.000000000000           0.000000000000          71.975384672750
 
  Mulliken analysis of the total density
  --------------------------------------

    Atom       Charge   Shell Charges
 -----------   ------   -------------------------------------------------------
    1 H    1     0.85   0.27  0.45  0.09  0.01  0.01  0.00
    2 C    6     6.30   1.96  0.81  0.18  0.32  0.82  1.33  0.64  0.04  0.10  0.09
    3 C    6     6.30   1.96  0.81  0.18  0.32  0.82  1.33  0.64  0.04  0.10  0.09
    4 H    1     0.86   0.27  0.46  0.10  0.01  0.01  0.00
    5 H    1     0.86   0.27  0.46  0.10  0.01  0.01  0.00
    6 H    1     0.85   0.27  0.45  0.09  0.01  0.01  0.00
 
       Multipole analysis of the density wrt the origin
       ------------------------------------------------
 
     L   x y z        total         open         nuclear
     -   - - -        -----         ----         -------
     0   0 0 0      0.000000      0.000000     16.000000
 
     1   1 0 0      0.000000      0.000000      0.000000
     1   0 1 0      0.000000      0.000000      0.000000
     1   0 0 1      0.000000      0.000000      0.000000
 
     2   2 0 0     -9.093062      0.000000     12.289920
     2   1 1 0     -0.067304      0.000000      0.000005
     2   1 0 1      0.000000      0.000000      0.000000
     2   0 2 0     -9.128085      0.000000     40.202690
     2   0 1 1      0.000000      0.000000      0.000000
     2   0 0 2    -11.828240      0.000000      0.000000
 

------------------------------------------------------------
EAF file 0: "./SCRATCH/nwchem_C2_H4.aoints.0" size=117440512 bytes
------------------------------------------------------------
               write      read    awrite     aread      wait
               -----      ----    ------     -----      ----
     calls:      224         9         0      2007      2007
   data(b): 1.17e+08  4.72e+06  0.00e+00  1.05e+09
   time(s): 2.48e-01  2.98e-03  0.00e+00  9.42e-01  5.70e-04
rate(mb/s): 4.73e+02  1.58e+03  0.00e+00* 1.12e+03*
------------------------------------------------------------
* = Effective rate.  Full wait time used for read and write.


 Parallel integral file used     224 records with       0 large values


 Task  times  cpu:        6.5s     wall:       14.5s
 
 
                                NWChem Input Module
                                -------------------
 
 
 Summary of allocated global arrays
-----------------------------------
  No active global arrays



                         GA Statistics for process    0
                         ------------------------------

       create   destroy   get      put      acc     scatter   gather  read&inc
calls:  281      281     1.66e+04 7734     6237        0        0      581     
number of processes/call 1.00e+00 1.00e+00 1.00e+00 0.00e+00 0.00e+00
bytes total:             4.90e+07 1.91e+07 9.76e+06 0.00e+00 0.00e+00 4.65e+03
bytes remote:            0.00e+00 0.00e+00 0.00e+00 0.00e+00 0.00e+00 0.00e+00
Max memory consumed for GA by this process: 1757600 bytes
 
 
 
                                     CITATION
                                     --------
                Please cite the following reference when publishing
                           results obtained with NWChem:
 
                 M. Valiev, E.J. Bylaska, N. Govind, K. Kowalski,
              T.P. Straatsma, H.J.J. van Dam, D. Wang, J. Nieplocha,
                        E. Apra, T.L. Windus, W.A. de Jong
                 "NWChem: a comprehensive and scalable open-source
                  solution for large scale molecular simulations"
                      Comput. Phys. Commun. 181, 1477 (2010)
                           doi:10.1016/j.cpc.2010.04.018
 
                              AUTHORS & CONTRIBUTORS
                              ----------------------
      E. J. Bylaska, W. A. de Jong, N. Govind, K. Kowalski, T. P. Straatsma,
     M. Valiev, H. J. J. van Dam, D. Wang, E. Apra, T. L. Windus, J. Hammond,
     J. Autschbach, P. Nichols, S. Hirata, M. T. Hackler, Y. Zhao, P.-D. Fan,
      R. J. Harrison, M. Dupuis, D. M. A. Smith, K. Glaesemann, J. Nieplocha,
      V. Tipparaju, M. Krishnan, A. Vazquez-Mayagoitia, L. Jensen, M. Swart,
      Q. Wu, T. Van Voorhis, A. A. Auer, M. Nooijen, L. D. Crosby, E. Brown,
             G. Cisneros, G. I. Fann, H. Fruchtl, J. Garza, K. Hirao,
        R. Kendall, J. A. Nichols, K. Tsemekhman, K. Wolinski, J. Anchell,
       D. Bernholdt, P. Borowski, T. Clark, D. Clerc, H. Dachsel, M. Deegan,
        K. Dyall, D. Elwood, E. Glendening, M. Gutowski, A. Hess, J. Jaffe,
        B. Johnson, J. Ju, R. Kobayashi, R. Kutteh, Z. Lin, R. Littlefield,
    X. Long, B. Meng, T. Nakajima, S. Niu, L. Pollack, M. Rosing, G. Sandrone,
       M. Stave, H. Taylor, G. Thomas, J. H. van Lenthe, A. Wong, Z. Zhang.

 Total times  cpu:        6.6s     wall:       14.6s
MA_summarize_allocated_blocks: starting scan ...
MA_summarize_allocated_blocks: scan completed: 0 heap blocks, 0 stack blocks
MA usage statistics:

	allocation statistics:
					      heap	     stack
					      ----	     -----
	current number of blocks	         0	         0
	maximum number of blocks	        17	        14
	current total bytes		         0	         0
	maximum total bytes		    139048	  22512088
	maximum total K-bytes		       140	     22513
	maximum total M-bytes		         1	        23
