=------------------------------------------------------------------------------=

     CP: variable-cell Car-Parrinello molecular dynamics
     using norm-conserving and ultrasoft Vanderbilt pseudopotentials

     Version: 4.1 - Tue Mar 6 17:02:41 CET 2012                           
     Authors: Alfredo Pasquarello, Kari Laasonen, Andrea Trave, Roberto Car,
       Paolo Giannozzi, Nicola Marzari, Carlo Cavazzoni, Guido Chiarotti,
       Sandro Scandolo, Paolo Focher, Gerardo Ballabio, and others

=------------------------------------------------------------------------------=

   This run was started on:  17:59:20   6Mar2012               

   MPI Parallel Build
   Tasks =    6  This task id =    0

   Job Title: MD Simulation


   Atomic Pseudopotentials Parameters
   ----------------------------------

   Reading pseudopotential for specie #  1 from file :
   ../../pseudo/H.pz-vbc.UPF
   file type is 20: UPF

   Reading pseudopotential for specie #  2 from file :
   ../../pseudo/C.pz-vbc.UPF
   file type is 20: UPF


   Main Simulation Parameters (from input)
   ---------------------------------------
   Restart Mode       =      -1   from_scratch   
   Number of MD Steps =   10000
   Print out every            1 MD Steps
   Reads from unit    =      90
   Writes to unit     =      91
   MD Simulation time step            =       1.00
   Electronic fictitious mass (emass) =     400.00
   emass cut-off                      =       2.50

   Simulation Cell Parameters (from input)
   external pressure       =            0.00 [GPa]
   wmass (calculated)      =         2222.27 [AU]
   ibrav =    1
   alat  =    25.00000000
   a1    =    25.00000000    0.00000000    0.00000000
   a2    =     0.00000000   25.00000000    0.00000000
   a3    =     0.00000000    0.00000000   25.00000000
 
   b1    =     0.04000000    0.00000000    0.00000000
   b2    =     0.00000000    0.04000000    0.00000000
   b3    =     0.00000000    0.00000000    0.04000000
   omega = 15625.00000000

    ========================================
    |  CONJUGATE GRADIENT                  |
    ========================================
    | iterations   =          2500         |
    | conv_thr     = 0.00000100000 a.u.    |
    | passop       =       0.50000 a.u.    |
    | niter_cg_restart =  20      |
    ========================================

   Energy Cut-offs
   ---------------
   Ecutwfc =   35.0 Ry,      Ecutrho =  140.0 Ry,      Ecuts =  140.0 Ry
   Gcutwfc =   23.5     ,    Gcutrho =   47.1          Gcuts =   47.1
   NOTA BENE: refg, mmx =   0.050000  5600
   Orthog. with Gram-Schmidt
   Electron dynamics with conjugate gradient
   Electron dynamics : the temperature is not controlled
   initial random displacement of el. coordinates with  amplitude=  0.020000

   Electronic states
   -----------------
   Number of Electron =     8, of States =     4
   Occupation numbers :
   2.00 2.00 2.00 2.00


   Exchange and correlations functionals
   -------------------------------------
   Using Local Density Approximation with
     Exchange functional: SLATER                                                      
     Correlation functional: PERDEW AND ZUNGER                                           
     Exchange-correlation      =  SLA  PZ   NOGX NOGC (1100)


   Ions Simulation Parameters
   --------------------------
   Ions are not allowed to move
   Ionic position (from input)
   sorted by specie, and converted to real a.u. coordinates
   Species   1 atoms =    4 mass =      1837.29 (a.u.),         1.01 (amu) rcmax =   1.00 (a.u.)
        0.000000     0.000000    -2.000000
        0.000000     0.000000     2.000000
        0.000000     2.000000     0.000000
        0.000000    -2.000000     0.000000
   Species   2 atoms =    1 mass =     21894.71 (a.u.),        12.01 (amu) rcmax =   0.50 (a.u.)
        0.000000     0.000000     0.000000
   Ionic position read from input file


   Cell Dynamics Parameters (from STDIN)
   -------------------------------------
   Starting cell generated from CELLDM
   Constant VOLUME Molecular dynamics
   cell parameters are not allowed to move

   Verbosity: iprsta =  1



   Simulation dimensions initialization
   ------------------------------------

   unit vectors of full simulation cell
   in real space:                         in reciprocal space (units 2pi/alat):
   1    25.0000    0.0000    0.0000              1.0000    0.0000    0.0000
   2     0.0000   25.0000    0.0000              0.0000    1.0000    0.0000
   3     0.0000    0.0000   25.0000              0.0000    0.0000    1.0000
 
   Stick Mesh
   ----------
   nst =  3485,  nstw =   875, nsts =  3485
        PEs    n.st   n.stw   n.sts    n.g    n.gw   n.gs
          1    1162     292    1162   72842    9132   72842
          2    1162     292    1162   72842    9132   72842
          3    1163     291    1163   72841    9137   72841
          4    1160     292    1160   72840    9132   72840
          5    1160     292    1160   72840    9132   72840
          6    1162     290    1162   72842    9130   72842
          0    6969    1749    6969  437047   54795  437047
 
 
   Real Mesh
   ---------
   Global Dimensions   Local  Dimensions   Processor Grid
   .X.   .Y.   .Z.     .X.   .Y.   .Z.     .X.   .Y.   .Z.
    96    96    96      96    96    16       1     1     6
   Array leading dimensions ( nr1x, nr2x, nr3x )   =     96    96    96
   Local number of cell to store the grid ( nnrx ) =     147456
   Number of x-y planes for each processors: 
   nr3l =    16   16   16   16   16   16
 
   Smooth Real Mesh
   ----------------
   Global Dimensions   Local  Dimensions   Processor Grid
   .X.   .Y.   .Z.     .X.   .Y.   .Z.     .X.   .Y.   .Z.
    96    96    96      96    96    16       1     1     6
   Array leading dimensions ( nr1x, nr2x, nr3x )   =     96    96    96
   Local number of cell to store the grid ( nnrx ) =     147456
   Number of x-y planes for each processors: 
   nr3sl =    16   16   16   16   16   16
 
   Reciprocal Space Mesh
   ---------------------
                Large Mesh
   PE   Global(ngmt)     Local(ngm) MaxLocal(ngmx)
    1         218524          36421          36421
    2         218524          36421          36421
    3         218524          36421          36421
    4         218524          36420          36421
    5         218524          36420          36421
    6         218524          36421          36421
                Smooth Mesh
   PE   Global(ngst)     Local(ngs) MaxLocal(ngsx)
    1         218524          36421          36421
    2         218524          36421          36421
    3         218524          36421          36421
    4         218524          36420          36421
    5         218524          36420          36421
    6         218524          36421          36421
                Wave function Mesh
   PE   Global(ngwt)     Local(ngw) MaxLocal(ngwx)
    1          27398           4566           4569
    2          27398           4566           4569
    3          27398           4569           4569
    4          27398           4566           4569
    5          27398           4566           4569
    6          27398           4565           4569


   System geometry initialization
   ------------------------------
 
   Scaled positions from standard input
   H    0.000000E+00  0.000000E+00 -0.800000E-01
   H    0.000000E+00  0.000000E+00  0.800000E-01
   H    0.000000E+00  0.800000E-01  0.000000E+00
   H    0.000000E+00 -0.800000E-01  0.000000E+00
   C    0.000000E+00  0.000000E+00  0.000000E+00

   Matrix Multiplication Performances
   ortho mmul, time for parallel driver      =   0.00001 with    4 procs

   Constraints matrixes will be distributed block like on
   ortho sub-group =    2*   2 procs


   Diagonalization Performances
   ortho diag, time for serial   driver =   0.00031
   ortho diag, time for parallel driver =   0.00021 with    4 procs


   Pseudopotentials initialization
   -------------------------------


   Common initialization

   Specie:     1
 
                        dion 

   Specie:     2
   1  indv=  1   ang. mom=  0
 
                        dion 
   0.5848
 
   Short Legend and Physical Units in the Output
   ---------------------------------------------
   NFI    [int]          - step index
   EKINC  [HARTREE A.U.] - kinetic energy of the fictitious electronic dynamics
   TEMPH  [K]            - Temperature of the fictitious cell dynamics
   TEMP   [K]            - Ionic temperature
   ETOT   [HARTREE A.U.] - Scf total energy (Kohn-Sham hamiltonian)
   ENTHAL [HARTREE A.U.] - Enthalpy ( ETOT + P * V )
   ECONS  [HARTREE A.U.] - Enthalpy + kinetic energy of ions and cell
   ECONT  [HARTREE A.U.] - Constant of motion for the CP lagrangian
 

   f_cutoff =  0.1000
   do_spinsym   =    F
   EE with periodic-image correction method = tcc                 


   Wave Initialization: random initial wave-functions
   Occupation number from init
   nbnd =     4
    2.00 2.00 2.00 2.00

   formf: eself=  14.36192
   formf:     vps(g=0)=  -0.0002023     rhops(g=0)=  -0.0000630
   formf: sum_g vps(g)=  -2.4432651 sum_g rhops(g)=  -0.0898256
   formf:     vps(g=0)=  -0.0002057     rhops(g=0)=  -0.0002550
   formf: sum_g vps(g)=  -2.9143882 sum_g rhops(g)=  -2.8719189
   Delta V(G=0):   0.001005Ry,    0.027343eV

 * Physical Quantities at step:     1

PERFORMING CONJUGATE GRADIENT MINIMIZATION OF EL. STATES

     iteration =   1   Etot (Ha) =     32.12053958589242
     iteration =   2   Etot (Ha) =     10.79030264009200
     iteration =   3   Etot (Ha) =      4.96081396762318
     iteration =   4   Etot (Ha) =      0.19688809485594
     iteration =   5   Etot (Ha) =     -3.14614771373757
     iteration =   6   Etot (Ha) =     -5.34984585304559
     iteration =   7   Etot (Ha) =     -6.53199614201211
     iteration =   8   Etot (Ha) =     -7.12145120824296
     iteration =   9   Etot (Ha) =     -7.43339137841659
     iteration =  10   Etot (Ha) =     -7.59538269445083

     iteration =  11   Etot (Ha) =     -7.68373276751144
     iteration =  12   Etot (Ha) =     -7.72973280460971
     iteration =  13   Etot (Ha) =     -7.75187710789087
     iteration =  14   Etot (Ha) =     -7.76282452602481
     iteration =  15   Etot (Ha) =     -7.76803012696964
     iteration =  16   Etot (Ha) =     -7.77072147624220
     iteration =  17   Etot (Ha) =     -7.77224688103223
     iteration =  18   Etot (Ha) =     -7.77310131622489
     iteration =  19   Etot (Ha) =     -7.77363740127731
     iteration =  20   Etot (Ha) =     -7.77398572414903

     iteration =  21   Etot (Ha) =     -7.77431936417005
     iteration =  22   Etot (Ha) =     -7.77448469858275
     iteration =  23   Etot (Ha) =     -7.77463677059928
     iteration =  24   Etot (Ha) =     -7.77479169960778
     iteration =  25   Etot (Ha) =     -7.77487234142148
     iteration =  26   Etot (Ha) =     -7.77489642133228
     iteration =  27   Etot (Ha) =     -7.77490288248164
     iteration =  28   Etot (Ha) =     -7.77490505334671
     iteration =  29   Etot (Ha) =     -7.77490621784123
     iteration =  30   Etot (Ha) =     -7.77490671287334

     iteration =  31   Etot (Ha) =     -7.77490692247374
     iteration =  32   Etot (Ha) =     -7.77490699233984
  cg_sub: missed minimum, case 1, iteration   32
     iteration =  33   Etot (Ha) =     -7.77490701616863


                total energy =      -7.7749070223 Hartree a.u.
              kinetic energy =       6.3207984996 Hartree a.u.
        electrostatic energy =      -9.2509775400 Hartree a.u.
                         esr =       0.0979432786 Hartree a.u.
                       eself =      14.3619220945 Hartree a.u.
      pseudopotential energy =      -2.3673262779 Hartree a.u.
  n-l pseudopotential energy =       0.5637437717 Hartree a.u.
 exchange-correlation energy =      -3.0411454757 Hartree a.u.
           average potential =       0.0000000000 Hartree a.u.



   Eigenvalues (eV), kp =   1 , spin =  1

  -18.18  -12.01  -12.01   -4.28
 
   Allocated memory (kb) =     33648
 
   CELL_PARAMETERS
   25.00000000    0.00000000    0.00000000
    0.00000000   25.00000000    0.00000000
    0.00000000    0.00000000   25.00000000

   System Density [g/cm^3] :     0.0115


   Center of mass square displacement (a.u.):   0.000000

   ATOMIC_POSITIONS
   C    0.000000E+00  0.000000E+00  0.000000E+00
   H    0.000000E+00  0.000000E+00 -0.200000E+01
   H    0.000000E+00  0.000000E+00  0.200000E+01
   H    0.000000E+00  0.200000E+01  0.000000E+00
   H    0.000000E+00 -0.200000E+01  0.000000E+00
 
   ATOMIC_VELOCITIES
   C    0.000000E+00  0.000000E+00  0.000000E+00
   H    0.000000E+00  0.000000E+00  0.000000E+00
   H    0.000000E+00  0.000000E+00  0.000000E+00
   H    0.000000E+00  0.000000E+00  0.000000E+00
   H    0.000000E+00  0.000000E+00  0.000000E+00
 


   Partial temperatures (for each ionic specie) 
   Species  Temp (K)   Mean Square Displacement (a.u.)
        1       0.00     0.0000
        2       0.00     0.0000
 
  nfi    ekinc  temph  tempp        etot      enthal       econs       econt    vnhh   xnhh0    vnhp   xnhp0
 
       nfi   tempp            E -T.S-mu.nbsp         +K_p #Iter
Step     1       0     -7.77491     -7.77491     -7.77491    34

   writing restart file: ./SCRATCH/CH4_LDA_cg_91.save
   restart file written in    0.182 sec.



   Averaged Physical Quantities
                      accomulated      this run
   ekinc         :        0.00000       0.00000 (AU)
   ekin          :        6.32080       6.32080 (AU)
   epot          :      -14.65945     -14.65945 (AU)
   total energy  :       -7.77491      -7.77491 (AU)
   temperature   :        0.00000       0.00000 (K )
   enthalpy      :        0.00000       0.00000 (AU)
   econs         :       -7.77491      -7.77491 (AU)
   pressure      :        0.00000       0.00000 (Gpa)
   volume        :    15625.00000   15625.00000 (AU)


     initialize   :     0.40s CPU
     total_time   :    15.79s CPU
     formf        :     0.04s CPU
     rhoofr       :     3.51s CPU (      68 calls,   0.052 s avg)
     vofrho       :    10.91s CPU (      68 calls,   0.160 s avg)
     vofrho1      :     0.33s CPU (       2 calls,   0.165 s avg)
     vofrho2      :     5.30s CPU (      33 calls,   0.161 s avg)
     vofrho3      :     5.29s CPU (      33 calls,   0.160 s avg)
     dforce       :     0.93s CPU (      68 calls,   0.014 s avg)
     dforce1      :     0.90s CPU (      66 calls,   0.014 s avg)
     dforce2      :     0.21s CPU
     calphi       :     0.01s CPU (      34 calls,   0.000 s avg)
     gram         :     0.06s CPU (      69 calls,   0.001 s avg)
     newd         :     0.00s CPU (      34 calls,   0.000 s avg)
     calbec       :     0.02s CPU (     236 calls,   0.000 s avg)
     prefor       :     0.00s CPU (      36 calls,   0.000 s avg)
     strucf       :     0.00s CPU
     nlfl         :     0.00s CPU
     nlsm1        :     0.02s CPU (     236 calls,   0.000 s avg)
     fft          :     7.00s CPU (     480 calls,   0.015 s avg)
     ffts         :     2.03s CPU (     136 calls,   0.015 s avg)
     fftw         :     1.77s CPU (     272 calls,   0.007 s avg)
     cft3s        :    10.79s CPU (     888 calls,   0.012 s avg)
     fft_scatter  :     2.93s CPU (     888 calls,   0.003 s avg)

     outer_loop   :    15.75s CPU (      33 calls,   0.477 s avg)
     runcg_uspp   :    15.79s CPU
     calcmt       :     0.00s CPU
     pc2          :     0.05s CPU (      99 calls,   0.001 s avg)
     pcdaga2      :     0.03s CPU (      33 calls,   0.001 s avg)
     xminus1      :     0.00s CPU (      66 calls,   0.000 s avg)
     emass_p_tpa  :     0.00s CPU
 
 
     CP           :    16.38s CPU time,   17.24s wall time

 
   This run was terminated on:  17:59:37   6Mar2012            

=------------------------------------------------------------------------------=
   JOB DONE.
=------------------------------------------------------------------------------=
