=------------------------------------------------------------------------------=

     CP: variable-cell Car-Parrinello molecular dynamics
     using norm-conserving and ultrasoft Vanderbilt pseudopotentials

     Version: 4.1 - Wed Feb 15 19:22:38 CET 2012                          
     Authors: Alfredo Pasquarello, Kari Laasonen, Andrea Trave, Roberto Car,
       Paolo Giannozzi, Nicola Marzari, Carlo Cavazzoni, Guido Chiarotti,
       Sandro Scandolo, Paolo Focher, Gerardo Ballabio, and others

=------------------------------------------------------------------------------=

   This run was started on:  18: 0:15  16Feb2012               

   MPI Parallel Build
   Tasks =    4  This task id =    0

   Job Title: MD Simulation


   Atomic Pseudopotentials Parameters
   ----------------------------------

   Reading pseudopotential for specie #  1 from file :
   ../../pseudo/H.pz-vbc.UPF
   file type is 20: UPF

   Reading pseudopotential for specie #  2 from file :
   ../../pseudo/C.pz-vbc.UPF
   file type is 20: UPF


   Main Simulation Parameters (from input)
   ---------------------------------------
   Restart Mode       =       1   restart        
   Number of MD Steps =     100
   Print out every            1 MD Steps
   Reads from unit    =      96
   Writes to unit     =      97
   MD Simulation time step            =      15.00
   Electronic fictitious mass (emass) =    1000.00
   emass cut-off                      =       3.00

   Simulation Cell Parameters (from input)
   external pressure       =            0.00 [GPa]
   wmass (calculated)      =          831.14 [AU]
   ibrav =    8
   alat  =    25.00000000
   a1    =    25.00000000    0.00000000    0.00000000
   a2    =     0.00000000   25.00000000    0.00000000
   a3    =     0.00000000    0.00000000   50.00000000
 
   b1    =     0.04000000    0.00000000    0.00000000
   b2    =     0.00000000    0.04000000    0.00000000
   b3    =     0.00000000    0.00000000    0.02000000
   omega = 31250.00000000

   Energy Cut-offs
   ---------------
   Ecutwfc =   40.0 Ry,      Ecutrho =  160.0 Ry,      Ecuts =  160.0 Ry
   Gcutwfc =   25.2     ,    Gcutrho =   50.3          Gcuts =   50.3
   NOTA BENE: refg, mmx =   0.050000  6400
   Eigenvalues calculated without the kinetic term contribution
   Orthog. with lagrange multipliers : eps =   0.10E-07,  max = 500
   verlet algorithm for electron dynamics
   with friction frice =  0.0500 , grease =  1.0000
   Electron dynamics : the temperature is not controlled

   Electronic states
   -----------------
   Number of Electron =    12, of States =     6
   Occupation numbers :
   2.00 2.00 2.00 2.00 2.00 2.00


   Exchange and correlations functionals
   -------------------------------------
   Using Local Density Approximation with
     Exchange functional: SLATER                                                      
     Correlation functional: PERDEW AND ZUNGER                                           
     Exchange-correlation      =  SLA  PZ   NOGX NOGC (1100)


   Ions Simulation Parameters
   --------------------------
   Ions are not allowed to move
   Ionic position (from input)
   sorted by specie, and converted to real a.u. coordinates
   Species   1 atoms =    4 mass =      1822.89 (a.u.),         1.00 (amu) rcmax =   1.00 (a.u.)
        0.000000    -0.376056    -2.869549
        0.000000     2.653175    -1.104545
        0.000000    -2.653175     1.104545
        0.000000     0.376056     2.869549
   Species   2 atoms =    2 mass =      1822.89 (a.u.),         1.00 (amu) rcmax =   0.50 (a.u.)
        0.000000     0.617940    -1.104545
        0.000000    -0.617940     1.104545
   Ionic position will be re-read from restart file


   Cell Dynamics Parameters (from STDIN)
   -------------------------------------
   Starting cell generated from CELLDM
   Cell parameters will be re-read from restart file
   Constant VOLUME Molecular dynamics
   cell parameters are not allowed to move

    =====================================
    |  BERRY PHASE ELECTRIC FIELD 1        
    =====================================
    | direction    =         3            
    | intensity    =   0.00500 a.u.     
    =====================================

   Verbosity: iprsta =  1



   Simulation dimensions initialization
   ------------------------------------

   unit vectors of full simulation cell
   in real space:                         in reciprocal space (units 2pi/alat):
   1    25.0000    0.0000    0.0000              1.0000    0.0000    0.0000
   2     0.0000   25.0000    0.0000              0.0000    1.0000    0.0000
   3     0.0000    0.0000   50.0000              0.0000    0.0000    0.5000
 
   Stick Mesh
   ----------
   nst =  3991,  nstw =   997, nsts =  3991
        PEs    n.st   n.stw   n.sts    n.g    n.gw   n.gs
          1    2004     500    2004  267040   33420  267040
          2    1992     498    1992  267040   33406  267040
          3    1991     497    1991  267039   33405  267039
          4    1994     498    1994  267038   33406  267038
          0    7981    1993    7981 1068157  133637 1068157
 
 
   Real Mesh
   ---------
   Global Dimensions   Local  Dimensions   Processor Grid
   .X.   .Y.   .Z.     .X.   .Y.   .Z.     .X.   .Y.   .Z.
   108   108   216     108   108    54       1     1     4
   Array leading dimensions ( nr1x, nr2x, nr3x )   =    108   108   216
   Local number of cell to store the grid ( nnrx ) =     629856
   Number of x-y planes for each processors: 
   nr3l =    54   54   54   54
 
   Smooth Real Mesh
   ----------------
   Global Dimensions   Local  Dimensions   Processor Grid
   .X.   .Y.   .Z.     .X.   .Y.   .Z.     .X.   .Y.   .Z.
   108   108   216     108   108    54       1     1     4
   Array leading dimensions ( nr1x, nr2x, nr3x )   =    108   108   216
   Local number of cell to store the grid ( nnrx ) =     629856
   Number of x-y planes for each processors: 
   nr3sl =    54   54   54   54
 
   Reciprocal Space Mesh
   ---------------------
                Large Mesh
   PE   Global(ngmt)     Local(ngm) MaxLocal(ngmx)
    1         534079         133520         133520
    2         534079         133520         133520
    3         534079         133520         133520
    4         534079         133519         133520
                Smooth Mesh
   PE   Global(ngst)     Local(ngs) MaxLocal(ngsx)
    1         534079         133520         133520
    2         534079         133520         133520
    3         534079         133520         133520
    4         534079         133519         133520
                Wave function Mesh
   PE   Global(ngwt)     Local(ngw) MaxLocal(ngwx)
    1          66819          16710          16710
    2          66819          16703          16710
    3          66819          16703          16710
    4          66819          16703          16710


   System geometry initialization
   ------------------------------
 
   Scaled positions from standard input
   H    0.000000E+00 -0.150422E-01 -0.573910E-01
   H    0.000000E+00  0.106127E+00 -0.220909E-01
   H    0.000000E+00 -0.106127E+00  0.220909E-01
   H    0.000000E+00  0.150422E-01  0.573910E-01
   C    0.000000E+00  0.247176E-01 -0.220909E-01
   C    0.000000E+00 -0.247176E-01  0.220909E-01
   ibrav =    8       cell parameters 

      25.00000       0.00000       0.00000
       0.00000      25.00000       0.00000
       0.00000       0.00000      50.00000
 

   Matrix Multiplication Performances
   ortho mmul, time for parallel driver      =   0.00000 with    1 procs

   Constraints matrixes will be distributed block like on
   ortho sub-group =    1*   1 procs



   Pseudopotentials initialization
   -------------------------------


   Common initialization

   Specie:     1
 
                        dion 

   Specie:     2
   1  indv=  1   ang. mom=  0
 
                        dion 
   0.5848
 
   Short Legend and Physical Units in the Output
   ---------------------------------------------
   NFI    [int]          - step index
   EKINC  [HARTREE A.U.] - kinetic energy of the fictitious electronic dynamics
   TEMPH  [K]            - Temperature of the fictitious cell dynamics
   TEMP   [K]            - Ionic temperature
   ETOT   [HARTREE A.U.] - Scf total energy (Kohn-Sham hamiltonian)
   ENTHAL [HARTREE A.U.] - Enthalpy ( ETOT + P * V )
   ECONS  [HARTREE A.U.] - Enthalpy + kinetic energy of ions and cell
   ECONT  [HARTREE A.U.] - Constant of motion for the CP lagrangian
 

   f_cutoff =  0.1000
   do_spinsym   =    F

   Warning XC functionals forced to be: pbe0                          
   HF scaling factor =  0.2500
            f_cutoff =  0.1000
       dft_is_hybrid =     T
   EE with periodic-image correction method = tcc                 

   reading restart file: ./SCRATCH/opa_96.save
   restart file read in    0.079 sec.

 nprint_nfi=           -2
 nprint_nfi=          511

   formf: eself=  27.12808
   formf:     vps(g=0)=  -0.0001012     rhops(g=0)=  -0.0000315
   formf: sum_g vps(g)=  -2.5060569 sum_g rhops(g)=  -0.0898096
   formf:     vps(g=0)=  -0.0001028     rhops(g=0)=  -0.0001275
   formf: sum_g vps(g)=  -2.9163930 sum_g rhops(g)=  -2.8729706
   Delta V(G=0):   0.000603Ry,    0.016407eV
Initialize Berry phase electric field
 Additional found:      104442
 Additional found:      102926
 Additional found:      104443
 Additional found:      102926
 #not found, gtable:    1993.00000000000     
 #not found, gtabin:    1993.00000000000     
 
  nfi    ekinc  temph  tempp        etot      enthal       econs       econt    vnhh   xnhh0    vnhp   xnhp0
  512 0.29E-03    0.0    0.0   -13.69338   -13.69256   -13.69256   -13.69226  0.0000  0.0000  0.0000  0.0000    -0.00001
Elct. dipole 1    0.163660  Ionic dipole 1    0.000000
  513 0.11E-02    0.0    0.0   -13.69558   -13.69476   -13.69476   -13.69362  0.0000  0.0000  0.0000  0.0000    -0.00001
Elct. dipole 1    0.163636  Ionic dipole 1    0.000000
  514 0.20E-02    0.0    0.0   -13.69823   -13.69741   -13.69741   -13.69538  0.0000  0.0000  0.0000  0.0000    -0.00001
Elct. dipole 1    0.163592  Ionic dipole 1    0.000000
  515 0.23E-02    0.0    0.0   -13.69962   -13.69880   -13.69880   -13.69654  0.0000  0.0000  0.0000  0.0000    -0.00001
Elct. dipole 1    0.163536  Ionic dipole 1    0.000000
  516 0.18E-02    0.0    0.0   -13.69938   -13.69857   -13.69857   -13.69677  0.0000  0.0000  0.0000  0.0000    -0.00001
Elct. dipole 1    0.163486  Ionic dipole 1    0.000000
  517 0.11E-02    0.0    0.0   -13.69839   -13.69757   -13.69757   -13.69649  0.0000  0.0000  0.0000  0.0000    -0.00001
Elct. dipole 1    0.163457  Ionic dipole 1    0.000000
  518 0.60E-03    0.0    0.0   -13.69770   -13.69688   -13.69688   -13.69628  0.0000  0.0000  0.0000  0.0000    -0.00001
Elct. dipole 1    0.163444  Ionic dipole 1    0.000000
  519 0.50E-03    0.0    0.0   -13.69775   -13.69694   -13.69694   -13.69643  0.0000  0.0000  0.0000  0.0000    -0.00001
Elct. dipole 1    0.163412  Ionic dipole 1    0.000000

 * Physical Quantities at step:   520

   from rhoofr: total integrated electronic density
   in g-space =   12.000000   in r-space =  12.000000


                total energy =     -13.6982946976 Hartree a.u.
              kinetic energy =      10.4052420804 Hartree a.u.
        electrostatic energy =     -17.1675004590 Hartree a.u.
                         esr =       0.0808070377 Hartree a.u.
                       eself =      27.1280750673 Hartree a.u.
      pseudopotential energy =      -3.2631973395 Hartree a.u.
  n-l pseudopotential energy =       1.2081310654 Hartree a.u.
 exchange-correlation energy =      -3.7600582167 Hartree a.u.
           average potential =       0.0000000000 Hartree a.u.



   Eigenvalues (eV), kp =   1 , spin =  1

  -21.27  -16.27  -13.41  -11.73  -10.17   -7.92
 
   Allocated memory (kb) =    125948
 
   CELL_PARAMETERS
   25.00000000    0.00000000    0.00000000
    0.00000000   25.00000000    0.00000000
    0.00000000    0.00000000   50.00000000

   System Density [g/cm^3] :     0.0022


   Center of mass square displacement (a.u.):   0.000000

   ATOMIC_POSITIONS
   H    0.000000E+00 -0.376056E+00 -0.286955E+01
   C    0.000000E+00  0.617940E+00 -0.110454E+01
   C    0.000000E+00 -0.617940E+00  0.110454E+01
   H    0.000000E+00  0.265318E+01 -0.110454E+01
   H    0.000000E+00 -0.265318E+01  0.110454E+01
   H    0.000000E+00  0.376056E+00  0.286955E+01
 
   ATOMIC_VELOCITIES
   H    0.000000E+00  0.000000E+00  0.000000E+00
   C    0.000000E+00  0.000000E+00  0.000000E+00
   C    0.000000E+00  0.000000E+00  0.000000E+00
   H    0.000000E+00  0.000000E+00  0.000000E+00
   H    0.000000E+00  0.000000E+00  0.000000E+00
   H    0.000000E+00  0.000000E+00  0.000000E+00
 


   Partial temperatures (for each ionic specie) 
   Species  Temp (K)   Mean Square Displacement (a.u.)
        1       0.00     0.0000
        2       0.00     0.0000
 
  nfi    ekinc  temph  tempp        etot      enthal       econs       econt    vnhh   xnhh0    vnhp   xnhp0
  520 0.63E-03    0.0    0.0   -13.69829   -13.69748   -13.69748   -13.69685  0.0000  0.0000  0.0000  0.0000    -0.00001
Elct. dipole 1    0.163310  Ionic dipole 1    0.000000
  521 0.75E-03    0.0    0.0   -13.69885   -13.69804   -13.69804   -13.69729  0.0000  0.0000  0.0000  0.0000    -0.00001
Elct. dipole 1    0.163083  Ionic dipole 1    0.000000
  522 0.76E-03    0.0    0.0   -13.69916   -13.69835   -13.69835   -13.69759  0.0000  0.0000  0.0000  0.0000    -0.00001
Elct. dipole 1    0.162702  Ionic dipole 1    0.000000
  523 0.66E-03    0.0    0.0   -13.69924   -13.69842   -13.69842   -13.69776  0.0000  0.0000  0.0000  0.0000    -0.00001
Elct. dipole 1    0.162172  Ionic dipole 1    0.000000
  524 0.54E-03    0.0    0.0   -13.69923   -13.69842   -13.69842   -13.69788  0.0000  0.0000  0.0000  0.0000    -0.00001
Elct. dipole 1    0.161538  Ionic dipole 1    0.000000
  525 0.45E-03    0.0    0.0   -13.69925   -13.69844   -13.69844   -13.69799  0.0000  0.0000  0.0000  0.0000    -0.00001
Elct. dipole 1    0.160867  Ionic dipole 1    0.000000
  526 0.40E-03    0.0    0.0   -13.69932   -13.69852   -13.69852   -13.69811  0.0000  0.0000  0.0000  0.0000    -0.00001
Elct. dipole 1    0.160233  Ionic dipole 1    0.000000
  527 0.37E-03    0.0    0.0   -13.69942   -13.69862   -13.69862   -13.69824  0.0000  0.0000  0.0000  0.0000    -0.00001
Elct. dipole 1    0.159703  Ionic dipole 1    0.000000
  528 0.35E-03    0.0    0.0   -13.69951   -13.69872   -13.69872   -13.69837  0.0000  0.0000  0.0000  0.0000    -0.00001
Elct. dipole 1    0.159321  Ionic dipole 1    0.000000
  529 0.32E-03    0.0    0.0   -13.69960   -13.69880   -13.69880   -13.69848  0.0000  0.0000  0.0000  0.0000    -0.00001
Elct. dipole 1    0.159112  Ionic dipole 1    0.000000

 * Physical Quantities at step:   530

   from rhoofr: total integrated electronic density
   in g-space =   12.000000   in r-space =  12.000000


                total energy =     -13.6996669033 Hartree a.u.
              kinetic energy =      10.3214585110 Hartree a.u.
        electrostatic energy =     -17.0988671951 Hartree a.u.
                         esr =       0.0808070377 Hartree a.u.
                       eself =      27.1280750673 Hartree a.u.
      pseudopotential energy =      -3.2659083327 Hartree a.u.
  n-l pseudopotential energy =       1.2266780739 Hartree a.u.
 exchange-correlation energy =      -3.7599231551 Hartree a.u.
           average potential =       0.0000000000 Hartree a.u.



   Eigenvalues (eV), kp =   1 , spin =  1

  -21.39  -16.35  -13.44  -11.80  -10.19   -7.88
 
   Allocated memory (kb) =    125948
 
   CELL_PARAMETERS
   25.00000000    0.00000000    0.00000000
    0.00000000   25.00000000    0.00000000
    0.00000000    0.00000000   50.00000000

   System Density [g/cm^3] :     0.0022


   Center of mass square displacement (a.u.):   0.000000

   ATOMIC_POSITIONS
   H    0.000000E+00 -0.376056E+00 -0.286955E+01
   C    0.000000E+00  0.617940E+00 -0.110454E+01
   C    0.000000E+00 -0.617940E+00  0.110454E+01
   H    0.000000E+00  0.265318E+01 -0.110454E+01
   H    0.000000E+00 -0.265318E+01  0.110454E+01
   H    0.000000E+00  0.376056E+00  0.286955E+01
 
   ATOMIC_VELOCITIES
   H    0.000000E+00  0.000000E+00  0.000000E+00
   C    0.000000E+00  0.000000E+00  0.000000E+00
   C    0.000000E+00  0.000000E+00  0.000000E+00
   H    0.000000E+00  0.000000E+00  0.000000E+00
   H    0.000000E+00  0.000000E+00  0.000000E+00
   H    0.000000E+00  0.000000E+00  0.000000E+00
 


   Partial temperatures (for each ionic specie) 
   Species  Temp (K)   Mean Square Displacement (a.u.)
        1       0.00     0.0000
        2       0.00     0.0000
 
  nfi    ekinc  temph  tempp        etot      enthal       econs       econt    vnhh   xnhh0    vnhp   xnhp0
  530 0.30E-03    0.0    0.0   -13.69967   -13.69887   -13.69887   -13.69858  0.0000  0.0000  0.0000  0.0000    -0.00001
Elct. dipole 1    0.159079  Ionic dipole 1    0.000000
  531 0.27E-03    0.0    0.0   -13.69972   -13.69892   -13.69892   -13.69866  0.0000  0.0000  0.0000  0.0000    -0.00001
Elct. dipole 1    0.159212  Ionic dipole 1    0.000000
  532 0.24E-03    0.0    0.0   -13.69976   -13.69896   -13.69896   -13.69873  0.0000  0.0000  0.0000  0.0000    -0.00001
Elct. dipole 1    0.159491  Ionic dipole 1    0.000000
  533 0.21E-03    0.0    0.0   -13.69979   -13.69899   -13.69899   -13.69878  0.0000  0.0000  0.0000  0.0000    -0.00001
Elct. dipole 1    0.159894  Ionic dipole 1    0.000000
  534 0.19E-03    0.0    0.0   -13.69983   -13.69902   -13.69902   -13.69884  0.0000  0.0000  0.0000  0.0000    -0.00001
Elct. dipole 1    0.160399  Ionic dipole 1    0.000000
  535 0.17E-03    0.0    0.0   -13.69987   -13.69906   -13.69906   -13.69889  0.0000  0.0000  0.0000  0.0000    -0.00001
Elct. dipole 1    0.160979  Ionic dipole 1    0.000000
  536 0.16E-03    0.0    0.0   -13.69991   -13.69910   -13.69910   -13.69894  0.0000  0.0000  0.0000  0.0000    -0.00001
Elct. dipole 1    0.161600  Ionic dipole 1    0.000000
  537 0.15E-03    0.0    0.0   -13.69995   -13.69914   -13.69914   -13.69899  0.0000  0.0000  0.0000  0.0000    -0.00001
Elct. dipole 1    0.162225  Ionic dipole 1    0.000000
  538 0.13E-03    0.0    0.0   -13.69997   -13.69916   -13.69916   -13.69903  0.0000  0.0000  0.0000  0.0000    -0.00001
Elct. dipole 1    0.162806  Ionic dipole 1    0.000000
  539 0.11E-03    0.0    0.0   -13.69998   -13.69917   -13.69917   -13.69905  0.0000  0.0000  0.0000  0.0000    -0.00001
Elct. dipole 1    0.163299  Ionic dipole 1    0.000000

 * Physical Quantities at step:   540

   from rhoofr: total integrated electronic density
   in g-space =   12.000000   in r-space =  12.000000


                total energy =     -13.6999975119 Hartree a.u.
              kinetic energy =      10.3210113998 Hartree a.u.
        electrostatic energy =     -17.1013554565 Hartree a.u.
                         esr =       0.0808070377 Hartree a.u.
                       eself =      27.1280750673 Hartree a.u.
      pseudopotential energy =      -3.2575002944 Hartree a.u.
  n-l pseudopotential energy =       1.2183778941 Hartree a.u.
 exchange-correlation energy =      -3.7579839339 Hartree a.u.
           average potential =       0.0000000000 Hartree a.u.



   Eigenvalues (eV), kp =   1 , spin =  1

  -21.38  -16.35  -13.45  -11.77  -10.18   -7.93
 
   Allocated memory (kb) =    125948
 
   CELL_PARAMETERS
   25.00000000    0.00000000    0.00000000
    0.00000000   25.00000000    0.00000000
    0.00000000    0.00000000   50.00000000

   System Density [g/cm^3] :     0.0022


   Center of mass square displacement (a.u.):   0.000000

   ATOMIC_POSITIONS
   H    0.000000E+00 -0.376056E+00 -0.286955E+01
   C    0.000000E+00  0.617940E+00 -0.110454E+01
   C    0.000000E+00 -0.617940E+00  0.110454E+01
   H    0.000000E+00  0.265318E+01 -0.110454E+01
   H    0.000000E+00 -0.265318E+01  0.110454E+01
   H    0.000000E+00  0.376056E+00  0.286955E+01
 
   ATOMIC_VELOCITIES
   H    0.000000E+00  0.000000E+00  0.000000E+00
   C    0.000000E+00  0.000000E+00  0.000000E+00
   C    0.000000E+00  0.000000E+00  0.000000E+00
   H    0.000000E+00  0.000000E+00  0.000000E+00
   H    0.000000E+00  0.000000E+00  0.000000E+00
   H    0.000000E+00  0.000000E+00  0.000000E+00
 


   Partial temperatures (for each ionic specie) 
   Species  Temp (K)   Mean Square Displacement (a.u.)
        1       0.00     0.0000
        2       0.00     0.0000
 
  nfi    ekinc  temph  tempp        etot      enthal       econs       econt    vnhh   xnhh0    vnhp   xnhp0
  540 0.10E-03    0.0    0.0   -13.70000   -13.69918   -13.69918   -13.69908  0.0000  0.0000  0.0000  0.0000    -0.00001
Elct. dipole 1    0.163663  Ionic dipole 1    0.000000
  541 0.94E-04    0.0    0.0   -13.70002   -13.69920   -13.69920   -13.69911  0.0000  0.0000  0.0000  0.0000    -0.00001
Elct. dipole 1    0.163869  Ionic dipole 1    0.000000
  542 0.91E-04    0.0    0.0   -13.70006   -13.69924   -13.69924   -13.69915  0.0000  0.0000  0.0000  0.0000    -0.00001
Elct. dipole 1    0.163908  Ionic dipole 1    0.000000
  543 0.86E-04    0.0    0.0   -13.70008   -13.69926   -13.69926   -13.69918  0.0000  0.0000  0.0000  0.0000    -0.00001
Elct. dipole 1    0.163787  Ionic dipole 1    0.000000
  544 0.75E-04    0.0    0.0   -13.70009   -13.69928   -13.69928   -13.69920  0.0000  0.0000  0.0000  0.0000    -0.00001
Elct. dipole 1    0.163532  Ionic dipole 1    0.000000
  545 0.62E-04    0.0    0.0   -13.70009   -13.69928   -13.69928   -13.69922  0.0000  0.0000  0.0000  0.0000    -0.00001
Elct. dipole 1    0.163176  Ionic dipole 1    0.000000
  546 0.52E-04    0.0    0.0   -13.70009   -13.69928   -13.69928   -13.69923  0.0000  0.0000  0.0000  0.0000    -0.00001
Elct. dipole 1    0.162758  Ionic dipole 1    0.000000
  547 0.47E-04    0.0    0.0   -13.70010   -13.69929   -13.69929   -13.69925  0.0000  0.0000  0.0000  0.0000    -0.00001
Elct. dipole 1    0.162315  Ionic dipole 1    0.000000
  548 0.47E-04    0.0    0.0   -13.70012   -13.69931   -13.69931   -13.69927  0.0000  0.0000  0.0000  0.0000    -0.00001
Elct. dipole 1    0.161876  Ionic dipole 1    0.000000
  549 0.46E-04    0.0    0.0   -13.70014   -13.69933   -13.69933   -13.69929  0.0000  0.0000  0.0000  0.0000    -0.00001
Elct. dipole 1    0.161466  Ionic dipole 1    0.000000

 * Physical Quantities at step:   550

   from rhoofr: total integrated electronic density
   in g-space =   12.000000   in r-space =  12.000000


                total energy =     -13.7001532231 Hartree a.u.
              kinetic energy =      10.3266090408 Hartree a.u.
        electrostatic energy =     -17.1145596128 Hartree a.u.
                         esr =       0.0808070377 Hartree a.u.
                       eself =      27.1280750673 Hartree a.u.
      pseudopotential energy =      -3.2552135476 Hartree a.u.
  n-l pseudopotential energy =       1.2245318989 Hartree a.u.
 exchange-correlation energy =      -3.7587994700 Hartree a.u.
           average potential =       0.0000000000 Hartree a.u.



   Eigenvalues (eV), kp =   1 , spin =  1

  -21.33  -16.32  -13.41  -11.76  -10.16   -7.89
 
   Allocated memory (kb) =    125948
 
   CELL_PARAMETERS
   25.00000000    0.00000000    0.00000000
    0.00000000   25.00000000    0.00000000
    0.00000000    0.00000000   50.00000000

   System Density [g/cm^3] :     0.0022


   Center of mass square displacement (a.u.):   0.000000

   ATOMIC_POSITIONS
   H    0.000000E+00 -0.376056E+00 -0.286955E+01
   C    0.000000E+00  0.617940E+00 -0.110454E+01
   C    0.000000E+00 -0.617940E+00  0.110454E+01
   H    0.000000E+00  0.265318E+01 -0.110454E+01
   H    0.000000E+00 -0.265318E+01  0.110454E+01
   H    0.000000E+00  0.376056E+00  0.286955E+01
 
   ATOMIC_VELOCITIES
   H    0.000000E+00  0.000000E+00  0.000000E+00
   C    0.000000E+00  0.000000E+00  0.000000E+00
   C    0.000000E+00  0.000000E+00  0.000000E+00
   H    0.000000E+00  0.000000E+00  0.000000E+00
   H    0.000000E+00  0.000000E+00  0.000000E+00
   H    0.000000E+00  0.000000E+00  0.000000E+00
 


   Partial temperatures (for each ionic specie) 
   Species  Temp (K)   Mean Square Displacement (a.u.)
        1       0.00     0.0000
        2       0.00     0.0000
 
  nfi    ekinc  temph  tempp        etot      enthal       econs       econt    vnhh   xnhh0    vnhp   xnhp0
  550 0.43E-04    0.0    0.0   -13.70015   -13.69935   -13.69935   -13.69931  0.0000  0.0000  0.0000  0.0000    -0.00001
Elct. dipole 1    0.161102  Ionic dipole 1    0.000000
  551 0.37E-04    0.0    0.0   -13.70016   -13.69935   -13.69935   -13.69932  0.0000  0.0000  0.0000  0.0000    -0.00001
Elct. dipole 1    0.160797  Ionic dipole 1    0.000000
  552 0.31E-04    0.0    0.0   -13.70016   -13.69936   -13.69936   -13.69932  0.0000  0.0000  0.0000  0.0000    -0.00001
Elct. dipole 1    0.160562  Ionic dipole 1    0.000000
  553 0.27E-04    0.0    0.0   -13.70016   -13.69936   -13.69936   -13.69933  0.0000  0.0000  0.0000  0.0000    -0.00001
Elct. dipole 1    0.160404  Ionic dipole 1    0.000000
  554 0.25E-04    0.0    0.0   -13.70017   -13.69937   -13.69937   -13.69934  0.0000  0.0000  0.0000  0.0000    -0.00001
Elct. dipole 1    0.160329  Ionic dipole 1    0.000000
  555 0.23E-04    0.0    0.0   -13.70017   -13.69937   -13.69937   -13.69935  0.0000  0.0000  0.0000  0.0000    -0.00001
Elct. dipole 1    0.160341  Ionic dipole 1    0.000000
  556 0.22E-04    0.0    0.0   -13.70018   -13.69938   -13.69938   -13.69936  0.0000  0.0000  0.0000  0.0000    -0.00001
Elct. dipole 1    0.160437  Ionic dipole 1    0.000000
  557 0.20E-04    0.0    0.0   -13.70018   -13.69938   -13.69938   -13.69936  0.0000  0.0000  0.0000  0.0000    -0.00001
Elct. dipole 1    0.160609  Ionic dipole 1    0.000000
  558 0.18E-04    0.0    0.0   -13.70019   -13.69938   -13.69938   -13.69937  0.0000  0.0000  0.0000  0.0000    -0.00001
Elct. dipole 1    0.160843  Ionic dipole 1    0.000000
  559 0.16E-04    0.0    0.0   -13.70019   -13.69939   -13.69939   -13.69937  0.0000  0.0000  0.0000  0.0000    -0.00001
Elct. dipole 1    0.161120  Ionic dipole 1    0.000000

 * Physical Quantities at step:   560

   from rhoofr: total integrated electronic density
   in g-space =   12.000000   in r-space =  12.000000


                total energy =     -13.7001947689 Hartree a.u.
              kinetic energy =      10.3249341981 Hartree a.u.
        electrostatic energy =     -17.1107881862 Hartree a.u.
                         esr =       0.0808070377 Hartree a.u.
                       eself =      27.1280750673 Hartree a.u.
      pseudopotential energy =      -3.2585965454 Hartree a.u.
  n-l pseudopotential energy =       1.2260976786 Hartree a.u.
 exchange-correlation energy =      -3.7590204095 Hartree a.u.
           average potential =       0.0000000000 Hartree a.u.



   Eigenvalues (eV), kp =   1 , spin =  1

  -21.35  -16.32  -13.43  -11.76  -10.17   -7.89
 
   Allocated memory (kb) =    125948
 
   CELL_PARAMETERS
   25.00000000    0.00000000    0.00000000
    0.00000000   25.00000000    0.00000000
    0.00000000    0.00000000   50.00000000

   System Density [g/cm^3] :     0.0022


   Center of mass square displacement (a.u.):   0.000000

   ATOMIC_POSITIONS
   H    0.000000E+00 -0.376056E+00 -0.286955E+01
   C    0.000000E+00  0.617940E+00 -0.110454E+01
   C    0.000000E+00 -0.617940E+00  0.110454E+01
   H    0.000000E+00  0.265318E+01 -0.110454E+01
   H    0.000000E+00 -0.265318E+01  0.110454E+01
   H    0.000000E+00  0.376056E+00  0.286955E+01
 
   ATOMIC_VELOCITIES
   H    0.000000E+00  0.000000E+00  0.000000E+00
   C    0.000000E+00  0.000000E+00  0.000000E+00
   C    0.000000E+00  0.000000E+00  0.000000E+00
   H    0.000000E+00  0.000000E+00  0.000000E+00
   H    0.000000E+00  0.000000E+00  0.000000E+00
   H    0.000000E+00  0.000000E+00  0.000000E+00
 


   Partial temperatures (for each ionic specie) 
   Species  Temp (K)   Mean Square Displacement (a.u.)
        1       0.00     0.0000
        2       0.00     0.0000
 
  nfi    ekinc  temph  tempp        etot      enthal       econs       econt    vnhh   xnhh0    vnhp   xnhp0
  560 0.15E-04    0.0    0.0   -13.70019   -13.69939   -13.69939   -13.69937  0.0000  0.0000  0.0000  0.0000    -0.00001
Elct. dipole 1    0.161418  Ionic dipole 1    0.000000
  561 0.13E-04    0.0    0.0   -13.70020   -13.69939   -13.69939   -13.69938  0.0000  0.0000  0.0000  0.0000    -0.00001
Elct. dipole 1    0.161714  Ionic dipole 1    0.000000
  562 0.12E-04    0.0    0.0   -13.70020   -13.69939   -13.69939   -13.69938  0.0000  0.0000  0.0000  0.0000    -0.00001
Elct. dipole 1    0.161986  Ionic dipole 1    0.000000
  563 0.10E-04    0.0    0.0   -13.70020   -13.69939   -13.69939   -13.69938  0.0000  0.0000  0.0000  0.0000    -0.00001
Elct. dipole 1    0.162218  Ionic dipole 1    0.000000
  564 0.89E-05    0.0    0.0   -13.70020   -13.69939   -13.69939   -13.69938  0.0000  0.0000  0.0000  0.0000    -0.00001
Elct. dipole 1    0.162395  Ionic dipole 1    0.000000
  565 0.83E-05    0.0    0.0   -13.70020   -13.69939   -13.69939   -13.69938  0.0000  0.0000  0.0000  0.0000    -0.00001
Elct. dipole 1    0.162510  Ionic dipole 1    0.000000
  566 0.81E-05    0.0    0.0   -13.70021   -13.69939   -13.69939   -13.69939  0.0000  0.0000  0.0000  0.0000    -0.00001
Elct. dipole 1    0.162560  Ionic dipole 1    0.000000
  567 0.77E-05    0.0    0.0   -13.70021   -13.69940   -13.69940   -13.69939  0.0000  0.0000  0.0000  0.0000    -0.00001
Elct. dipole 1    0.162549  Ionic dipole 1    0.000000
  568 0.69E-05    0.0    0.0   -13.70021   -13.69940   -13.69940   -13.69939  0.0000  0.0000  0.0000  0.0000    -0.00001
Elct. dipole 1    0.162481  Ionic dipole 1    0.000000
  569 0.58E-05    0.0    0.0   -13.70021   -13.69940   -13.69940   -13.69939  0.0000  0.0000  0.0000  0.0000    -0.00001
Elct. dipole 1    0.162369  Ionic dipole 1    0.000000

   MAIN:          EKINC   (thr)          DETOT   (thr)       MAXFORCE   (thr)
   MAIN:   0.584086D-05  0.1D-04  0.316324D-06  0.1D-05  0.000000D+00  0.1D+11
   MAIN: convergence achieved for system relaxation

 * Physical Quantities at step:   570

   from rhoofr: total integrated electronic density
   in g-space =   12.000000   in r-space =  12.000000


                total energy =     -13.7002112897 Hartree a.u.
              kinetic energy =      10.3279642860 Hartree a.u.
        electrostatic energy =     -17.1100266927 Hartree a.u.
                         esr =       0.0808070377 Hartree a.u.
                       eself =      27.1280750673 Hartree a.u.
      pseudopotential energy =      -3.2604298236 Hartree a.u.
  n-l pseudopotential energy =       1.2243030226 Hartree a.u.
 exchange-correlation energy =      -3.7591448913 Hartree a.u.
           average potential =       0.0000000000 Hartree a.u.



   Eigenvalues (eV), kp =   1 , spin =  1

  -21.35  -16.33  -13.43  -11.76  -10.17   -7.90
 
   Allocated memory (kb) =    125948
 
   CELL_PARAMETERS
   25.00000000    0.00000000    0.00000000
    0.00000000   25.00000000    0.00000000
    0.00000000    0.00000000   50.00000000

   System Density [g/cm^3] :     0.0022


   Center of mass square displacement (a.u.):   0.000000

   ATOMIC_POSITIONS
   H    0.000000E+00 -0.376056E+00 -0.286955E+01
   C    0.000000E+00  0.617940E+00 -0.110454E+01
   C    0.000000E+00 -0.617940E+00  0.110454E+01
   H    0.000000E+00  0.265318E+01 -0.110454E+01
   H    0.000000E+00 -0.265318E+01  0.110454E+01
   H    0.000000E+00  0.376056E+00  0.286955E+01
 
   ATOMIC_VELOCITIES
   H    0.000000E+00  0.000000E+00  0.000000E+00
   C    0.000000E+00  0.000000E+00  0.000000E+00
   C    0.000000E+00  0.000000E+00  0.000000E+00
   H    0.000000E+00  0.000000E+00  0.000000E+00
   H    0.000000E+00  0.000000E+00  0.000000E+00
   H    0.000000E+00  0.000000E+00  0.000000E+00
 


   Partial temperatures (for each ionic specie) 
   Species  Temp (K)   Mean Square Displacement (a.u.)
        1       0.00     0.0000
        2       0.00     0.0000
 
  nfi    ekinc  temph  tempp        etot      enthal       econs       econt    vnhh   xnhh0    vnhp   xnhp0
  570 0.49E-05    0.0    0.0   -13.70021   -13.69940   -13.69940   -13.69940  0.0000  0.0000  0.0000  0.0000    -0.00001
Elct. dipole 1    0.162223  Ionic dipole 1    0.000000

   MAIN:          EKINC   (thr)          DETOT   (thr)       MAXFORCE   (thr)
   MAIN:   0.490713D-05  0.1D-04  0.167610D-06  0.1D-05  0.000000D+00  0.1D+11
   MAIN: convergence achieved for system relaxation

   writing restart file: ./SCRATCH/opa_97.save
   restart file written in    0.327 sec.



   Averaged Physical Quantities
                      accomulated      this run
   ekinc         :        0.18842       0.00030 (AU)
   ekin          :       10.77992      10.32538 (AU)
   epot          :      -24.45399     -24.12755 (AU)
   total energy  :      -13.05667     -13.69958 (AU)
   temperature   :        0.00000       0.00000 (K )
   enthalpy      :      -13.05587     -13.69877 (AU)
   econs         :      -13.05587     -13.69877 (AU)
   pressure      :        0.00000       0.00000 (Gpa)
   volume        :    31250.00000   31250.00000 (AU)


     initialize   :    27.68s CPU
     total_time   :   481.83s CPU (      59 calls,   8.167 s avg)
     formf        :     0.08s CPU
     rhoofr       :    14.12s CPU (      59 calls,   0.239 s avg)
     vofrho       :    55.64s CPU (      59 calls,   0.943 s avg)
     dforce       :    11.67s CPU (     177 calls,   0.066 s avg)
     calphi       :     0.08s CPU (      59 calls,   0.001 s avg)
     ortho        :     0.25s CPU (      59 calls,   0.004 s avg)
     ortho_iter   :     0.00s CPU (      59 calls,   0.000 s avg)
     rsg          :     0.00s CPU (      59 calls,   0.000 s avg)
     rhoset       :     0.14s CPU (      59 calls,   0.002 s avg)
     updatc       :     0.08s CPU (      59 calls,   0.001 s avg)
     newd         :     0.00s CPU (      59 calls,   0.000 s avg)
     calbec       :     0.06s CPU (     119 calls,   0.001 s avg)
     prefor       :     0.02s CPU (      60 calls,   0.000 s avg)
     strucf       :     0.01s CPU
     nlsm1        :     0.06s CPU (     237 calls,   0.000 s avg)
     fft          :   291.54s CPU (    4960 calls,   0.059 s avg)
     ffts         :     7.00s CPU (     118 calls,   0.059 s avg)
     fftw         :    85.91s CPU (    3009 calls,   0.029 s avg)
     cft3s        :   384.43s CPU (    8087 calls,   0.048 s avg)
     fft_scatter  :    70.58s CPU (    8087 calls,   0.009 s avg)
 
 
     CP           :  8m29.84s CPU time,     8m56.32s wall time

 
   This run was terminated on:  18: 9:11  16Feb2012            

=------------------------------------------------------------------------------=
   JOB DONE.
=------------------------------------------------------------------------------=
