  _                                                
 | | _____   ___  _ __  _ __ ___   __ _ _ __  ___  
 | |/ / _ \ / _ \| '_ \| '_ ` _ \ / _` | '_ \/ __| 
 |   < (_) | (_) | |_) | | | | | | (_| | | | \__ \ 
 |_|\_\___/ \___/| .__/|_| |_| |_|\__,_|_| |_|___/ 
                 |_|                               

 Koopmans spectral functional calculations with Quantum ESPRESSO

 Written by Edward Linscott, Riccardo De Gennaro, and Nicola Colonna

 using QE version qe-7.0-452-g3fb637cac, workflow manager version v0.5-60-g2ca9e35f, and ASE version 221d08443

 Please cite the papers listed in koopmans_workflow.bib in work involving this calculation

   Wannierisation
   ==============
    Running wannier/scf... done
    Running wannier/nscf... done
    Running wannier/occ/wann_preproc... done
    Running wannier/occ/pw2wan... done
    Running wannier/occ/wann... done
    Running wannier/emp/wann_preproc... done
    Running wannier/emp/pw2wan... done
    Running wannier/emp/wann... done
    Running wannier/bands... done

  Conversion to Koopmans format
  -----------------------------
   Running wannier/kc... done

  Calculation of screening parameters
  ===================================
   Running screening/kc... done

  Construction of the Hamiltonian
  ===============================
   Running hamiltonian/kc... done

  
  Postprocessing
  ===============

    Wannierisation
    ==============
     Running wannier/scf... done
     Running wannier/nscf... done
     Running wannier/occ/wann_preproc... done
     Running wannier/occ/pw2wan... done
     Running wannier/occ/wann... done
     Running wannier/emp/wann_preproc... done
     Running wannier/emp/pw2wan... done
     Running wannier/emp/wann... done
     Running wannier/bands... done
    Running occ/ki... done
    Running emp/ki... done

 Workflow complete
