  _                                                
 | | _____   ___  _ __  _ __ ___   __ _ _ __  ___  
 | |/ / _ \ / _ \| '_ \| '_ ` _ \ / _` | '_ \/ __| 
 |   < (_) | (_) | |_) | | | | | | (_| | | | \__ \ 
 |_|\_\___/ \___/| .__/|_| |_| |_|\__,_|_| |_|___/ 
                 |_|                               

 Koopmans spectral functional calculations with Quantum ESPRESSO

 Written by Edward Linscott, Riccardo De Gennaro, and Nicola Colonna

 using QE version qe-7.0-452-g3fb637cac, workflow manager version v0.5-60-g2ca9e35f, and ASE version 221d08443

 Please cite the papers listed in koopmans_workflow.bib in work involving this calculation

  Initialisation of density and variational orbitals
  ==================================================

   Wannierisation
   ==============
    Running wannier/scf... done
    Running wannier/nscf... done
    Running wannier/occ/wann_preproc... done
    Running wannier/occ/pw2wan... done
    Running wannier/occ/wann... done
    Running wannier/emp/wann_preproc... done
    Running wannier/emp/pw2wan... done
    Running wannier/emp/wann... done

   Folding to supercell
   --------------------
    Running occ/w2kcp... done
    Running emp/w2kcp... done
   Running init/dft_dummy... done
   Running init/dft_init... done

  Calculating screening parameters
  ================================
   Running calc_alpha/ki... done

  Orbitals 1-31
  -------------
   Skipping; will use the screening parameter of an equivalent orbital

  Orbital 32
  ----------
   Running calc_alpha/orbital_32/dft_n-1... done

  Orbital 33
  ----------
   Running calc_alpha/orbital_33/pz_print... done
   Running calc_alpha/orbital_33/dft_n+1_dummy... done
   Running calc_alpha/orbital_33/dft_n+1... done

  Orbitals 34-64
  --------------
   Skipping; will use the screening parameter of an equivalent orbital
   
   alpha
            1         2         3         4         5   ...        60        61        62        63        64
   0  0.077000  0.077000  0.077000  0.077000  0.077000  ...  0.077000  0.077000  0.077000  0.077000  0.077000
   1  0.122638  0.122638  0.122638  0.122638  0.122638  ...  0.065018  0.065018  0.065018  0.065018  0.065018
   
   [2 rows x 64 columns]
   
   Delta E_i - epsilon_i (eV)
            1         2         3         4         5   ...        60        61        62        63        64
   0 -0.184756 -0.184756 -0.184756 -0.184756 -0.184756  ... -0.035791 -0.035791 -0.035791 -0.035791 -0.035791
   
   [1 rows x 64 columns]

   Screening parameters have been determined but are not necessarily converged

  Final KI calculation
  ====================
   Running final/ki_final... done

  
  Postprocessing
  ===============

    Wannierisation
    ==============
     Running wannier/scf... done
     Running wannier/nscf... done
     Running wannier/occ/wann_preproc... done
     Running wannier/occ/pw2wan... done
     Running wannier/occ/wann... done
     Running wannier/emp/wann_preproc... done
     Running wannier/emp/pw2wan... done
     Running wannier/emp/wann... done
     Running wannier/bands... done
    Running occ/ki... done
    Running emp/ki... done

 Workflow complete
