
     Program PWSCF v.4.3.1      starts on 15Feb2012 at 19:19:32 

     This program is part of the open-source Quantum ESPRESSO suite
     for quantum simulation of materials; please cite
         "P. Giannozzi et al., J. Phys.:Condens. Matter 21 395502 (2009);
          URL http://www.quantum-espresso.org", 
     in publications or presentations arising from this work. More details at
     http://www.quantum-espresso.org/wiki/index.php/Citing_Quantum-ESPRESSO

     Parallel version (MPI), running on     4 processors
     R & G space division:  proc/pool =    4

     Current dimensions of program PWSCF are:
     Max number of different atomic species (ntypx) = 10
     Max number of k-points (npk) =  40000
     Max angular momentum in pseudopotentials (lmaxx) =  3
     Waiting for input...
     file H.pz-vbc.UPF: wavefunction(s)  1S renormalized

     gamma-point specific algorithms are used

     Subspace diagonalization in iterative solution of the eigenvalue problem:
     a serial algorithm will be used

 
   Stick Mesh
   ----------
   nst =  3991,  nstw =   997, nsts =  3991
               n.st   n.stw   n.sts    n.g    n.gw   n.gs
   min        1991     497    1991  267038   33405  267038
   max        2004     500    2004  267040   33420  267040
       7981    1993    7981 1068157  133637 1068157
 


     bravais-lattice index     =            8
     lattice parameter (alat)  =      25.0000  a.u.
     unit-cell volume          =   31250.0000 (a.u.)^3
     number of atoms/cell      =            6
     number of atomic types    =            2
     number of electrons       =        12.00
     number of Kohn-Sham states=            6
     kinetic-energy cutoff     =      40.0000  Ry
     charge density cutoff     =     160.0000  Ry
     convergence threshold     =      1.0E-08
     mixing beta               =       0.3000
     number of iterations used =            8  plain     mixing
     Exchange-correlation      =  SLA  PZ   NOGX NOGC ( 1 1 0 0 0)
     EXX-fraction              =        0.00

     celldm(1)=  25.000000  celldm(2)=   1.000000  celldm(3)=   2.000000
     celldm(4)=   0.000000  celldm(5)=   0.000000  celldm(6)=   0.000000

     crystal axes: (cart. coord. in units of alat)
               a(1) = (   1.000000   0.000000   0.000000 )  
               a(2) = (   0.000000   1.000000   0.000000 )  
               a(3) = (   0.000000   0.000000   2.000000 )  

     reciprocal axes: (cart. coord. in units 2 pi/alat)
               b(1) = (  1.000000  0.000000  0.000000 )  
               b(2) = (  0.000000  1.000000  0.000000 )  
               b(3) = (  0.000000  0.000000  0.500000 )  


     PseudoPot. # 1 for H  read from file H.pz-vbc.UPF
     MD5 check sum: 90becb985b714f09656c73597998d266
     Pseudo is Norm-conserving, Zval =  1.0
     Generated by new atomic code, or converted to UPF format
     Using radial grid of  131 points,  0 beta functions with: 

     PseudoPot. # 2 for C  read from file C.pz-vbc.UPF
     MD5 check sum: ab53dd623bfeb79c5a7b057bc96eae20
     Pseudo is Norm-conserving, Zval =  4.0
     Generated by new atomic code, or converted to UPF format
     Using radial grid of  269 points,  1 beta functions with: 
                l(1) =   0

     atomic species   valence    mass     pseudopotential
        H              1.00     1.00000     H ( 1.00)
        C              4.00     1.00000     C ( 1.00)

      4 Sym.Ops. (with inversion)


   Cartesian axes

     site n.     atom                  positions (alat units)
         1           H   tau(  1) = (   0.0000000  -0.0150422  -0.1147820  )
         2           C   tau(  2) = (   0.0000000   0.0247176  -0.0441818  )
         3           C   tau(  3) = (   0.0000000  -0.0247176   0.0441818  )
         4           H   tau(  4) = (   0.0000000   0.1061270  -0.0441818  )
         5           H   tau(  5) = (   0.0000000  -0.1061270   0.0441818  )
         6           H   tau(  6) = (   0.0000000   0.0150422   0.1147820  )

     number of k points=     1
                       cart. coord. in units 2pi/alat
        k(    1) = (   0.0000000   0.0000000   0.0000000), wk =   2.0000000

     G cutoff = 2533.0296  ( 534079 G-vectors)     FFT grid: (108,108,216)

     Largest allocated arrays     est. size (Mb)     dimensions
        Kohn-Sham Wavefunctions         1.53 Mb     (  16710,   6)
        NL pseudopotentials             0.51 Mb     (  16710,   2)
        Each V/rho on FFT grid          9.61 Mb     ( 629856)
        Each G-vector array             1.02 Mb     ( 133520)
        G-vector shells                 0.04 Mb     (   4614)
     Largest temporary arrays     est. size (Mb)     dimensions
        Auxiliary wavefunctions         3.06 Mb     (  16710,  24)
        Each subspace H/S matrix        0.00 Mb     (     24,  24)
        Each <psi_i|beta_j> matrix      0.00 Mb     (      2,   6)
        Arrays for rho mixing          76.89 Mb     ( 629856,   8)
  alpha, beta MT =    2.70000000000000       0.185185185185185     
  alpha, beta MT =    2.70000000000000       0.185185185185185     
  alpha, beta MT =    2.70000000000000       0.185185185185185     
  alpha, beta MT =    2.70000000000000       0.185185185185185     

     Initial potential from superposition of free atoms
     Check: negative starting charge=   -0.022115

     starting charge   11.99984, renormalised to   12.00000

     negative rho (up, down):  0.221E-01 0.000E+00
     Starting wfc are   12 atomic wfcs

     total cpu time spent up to now is      2.10 secs

     per-process dynamical memory:    86.9 Mb

     Self-consistent Calculation

     iteration #  1     ecut=    40.00 Ry     beta=0.30
     Davidson diagonalization with overlap
     ethr =  1.00E-02,  avg # of iterations =  2.0

     negative rho (up, down):  0.154E-01 0.000E+00

     total cpu time spent up to now is      3.55 secs

     total energy              =     -27.20380427 Ry
     Harris-Foulkes estimate   =     -27.52368344 Ry
     estimated scf accuracy    <       0.83138691 Ry

     iteration #  2     ecut=    40.00 Ry     beta=0.30
     Davidson diagonalization with overlap
     ethr =  6.93E-03,  avg # of iterations =  1.0

     negative rho (up, down):  0.710E-02 0.000E+00

     total cpu time spent up to now is      4.75 secs

     total energy              =     -27.15910645 Ry
     Harris-Foulkes estimate   =     -27.25893839 Ry
     estimated scf accuracy    <       0.18518795 Ry

     iteration #  3     ecut=    40.00 Ry     beta=0.30
     Davidson diagonalization with overlap
     ethr =  1.54E-03,  avg # of iterations =  2.0

     negative rho (up, down):  0.256E-02 0.000E+00

     total cpu time spent up to now is      6.20 secs

     total energy              =     -27.19047264 Ry
     Harris-Foulkes estimate   =     -27.20785182 Ry
     estimated scf accuracy    <       0.03207593 Ry

     iteration #  4     ecut=    40.00 Ry     beta=0.30
     Davidson diagonalization with overlap
     ethr =  2.67E-04,  avg # of iterations =  3.0

     negative rho (up, down):  0.558E-03 0.000E+00

     total cpu time spent up to now is      7.82 secs

     total energy              =     -27.18252163 Ry
     Harris-Foulkes estimate   =     -27.22065400 Ry
     estimated scf accuracy    <       0.06822488 Ry

     iteration #  5     ecut=    40.00 Ry     beta=0.30
     Davidson diagonalization with overlap
     ethr =  2.67E-04,  avg # of iterations =  2.0

     negative rho (up, down):  0.538E-03 0.000E+00

     total cpu time spent up to now is      9.42 secs

     total energy              =     -27.19605394 Ry
     Harris-Foulkes estimate   =     -27.19609696 Ry
     estimated scf accuracy    <       0.00009566 Ry

     iteration #  6     ecut=    40.00 Ry     beta=0.30
     Davidson diagonalization with overlap
     ethr =  7.97E-07,  avg # of iterations =  4.0

     negative rho (up, down):  0.868E-05 0.000E+00

     total cpu time spent up to now is     11.65 secs

     total energy              =     -27.19629398 Ry
     Harris-Foulkes estimate   =     -27.19632322 Ry
     estimated scf accuracy    <       0.00013584 Ry

     iteration #  7     ecut=    40.00 Ry     beta=0.30
     Davidson diagonalization with overlap
     ethr =  7.97E-07,  avg # of iterations =  1.0

     negative rho (up, down):  0.167E-05 0.000E+00

     total cpu time spent up to now is     13.04 secs

     total energy              =     -27.19626537 Ry
     Harris-Foulkes estimate   =     -27.19629975 Ry
     estimated scf accuracy    <       0.00005868 Ry

     iteration #  8     ecut=    40.00 Ry     beta=0.30
     Davidson diagonalization with overlap
     ethr =  4.89E-07,  avg # of iterations =  2.0

     negative rho (up, down):  0.746E-07 0.000E+00

     total cpu time spent up to now is     14.72 secs

     total energy              =     -27.19628131 Ry
     Harris-Foulkes estimate   =     -27.19628216 Ry
     estimated scf accuracy    <       0.00000268 Ry

     iteration #  9     ecut=    40.00 Ry     beta=0.30
     Davidson diagonalization with overlap
     ethr =  2.23E-08,  avg # of iterations =  2.0

     total cpu time spent up to now is     16.67 secs

     total energy              =     -27.19628169 Ry
     Harris-Foulkes estimate   =     -27.19628185 Ry
     estimated scf accuracy    <       0.00000034 Ry

     iteration # 10     ecut=    40.00 Ry     beta=0.30
     Davidson diagonalization with overlap
     ethr =  2.87E-09,  avg # of iterations =  2.0

     total cpu time spent up to now is     18.43 secs

     total energy              =     -27.19628175 Ry
     Harris-Foulkes estimate   =     -27.19628177 Ry
     estimated scf accuracy    <       0.00000003 Ry

     iteration # 11     ecut=    40.00 Ry     beta=0.30
     Davidson diagonalization with overlap
     ethr =  2.41E-10,  avg # of iterations =  2.0

     total cpu time spent up to now is     19.68 secs

     End of self-consistent calculation

          k = 0.0000 0.0000 0.0000 ( 66819 PWs)   bands (ev):

   -18.8159 -14.2612 -11.7352 -10.1660  -8.6314  -6.9272

!    total energy              =     -27.19628176 Ry
     Harris-Foulkes estimate   =     -27.19628176 Ry
     estimated scf accuracy    <          1.6E-09 Ry

     The total energy is the sum of the following terms:

     one-electron contribution =    -115.80190395 Ry
     hartree contribution      =      58.92603451 Ry
     xc contribution           =      -9.50221819 Ry
     ewald contribution        =      39.18180587 Ry

     convergence has been achieved in  11 iterations

     Writing output data file pw.save
 
     init_run     :      1.78s CPU      1.86s WALL (       1 calls)
     electrons    :     16.66s CPU     17.60s WALL (       1 calls)

     Called by init_run:
     wfcinit      :      0.43s CPU      0.44s WALL (       1 calls)
     potinit      :      0.33s CPU      0.36s WALL (       1 calls)

     Called by electrons:
     c_bands      :      8.14s CPU      8.16s WALL (      11 calls)
     sum_band     :      2.93s CPU      3.04s WALL (      11 calls)
     v_of_rho     :      1.81s CPU      1.90s WALL (      12 calls)
     mix_rho      :      1.61s CPU      1.66s WALL (      11 calls)

     Called by c_bands:
     init_us_2    :      0.03s CPU      0.05s WALL (      23 calls)
     regterg      :      7.99s CPU      8.13s WALL (      11 calls)

     Called by *egterg:
     h_psi        :      7.98s CPU      7.99s WALL (      35 calls)
     g_psi        :      0.07s CPU      0.06s WALL (      23 calls)
     rdiaghg      :      0.00s CPU      0.01s WALL (      34 calls)

     Called by h_psi:
     add_vuspsi   :      0.04s CPU      0.02s WALL (      35 calls)

     General routines
     calbec       :      0.08s CPU      0.10s WALL (      35 calls)
     fft          :      3.51s CPU      3.61s WALL (      48 calls)
     fftw         :      8.25s CPU      8.32s WALL (     243 calls)
     davcio       :      0.00s CPU      0.01s WALL (      12 calls)
 
     Parallel routines
     fft_scatter  :      3.73s CPU      3.82s WALL (     291 calls)
 
     PWSCF        :    18.94s CPU        20.13s WALL

 
   This run was terminated on:  19:19:52  15Feb2012            

=------------------------------------------------------------------------------=
   JOB DONE.
=------------------------------------------------------------------------------=
