=------------------------------------------------------------------------------=

     CP: variable-cell Car-Parrinello molecular dynamics
     using norm-conserving and ultrasoft Vanderbilt pseudopotentials

     Version: 4.1 - Tue Mar 6 17:02:41 CET 2012                           
     Authors: Alfredo Pasquarello, Kari Laasonen, Andrea Trave, Roberto Car,
       Paolo Giannozzi, Nicola Marzari, Carlo Cavazzoni, Guido Chiarotti,
       Sandro Scandolo, Paolo Focher, Gerardo Ballabio, and others

=------------------------------------------------------------------------------=

   This run was started on:  17: 7:17   9Mar2012               

   MPI Parallel Build
   Tasks =    6  This task id =    0

   Job Title: MD Simulation


   Atomic Pseudopotentials Parameters
   ----------------------------------

   Reading pseudopotential for specie #  1 from file :
   ../../pseudo/H.pz-vbc.UPF
   file type is 20: UPF

   Reading pseudopotential for specie #  2 from file :
   ../../pseudo/C.pz-vbc.UPF
   file type is 20: UPF


   Main Simulation Parameters (from input)
   ---------------------------------------
   Restart Mode       =      -1   from_scratch   
   Number of MD Steps =   10000
   Print out every            1 MD Steps
   Reads from unit    =      90
   Writes to unit     =      91
   MD Simulation time step            =       1.00
   Electronic fictitious mass (emass) =     400.00
   emass cut-off                      =       2.50

   Simulation Cell Parameters (from input)
   external pressure       =            0.00 [GPa]
   wmass (calculated)      =         2222.27 [AU]
   ibrav =    1
   alat  =    25.00000000
   a1    =    25.00000000    0.00000000    0.00000000
   a2    =     0.00000000   25.00000000    0.00000000
   a3    =     0.00000000    0.00000000   25.00000000
 
   b1    =     0.04000000    0.00000000    0.00000000
   b2    =     0.00000000    0.04000000    0.00000000
   b3    =     0.00000000    0.00000000    0.04000000
   omega = 15625.00000000

    ========================================
    |  CONJUGATE GRADIENT                  |
    ========================================
    | iterations   =          2500         |
    | conv_thr     = 0.00000100000 a.u.    |
    | passop       =       0.50000 a.u.    |
    | niter_cg_restart =  20      |
    ========================================

   Energy Cut-offs
   ---------------
   Ecutwfc =   35.0 Ry,      Ecutrho =  140.0 Ry,      Ecuts =  140.0 Ry
   Gcutwfc =   23.5     ,    Gcutrho =   47.1          Gcuts =   47.1
   NOTA BENE: refg, mmx =   0.050000  5600
   Orthog. with Gram-Schmidt
   Electron dynamics with conjugate gradient
   Electron dynamics : the temperature is not controlled
   initial random displacement of el. coordinates with  amplitude=  0.020000

   Electronic states
   -----------------
   Local Spin Density calculation
   Number of Electron =     8
   Spins up   =     4, occupations: 
   1.00 1.00 1.00 1.00
   Spins down =     4, occupations: 
   1.00 1.00 1.00 1.00


   Exchange and correlations functionals
   -------------------------------------
   Using Local Density Approximation with
     Exchange functional: SLATER                                                      
     Correlation functional: PERDEW AND ZUNGER                                           
     Exchange-correlation      =  SLA  PZ   NOGX NOGC (1100)


   Ions Simulation Parameters
   --------------------------
   Ions are not allowed to move
   Ionic position (from input)
   sorted by specie, and converted to real a.u. coordinates
   Species   1 atoms =    4 mass =      1837.29 (a.u.),         1.01 (amu) rcmax =   1.00 (a.u.)
        0.000000     0.000000    -2.000000
        0.000000     0.000000     2.000000
        0.000000     2.000000     0.000000
        0.000000    -2.000000     0.000000
   Species   2 atoms =    1 mass =     21894.71 (a.u.),        12.01 (amu) rcmax =   0.50 (a.u.)
        0.000000     0.000000     0.000000
   Ionic position read from input file


   Cell Dynamics Parameters (from STDIN)
   -------------------------------------
   Starting cell generated from CELLDM
   Constant VOLUME Molecular dynamics
   cell parameters are not allowed to move

   Verbosity: iprsta =  1



   Simulation dimensions initialization
   ------------------------------------

   unit vectors of full simulation cell
   in real space:                         in reciprocal space (units 2pi/alat):
   1    25.0000    0.0000    0.0000              1.0000    0.0000    0.0000
   2     0.0000   25.0000    0.0000              0.0000    1.0000    0.0000
   3     0.0000    0.0000   25.0000              0.0000    0.0000    1.0000
 
   Stick Mesh
   ----------
   nst =  3485,  nstw =   875, nsts =  3485
        PEs    n.st   n.stw   n.sts    n.g    n.gw   n.gs
          1    1162     292    1162   72842    9132   72842
          2    1162     292    1162   72842    9132   72842
          3    1163     291    1163   72841    9137   72841
          4    1160     292    1160   72840    9132   72840
          5    1160     292    1160   72840    9132   72840
          6    1162     290    1162   72842    9130   72842
          0    6969    1749    6969  437047   54795  437047
 
 
   Real Mesh
   ---------
   Global Dimensions   Local  Dimensions   Processor Grid
   .X.   .Y.   .Z.     .X.   .Y.   .Z.     .X.   .Y.   .Z.
    96    96    96      96    96    16       1     1     6
   Array leading dimensions ( nr1x, nr2x, nr3x )   =     96    96    96
   Local number of cell to store the grid ( nnrx ) =     147456
   Number of x-y planes for each processors: 
   nr3l =    16   16   16   16   16   16
 
   Smooth Real Mesh
   ----------------
   Global Dimensions   Local  Dimensions   Processor Grid
   .X.   .Y.   .Z.     .X.   .Y.   .Z.     .X.   .Y.   .Z.
    96    96    96      96    96    16       1     1     6
   Array leading dimensions ( nr1x, nr2x, nr3x )   =     96    96    96
   Local number of cell to store the grid ( nnrx ) =     147456
   Number of x-y planes for each processors: 
   nr3sl =    16   16   16   16   16   16
 
   Reciprocal Space Mesh
   ---------------------
                Large Mesh
   PE   Global(ngmt)     Local(ngm) MaxLocal(ngmx)
    1         218524          36421          36421
    2         218524          36421          36421
    3         218524          36421          36421
    4         218524          36420          36421
    5         218524          36420          36421
    6         218524          36421          36421
                Smooth Mesh
   PE   Global(ngst)     Local(ngs) MaxLocal(ngsx)
    1         218524          36421          36421
    2         218524          36421          36421
    3         218524          36421          36421
    4         218524          36420          36421
    5         218524          36420          36421
    6         218524          36421          36421
                Wave function Mesh
   PE   Global(ngwt)     Local(ngw) MaxLocal(ngwx)
    1          27398           4566           4569
    2          27398           4566           4569
    3          27398           4569           4569
    4          27398           4566           4569
    5          27398           4566           4569
    6          27398           4565           4569


   System geometry initialization
   ------------------------------
 
   Scaled positions from standard input
   H    0.000000E+00  0.000000E+00 -0.800000E-01
   H    0.000000E+00  0.000000E+00  0.800000E-01
   H    0.000000E+00  0.800000E-01  0.000000E+00
   H    0.000000E+00 -0.800000E-01  0.000000E+00
   C    0.000000E+00  0.000000E+00  0.000000E+00

   Matrix Multiplication Performances
   ortho mmul, time for parallel driver      =   0.00002 with    4 procs

   Constraints matrixes will be distributed block like on
   ortho sub-group =    2*   2 procs


   Diagonalization Performances
   ortho diag, time for serial   driver =   0.00058
   ortho diag, time for parallel driver =   0.00020 with    4 procs


   Pseudopotentials initialization
   -------------------------------


   Common initialization

   Specie:     1
 
                        dion 

   Specie:     2
   1  indv=  1   ang. mom=  0
 
                        dion 
   0.5848
 
   Short Legend and Physical Units in the Output
   ---------------------------------------------
   NFI    [int]          - step index
   EKINC  [HARTREE A.U.] - kinetic energy of the fictitious electronic dynamics
   TEMPH  [K]            - Temperature of the fictitious cell dynamics
   TEMP   [K]            - Ionic temperature
   ETOT   [HARTREE A.U.] - Scf total energy (Kohn-Sham hamiltonian)
   ENTHAL [HARTREE A.U.] - Enthalpy ( ETOT + P * V )
   ECONS  [HARTREE A.U.] - Enthalpy + kinetic energy of ions and cell
   ECONT  [HARTREE A.U.] - Constant of motion for the CP lagrangian
 
   PZ sic =    T

   rhothr =  0.1E-11
   NK memusage =     19.021 MB


   f_cutoff =  0.1000
   do_spinsym   =    T
   EE with periodic-image correction method = tcc                 


   Wave Initialization: random initial wave-functions
                        spin symmetry applied to init wave
   Occupation number from init
   spin =   1 nbnd =     4
    1.00 1.00 1.00 1.00
   spin =   2 nbnd =     4
    1.00 1.00 1.00 1.00

   formf: eself=  14.36192
   formf:     vps(g=0)=  -0.0002023     rhops(g=0)=  -0.0000630
   formf: sum_g vps(g)=  -2.4432651 sum_g rhops(g)=  -0.0898256
   formf:     vps(g=0)=  -0.0002057     rhops(g=0)=  -0.0002550
   formf: sum_g vps(g)=  -2.9143882 sum_g rhops(g)=  -2.8719189
   Delta V(G=0):   0.001005Ry,    0.027343eV

 * Physical Quantities at step:     1

PERFORMING CONJUGATE GRADIENT MINIMIZATION OF EL. STATES

              # iter      etot                 esic                 deigrms
              1    1     32.1205395858924      0.2484808714266      0.1048680728149
              2    1     32.1205395858924      0.2061204730822      0.0735073903602
              3    1     32.1205395858924      0.1936252481111      0.0057927988620
              # procedure     1 /    5 is finished.

              4    1     32.1205395858924      0.2083504028196      0.0127653706833
              5    1     32.1205395858924      0.1980147671793      0.0457791610304
              # innerloop_nmax reached.

     iteration =   1  eff iteration =   1   Etot (Ha) =     32.31423365202929
              # iter      etot                 esic                 deigrms
              1    2     10.8134345305198      0.1105071710077      0.0112847306071
              # procedure     2 /    5 is finished.

              2    2     10.8134345305198      0.1162368070885      0.0047948351679
              3    2     10.8134345305198      0.1134153047141      0.0458689874249
              4    2     10.8134345305198      0.1105031893044      0.0094213768250
              # procedure     3 /    5 is finished.

              5    2     10.8134345305198      0.1114022093861      0.0024509698145
              # innerloop_nmax reached.

     iteration =   2  eff iteration =   2   Etot (Ha) =     10.92477812201474
              # iter      etot                 esic                 deigrms
              1    3      5.0437348879858      0.0991697088923      0.0315008145756
              2    3      5.0437348879858      0.0980456422617      0.0110214368117
              3    3      5.0437348879858      0.0979598318341      0.0108549150537
              4    3      5.0437348879858      0.0978943808113      0.0117048306123
              5    3      5.0437348879858      0.0977926022776      0.0110042619269
              # innerloop_nmax reached.

     iteration =   3  eff iteration =   3   Etot (Ha) =      5.14145242150681
              # iter      etot                 esic                 deigrms
              1    4      0.3008581838744      0.1670591314284      0.0191567511378
              2    4      0.3008581838744      0.1660111631617      0.0188966002484
              3    4      0.3008581838744      0.1649873312074      0.0190751016490
              4    4      0.3008581838744      0.1639615510512      0.0192567266577
              5    4      0.3008581838744      0.1629336014942      0.0192890972409
              # innerloop_nmax reached.

     iteration =   4  eff iteration =   4   Etot (Ha) =      0.46277036575002
              # iter      etot                 esic                 deigrms
              1    5     -3.0701530758069      0.1594012672792      0.0374274360550
              2    5     -3.0701530758069      0.1572315982241      0.0419289597660
              3    5     -3.0701530758069      0.1548518937940      0.0463833081274
              4    5     -3.0701530758069      0.1522596113872      0.0505655122934
              5    5     -3.0701530758069      0.1494669887716      0.0542931987736
              # innerloop_nmax reached.

     iteration =   5  eff iteration =   5   Etot (Ha) =     -2.92365393918617
              # iter      etot                 esic                 deigrms
              1    6     -5.2476252390587      0.0862178852953      0.0786654257889
              2    6     -5.2476252390587      0.0820260714352      0.0792766622986
              3    6     -5.2476252390587      0.0778214514727      0.0791631462871
              4    6     -5.2476252390587      0.0736444510847      0.0782353000897
              5    6     -5.2476252390587      0.0695403885375      0.0764002848699
              # innerloop_nmax reached.

     iteration =   6  eff iteration =   6   Etot (Ha) =     -5.18206741169463
              # iter      etot                 esic                 deigrms
              1    7     -6.4290612922803      0.0221982612141      0.0802310598482
              2    7     -6.4290612922803      0.0179191190659      0.0809682344595
              3    7     -6.4290612922803      0.0136089249284      0.0811832341568
              4    7     -6.4290612922803      0.0093041024916      0.0805267372793
              5    7     -6.4290612922803      0.0050584989164      0.0786910963333
              # innerloop_nmax reached.

     iteration =   7  eff iteration =   7   Etot (Ha) =     -6.42812210233621
              # iter      etot                 esic                 deigrms
              1    8     -7.0332740266218     -0.0267898481212      0.0979820014682
              2    8     -7.0332740266218     -0.0320595303628      0.0983636188012
              3    8     -7.0332740266218     -0.0372937259874      0.0964423258769
              4    8     -7.0332740266218     -0.0423733108082      0.0923020777471
              5    8     -7.0332740266218     -0.0471879404409      0.0861770849363
              # innerloop_nmax reached.

     iteration =   8  eff iteration =   8   Etot (Ha) =     -7.08491939460830
              # iter      etot                 esic                 deigrms
              1    9     -7.3689139091520     -0.0653230274330      0.0945528729469
              2    9     -7.3689139091520     -0.0702332644480      0.0866678971586
              3    9     -7.3689139091520     -0.0746978359821      0.0773303535766
              4    9     -7.3689139091520     -0.0786595249358      0.0671220281367
              5    9     -7.3689139091520     -0.0820962701944      0.0566114699673
              # innerloop_nmax reached.

     iteration =   9  eff iteration =   9   Etot (Ha) =     -7.45393596133700
              # iter      etot                 esic                 deigrms
              1   10     -7.5496618931449     -0.0897574622959      0.0505227416271
              2   10     -7.5496618931449     -0.0923301077426      0.0401935765712
              3   10     -7.5496618931449     -0.0944377640464      0.0308260198081
              4   10     -7.5496618931449     -0.0961957810835      0.0229676951315
              5   10     -7.5496618931449     -0.0975299217198      0.0171999611511
              # innerloop_nmax reached.

     iteration =  10  eff iteration =  10   Etot (Ha) =     -7.64806855668224

              # iter      etot                 esic                 deigrms
              1   11     -7.6483139305534     -0.0980430360241      0.0141104971918
              2   11     -7.6483139305534     -0.0986611939083      0.0102523840964
              3   11     -7.6483139305534     -0.0991479754477      0.0081227516574
              4   11     -7.6483139305534     -0.0995220975263      0.0063144361953
              5   11     -7.6483139305534     -0.0997940582044      0.0048687024341
              # innerloop_nmax reached.

     iteration =  11  eff iteration =  11   Etot (Ha) =     -7.74823165555351
              # iter      etot                 esic                 deigrms
              1   12     -7.7057140827544     -0.0977570221008      0.0083274805199
              2   12     -7.7057140827544     -0.0980186173471      0.0073426961198
              3   12     -7.7057140827544     -0.0981294103539      0.0083067105548
              # procedure     4 /    5 is finished.

              4   12     -7.7057140827544     -0.0981301927941      0.0064767654379
              # procedure     5 /    5 is finished.

     iteration =  12  eff iteration =  12   Etot (Ha) =     -7.80348965672597
              # iter      etot                 esic                 deigrms
              1   13     -7.7352518343140     -0.0964257338516      0.0106266585698
              2   13     -7.7352518343140     -0.0966617595931      0.0072877189214
              3   13     -7.7352518343140     -0.0968385079488      0.0060932689387
              4   13     -7.7352518343140     -0.0969871476117      0.0050577210779
              5   13     -7.7352518343140     -0.0971083269502      0.0040247261765
              # innerloop_nmax reached.

     iteration =  13  eff iteration =  13   Etot (Ha) =     -7.83245346699582
              # iter      etot                 esic                 deigrms
              1   14     -7.7504229567422     -0.0964749094896      0.0071463161915
              2   14     -7.7504229567422     -0.0966419542421      0.0057882097586
              3   14     -7.7504229567422     -0.0967834991603      0.0046882126654
              4   14     -7.7504229567422     -0.0968938787397      0.0036238188020
              5   14     -7.7504229567422     -0.0969766337283      0.0025633253077
              # innerloop_nmax reached.

     iteration =  14  eff iteration =  14   Etot (Ha) =     -7.84745226792697
              # iter      etot                 esic                 deigrms
              1   15     -7.7579766155310     -0.0969780792087      0.0049195957148
              2   15     -7.7579766155310     -0.0970900143040      0.0037166838508
              3   15     -7.7579766155310     -0.0971731115056      0.0025726519943
              4   15     -7.7579766155310     -0.0972171504138      0.0021782959416
              # procedure     6 /    5 is finished.

     iteration =  15  eff iteration =  15   Etot (Ha) =     -7.85517118961439
              # iter      etot                 esic                 deigrms
              1   16     -7.7611472850921     -0.0974970865748      0.0041749424096
              2   16     -7.7611472850921     -0.0975875621665      0.0030991449738
              3   16     -7.7611472850921     -0.0976290072189      0.0032686764860
              # procedure     7 /    5 is finished.

     iteration =  16  eff iteration =  16   Etot (Ha) =     -7.85877033970324
  cg_sub: missed minimum, case 1, iteration   16
              # iter      etot                 esic                 deigrms
              1   17     -7.7624942516711     -0.0981098765878      0.0046748794385
              2   17     -7.7624942516711     -0.0981850086079      0.0040163991909
              3   17     -7.7624942516711     -0.0982085631041      0.0048989924299
              4   17     -7.7624942516711     -0.0982346494105      0.0037400543924
              # procedure     8 /    5 is finished.

     iteration =  17  eff iteration =  17   Etot (Ha) =     -7.86070653931789
              # iter      etot                 esic                 deigrms
              1   18     -7.7638373859576     -0.0986920130793      0.0042673962215
              # procedure     9 /    5 is finished.

     iteration =  18  eff iteration =  18   Etot (Ha) =     -7.86252570717096
  cg_sub: missed minimum, case 1, iteration   18
              # iter      etot                 esic                 deigrms
              1   19     -7.7637309481094     -0.0991249363457      0.0049977809595
              2   19     -7.7637309481094     -0.0991475843434      0.0049381739004
              3   19     -7.7637309481094     -0.0991725516507      0.0037462753182
              # procedure    10 /    5 is finished.

     iteration =  19  eff iteration =  19   Etot (Ha) =     -7.86288040439379
              # iter      etot                 esic                 deigrms
              1   20     -7.7634234796798     -0.1000073744720      0.0057987438621
              2   20     -7.7634234796798     -0.1000531361466      0.0044179497331
              3   20     -7.7634234796798     -0.1000697127522      0.0042242681020
              # procedure    11 /    5 is finished.

     iteration =  20  eff iteration =  20   Etot (Ha) =     -7.86348315797056

              # iter      etot                 esic                 deigrms
              1   21     -7.7629056398022     -0.1008874385475      0.0063158011899
              2   21     -7.7629056398022     -0.1009446864200      0.0040621202700
              # procedure    12 /    5 is finished.

     iteration =  21  eff iteration =  21   Etot (Ha) =     -7.86385956386145
              # iter      etot                 esic                 deigrms
              1   22     -7.7616479530177     -0.1026103466995      0.0044632248355
              2   22     -7.7616479530177     -0.1027099861856      0.0028738730574
              3   22     -7.7616479530177     -0.1027629657093      0.0016115390188
              # procedure    13 /    5 is finished.

     iteration =  22  eff iteration =  22   Etot (Ha) =     -7.86438348056701
              # iter      etot                 esic                 deigrms
              1   23     -7.7609609968708     -0.1036310625924      0.0027331840941
              2   23     -7.7609609968708     -0.1036755518744      0.0019281326106
              # procedure    14 /    5 is finished.

     iteration =  23  eff iteration =  23   Etot (Ha) =     -7.86459437442325
  cg_sub: missed minimum, case 1, iteration   23
              # iter      etot                 esic                 deigrms
              1   24     -7.7603775560912     -0.1044199816074      0.0023874048244
              2   24     -7.7603775560912     -0.1044479172674      0.0025428103548
              # procedure    15 /    5 is finished.

     iteration =  24  eff iteration =  24   Etot (Ha) =     -7.86477240265950
              # iter      etot                 esic                 deigrms
              1   25     -7.7606465108556     -0.1045064090993      0.0027430054764
              # procedure    16 /    5 is finished.

     iteration =  25  eff iteration =  25   Etot (Ha) =     -7.86510609159172
  cg_sub: missed minimum, case 1, iteration   25
              # iter      etot                 esic                 deigrms
              1   26     -7.7606844390309     -0.1045828850326      0.0030485899040
              # procedure    17 /    5 is finished.

     iteration =  26  eff iteration =  26   Etot (Ha) =     -7.86522961629538
              # iter      etot                 esic                 deigrms
              1   27     -7.7606422241803     -0.1046245482856      0.0032283516536
              # procedure    18 /    5 is finished.

     iteration =  27  eff iteration =  27   Etot (Ha) =     -7.86523412250987
              # iter      etot                 esic                 deigrms
              1   28     -7.7605925996998     -0.1046667680117      0.0034109896115
              # procedure    19 /    5 is finished.

     iteration =  28  eff iteration =  28   Etot (Ha) =     -7.86523179075224
              # iter      etot                 esic                 deigrms
              1   29     -7.7605497923086     -0.1047011975566      0.0035597629519
              # procedure    20 /    5 is finished.

     iteration =  29  eff iteration =  29   Etot (Ha) =     -7.86522750157042
              # iter      etot                 esic                 deigrms
              1   30     -7.7605118360070     -0.1047314033322      0.0036899078151
              # procedure    21 /    5 is finished.

     iteration =  30  eff iteration =  30   Etot (Ha) =     -7.86522330022618

              # iter      etot                 esic                 deigrms
              1   31     -7.7604765959878     -0.1047598674958      0.0038121433298
              # procedure    22 /    5 is finished.

     iteration =  31  eff iteration =  31   Etot (Ha) =     -7.86521983823035
              # iter      etot                 esic                 deigrms
              1   32     -7.7604443761868     -0.1047864104420      0.0039257361483
              # procedure    23 /    5 is finished.

     iteration =  32  eff iteration =  32   Etot (Ha) =     -7.86521722630810
              # iter      etot                 esic                 deigrms
              1   33     -7.7604156093743     -0.1048106912870      0.0040292854744
              # procedure    24 /    5 is finished.

     iteration =  33  eff iteration =  33   Etot (Ha) =     -7.86521552380122
              # iter      etot                 esic                 deigrms
              1   34     -7.7603903957422     -0.1048326557899      0.0041226296584
              # procedure    25 /    5 is finished.

     iteration =  34  eff iteration =  34   Etot (Ha) =     -7.86521477610752
              # iter      etot                 esic                 deigrms
              1   35     -7.7603692061297     -0.1048515147964      0.0042025014774
              # procedure    26 /    5 is finished.

     iteration =  35  eff iteration =  35   Etot (Ha) =     -7.86521458050705
              # iter      etot                 esic                 deigrms
              1   36     -7.7603518290919     -0.1048673924169      0.0042695225274
              # procedure    27 /    5 is finished.

     iteration =  36  eff iteration =  36   Etot (Ha) =     -7.86521486890267
              # iter      etot                 esic                 deigrms
              1   37     -7.7603380460028     -0.1048803050040      0.0043238513126
              # procedure    28 /    5 is finished.

     iteration =  37  eff iteration =  37   Etot (Ha) =     -7.86521544508407


                total energy =      -7.8652179202 Hartree a.u.
              kinetic energy =       6.3999176503 Hartree a.u.
        electrostatic energy =      -9.2729443709 Hartree a.u.
                         esr =       0.0979432786 Hartree a.u.
                       eself =      14.3619220945 Hartree a.u.
      pseudopotential energy =      -2.3777833006 Hartree a.u.
  n-l pseudopotential energy =       0.5607962609 Hartree a.u.
 exchange-correlation energy =      -3.0703137820 Hartree a.u.
           average potential =       0.0000000000 Hartree a.u.



   Eigenvalues (eV), kp =   1 , spin =  1

  -24.77  -17.48  -17.46   -9.43

   Eigenvalues (eV), kp =   1 , spin =  2

  -24.77  -17.48  -17.46   -9.43
 
   Allocated memory (kb) =     73336
 
   CELL_PARAMETERS
   25.00000000    0.00000000    0.00000000
    0.00000000   25.00000000    0.00000000
    0.00000000    0.00000000   25.00000000

   System Density [g/cm^3] :     0.0115


   Center of mass square displacement (a.u.):   0.000000

   ATOMIC_POSITIONS
   C    0.000000E+00  0.000000E+00  0.000000E+00
   H    0.000000E+00  0.000000E+00 -0.200000E+01
   H    0.000000E+00  0.000000E+00  0.200000E+01
   H    0.000000E+00  0.200000E+01  0.000000E+00
   H    0.000000E+00 -0.200000E+01  0.000000E+00
 
   ATOMIC_VELOCITIES
   C    0.000000E+00  0.000000E+00  0.000000E+00
   H    0.000000E+00  0.000000E+00  0.000000E+00
   H    0.000000E+00  0.000000E+00  0.000000E+00
   H    0.000000E+00  0.000000E+00  0.000000E+00
   H    0.000000E+00  0.000000E+00  0.000000E+00
 


   Partial temperatures (for each ionic specie) 
   Species  Temp (K)   Mean Square Displacement (a.u.)
        1       0.00     0.0000
        2       0.00     0.0000
 
  nfi    ekinc  temph  tempp        etot      enthal       econs       econt    vnhh   xnhh0    vnhp   xnhp0
 
       nfi   tempp            E -T.S-mu.nbsp         +K_p #Iter
Step     1       0     -7.86522     -7.86522     -7.86522    38

   writing restart file: ./SCRATCH/CH4_PZ_cg_inn_spin_91.save
   restart file written in    0.279 sec.



   Averaged Physical Quantities
                      accomulated      this run
   ekinc         :        0.00000       0.00000 (AU)
   ekin          :        6.39992       6.39992 (AU)
   epot          :      -14.72104     -14.72104 (AU)
   total energy  :       -7.86522      -7.86522 (AU)
   temperature   :        0.00000       0.00000 (K )
   enthalpy      :        0.00000       0.00000 (AU)
   econs         :       -7.86522      -7.86522 (AU)
   pressure      :        0.00000       0.00000 (Gpa)
   volume        :    15625.00000   15625.00000 (AU)


     initialize   :     0.43s CPU
     total_time   :   178.59s CPU
     formf        :     0.05s CPU
     rhoofr       :     5.80s CPU (      79 calls,   0.073 s avg)
     vofrho       :    15.53s CPU (      79 calls,   0.197 s avg)
     vofrho1      :     1.00s CPU (       5 calls,   0.200 s avg)
     vofrho2      :     7.26s CPU (      37 calls,   0.196 s avg)
     vofrho3      :     7.28s CPU (      37 calls,   0.197 s avg)
     dforce       :     2.34s CPU (     152 calls,   0.015 s avg)
     dforce1      :     2.28s CPU (     148 calls,   0.015 s avg)
     dforce2      :     0.45s CPU
     calphi       :     0.00s CPU (      38 calls,   0.000 s avg)
     gram         :     0.09s CPU (      81 calls,   0.001 s avg)
     newd         :     0.00s CPU (      38 calls,   0.000 s avg)
     calbec       :     0.06s CPU (     382 calls,   0.000 s avg)
     prefor       :     0.00s CPU (      40 calls,   0.000 s avg)
     strucf       :     0.00s CPU
     nlfl         :     0.00s CPU
     nlsm1        :     0.06s CPU (     382 calls,   0.000 s avg)
     fft          :    80.06s CPU (    5493 calls,   0.015 s avg)
     ffts         :     2.28s CPU (     158 calls,   0.014 s avg)
     fftw         :     4.37s CPU (     620 calls,   0.007 s avg)
     cft3s        :    86.71s CPU (    6271 calls,   0.014 s avg)
     fft_scatter  :    25.36s CPU (    6271 calls,   0.004 s avg)

     nk_drv       :   134.60s CPU (     188 calls,   0.716 s avg)
     nk_orbrho    :    13.75s CPU (     752 calls,   0.018 s avg)
     nk_rhoref    :     7.44s CPU (    1504 calls,   0.005 s avg)
     nk_eforce    :    18.28s CPU (     588 calls,   0.031 s avg)
     nk_corr      :   112.20s CPU (    1504 calls,   0.075 s avg)
     nk_corr_h    :    55.36s CPU (    1504 calls,   0.037 s avg)

     nk_rot_emin  :    93.22s CPU (      37 calls,   2.519 s avg)
     nk_innerloop :    93.02s CPU (     118 calls,   0.788 s avg)
     nk_rot_cm    :     0.00s CPU (      37 calls,   0.000 s avg)
     nk_get_vsica :    13.61s CPU (     218 calls,   0.062 s avg)
     nk_getOmatto :    78.56s CPU (     109 calls,   0.721 s avg)
     nk_getOmat1  :     0.00s CPU (     218 calls,   0.000 s avg)
     nk_rotwfn    :     0.01s CPU (     218 calls,   0.000 s avg)

     outer_loop   :   178.39s CPU (      37 calls,   4.821 s avg)
     runcg_uspp   :   178.59s CPU
     calcmt       :     0.00s CPU
     xminus1      :     0.01s CPU (      74 calls,   0.000 s avg)
     emass_p_tpa  :     0.00s CPU
 
 
     CP           :  2m59.28s CPU time,     3m 0.13s wall time

 
   This run was terminated on:  17:10:17   9Mar2012            

=------------------------------------------------------------------------------=
   JOB DONE.
=------------------------------------------------------------------------------=
