=------------------------------------------------------------------------------=

     CP: variable-cell Car-Parrinello molecular dynamics
     using norm-conserving and ultrasoft Vanderbilt pseudopotentials

     Version: 4.1 - Wed Feb 15 19:22:38 CET 2012                          
     Authors: Alfredo Pasquarello, Kari Laasonen, Andrea Trave, Roberto Car,
       Paolo Giannozzi, Nicola Marzari, Carlo Cavazzoni, Guido Chiarotti,
       Sandro Scandolo, Paolo Focher, Gerardo Ballabio, and others

=------------------------------------------------------------------------------=

   This run was started on:  18:18: 6  16Feb2012               

   MPI Parallel Build
   Tasks =    4  This task id =    0

   Job Title: MD Simulation


   Atomic Pseudopotentials Parameters
   ----------------------------------

   Reading pseudopotential for specie #  1 from file :
   ../../pseudo/Cl.pz-bhs.UPF
   file type is 20: UPF


   Main Simulation Parameters (from input)
   ---------------------------------------
   Restart Mode       =       1   restart        
   Number of MD Steps =      10
   Print out every            1 MD Steps
   Reads from unit    =      90
   Writes to unit     =      91
   MD Simulation time step            =      15.00
   Electronic fictitious mass (emass) =    1000.00
   emass cut-off                      =       3.00

   Simulation Cell Parameters (from input)
   external pressure       =            0.00 [GPa]
   wmass (calculated)      =         9821.27 [AU]
   ibrav =    1
   alat  =    20.00000000
   a1    =    20.00000000    0.00000000    0.00000000
   a2    =     0.00000000   20.00000000    0.00000000
   a3    =     0.00000000    0.00000000   20.00000000
 
   b1    =     0.05000000    0.00000000    0.00000000
   b2    =     0.00000000    0.05000000    0.00000000
   b3    =     0.00000000    0.00000000    0.05000000
   omega =  8000.00000000

   Energy Cut-offs
   ---------------
   Ecutwfc =   50.0 Ry,      Ecutrho =  200.0 Ry,      Ecuts =  200.0 Ry
   Gcutwfc =   22.5     ,    Gcutrho =   45.0          Gcuts =   45.0
   NOTA BENE: refg, mmx =   0.050000  8000
   Orthog. with Gram-Schmidt
   verlet algorithm for electron dynamics
   with friction frice =  0.0500 , grease =  1.0000
   Electron dynamics : the temperature is not controlled

   Electronic states
   -----------------
   Number of Electron =    14, of States =     7
   Occupation numbers :
   2.00 2.00 2.00 2.00 2.00 2.00 2.00


   Exchange and correlations functionals
   -------------------------------------
   Using Local Density Approximation with
     Exchange functional: SLATER                                                      
     Correlation functional: PERDEW AND ZUNGER                                           
     Exchange-correlation      =  SLA  PZ   NOGX NOGC (1100)


   Ions Simulation Parameters
   --------------------------
   Ions are not allowed to move
   Ionic position (from input)
   sorted by specie, and converted to real a.u. coordinates
   Species   1 atoms =    2 mass =     64621.40 (a.u.),        35.45 (amu) rcmax =   1.00 (a.u.)
        0.000000     0.000000     1.903977
        0.000000     0.000000    -1.903977
   Ionic position will be re-read from restart file


   Cell Dynamics Parameters (from STDIN)
   -------------------------------------
   Starting cell generated from CELLDM
   Cell parameters will be re-read from restart file
   Constant VOLUME Molecular dynamics
   cell parameters are not allowed to move

   Verbosity: iprsta =  1



   Simulation dimensions initialization
   ------------------------------------

   unit vectors of full simulation cell
   in real space:                         in reciprocal space (units 2pi/alat):
   1    20.0000    0.0000    0.0000              1.0000    0.0000    0.0000
   2     0.0000   20.0000    0.0000              0.0000    1.0000    0.0000
   3     0.0000    0.0000   20.0000              0.0000    0.0000    1.0000
 
   Stick Mesh
   ----------
   nst =  3185,  nstw =   799, nsts =  3185
        PEs    n.st   n.stw   n.sts    n.g    n.gw   n.gs
          1    1594     400    1594   95582   11960   95582
          2    1592     400    1592   95580   11960   95580
          3    1591     399    1591   95581   11959   95581
          4    1592     398    1592   95580   11954   95580
          0    6369    1597    6369  382323   47833  382323
 
 
   Real Mesh
   ---------
   Global Dimensions   Local  Dimensions   Processor Grid
   .X.   .Y.   .Z.     .X.   .Y.   .Z.     .X.   .Y.   .Z.
    96    96    96      96    96    24       1     1     4
   Array leading dimensions ( nr1x, nr2x, nr3x )   =     96    96    96
   Local number of cell to store the grid ( nnrx ) =     221184
   Number of x-y planes for each processors: 
   nr3l =    24   24   24   24
 
   Smooth Real Mesh
   ----------------
   Global Dimensions   Local  Dimensions   Processor Grid
   .X.   .Y.   .Z.     .X.   .Y.   .Z.     .X.   .Y.   .Z.
    96    96    96      96    96    24       1     1     4
   Array leading dimensions ( nr1x, nr2x, nr3x )   =     96    96    96
   Local number of cell to store the grid ( nnrx ) =     221184
   Number of x-y planes for each processors: 
   nr3sl =    24   24   24   24
 
   Reciprocal Space Mesh
   ---------------------
                Large Mesh
   PE   Global(ngmt)     Local(ngm) MaxLocal(ngmx)
    1         191162          47791          47791
    2         191162          47790          47791
    3         191162          47791          47791
    4         191162          47790          47791
                Smooth Mesh
   PE   Global(ngst)     Local(ngs) MaxLocal(ngsx)
    1         191162          47791          47791
    2         191162          47790          47791
    3         191162          47791          47791
    4         191162          47790          47791
                Wave function Mesh
   PE   Global(ngwt)     Local(ngw) MaxLocal(ngwx)
    1          23917           5980           5980
    2          23917           5980           5980
    3          23917           5980           5980
    4          23917           5977           5980


   System geometry initialization
   ------------------------------
 
   Scaled positions from standard input
   Cl   0.000000E+00  0.000000E+00  0.951988E-01
   Cl   0.000000E+00  0.000000E+00 -0.951988E-01
   ibrav =    1       cell parameters 

      20.00000       0.00000       0.00000
       0.00000      20.00000       0.00000
       0.00000       0.00000      20.00000
 

   Matrix Multiplication Performances
   ortho mmul, time for parallel driver      =   0.00001 with    4 procs

   Constraints matrixes will be distributed block like on
   ortho sub-group =    2*   2 procs


   Diagonalization Performances
   ortho diag, time for serial   driver =   0.00031
   ortho diag, time for parallel driver =   0.00039 with    4 procs


   Pseudopotentials initialization
   -------------------------------


   Common initialization

   Specie:     1
   1  indv=  1   ang. mom=  0
   2  indv=  2   ang. mom=  1
   3  indv=  2   ang. mom=  1
   4  indv=  2   ang. mom=  1
 
                        dion 
   0.3320   0.0000
   0.0000   0.6374
 
   Short Legend and Physical Units in the Output
   ---------------------------------------------
   NFI    [int]          - step index
   EKINC  [HARTREE A.U.] - kinetic energy of the fictitious electronic dynamics
   TEMPH  [K]            - Temperature of the fictitious cell dynamics
   TEMP   [K]            - Ionic temperature
   ETOT   [HARTREE A.U.] - Scf total energy (Kohn-Sham hamiltonian)
   ENTHAL [HARTREE A.U.] - Enthalpy ( ETOT + P * V )
   ECONS  [HARTREE A.U.] - Enthalpy + kinetic energy of ions and cell
   ECONT  [HARTREE A.U.] - Constant of motion for the CP lagrangian
 

   f_cutoff =  0.1000
   do_spinsym   =    F
   EE with periodic-image correction method = tcc                 

   reading restart file: ./SCRATCH/clorine_90.save
   restart file read in    0.043 sec.

 nprint_nfi=           -2
 nprint_nfi=            1

   formf: eself=  39.09634
   formf:     vps(g=0)=  -0.0025475     rhops(g=0)=  -0.0008537
   formf: sum_g vps(g)=  -1.7047711 sum_g rhops(g)=  -0.6289924
   Delta V(G=0):   0.005498Ry,    0.149602eV
      NOTE: eigenvalues are not computed without ortho
 
  nfi    ekinc  temph  tempp        etot      enthal       econs       econt    vnhh   xnhh0    vnhp   xnhp0
    2 0.10E+02    0.0    0.0    59.60484    59.60484    59.60484    69.79797  0.0000  0.0000  0.0000  0.0000     1.08122
      NOTE: eigenvalues are not computed without ortho
    3 0.22E+02    0.0    0.0    28.91075    28.91075    28.91075    50.98594  0.0000  0.0000  0.0000  0.0000     0.47318
      NOTE: eigenvalues are not computed without ortho
    4 0.26E+02    0.0    0.0    -4.79624    -4.79624    -4.79624    21.56492  0.0000  0.0000  0.0000  0.0000     0.08918
      NOTE: eigenvalues are not computed without ortho
    5 0.18E+02    0.0    0.0   -12.84214   -12.84214   -12.84214     5.20898  0.0000  0.0000  0.0000  0.0000     0.05523
      NOTE: eigenvalues are not computed without ortho
    6 0.92E+01    0.0    0.0    -8.82875    -8.82875    -8.82875     0.35405  0.0000  0.0000  0.0000  0.0000     0.08600
      NOTE: eigenvalues are not computed without ortho
    7 0.69E+01    0.0    0.0   -10.80172   -10.80172   -10.80172    -3.88498  0.0000  0.0000  0.0000  0.0000     0.06431
      NOTE: eigenvalues are not computed without ortho
    8 0.79E+01    0.0    0.0   -18.58704   -18.58704   -18.58704   -10.72051  0.0000  0.0000  0.0000  0.0000     0.02244
      NOTE: eigenvalues are not computed without ortho
    9 0.72E+01    0.0    0.0   -23.72022   -23.72022   -23.72022   -16.49713  0.0000  0.0000  0.0000  0.0000     0.01017

 * Physical Quantities at step:    10

   from rhoofr: total integrated electronic density
   in g-space =   14.000000   in r-space =  14.000000
      NOTE: eigenvalues are not computed without ortho


                total energy =     -23.8913564241 Hartree a.u.
              kinetic energy =      15.3891555885 Hartree a.u.
        electrostatic energy =     -33.4508194293 Hartree a.u.
                         esr =       0.0018030605 Hartree a.u.
                       eself =      39.0963434793 Hartree a.u.
      pseudopotential energy =      -7.6509228362 Hartree a.u.
  n-l pseudopotential energy =       7.0099987814 Hartree a.u.
 exchange-correlation energy =      -5.1887685286 Hartree a.u.
           average potential =       0.0000000000 Hartree a.u.



   Eigenvalues (eV), kp =   1 , spin =  1

    0.00    0.00    0.00    0.00    0.00    0.00    0.00
 
   Allocated memory (kb) =     42568
 
   CELL_PARAMETERS
   20.00000000    0.00000000    0.00000000
    0.00000000   20.00000000    0.00000000
    0.00000000    0.00000000   20.00000000

   System Density [g/cm^3] :     0.0993


   Center of mass square displacement (a.u.):   0.000000

   ATOMIC_POSITIONS
   Cl   0.000000E+00  0.000000E+00  0.190398E+01
   Cl   0.000000E+00  0.000000E+00 -0.190398E+01
 
   ATOMIC_VELOCITIES
   Cl   0.000000E+00  0.000000E+00  0.000000E+00
   Cl   0.000000E+00  0.000000E+00  0.000000E+00
 


   Partial temperatures (for each ionic specie) 
   Species  Temp (K)   Mean Square Displacement (a.u.)
        1       0.00     0.0000
 
  nfi    ekinc  temph  tempp        etot      enthal       econs       econt    vnhh   xnhh0    vnhp   xnhp0
   10 0.48E+01    0.0    0.0   -23.89136   -23.89136   -23.89136   -19.12854  0.0000  0.0000  0.0000  0.0000     0.01423

 * Physical Quantities at step:    11
      NOTE: eigenvalues are not computed without ortho


                total energy =     -23.2327782722 Hartree a.u.
              kinetic energy =      15.8938209416 Hartree a.u.
        electrostatic energy =     -33.3597811509 Hartree a.u.
                         esr =       0.0018030605 Hartree a.u.
                       eself =      39.0963434793 Hartree a.u.
      pseudopotential energy =      -7.4777869666 Hartree a.u.
  n-l pseudopotential energy =       6.8515345080 Hartree a.u.
 exchange-correlation energy =      -5.1405656043 Hartree a.u.
           average potential =       0.0000000000 Hartree a.u.



   Eigenvalues (eV), kp =   1 , spin =  1

    0.00    0.00    0.00    0.00    0.00    0.00    0.00
 
   Allocated memory (kb) =     42568
 
   CELL_PARAMETERS
   20.00000000    0.00000000    0.00000000
    0.00000000   20.00000000    0.00000000
    0.00000000    0.00000000   20.00000000

   System Density [g/cm^3] :     0.0993


   Center of mass square displacement (a.u.):   0.000000

   ATOMIC_POSITIONS
   Cl   0.000000E+00  0.000000E+00  0.190398E+01
   Cl   0.000000E+00  0.000000E+00 -0.190398E+01
 
   ATOMIC_VELOCITIES
   Cl   0.000000E+00  0.000000E+00  0.000000E+00
   Cl   0.000000E+00  0.000000E+00  0.000000E+00
 


   Partial temperatures (for each ionic specie) 
   Species  Temp (K)   Mean Square Displacement (a.u.)
        1       0.00     0.0000
   11 0.29E+01    0.0    0.0   -23.23278   -23.23278   -23.23278   -20.31037  0.0000  0.0000  0.0000  0.0000     0.01664

   writing restart file: ./SCRATCH/clorine_91.save
   restart file written in    0.144 sec.



   Averaged Physical Quantities
                      accomulated      this run
   ekinc         :       10.74363      11.55550 (AU)
   ekin          :       33.85058      29.10666 (AU)
   epot          :      -35.56481     -38.19888 (AU)
   total energy  :        3.08662      -3.81847 (AU)
   temperature   :        0.00000       0.00000 (K )
   enthalpy      :        3.08662      -3.81847 (AU)
   econs         :        3.08662      -3.81847 (AU)
   pressure      :        0.00000       0.00000 (Gpa)
   volume        :     8000.00000    8000.00000 (AU)


     initialize   :     0.98s CPU
     total_time   :     3.28s CPU (      10 calls,   0.328 s avg)
     formf        :     0.06s CPU
     rhoofr       :     0.84s CPU (      10 calls,   0.084 s avg)
     vofrho       :     1.57s CPU (      10 calls,   0.157 s avg)
     dforce       :     0.81s CPU (      40 calls,   0.020 s avg)
     calphi       :     0.00s CPU (      10 calls,   0.000 s avg)
     gram         :     0.01s CPU (      10 calls,   0.001 s avg)
     newd         :     0.01s CPU (      10 calls,   0.001 s avg)
     calbec       :     0.00s CPU (      11 calls,   0.000 s avg)
     prefor       :     0.00s CPU (      11 calls,   0.000 s avg)
     strucf       :     0.00s CPU
     nlsm1        :     0.00s CPU (      11 calls,   0.000 s avg)
     fft          :     1.14s CPU (      74 calls,   0.015 s avg)
     ffts         :     0.33s CPU (      20 calls,   0.016 s avg)
     fftw         :     1.12s CPU (     120 calls,   0.009 s avg)
     cft3s        :     2.59s CPU (     214 calls,   0.012 s avg)
     fft_scatter  :     0.47s CPU (     214 calls,   0.002 s avg)
 
 
     CP           :     4.39s CPU time,    4.58s wall time

 
   This run was terminated on:  18:18:10  16Feb2012            

=------------------------------------------------------------------------------=
   JOB DONE.
=------------------------------------------------------------------------------=
