=------------------------------------------------------------------------------=

     CP: variable-cell Car-Parrinello molecular dynamics
     using norm-conserving and ultrasoft Vanderbilt pseudopotentials

     Version: 4.1 - Wed Feb 15 19:22:38 CET 2012                          
     Authors: Alfredo Pasquarello, Kari Laasonen, Andrea Trave, Roberto Car,
       Paolo Giannozzi, Nicola Marzari, Carlo Cavazzoni, Guido Chiarotti,
       Sandro Scandolo, Paolo Focher, Gerardo Ballabio, and others

=------------------------------------------------------------------------------=

   This run was started on:  18:38:27  16Feb2012               

   MPI Parallel Build
   Tasks =    4  This task id =    0

   Job Title: MD Simulation


   Atomic Pseudopotentials Parameters
   ----------------------------------

   Reading pseudopotential for specie #  1 from file :
   ../../pseudo/Cl.pz-bhs.UPF
   file type is 20: UPF


   Main Simulation Parameters (from input)
   ---------------------------------------
   Restart Mode       =       1   restart        
   Number of MD Steps =       3
   Print out every            1 MD Steps
   Reads from unit    =      95
   Writes to unit     =     195
   MD Simulation time step            =       3.00
   Electronic fictitious mass (emass) =    1000.00
   emass cut-off                      =       3.00

   Simulation Cell Parameters (from input)
   external pressure       =            0.00 [GPa]
   wmass (calculated)      =         9821.27 [AU]
   ibrav =    1
   alat  =    20.00000000
   a1    =    20.00000000    0.00000000    0.00000000
   a2    =     0.00000000   20.00000000    0.00000000
   a3    =     0.00000000    0.00000000   20.00000000
 
   b1    =     0.05000000    0.00000000    0.00000000
   b2    =     0.00000000    0.05000000    0.00000000
   b3    =     0.00000000    0.00000000    0.05000000
   omega =  8000.00000000

   Energy Cut-offs
   ---------------
   Ecutwfc =   50.0 Ry,      Ecutrho =  200.0 Ry,      Ecuts =  200.0 Ry
   Gcutwfc =   22.5     ,    Gcutrho =   45.0          Gcuts =   45.0
   NOTA BENE: refg, mmx =   0.050000  8000
   Eigenvalues calculated without the kinetic term contribution
   Orthog. with lagrange multipliers : eps =   0.10E-07,  max = 500
   verlet algorithm for electron dynamics
   with friction frice =  0.0500 , grease =  1.0000
   Electron dynamics : the temperature is not controlled

   Electronic states
   -----------------
   Number of Electron =    14, of States =     7
   Occupation numbers :
   2.00 2.00 2.00 2.00 2.00 2.00 2.00


   Empty states minimization
   --------------------------
      states =        3
     maxiter =      150
        ethr = 0.1000D-04


   Exchange and correlations functionals
   -------------------------------------
   Using Local Density Approximation with
     Exchange functional: SLATER                                                      
     Correlation functional: PERDEW AND ZUNGER                                           
     Exchange-correlation      =  SLA  PZ   NOGX NOGC (1100)


   Ions Simulation Parameters
   --------------------------
   Ions are not allowed to move
   Ionic position (from input)
   sorted by specie, and converted to real a.u. coordinates
   Species   1 atoms =    2 mass =     64621.40 (a.u.),        35.45 (amu) rcmax =   1.00 (a.u.)
        0.000000     0.000000     1.903977
        0.000000     0.000000    -1.903977
   Ionic position will be re-read from restart file


   Cell Dynamics Parameters (from STDIN)
   -------------------------------------
   Starting cell generated from CELLDM
   Cell parameters will be re-read from restart file
   Constant VOLUME Molecular dynamics
   cell parameters are not allowed to move

   Verbosity: iprsta =  1



   Simulation dimensions initialization
   ------------------------------------

   unit vectors of full simulation cell
   in real space:                         in reciprocal space (units 2pi/alat):
   1    20.0000    0.0000    0.0000              1.0000    0.0000    0.0000
   2     0.0000   20.0000    0.0000              0.0000    1.0000    0.0000
   3     0.0000    0.0000   20.0000              0.0000    0.0000    1.0000
 
   Stick Mesh
   ----------
   nst =  3185,  nstw =   799, nsts =  3185
        PEs    n.st   n.stw   n.sts    n.g    n.gw   n.gs
          1    1594     400    1594   95582   11960   95582
          2    1592     400    1592   95580   11960   95580
          3    1591     399    1591   95581   11959   95581
          4    1592     398    1592   95580   11954   95580
          0    6369    1597    6369  382323   47833  382323
 
 
   Real Mesh
   ---------
   Global Dimensions   Local  Dimensions   Processor Grid
   .X.   .Y.   .Z.     .X.   .Y.   .Z.     .X.   .Y.   .Z.
    96    96    96      96    96    24       1     1     4
   Array leading dimensions ( nr1x, nr2x, nr3x )   =     96    96    96
   Local number of cell to store the grid ( nnrx ) =     221184
   Number of x-y planes for each processors: 
   nr3l =    24   24   24   24
 
   Smooth Real Mesh
   ----------------
   Global Dimensions   Local  Dimensions   Processor Grid
   .X.   .Y.   .Z.     .X.   .Y.   .Z.     .X.   .Y.   .Z.
    96    96    96      96    96    24       1     1     4
   Array leading dimensions ( nr1x, nr2x, nr3x )   =     96    96    96
   Local number of cell to store the grid ( nnrx ) =     221184
   Number of x-y planes for each processors: 
   nr3sl =    24   24   24   24
 
   Reciprocal Space Mesh
   ---------------------
                Large Mesh
   PE   Global(ngmt)     Local(ngm) MaxLocal(ngmx)
    1         191162          47791          47791
    2         191162          47790          47791
    3         191162          47791          47791
    4         191162          47790          47791
                Smooth Mesh
   PE   Global(ngst)     Local(ngs) MaxLocal(ngsx)
    1         191162          47791          47791
    2         191162          47790          47791
    3         191162          47791          47791
    4         191162          47790          47791
                Wave function Mesh
   PE   Global(ngwt)     Local(ngw) MaxLocal(ngwx)
    1          23917           5980           5980
    2          23917           5980           5980
    3          23917           5980           5980
    4          23917           5977           5980


   System geometry initialization
   ------------------------------
 
   Scaled positions from standard input
   Cl   0.000000E+00  0.000000E+00  0.951988E-01
   Cl   0.000000E+00  0.000000E+00 -0.951988E-01
   ibrav =    1       cell parameters 

      20.00000       0.00000       0.00000
       0.00000      20.00000       0.00000
       0.00000       0.00000      20.00000
 

   Matrix Multiplication Performances
   ortho mmul, time for parallel driver      =   0.00001 with    4 procs

   Constraints matrixes will be distributed block like on
   ortho sub-group =    2*   2 procs


   Diagonalization Performances
   ortho diag, time for serial   driver =   0.00033
   ortho diag, time for parallel driver =   0.00038 with    4 procs


   Pseudopotentials initialization
   -------------------------------


   Common initialization

   Specie:     1
   1  indv=  1   ang. mom=  0
   2  indv=  2   ang. mom=  1
   3  indv=  2   ang. mom=  1
   4  indv=  2   ang. mom=  1
 
                        dion 
   0.3320   0.0000
   0.0000   0.6374
 
   Short Legend and Physical Units in the Output
   ---------------------------------------------
   NFI    [int]          - step index
   EKINC  [HARTREE A.U.] - kinetic energy of the fictitious electronic dynamics
   TEMPH  [K]            - Temperature of the fictitious cell dynamics
   TEMP   [K]            - Ionic temperature
   ETOT   [HARTREE A.U.] - Scf total energy (Kohn-Sham hamiltonian)
   ENTHAL [HARTREE A.U.] - Enthalpy ( ETOT + P * V )
   ECONS  [HARTREE A.U.] - Enthalpy + kinetic energy of ions and cell
   ECONT  [HARTREE A.U.] - Constant of motion for the CP lagrangian
 
   PZ sic =    T

   rhothr =  0.1E-11
   NK memusage =     28.505 MB


   f_cutoff =  0.1000
   do_spinsym   =    F
   EE with periodic-image correction method = tcc                 

   reading restart file: ./SCRATCH/clorine_95.save
   restart file read in    0.042 sec.

 nprint_nfi=           -2
 nprint_nfi=          394

   formf: eself=  39.09634
   formf:     vps(g=0)=  -0.0025475     rhops(g=0)=  -0.0008537
   formf: sum_g vps(g)=  -1.7047711 sum_g rhops(g)=  -0.6289924
   Delta V(G=0):   0.005498Ry,    0.149602eV

   Empty states minimization starting 
   nfi         dekinc         ekinc
    1    0.768751D-02  0.768751D-02
    2   -0.712189D-02  0.565617D-03
    3    0.583405D-03  0.114902D-02
    4    0.693561D-03  0.184258D-02
    5    0.751907D-03  0.259449D-02
    6    0.769380D-03  0.336387D-02
    7    0.755265D-03  0.411913D-02
    8    0.717449D-03  0.483658D-02
    9    0.662559D-03  0.549914D-02
   10    0.596094D-03  0.609524D-02
   11    0.522541D-03  0.661778D-02
   12    0.445502D-03  0.706328D-02
   13    0.367805D-03  0.743108D-02
   14    0.291611D-03  0.772270D-02
   15    0.218519D-03  0.794121D-02
   16    0.149663D-03  0.809088D-02
   17    0.857951D-04  0.817667D-02
   18    0.273648D-04  0.820404D-02
   19   -0.254129D-04  0.817863D-02
   20   -0.725011D-04  0.810612D-02
   21   -0.113993D-03  0.799213D-02
   22   -0.150076D-03  0.784206D-02
   23   -0.180996D-03  0.766106D-02
   24   -0.207043D-03  0.745402D-02
   25   -0.228530D-03  0.722549D-02
   26   -0.245782D-03  0.697970D-02
   27   -0.259127D-03  0.672058D-02
   28   -0.268896D-03  0.645168D-02
   29   -0.275414D-03  0.617627D-02
   30   -0.279003D-03  0.589726D-02
   31   -0.279975D-03  0.561729D-02
   32   -0.278634D-03  0.533865D-02
   33   -0.275275D-03  0.506338D-02
   34   -0.270180D-03  0.479320D-02
   35   -0.263617D-03  0.452958D-02
   36   -0.255839D-03  0.427374D-02
   37   -0.247082D-03  0.402666D-02
   38   -0.237566D-03  0.378909D-02
   39   -0.227487D-03  0.356161D-02
   40   -0.217025D-03  0.334458D-02
   41   -0.206338D-03  0.313824D-02
   42   -0.195564D-03  0.294268D-02
   43   -0.184820D-03  0.275786D-02
   44   -0.174208D-03  0.258365D-02
   45   -0.163809D-03  0.241984D-02
   46   -0.153691D-03  0.226615D-02
   47   -0.143905D-03  0.212225D-02
   48   -0.134492D-03  0.198775D-02
   49   -0.125481D-03  0.186227D-02
   50   -0.116892D-03  0.174538D-02
   51   -0.108735D-03  0.163664D-02
   52   -0.101017D-03  0.153563D-02
   53   -0.937381D-04  0.144189D-02
   54   -0.868927D-04  0.135500D-02
   55   -0.804731D-04  0.127452D-02
   56   -0.744685D-04  0.120005D-02
   57   -0.688655D-04  0.113119D-02
   58   -0.636495D-04  0.106754D-02
   59   -0.588041D-04  0.100874D-02
   60   -0.543121D-04  0.954424D-03
   61   -0.501557D-04  0.904268D-03
   62   -0.463166D-04  0.857951D-03
   63   -0.427764D-04  0.815175D-03
   64   -0.395168D-04  0.775658D-03
   65   -0.365196D-04  0.739139D-03
   66   -0.337671D-04  0.705372D-03
   67   -0.312421D-04  0.674130D-03
   68   -0.289281D-04  0.645202D-03
   69   -0.268092D-04  0.618392D-03
   70   -0.248705D-04  0.593522D-03
   71   -0.230978D-04  0.570424D-03
   72   -0.214778D-04  0.548946D-03
   73   -0.199981D-04  0.528948D-03
   74   -0.186471D-04  0.510301D-03
   75   -0.174140D-04  0.492887D-03
   76   -0.162889D-04  0.476598D-03
   77   -0.152625D-04  0.461336D-03
   78   -0.143264D-04  0.447009D-03
   79   -0.134726D-04  0.433537D-03
   80   -0.126939D-04  0.420843D-03
   81   -0.119836D-04  0.408859D-03
   82   -0.113354D-04  0.397524D-03
   83   -0.107438D-04  0.386780D-03
   84   -0.102035D-04  0.376577D-03
   85   -0.970960D-05  0.366867D-03
   86   -0.925775D-05  0.357609D-03
   87   -0.884388D-05  0.348765D-03
   88   -0.846429D-05  0.340301D-03
   89   -0.811562D-05  0.332185D-03
   90   -0.779479D-05  0.324391D-03
   91   -0.749904D-05  0.316892D-03
   92   -0.722583D-05  0.309666D-03
   93   -0.697290D-05  0.302693D-03
   94   -0.673821D-05  0.295955D-03
   95   -0.651992D-05  0.289435D-03
   96   -0.631636D-05  0.283118D-03
   97   -0.612607D-05  0.276992D-03
   98   -0.594771D-05  0.271045D-03
   99   -0.578010D-05  0.265264D-03
  100   -0.562216D-05  0.259642D-03
  101   -0.547295D-05  0.254169D-03
  102   -0.533161D-05  0.248838D-03
  103   -0.519737D-05  0.243640D-03
  104   -0.506956D-05  0.238571D-03
  105   -0.494756D-05  0.233623D-03
  106   -0.483083D-05  0.228792D-03
  107   -0.471888D-05  0.224074D-03
  108   -0.461128D-05  0.219462D-03
  109   -0.450764D-05  0.214955D-03
  110   -0.440762D-05  0.210547D-03
  111   -0.431093D-05  0.206236D-03
  112   -0.421728D-05  0.202019D-03
  113   -0.412645D-05  0.197892D-03
  114   -0.403823D-05  0.193854D-03
  115   -0.395244D-05  0.189902D-03
  116   -0.386891D-05  0.186033D-03
  117   -0.378751D-05  0.182245D-03
  118   -0.370811D-05  0.178537D-03
  119   -0.363060D-05  0.174907D-03
  120   -0.355489D-05  0.171352D-03
  121   -0.348090D-05  0.167871D-03
  122   -0.340855D-05  0.164462D-03
  123   -0.333777D-05  0.161124D-03
  124   -0.326851D-05  0.157856D-03
  125   -0.320072D-05  0.154655D-03
  126   -0.313435D-05  0.151521D-03
  127   -0.306935D-05  0.148452D-03
  128   -0.300571D-05  0.145446D-03
  129   -0.294337D-05  0.142502D-03
  130   -0.288231D-05  0.139620D-03
  131   -0.282250D-05  0.136798D-03
  132   -0.276392D-05  0.134034D-03
  133   -0.270654D-05  0.131327D-03
  134   -0.265034D-05  0.128677D-03
  135   -0.259529D-05  0.126082D-03
  136   -0.254138D-05  0.123540D-03
  137   -0.248859D-05  0.121052D-03
  138   -0.243690D-05  0.118615D-03
  139   -0.238628D-05  0.116228D-03
  140   -0.233672D-05  0.113892D-03
  141   -0.228820D-05  0.111604D-03
  142   -0.224069D-05  0.109363D-03
  143   -0.219419D-05  0.107169D-03
  144   -0.214867D-05  0.105020D-03
  145   -0.210411D-05  0.102916D-03
  146   -0.206049D-05  0.100855D-03
  147   -0.201780D-05  0.988376D-04
  148   -0.197602D-05  0.968616D-04
  149   -0.193512D-05  0.949264D-04
  150   -0.189509D-05  0.930313D-04

 
  nfi    ekinc  temph  tempp        etot      enthal       econs       econt    vnhh   xnhh0    vnhp   xnhp0
  395 0.14E-03    0.0    0.0   -30.19052   -30.19052   -30.19052   -30.19038  0.0000  0.0000  0.0000  0.0000     0.00000

   Empty states minimization starting 
   nfi         dekinc         ekinc
    1    0.475768D-05  0.475768D-05
    2   -0.230064D-05  0.245704D-05
    3    0.255828D-05  0.501532D-05
    4    0.308184D-05  0.809716D-05

   Empty states: convergence achieved

  396 0.11E-03    0.0    0.0   -30.19051   -30.19051   -30.19051   -30.19040  0.0000  0.0000  0.0000  0.0000     0.00000

 * Physical Quantities at step:   397

   Empty states minimization starting 
   nfi         dekinc         ekinc
    1    0.390394D-05  0.390394D-05
    2   -0.149792D-05  0.240602D-05
    3    0.250502D-05  0.491104D-05
    4    0.301747D-05  0.792851D-05

   Empty states: convergence achieved



                total energy =     -30.1905069113 Hartree a.u.
              kinetic energy =      11.1355986150 Hartree a.u.
        electrostatic energy =     -34.4676567169 Hartree a.u.
                         esr =       0.0018030605 Hartree a.u.
                       eself =      39.0963434793 Hartree a.u.
      pseudopotential energy =      -8.0011516459 Hartree a.u.
  n-l pseudopotential energy =       7.0293639582 Hartree a.u.
 exchange-correlation energy =      -5.6702584792 Hartree a.u.
           average potential =       0.0000000000 Hartree a.u.



   Eigenvalues (eV), kp =   1 , spin =  1

  -30.49  -26.36  -17.53  -15.96  -15.96  -13.31  -13.31

   Empty States Eigenvalues (eV), kp =   1 , spin =  1

   -4.33   -0.41    0.98

   Electronic Gap (eV) =     8.98

 
   Allocated memory (kb) =     71416
 
   CELL_PARAMETERS
   20.00000000    0.00000000    0.00000000
    0.00000000   20.00000000    0.00000000
    0.00000000    0.00000000   20.00000000

   System Density [g/cm^3] :     0.0993


   Center of mass square displacement (a.u.):   0.000000

   ATOMIC_POSITIONS
   Cl   0.000000E+00  0.000000E+00  0.190398E+01
   Cl   0.000000E+00  0.000000E+00 -0.190398E+01
 
   ATOMIC_VELOCITIES
   Cl   0.000000E+00  0.000000E+00  0.000000E+00
   Cl   0.000000E+00  0.000000E+00  0.000000E+00
 


   Partial temperatures (for each ionic specie) 
   Species  Temp (K)   Mean Square Displacement (a.u.)
        1       0.00     0.0000
  397 0.88E-04    0.0    0.0   -30.19051   -30.19051   -30.19051   -30.19042  0.0000  0.0000  0.0000  0.0000     0.00000

   writing restart file: ./SCRATCH/clorine_195.save
   restart file written in    0.142 sec.



   Averaged Physical Quantities
                      accomulated      this run
   ekinc         :        0.37067       0.00011 (AU)
   ekin          :       11.91631      11.13543 (AU)
   epot          :      -47.79486     -48.13888 (AU)
   total energy  :      -28.99155     -30.19051 (AU)
   temperature   :        0.00000       0.00000 (K )
   enthalpy      :      -28.99155     -30.19051 (AU)
   econs         :      -28.99155     -30.19051 (AU)
   pressure      :        0.00000       0.00000 (Gpa)
   volume        :     8000.00000    8000.00000 (AU)


     initialize   :     0.99s CPU
     total_time   :    38.61s CPU (       3 calls,  12.870 s avg)
     formf        :     0.06s CPU
     rhoofr       :     0.26s CPU (       3 calls,   0.087 s avg)
     vofrho       :     0.60s CPU (       3 calls,   0.200 s avg)
     dforce       :     7.98s CPU (     328 calls,   0.024 s avg)
     calphi       :     0.05s CPU (     161 calls,   0.000 s avg)
     ortho        :     0.06s CPU (     161 calls,   0.000 s avg)
     ortho_iter   :     0.00s CPU (     161 calls,   0.000 s avg)
     rsg          :     0.02s CPU (     161 calls,   0.000 s avg)
     rhoset       :     0.01s CPU (     161 calls,   0.000 s avg)
     updatc       :     0.02s CPU (     161 calls,   0.000 s avg)
     newd         :     0.00s CPU (       3 calls,   0.000 s avg)
     calbec       :     0.01s CPU (       4 calls,   0.002 s avg)
     prefor       :     0.00s CPU (       7 calls,   0.000 s avg)
     strucf       :     0.00s CPU
     nlsm1        :     0.09s CPU (     490 calls,   0.000 s avg)
     fft          :    21.29s CPU (    1051 calls,   0.020 s avg)
     ffts         :     0.13s CPU (       6 calls,   0.022 s avg)
     fftw         :     6.83s CPU (     668 calls,   0.010 s avg)
     cft3s        :    28.24s CPU (    1725 calls,   0.016 s avg)
     fft_scatter  :     6.91s CPU (    1725 calls,   0.004 s avg)
     nksic_drv    :    13.35s CPU (     161 calls,   0.083 s avg)
     nksic_orbrho :     7.77s CPU (     328 calls,   0.024 s avg)
     nksic_rhoref :     3.19s CPU (     495 calls,   0.006 s avg)
     nksic_eforce :    14.57s CPU (     328 calls,   0.044 s avg)
     nksic_corr   :    38.40s CPU
     nksic_corr_h :    38.40s CPU
 
 
     CP           :    39.72s CPU time,   40.02s wall time

 
   This run was terminated on:  18:39: 7  16Feb2012            

=------------------------------------------------------------------------------=
   JOB DONE.
=------------------------------------------------------------------------------=
