=------------------------------------------------------------------------------=

     CP: variable-cell Car-Parrinello molecular dynamics
     using norm-conserving and ultrasoft Vanderbilt pseudopotentials

     Version: 4.1 - Mon Dec 13 15:39:43 EST 2010                          
     Authors: Alfredo Pasquarello, Kari Laasonen, Andrea Trave, Roberto Car,
       Paolo Giannozzi, Nicola Marzari, Carlo Cavazzoni, Guido Chiarotti,
       Sandro Scandolo, Paolo Focher, Gerardo Ballabio, and others

=------------------------------------------------------------------------------=

   This run was started on:  10:42:35  15Dec2010               

   MPI Parallel Build
   Tasks =    6  This task id =    0

   Job Title: MD Simulation


   Atomic Pseudopotentials Parameters
   ----------------------------------

   Reading pseudopotential for specie #  1 from file :
   ../../pseudo/Cl.pz-bhs.UPF
   file type is 20: UPF


   Main Simulation Parameters (from input)
   ---------------------------------------
   Restart Mode       =       1   restart        
   Number of MD Steps =     100
   Print out every            1 MD Steps
   Reads from unit    =      94
   Writes to unit     =      95
   MD Simulation time step            =      15.00
   Electronic fictitious mass (emass) =    1000.00
   emass cut-off                      =       3.00

   Simulation Cell Parameters (from input)
   external pressure       =            0.00 [GPa]
   wmass (calculated)      =         9821.27 [AU]
   ibrav =    1
   alat  =    20.00000000
   a1    =    20.00000000    0.00000000    0.00000000
   a2    =     0.00000000   20.00000000    0.00000000
   a3    =     0.00000000    0.00000000   20.00000000
 
   b1    =     0.05000000    0.00000000    0.00000000
   b2    =     0.00000000    0.05000000    0.00000000
   b3    =     0.00000000    0.00000000    0.05000000
   omega =  8000.00000000

   Energy Cut-offs
   ---------------
   Ecutwfc =   50.0 Ry,      Ecutrho =  200.0 Ry,      Ecuts =  200.0 Ry
   Gcutwfc =   22.5     ,    Gcutrho =   45.0          Gcuts =   45.0
   NOTA BENE: refg, mmx =   0.050000  8000
   Eigenvalues calculated without the kinetic term contribution
   Orthog. with lagrange multipliers : eps =   0.10E-07,  max = 500
   verlet algorithm for electron dynamics
   with friction frice =  0.0500 , grease =  1.0000
   Electron dynamics : the temperature is not controlled

   Electronic states
   -----------------
   Local Spin Density calculation
   Number of Electron =    14
   Spins up   =     7, occupations: 
   1.00 1.00 1.00 1.00 1.00 1.00 1.00
   Spins down =     7, occupations: 
   1.00 1.00 1.00 1.00 1.00 1.00 1.00


   Exchange and correlations functionals
   -------------------------------------
   Using Local Density Approximation with
     Exchange functional: SLATER                                                      
     Correlation functional: PERDEW AND ZUNGER                                           
     Exchange-correlation      =  SLA  PZ   NOGX NOGC (1100)


   Ions Simulation Parameters
   --------------------------
   Ions are not allowed to move
   Ionic position (from input)
   sorted by specie, and converted to real a.u. coordinates
   Species   1 atoms =    2 mass =     64621.40 (a.u.),        35.45 (amu) rcmax =   1.00 (a.u.)
        0.000000     0.000000     1.903977
        0.000000     0.000000    -1.903977
   Ionic position will be re-read from restart file


   Cell Dynamics Parameters (from STDIN)
   -------------------------------------
   Starting cell generated from CELLDM
   Cell parameters will be re-read from restart file
   Constant VOLUME Molecular dynamics
   cell parameters are not allowed to move

   Verbosity: iprsta =  1



   Simulation dimensions initialization
   ------------------------------------

   unit vectors of full simulation cell
   in real space:                         in reciprocal space (units 2pi/alat):
   1    20.0000    0.0000    0.0000              1.0000    0.0000    0.0000
   2     0.0000   20.0000    0.0000              0.0000    1.0000    0.0000
   3     0.0000    0.0000   20.0000              0.0000    0.0000    1.0000
 
   Stick Mesh
   ----------
   nst =  3185,  nstw =   799, nsts =  3185
        PEs    n.st   n.stw   n.sts    n.g    n.gw   n.gs
          1    1063     265    1063   63721    7973   63721
          2    1060     266    1060   63720    7974   63720
          3    1060     268    1060   63720    7976   63720
          4    1060     266    1060   63720    7970   63720
          5    1062     266    1062   63722    7970   63722
          6    1064     266    1064   63720    7970   63720
          0    6369    1597    6369  382323   47833  382323
 
 
   Real Mesh
   ---------
   Global Dimensions   Local  Dimensions   Processor Grid
   .X.   .Y.   .Z.     .X.   .Y.   .Z.     .X.   .Y.   .Z.
    96    96    96      96    96    16       1     1     6
   Array leading dimensions ( nr1x, nr2x, nr3x )   =     96    96    96
   Local number of cell to store the grid ( nnrx ) =     147456
   Number of x-y planes for each processors: 
   nr3l =    16   16   16   16   16   16
 
   Smooth Real Mesh
   ----------------
   Global Dimensions   Local  Dimensions   Processor Grid
   .X.   .Y.   .Z.     .X.   .Y.   .Z.     .X.   .Y.   .Z.
    96    96    96      96    96    16       1     1     6
   Array leading dimensions ( nr1x, nr2x, nr3x )   =     96    96    96
   Local number of cell to store the grid ( nnrx ) =     147456
   Number of x-y planes for each processors: 
   nr3sl =    16   16   16   16   16   16
 
   Reciprocal Space Mesh
   ---------------------
                Large Mesh
   PE   Global(ngmt)     Local(ngm) MaxLocal(ngmx)
    1         191162          31861          31861
    2         191162          31860          31861
    3         191162          31860          31861
    4         191162          31860          31861
    5         191162          31861          31861
    6         191162          31860          31861
                Smooth Mesh
   PE   Global(ngst)     Local(ngs) MaxLocal(ngsx)
    1         191162          31861          31861
    2         191162          31860          31861
    3         191162          31860          31861
    4         191162          31860          31861
    5         191162          31861          31861
    6         191162          31860          31861
                Wave function Mesh
   PE   Global(ngwt)     Local(ngw) MaxLocal(ngwx)
    1          23917           3987           3988
    2          23917           3987           3988
    3          23917           3988           3988
    4          23917           3985           3988
    5          23917           3985           3988
    6          23917           3985           3988


   System geometry initialization
   ------------------------------
 
   Scaled positions from standard input
   Cl   0.000000E+00  0.000000E+00  0.951988E-01
   Cl   0.000000E+00  0.000000E+00 -0.951988E-01
   ibrav =    1       cell parameters 

      20.00000       0.00000       0.00000
       0.00000      20.00000       0.00000
       0.00000       0.00000      20.00000
 

   Matrix Multiplication Performances
   ortho mmul, time for parallel driver      =   0.00001 with    4 procs

   Constraints matrixes will be distributed block like on
   ortho sub-group =    2*   2 procs


   Diagonalization Performances
   ortho diag, time for serial   driver =   0.04232
   ortho diag, time for parallel driver =   0.00019 with    4 procs


   Pseudopotentials initialization
   -------------------------------


   Common initialization

   Specie:     1
   1  indv=  1   ang. mom=  0
   2  indv=  2   ang. mom=  1
   3  indv=  2   ang. mom=  1
   4  indv=  2   ang. mom=  1
 
                        dion 
   0.3320   0.0000
   0.0000   0.6374
 
   Short Legend and Physical Units in the Output
   ---------------------------------------------
   NFI    [int]          - step index
   EKINC  [HARTREE A.U.] - kinetic energy of the fictitious electronic dynamics
   TEMPH  [K]            - Temperature of the fictitious cell dynamics
   TEMP   [K]            - Ionic temperature
   ETOT   [HARTREE A.U.] - Scf total energy (Kohn-Sham hamiltonian)
   ENTHAL [HARTREE A.U.] - Enthalpy ( ETOT + P * V )
   ECONS  [HARTREE A.U.] - Enthalpy + kinetic energy of ions and cell
   ECONT  [HARTREE A.U.] - Constant of motion for the CP lagrangian
 
   PZ sic =    T

   rhothr =  0.1E-11
   NK memusage =     28.444 MB


   f_cutoff =  0.1000
   do_spinsym   =    F
   EE with periodic-image correction method = tcc                 

   reading restart file: ./SCRATCH/clorine_spin_94.save
   restart file read in    0.075 sec.

 nprint_nfi=           -2
 nprint_nfi=          339

   formf: eself=  39.09634
   formf:     vps(g=0)=  -0.0025842     rhops(g=0)=  -0.0008750
   formf: sum_g vps(g)=  -1.7047711 sum_g rhops(g)=  -0.6289924
   Delta V(G=0):   0.005498Ry,    0.149602eV

 * Physical Quantities at step:   340

   from rhoofr: total integrated electronic density
   spin up
   in g-space =    7.000000   in r-space =   7.000000
   spin down
   in g-space =    7.000000   in r-space =   7.000000


                total energy =      -30.17901 Hartree a.u.
              kinetic energy =       11.02618 Hartree a.u.
        electrostatic energy =      -34.39891 Hartree a.u.
                         esr =        0.00180 Hartree a.u.
                       eself =       39.09634 Hartree a.u.
      pseudopotential energy =       -7.89708 Hartree a.u.
  n-l pseudopotential energy =        6.91577 Hartree a.u.
 exchange-correlation energy =       -5.63409 Hartree a.u.
           average potential =        0.00000 Hartree a.u.



   Eigenvalues (eV), kp =   1 , spin =  1

  -30.74  -26.64  -17.65  -16.11  -16.11  -13.44  -13.44

   Eigenvalues (eV), kp =   1 , spin =  2

  -30.74  -26.64  -17.65  -16.11  -16.11  -13.44  -13.44
 
   Allocated memory (kb) =     84788
 
   CELL_PARAMETERS
   20.00000000    0.00000000    0.00000000
    0.00000000   20.00000000    0.00000000
    0.00000000    0.00000000   20.00000000

   System Density [g/cm^3] :     0.0993


   Center of mass square displacement (a.u.):   0.000000

   ATOMIC_POSITIONS
   Cl   0.000000E+00  0.000000E+00  0.190398E+01
   Cl   0.000000E+00  0.000000E+00 -0.190398E+01
 
   ATOMIC_VELOCITIES
   Cl   0.000000E+00  0.000000E+00  0.000000E+00
   Cl   0.000000E+00  0.000000E+00  0.000000E+00
 


   Partial temperatures (for each ionic specie) 
   Species  Temp (K)   Mean Square Displacement (a.u.)
        1       0.00     0.0000
 
  nfi    ekinc  temph  tempp        etot      enthal       econs       econt    vnhh   xnhh0    vnhp   xnhp0
  340 0.90E-03    0.0    0.0   -30.17901   -30.17901   -30.17901   -30.17811  0.0000  0.0000  0.0000  0.0000     0.00001
  341 0.35E-02    0.0    0.0   -30.18239   -30.18239   -30.18239   -30.17889  0.0000  0.0000  0.0000  0.0000     0.00001
  342 0.63E-02    0.0    0.0   -30.18646   -30.18646   -30.18646   -30.18020  0.0000  0.0000  0.0000  0.0000     0.00000
  343 0.71E-02    0.0    0.0   -30.18877   -30.18877   -30.18877   -30.18162  0.0000  0.0000  0.0000  0.0000     0.00000
  344 0.61E-02    0.0    0.0   -30.18886   -30.18886   -30.18886   -30.18280  0.0000  0.0000  0.0000  0.0000     0.00000
  345 0.43E-02    0.0    0.0   -30.18791   -30.18791   -30.18791   -30.18366  0.0000  0.0000  0.0000  0.0000     0.00000
  346 0.29E-02    0.0    0.0   -30.18723   -30.18723   -30.18723   -30.18432  0.0000  0.0000  0.0000  0.0000     0.00000
  347 0.23E-02    0.0    0.0   -30.18722   -30.18722   -30.18722   -30.18488  0.0000  0.0000  0.0000  0.0000    -0.00001
  348 0.22E-02    0.0    0.0   -30.18755   -30.18755   -30.18755   -30.18538  0.0000  0.0000  0.0000  0.0000    -0.00001
  349 0.20E-02    0.0    0.0   -30.18785   -30.18785   -30.18785   -30.18581  0.0000  0.0000  0.0000  0.0000     0.00000

 * Physical Quantities at step:   350

   from rhoofr: total integrated electronic density
   spin up
   in g-space =    7.000000   in r-space =   7.000000
   spin down
   in g-space =    7.000000   in r-space =   7.000000


                total energy =      -30.18805 Hartree a.u.
              kinetic energy =       11.17772 Hartree a.u.
        electrostatic energy =      -34.47953 Hartree a.u.
                         esr =        0.00180 Hartree a.u.
                       eself =       39.09634 Hartree a.u.
      pseudopotential energy =       -8.00742 Hartree a.u.
  n-l pseudopotential energy =        7.02404 Hartree a.u.
 exchange-correlation energy =       -5.68037 Hartree a.u.
           average potential =        0.00000 Hartree a.u.



   Eigenvalues (eV), kp =   1 , spin =  1

  -30.48  -26.33  -17.49  -15.95  -15.95  -13.29  -13.29

   Eigenvalues (eV), kp =   1 , spin =  2

  -30.48  -26.33  -17.49  -15.95  -15.95  -13.29  -13.29
 
   Allocated memory (kb) =     92988
 
   CELL_PARAMETERS
   20.00000000    0.00000000    0.00000000
    0.00000000   20.00000000    0.00000000
    0.00000000    0.00000000   20.00000000

   System Density [g/cm^3] :     0.0993


   Center of mass square displacement (a.u.):   0.000000

   ATOMIC_POSITIONS
   Cl   0.000000E+00  0.000000E+00  0.190398E+01
   Cl   0.000000E+00  0.000000E+00 -0.190398E+01
 
   ATOMIC_VELOCITIES
   Cl   0.000000E+00  0.000000E+00  0.000000E+00
   Cl   0.000000E+00  0.000000E+00  0.000000E+00
 


   Partial temperatures (for each ionic specie) 
   Species  Temp (K)   Mean Square Displacement (a.u.)
        1       0.00     0.0000
 
  nfi    ekinc  temph  tempp        etot      enthal       econs       econt    vnhh   xnhh0    vnhp   xnhp0
  350 0.19E-02    0.0    0.0   -30.18805   -30.18805   -30.18805   -30.18618  0.0000  0.0000  0.0000  0.0000     0.00000
  351 0.17E-02    0.0    0.0   -30.18828   -30.18828   -30.18828   -30.18654  0.0000  0.0000  0.0000  0.0000     0.00000
  352 0.17E-02    0.0    0.0   -30.18860   -30.18860   -30.18860   -30.18689  0.0000  0.0000  0.0000  0.0000     0.00000
  353 0.17E-02    0.0    0.0   -30.18893   -30.18893   -30.18893   -30.18724  0.0000  0.0000  0.0000  0.0000     0.00000
  354 0.16E-02    0.0    0.0   -30.18921   -30.18921   -30.18921   -30.18757  0.0000  0.0000  0.0000  0.0000     0.00000
  355 0.15E-02    0.0    0.0   -30.18941   -30.18941   -30.18941   -30.18789  0.0000  0.0000  0.0000  0.0000     0.00000
  356 0.14E-02    0.0    0.0   -30.18958   -30.18958   -30.18958   -30.18818  0.0000  0.0000  0.0000  0.0000     0.00000
  357 0.13E-02    0.0    0.0   -30.18970   -30.18970   -30.18970   -30.18845  0.0000  0.0000  0.0000  0.0000     0.00000
  358 0.11E-02    0.0    0.0   -30.18975   -30.18975   -30.18975   -30.18868  0.0000  0.0000  0.0000  0.0000     0.00000
  359 0.83E-03    0.0    0.0   -30.18970   -30.18970   -30.18970   -30.18886  0.0000  0.0000  0.0000  0.0000     0.00000

 * Physical Quantities at step:   360

   from rhoofr: total integrated electronic density
   spin up
   in g-space =    7.000000   in r-space =   7.000000
   spin down
   in g-space =    7.000000   in r-space =   7.000000


                total energy =      -30.18961 Hartree a.u.
              kinetic energy =       11.13412 Hartree a.u.
        electrostatic energy =      -34.47010 Hartree a.u.
                         esr =        0.00180 Hartree a.u.
                       eself =       39.09634 Hartree a.u.
      pseudopotential energy =       -8.00856 Hartree a.u.
  n-l pseudopotential energy =        7.03849 Hartree a.u.
 exchange-correlation energy =       -5.66862 Hartree a.u.
           average potential =        0.00000 Hartree a.u.



   Eigenvalues (eV), kp =   1 , spin =  1

  -30.50  -26.37  -17.52  -15.97  -15.97  -13.31  -13.31

   Eigenvalues (eV), kp =   1 , spin =  2

  -30.50  -26.37  -17.52  -15.97  -15.97  -13.31  -13.31
 
   Allocated memory (kb) =     92988
 
   CELL_PARAMETERS
   20.00000000    0.00000000    0.00000000
    0.00000000   20.00000000    0.00000000
    0.00000000    0.00000000   20.00000000

   System Density [g/cm^3] :     0.0993


   Center of mass square displacement (a.u.):   0.000000

   ATOMIC_POSITIONS
   Cl   0.000000E+00  0.000000E+00  0.190398E+01
   Cl   0.000000E+00  0.000000E+00 -0.190398E+01
 
   ATOMIC_VELOCITIES
   Cl   0.000000E+00  0.000000E+00  0.000000E+00
   Cl   0.000000E+00  0.000000E+00  0.000000E+00
 


   Partial temperatures (for each ionic specie) 
   Species  Temp (K)   Mean Square Displacement (a.u.)
        1       0.00     0.0000
 
  nfi    ekinc  temph  tempp        etot      enthal       econs       econt    vnhh   xnhh0    vnhp   xnhp0
  360 0.61E-03    0.0    0.0   -30.18961   -30.18961   -30.18961   -30.18900  0.0000  0.0000  0.0000  0.0000     0.00000
  361 0.48E-03    0.0    0.0   -30.18958   -30.18958   -30.18958   -30.18910  0.0000  0.0000  0.0000  0.0000     0.00000
  362 0.47E-03    0.0    0.0   -30.18966   -30.18966   -30.18966   -30.18919  0.0000  0.0000  0.0000  0.0000     0.00000
  363 0.53E-03    0.0    0.0   -30.18983   -30.18983   -30.18983   -30.18930  0.0000  0.0000  0.0000  0.0000     0.00000
  364 0.59E-03    0.0    0.0   -30.19002   -30.19002   -30.19002   -30.18943  0.0000  0.0000  0.0000  0.0000     0.00000
  365 0.60E-03    0.0    0.0   -30.19015   -30.19015   -30.19015   -30.18955  0.0000  0.0000  0.0000  0.0000     0.00000
  366 0.55E-03    0.0    0.0   -30.19021   -30.19021   -30.19021   -30.18966  0.0000  0.0000  0.0000  0.0000     0.00000
  367 0.46E-03    0.0    0.0   -30.19022   -30.19022   -30.19022   -30.18976  0.0000  0.0000  0.0000  0.0000     0.00000
  368 0.37E-03    0.0    0.0   -30.19021   -30.19021   -30.19021   -30.18984  0.0000  0.0000  0.0000  0.0000     0.00000
  369 0.29E-03    0.0    0.0   -30.19020   -30.19020   -30.19020   -30.18991  0.0000  0.0000  0.0000  0.0000     0.00000

 * Physical Quantities at step:   370

   from rhoofr: total integrated electronic density
   spin up
   in g-space =    7.000000   in r-space =   7.000000
   spin down
   in g-space =    7.000000   in r-space =   7.000000


                total energy =      -30.19020 Hartree a.u.
              kinetic energy =       11.13703 Hartree a.u.
        electrostatic energy =      -34.46218 Hartree a.u.
                         esr =        0.00180 Hartree a.u.
                       eself =       39.09634 Hartree a.u.
      pseudopotential energy =       -7.99117 Hartree a.u.
  n-l pseudopotential energy =        7.01412 Hartree a.u.
 exchange-correlation energy =       -5.67024 Hartree a.u.
           average potential =        0.00000 Hartree a.u.



   Eigenvalues (eV), kp =   1 , spin =  1

  -30.52  -26.38  -17.57  -15.96  -15.96  -13.32  -13.32

   Eigenvalues (eV), kp =   1 , spin =  2

  -30.52  -26.38  -17.57  -15.96  -15.96  -13.32  -13.32
 
   Allocated memory (kb) =     92988
 
   CELL_PARAMETERS
   20.00000000    0.00000000    0.00000000
    0.00000000   20.00000000    0.00000000
    0.00000000    0.00000000   20.00000000

   System Density [g/cm^3] :     0.0993


   Center of mass square displacement (a.u.):   0.000000

   ATOMIC_POSITIONS
   Cl   0.000000E+00  0.000000E+00  0.190398E+01
   Cl   0.000000E+00  0.000000E+00 -0.190398E+01
 
   ATOMIC_VELOCITIES
   Cl   0.000000E+00  0.000000E+00  0.000000E+00
   Cl   0.000000E+00  0.000000E+00  0.000000E+00
 


   Partial temperatures (for each ionic specie) 
   Species  Temp (K)   Mean Square Displacement (a.u.)
        1       0.00     0.0000
 
  nfi    ekinc  temph  tempp        etot      enthal       econs       econt    vnhh   xnhh0    vnhp   xnhp0
  370 0.24E-03    0.0    0.0   -30.19020   -30.19020   -30.19020   -30.18996  0.0000  0.0000  0.0000  0.0000     0.00000
  371 0.21E-03    0.0    0.0   -30.19021   -30.19021   -30.19021   -30.19000  0.0000  0.0000  0.0000  0.0000     0.00000
  372 0.19E-03    0.0    0.0   -30.19023   -30.19023   -30.19023   -30.19004  0.0000  0.0000  0.0000  0.0000     0.00000
  373 0.19E-03    0.0    0.0   -30.19027   -30.19027   -30.19027   -30.19008  0.0000  0.0000  0.0000  0.0000     0.00000
  374 0.20E-03    0.0    0.0   -30.19032   -30.19032   -30.19032   -30.19012  0.0000  0.0000  0.0000  0.0000     0.00000
  375 0.20E-03    0.0    0.0   -30.19036   -30.19036   -30.19036   -30.19016  0.0000  0.0000  0.0000  0.0000     0.00000
  376 0.19E-03    0.0    0.0   -30.19039   -30.19039   -30.19039   -30.19020  0.0000  0.0000  0.0000  0.0000     0.00000
  377 0.17E-03    0.0    0.0   -30.19041   -30.19041   -30.19041   -30.19024  0.0000  0.0000  0.0000  0.0000     0.00000
  378 0.15E-03    0.0    0.0   -30.19042   -30.19042   -30.19042   -30.19027  0.0000  0.0000  0.0000  0.0000     0.00000
  379 0.12E-03    0.0    0.0   -30.19042   -30.19042   -30.19042   -30.19030  0.0000  0.0000  0.0000  0.0000     0.00000

 * Physical Quantities at step:   380

   from rhoofr: total integrated electronic density
   spin up
   in g-space =    7.000000   in r-space =   7.000000
   spin down
   in g-space =    7.000000   in r-space =   7.000000


                total energy =      -30.19042 Hartree a.u.
              kinetic energy =       11.12947 Hartree a.u.
        electrostatic energy =      -34.46444 Hartree a.u.
                         esr =        0.00180 Hartree a.u.
                       eself =       39.09634 Hartree a.u.
      pseudopotential energy =       -7.99468 Hartree a.u.
  n-l pseudopotential energy =        7.02481 Hartree a.u.
 exchange-correlation energy =       -5.66958 Hartree a.u.
           average potential =        0.00000 Hartree a.u.



   Eigenvalues (eV), kp =   1 , spin =  1

  -30.50  -26.36  -17.53  -15.96  -15.96  -13.31  -13.31

   Eigenvalues (eV), kp =   1 , spin =  2

  -30.50  -26.36  -17.53  -15.96  -15.96  -13.31  -13.31
 
   Allocated memory (kb) =     92988
 
   CELL_PARAMETERS
   20.00000000    0.00000000    0.00000000
    0.00000000   20.00000000    0.00000000
    0.00000000    0.00000000   20.00000000

   System Density [g/cm^3] :     0.0993


   Center of mass square displacement (a.u.):   0.000000

   ATOMIC_POSITIONS
   Cl   0.000000E+00  0.000000E+00  0.190398E+01
   Cl   0.000000E+00  0.000000E+00 -0.190398E+01
 
   ATOMIC_VELOCITIES
   Cl   0.000000E+00  0.000000E+00  0.000000E+00
   Cl   0.000000E+00  0.000000E+00  0.000000E+00
 


   Partial temperatures (for each ionic specie) 
   Species  Temp (K)   Mean Square Displacement (a.u.)
        1       0.00     0.0000
 
  nfi    ekinc  temph  tempp        etot      enthal       econs       econt    vnhh   xnhh0    vnhp   xnhp0
  380 0.10E-03    0.0    0.0   -30.19042   -30.19042   -30.19042   -30.19032  0.0000  0.0000  0.0000  0.0000     0.00000
  381 0.85E-04    0.0    0.0   -30.19042   -30.19042   -30.19042   -30.19034  0.0000  0.0000  0.0000  0.0000     0.00000
  382 0.74E-04    0.0    0.0   -30.19043   -30.19043   -30.19043   -30.19035  0.0000  0.0000  0.0000  0.0000     0.00000
  383 0.68E-04    0.0    0.0   -30.19043   -30.19043   -30.19043   -30.19037  0.0000  0.0000  0.0000  0.0000     0.00000
  384 0.65E-04    0.0    0.0   -30.19045   -30.19045   -30.19045   -30.19038  0.0000  0.0000  0.0000  0.0000     0.00000
  385 0.65E-04    0.0    0.0   -30.19046   -30.19046   -30.19046   -30.19039  0.0000  0.0000  0.0000  0.0000     0.00000
  386 0.65E-04    0.0    0.0   -30.19047   -30.19047   -30.19047   -30.19041  0.0000  0.0000  0.0000  0.0000     0.00000
  387 0.63E-04    0.0    0.0   -30.19048   -30.19048   -30.19048   -30.19042  0.0000  0.0000  0.0000  0.0000     0.00000
  388 0.58E-04    0.0    0.0   -30.19049   -30.19049   -30.19049   -30.19043  0.0000  0.0000  0.0000  0.0000     0.00000
  389 0.50E-04    0.0    0.0   -30.19049   -30.19049   -30.19049   -30.19044  0.0000  0.0000  0.0000  0.0000     0.00000

 * Physical Quantities at step:   390

   from rhoofr: total integrated electronic density
   spin up
   in g-space =    7.000000   in r-space =   7.000000
   spin down
   in g-space =    7.000000   in r-space =   7.000000


                total energy =      -30.19049 Hartree a.u.
              kinetic energy =       11.13781 Hartree a.u.
        electrostatic energy =      -34.46790 Hartree a.u.
                         esr =        0.00180 Hartree a.u.
                       eself =       39.09634 Hartree a.u.
      pseudopotential energy =       -8.00184 Hartree a.u.
  n-l pseudopotential energy =        7.02951 Hartree a.u.
 exchange-correlation energy =       -5.67078 Hartree a.u.
           average potential =        0.00000 Hartree a.u.



   Eigenvalues (eV), kp =   1 , spin =  1

  -30.50  -26.37  -17.53  -15.97  -15.97  -13.31  -13.31

   Eigenvalues (eV), kp =   1 , spin =  2

  -30.50  -26.37  -17.53  -15.97  -15.97  -13.31  -13.31
 
   Allocated memory (kb) =     92988
 
   CELL_PARAMETERS
   20.00000000    0.00000000    0.00000000
    0.00000000   20.00000000    0.00000000
    0.00000000    0.00000000   20.00000000

   System Density [g/cm^3] :     0.0993


   Center of mass square displacement (a.u.):   0.000000

   ATOMIC_POSITIONS
   Cl   0.000000E+00  0.000000E+00  0.190398E+01
   Cl   0.000000E+00  0.000000E+00 -0.190398E+01
 
   ATOMIC_VELOCITIES
   Cl   0.000000E+00  0.000000E+00  0.000000E+00
   Cl   0.000000E+00  0.000000E+00  0.000000E+00
 


   Partial temperatures (for each ionic specie) 
   Species  Temp (K)   Mean Square Displacement (a.u.)
        1       0.00     0.0000
 
  nfi    ekinc  temph  tempp        etot      enthal       econs       econt    vnhh   xnhh0    vnhp   xnhp0
  390 0.40E-04    0.0    0.0   -30.19049   -30.19049   -30.19049   -30.19045  0.0000  0.0000  0.0000  0.0000     0.00000
  391 0.32E-04    0.0    0.0   -30.19049   -30.19049   -30.19049   -30.19046  0.0000  0.0000  0.0000  0.0000     0.00000
  392 0.26E-04    0.0    0.0   -30.19049   -30.19049   -30.19049   -30.19046  0.0000  0.0000  0.0000  0.0000     0.00000
  393 0.23E-04    0.0    0.0   -30.19049   -30.19049   -30.19049   -30.19047  0.0000  0.0000  0.0000  0.0000     0.00000
  394 0.23E-04    0.0    0.0   -30.19050   -30.19050   -30.19050   -30.19047  0.0000  0.0000  0.0000  0.0000     0.00000
  395 0.23E-04    0.0    0.0   -30.19050   -30.19050   -30.19050   -30.19048  0.0000  0.0000  0.0000  0.0000     0.00000
  396 0.24E-04    0.0    0.0   -30.19051   -30.19051   -30.19051   -30.19048  0.0000  0.0000  0.0000  0.0000     0.00000
  397 0.23E-04    0.0    0.0   -30.19051   -30.19051   -30.19051   -30.19049  0.0000  0.0000  0.0000  0.0000     0.00000
  398 0.21E-04    0.0    0.0   -30.19051   -30.19051   -30.19051   -30.19049  0.0000  0.0000  0.0000  0.0000     0.00000
  399 0.18E-04    0.0    0.0   -30.19051   -30.19051   -30.19051   -30.19050  0.0000  0.0000  0.0000  0.0000     0.00000

 * Physical Quantities at step:   400

   from rhoofr: total integrated electronic density
   spin up
   in g-space =    7.000000   in r-space =   7.000000
   spin down
   in g-space =    7.000000   in r-space =   7.000000


                total energy =      -30.19051 Hartree a.u.
              kinetic energy =       11.13495 Hartree a.u.
        electrostatic energy =      -34.46719 Hartree a.u.
                         esr =        0.00180 Hartree a.u.
                       eself =       39.09634 Hartree a.u.
      pseudopotential energy =       -8.00109 Hartree a.u.
  n-l pseudopotential energy =        7.02948 Hartree a.u.
 exchange-correlation energy =       -5.67009 Hartree a.u.
           average potential =        0.00000 Hartree a.u.



   Eigenvalues (eV), kp =   1 , spin =  1

  -30.50  -26.37  -17.53  -15.97  -15.97  -13.31  -13.31

   Eigenvalues (eV), kp =   1 , spin =  2

  -30.50  -26.37  -17.53  -15.97  -15.97  -13.31  -13.31
 
   Allocated memory (kb) =     92988
 
   CELL_PARAMETERS
   20.00000000    0.00000000    0.00000000
    0.00000000   20.00000000    0.00000000
    0.00000000    0.00000000   20.00000000

   System Density [g/cm^3] :     0.0993


   Center of mass square displacement (a.u.):   0.000000

   ATOMIC_POSITIONS
   Cl   0.000000E+00  0.000000E+00  0.190398E+01
   Cl   0.000000E+00  0.000000E+00 -0.190398E+01
 
   ATOMIC_VELOCITIES
   Cl   0.000000E+00  0.000000E+00  0.000000E+00
   Cl   0.000000E+00  0.000000E+00  0.000000E+00
 


   Partial temperatures (for each ionic specie) 
   Species  Temp (K)   Mean Square Displacement (a.u.)
        1       0.00     0.0000
 
  nfi    ekinc  temph  tempp        etot      enthal       econs       econt    vnhh   xnhh0    vnhp   xnhp0
  400 0.15E-04    0.0    0.0   -30.19051   -30.19051   -30.19051   -30.19050  0.0000  0.0000  0.0000  0.0000     0.00000

   writing restart file: ./SCRATCH/clorine_spin_95.save
   restart file written in    0.305 sec.

  401 0.13E-04    0.0    0.0   -30.19051   -30.19051   -30.19051   -30.19050  0.0000  0.0000  0.0000  0.0000     0.00000
  402 0.11E-04    0.0    0.0   -30.19052   -30.19052   -30.19052   -30.19050  0.0000  0.0000  0.0000  0.0000     0.00000
  403 0.97E-05    0.0    0.0   -30.19052   -30.19052   -30.19052   -30.19051  0.0000  0.0000  0.0000  0.0000     0.00000

   MAIN:          EKINC   (thr)          DETOT   (thr)       MAXFORCE   (thr)
   MAIN:   0.974828D-05  0.1D-04  0.774387D-06  0.1D-05  0.000000D+00  0.1D+11
   MAIN: convergence achieved for system relaxation

 * Physical Quantities at step:   404


                total energy =      -30.19052 Hartree a.u.
              kinetic energy =       11.13556 Hartree a.u.
        electrostatic energy =      -34.46767 Hartree a.u.
                         esr =        0.00180 Hartree a.u.
                       eself =       39.09634 Hartree a.u.
      pseudopotential energy =       -8.00089 Hartree a.u.
  n-l pseudopotential energy =        7.02928 Hartree a.u.
 exchange-correlation energy =       -5.67034 Hartree a.u.
           average potential =        0.00000 Hartree a.u.



   Eigenvalues (eV), kp =   1 , spin =  1

  -30.49  -26.36  -17.53  -15.96  -15.96  -13.31  -13.31

   Eigenvalues (eV), kp =   1 , spin =  2

  -30.49  -26.36  -17.53  -15.96  -15.96  -13.31  -13.31
 
   Allocated memory (kb) =     92988
 
   CELL_PARAMETERS
   20.00000000    0.00000000    0.00000000
    0.00000000   20.00000000    0.00000000
    0.00000000    0.00000000   20.00000000

   System Density [g/cm^3] :     0.0993


   Center of mass square displacement (a.u.):   0.000000

   ATOMIC_POSITIONS
   Cl   0.000000E+00  0.000000E+00  0.190398E+01
   Cl   0.000000E+00  0.000000E+00 -0.190398E+01
 
   ATOMIC_VELOCITIES
   Cl   0.000000E+00  0.000000E+00  0.000000E+00
   Cl   0.000000E+00  0.000000E+00  0.000000E+00
 


   Partial temperatures (for each ionic specie) 
   Species  Temp (K)   Mean Square Displacement (a.u.)
        1       0.00     0.0000
  404 0.88E-05    0.0    0.0   -30.19052   -30.19052   -30.19052   -30.19051  0.0000  0.0000  0.0000  0.0000     0.00000

   MAIN:          EKINC   (thr)          DETOT   (thr)       MAXFORCE   (thr)
   MAIN:   0.875979D-05  0.1D-04  0.771052D-06  0.1D-05  0.000000D+00  0.1D+11
   MAIN: convergence achieved for system relaxation

   writing restart file: ./SCRATCH/clorine_spin_95.save
   restart file written in    0.310 sec.



   Averaged Physical Quantities
                      accomulated      this run
   ekinc         :        0.72849       0.00093 (AU)
   ekin          :       11.90052      11.13528 (AU)
   epot          :      -47.79676     -48.13713 (AU)
   total energy  :      -29.00893     -30.18953 (AU)
   temperature   :        0.00000       0.00000 (K )
   enthalpy      :      -29.00893     -30.18953 (AU)
   econs         :      -29.00893     -30.18953 (AU)
   pressure      :        0.00000       0.00000 (Gpa)
   volume        :     8000.00000    8000.00000 (AU)


     initialize   :     1.16s CPU
     total_time   :   135.14s CPU (      65 calls,   2.079 s avg)
     formf        :     0.05s CPU
     rhoofr       :     7.76s CPU (      65 calls,   0.119 s avg)
     vofrho       :    12.82s CPU (      65 calls,   0.197 s avg)
     dforce       :     8.90s CPU (     455 calls,   0.020 s avg)
     calphi       :     0.02s CPU (      65 calls,   0.000 s avg)
     ortho        :     0.23s CPU (      65 calls,   0.004 s avg)
     ortho_iter   :     0.08s CPU (     130 calls,   0.001 s avg)
     rsg          :     0.01s CPU (     130 calls,   0.000 s avg)
     rhoset       :     0.09s CPU (     130 calls,   0.001 s avg)
     updatc       :     0.07s CPU (     130 calls,   0.001 s avg)
     newd         :     0.00s CPU (      65 calls,   0.000 s avg)
     calbec       :     0.08s CPU (      66 calls,   0.001 s avg)
     prefor       :     0.02s CPU (      66 calls,   0.000 s avg)
     strucf       :     0.00s CPU
     nlsm1        :     0.08s CPU (     196 calls,   0.000 s avg)
     fft          :    63.14s CPU (    3644 calls,   0.017 s avg)
     ffts         :     2.30s CPU (     130 calls,   0.018 s avg)
     fftw         :    11.35s CPU (    1365 calls,   0.008 s avg)
     cft3s        :    76.78s CPU (    5139 calls,   0.015 s avg)
     fft_scatter  :    18.63s CPU (    5139 calls,   0.004 s avg)
     nksic_drv    :    86.91s CPU (      65 calls,   1.337 s avg)
     nksic_orbrho :     9.70s CPU (     455 calls,   0.021 s avg)
     nksic_rhoref :     6.06s CPU (     910 calls,   0.007 s avg)
     nksic_eforce :    17.67s CPU (     455 calls,   0.039 s avg)
     nksic_corr   :   135.02s CPU
     nksic_corr_h :   135.02s CPU
 
 
     CP           :  2m16.56s CPU time,     2m17.17s wall time

 
   This run was terminated on:  10:44:52  15Dec2010            

=------------------------------------------------------------------------------=
   JOB DONE.
=------------------------------------------------------------------------------=
