=------------------------------------------------------------------------------=

     CP: variable-cell Car-Parrinello molecular dynamics
     using norm-conserving and ultrasoft Vanderbilt pseudopotentials

     Version: 4.1 - Wed Feb 15 19:22:38 CET 2012                          
     Authors: Alfredo Pasquarello, Kari Laasonen, Andrea Trave, Roberto Car,
       Paolo Giannozzi, Nicola Marzari, Carlo Cavazzoni, Guido Chiarotti,
       Sandro Scandolo, Paolo Focher, Gerardo Ballabio, and others

=------------------------------------------------------------------------------=

   This run was started on:  18:31:40  16Feb2012               

   MPI Parallel Build
   Tasks =    4  This task id =    0

   Job Title: MD Simulation


   Atomic Pseudopotentials Parameters
   ----------------------------------

   Reading pseudopotential for specie #  1 from file :
   ../../pseudo/Cl.pz-bhs.UPF
   file type is 20: UPF


   Main Simulation Parameters (from input)
   ---------------------------------------
   Restart Mode       =       1   restart        
   Number of MD Steps =       2
   Print out every            1 MD Steps
   Reads from unit    =      94
   Writes to unit     =     194
   MD Simulation time step            =       3.00
   Electronic fictitious mass (emass) =    1000.00
   emass cut-off                      =       3.00

   Simulation Cell Parameters (from input)
   external pressure       =            0.00 [GPa]
   wmass (calculated)      =         9821.27 [AU]
   ibrav =    1
   alat  =    20.00000000
   a1    =    20.00000000    0.00000000    0.00000000
   a2    =     0.00000000   20.00000000    0.00000000
   a3    =     0.00000000    0.00000000   20.00000000
 
   b1    =     0.05000000    0.00000000    0.00000000
   b2    =     0.00000000    0.05000000    0.00000000
   b3    =     0.00000000    0.00000000    0.05000000
   omega =  8000.00000000

   Energy Cut-offs
   ---------------
   Ecutwfc =   50.0 Ry,      Ecutrho =  200.0 Ry,      Ecuts =  200.0 Ry
   Gcutwfc =   22.5     ,    Gcutrho =   45.0          Gcuts =   45.0
   NOTA BENE: refg, mmx =   0.050000  8000
   Eigenvalues calculated without the kinetic term contribution
   Orthog. with lagrange multipliers : eps =   0.10E-07,  max = 500
   verlet algorithm for electron dynamics
   with friction frice =  0.0500 , grease =  1.0000
   Electron dynamics : the temperature is not controlled

   Electronic states
   -----------------
   Number of Electron =    14, of States =     7
   Occupation numbers :
   2.00 2.00 2.00 2.00 2.00 2.00 2.00


   Empty states minimization
   --------------------------
      states =        3
     maxiter =      200
        ethr = 0.1000D-04


   Exchange and correlations functionals
   -------------------------------------
   Using Local Density Approximation with
     Exchange functional: SLATER                                                      
     Correlation functional: PERDEW AND ZUNGER                                           
     Exchange-correlation      =  SLA  PZ   NOGX NOGC (1100)


   Ions Simulation Parameters
   --------------------------
   Ions are not allowed to move
   Ionic position (from input)
   sorted by specie, and converted to real a.u. coordinates
   Species   1 atoms =    2 mass =     64621.40 (a.u.),        35.45 (amu) rcmax =   1.00 (a.u.)
        0.000000     0.000000     1.903977
        0.000000     0.000000    -1.903977
   Ionic position will be re-read from restart file


   Cell Dynamics Parameters (from STDIN)
   -------------------------------------
   Starting cell generated from CELLDM
   Cell parameters will be re-read from restart file
   Constant VOLUME Molecular dynamics
   cell parameters are not allowed to move

   Verbosity: iprsta =  1



   Simulation dimensions initialization
   ------------------------------------

   unit vectors of full simulation cell
   in real space:                         in reciprocal space (units 2pi/alat):
   1    20.0000    0.0000    0.0000              1.0000    0.0000    0.0000
   2     0.0000   20.0000    0.0000              0.0000    1.0000    0.0000
   3     0.0000    0.0000   20.0000              0.0000    0.0000    1.0000
 
   Stick Mesh
   ----------
   nst =  3185,  nstw =   799, nsts =  3185
        PEs    n.st   n.stw   n.sts    n.g    n.gw   n.gs
          1    1594     400    1594   95582   11960   95582
          2    1592     400    1592   95580   11960   95580
          3    1591     399    1591   95581   11959   95581
          4    1592     398    1592   95580   11954   95580
          0    6369    1597    6369  382323   47833  382323
 
 
   Real Mesh
   ---------
   Global Dimensions   Local  Dimensions   Processor Grid
   .X.   .Y.   .Z.     .X.   .Y.   .Z.     .X.   .Y.   .Z.
    96    96    96      96    96    24       1     1     4
   Array leading dimensions ( nr1x, nr2x, nr3x )   =     96    96    96
   Local number of cell to store the grid ( nnrx ) =     221184
   Number of x-y planes for each processors: 
   nr3l =    24   24   24   24
 
   Smooth Real Mesh
   ----------------
   Global Dimensions   Local  Dimensions   Processor Grid
   .X.   .Y.   .Z.     .X.   .Y.   .Z.     .X.   .Y.   .Z.
    96    96    96      96    96    24       1     1     4
   Array leading dimensions ( nr1x, nr2x, nr3x )   =     96    96    96
   Local number of cell to store the grid ( nnrx ) =     221184
   Number of x-y planes for each processors: 
   nr3sl =    24   24   24   24
 
   Reciprocal Space Mesh
   ---------------------
                Large Mesh
   PE   Global(ngmt)     Local(ngm) MaxLocal(ngmx)
    1         191162          47791          47791
    2         191162          47790          47791
    3         191162          47791          47791
    4         191162          47790          47791
                Smooth Mesh
   PE   Global(ngst)     Local(ngs) MaxLocal(ngsx)
    1         191162          47791          47791
    2         191162          47790          47791
    3         191162          47791          47791
    4         191162          47790          47791
                Wave function Mesh
   PE   Global(ngwt)     Local(ngw) MaxLocal(ngwx)
    1          23917           5980           5980
    2          23917           5980           5980
    3          23917           5980           5980
    4          23917           5977           5980


   System geometry initialization
   ------------------------------
 
   Scaled positions from standard input
   Cl   0.000000E+00  0.000000E+00  0.951988E-01
   Cl   0.000000E+00  0.000000E+00 -0.951988E-01
   ibrav =    1       cell parameters 

      20.00000       0.00000       0.00000
       0.00000      20.00000       0.00000
       0.00000       0.00000      20.00000
 

   Matrix Multiplication Performances
   ortho mmul, time for parallel driver      =   0.00001 with    4 procs

   Constraints matrixes will be distributed block like on
   ortho sub-group =    2*   2 procs


   Diagonalization Performances
   ortho diag, time for serial   driver =   0.00031
   ortho diag, time for parallel driver =   0.00039 with    4 procs


   Pseudopotentials initialization
   -------------------------------


   Common initialization

   Specie:     1
   1  indv=  1   ang. mom=  0
   2  indv=  2   ang. mom=  1
   3  indv=  2   ang. mom=  1
   4  indv=  2   ang. mom=  1
 
                        dion 
   0.3320   0.0000
   0.0000   0.6374
 
   Short Legend and Physical Units in the Output
   ---------------------------------------------
   NFI    [int]          - step index
   EKINC  [HARTREE A.U.] - kinetic energy of the fictitious electronic dynamics
   TEMPH  [K]            - Temperature of the fictitious cell dynamics
   TEMP   [K]            - Ionic temperature
   ETOT   [HARTREE A.U.] - Scf total energy (Kohn-Sham hamiltonian)
   ENTHAL [HARTREE A.U.] - Enthalpy ( ETOT + P * V )
   ECONS  [HARTREE A.U.] - Enthalpy + kinetic energy of ions and cell
   ECONT  [HARTREE A.U.] - Constant of motion for the CP lagrangian
 
   NK sic with reference occupation =  0.5000

   NK background density factor =  1.0000
   NK scaling factor =  0.8000
   NK cross-derivatives =    T
   NK reference derivatives =    T
   NK on top of PZ =    F
   rhothr =  0.1E-11
   NK memusage =     37.353 MB


   f_cutoff =  0.1000
   do_spinsym   =    F
   EE with periodic-image correction method = tcc                 

   reading restart file: ./SCRATCH/clorine_94.save
   restart file read in    0.042 sec.

 nprint_nfi=           -2
 nprint_nfi=          332

   formf: eself=  39.09634
   formf:     vps(g=0)=  -0.0025475     rhops(g=0)=  -0.0008537
   formf: sum_g vps(g)=  -1.7047711 sum_g rhops(g)=  -0.6289924
   Delta V(G=0):   0.005498Ry,    0.149602eV

   Empty states minimization starting 
   nfi         dekinc         ekinc
    1    0.351070D-01  0.351070D-01
    2   -0.350738D-01  0.332936D-04
    3    0.342709D-04  0.675645D-04
    4    0.405708D-04  0.108135D-03
    5    0.436782D-04  0.151814D-03
    6    0.442933D-04  0.196107D-03
    7    0.430187D-04  0.239126D-03
    8    0.403773D-04  0.279503D-03
    9    0.368137D-04  0.316317D-03
   10    0.326967D-04  0.349013D-03
   11    0.283226D-04  0.377336D-03
   12    0.239213D-04  0.401257D-03
   13    0.196621D-04  0.420919D-03
   14    0.156620D-04  0.436581D-03
   15    0.119935D-04  0.448575D-03
   16    0.869313D-05  0.457268D-03
   17    0.576969D-05  0.463038D-03
   18    0.321150D-05  0.466249D-03
   19    0.993358D-06  0.467242D-03
   20   -0.917842D-06  0.466325D-03
   21   -0.255847D-05  0.463766D-03
   22   -0.396469D-05  0.459801D-03
   23   -0.516998D-05  0.454632D-03
   24   -0.620363D-05  0.448428D-03
   25   -0.709008D-05  0.441338D-03
   26   -0.784884D-05  0.433489D-03
   27   -0.849484D-05  0.424994D-03
   28   -0.903919D-05  0.415955D-03
   29   -0.949003D-05  0.406465D-03
   30   -0.985336D-05  0.396612D-03
   31   -0.101339D-04  0.386478D-03
   32   -0.103360D-04  0.376142D-03
   33   -0.104637D-04  0.365678D-03
   34   -0.105216D-04  0.355156D-03
   35   -0.105148D-04  0.344642D-03
   36   -0.104493D-04  0.334192D-03
   37   -0.103312D-04  0.323861D-03
   38   -0.101674D-04  0.313694D-03
   39   -0.996483D-05  0.303729D-03
   40   -0.973052D-05  0.293998D-03
   41   -0.947118D-05  0.284527D-03
   42   -0.919312D-05  0.275334D-03
   43   -0.890207D-05  0.266432D-03
   44   -0.860307D-05  0.257829D-03
   45   -0.830039D-05  0.249529D-03
   46   -0.799756D-05  0.241531D-03
   47   -0.769737D-05  0.233834D-03
   48   -0.740195D-05  0.226432D-03
   49   -0.711284D-05  0.219319D-03
   50   -0.683106D-05  0.212488D-03
   51   -0.655727D-05  0.205931D-03
   52   -0.629182D-05  0.199639D-03
   53   -0.603484D-05  0.193604D-03
   54   -0.578632D-05  0.187818D-03
   55   -0.554620D-05  0.182271D-03
   56   -0.531434D-05  0.176957D-03
   57   -0.509061D-05  0.171866D-03
   58   -0.487491D-05  0.166992D-03
   59   -0.466712D-05  0.162324D-03
   60   -0.446716D-05  0.157857D-03
   61   -0.427494D-05  0.153582D-03
   62   -0.409040D-05  0.149492D-03
   63   -0.391343D-05  0.145578D-03
   64   -0.374394D-05  0.141835D-03
   65   -0.358181D-05  0.138253D-03
   66   -0.342687D-05  0.134826D-03
   67   -0.327896D-05  0.131547D-03
   68   -0.313787D-05  0.128409D-03
   69   -0.300338D-05  0.125406D-03
   70   -0.287524D-05  0.122530D-03
   71   -0.275319D-05  0.119777D-03
   72   -0.263698D-05  0.117140D-03
   73   -0.252632D-05  0.114614D-03
   74   -0.242097D-05  0.112193D-03
   75   -0.232066D-05  0.109872D-03
   76   -0.222515D-05  0.107647D-03
   77   -0.213419D-05  0.105513D-03
   78   -0.204756D-05  0.103465D-03
   79   -0.196504D-05  0.101500D-03
   80   -0.188644D-05  0.996139D-04
   81   -0.181155D-05  0.978023D-04
   82   -0.174020D-05  0.960621D-04
   83   -0.167221D-05  0.943899D-04
   84   -0.160742D-05  0.927825D-04
   85   -0.154565D-05  0.912369D-04
   86   -0.148677D-05  0.897501D-04
   87   -0.143060D-05  0.883195D-04
   88   -0.137702D-05  0.869425D-04
   89   -0.132588D-05  0.856166D-04
   90   -0.127704D-05  0.843396D-04
   91   -0.123038D-05  0.831092D-04
   92   -0.118576D-05  0.819234D-04
   93   -0.114307D-05  0.807803D-04
   94   -0.110220D-05  0.796781D-04
   95   -0.106304D-05  0.786151D-04
   96   -0.102549D-05  0.775896D-04
   97   -0.989450D-06  0.766002D-04
   98   -0.954842D-06  0.756453D-04
   99   -0.921581D-06  0.747237D-04
  100   -0.889591D-06  0.738341D-04
  101   -0.858800D-06  0.729753D-04
  102   -0.829147D-06  0.721462D-04
  103   -0.800569D-06  0.713456D-04
  104   -0.773008D-06  0.705726D-04
  105   -0.746412D-06  0.698262D-04
  106   -0.720733D-06  0.691055D-04
  107   -0.695924D-06  0.684096D-04
  108   -0.671941D-06  0.677376D-04
  109   -0.648744D-06  0.670889D-04
  110   -0.626293D-06  0.664626D-04
  111   -0.604554D-06  0.658580D-04
  112   -0.583490D-06  0.652745D-04
  113   -0.563069D-06  0.647115D-04
  114   -0.543260D-06  0.641682D-04
  115   -0.524034D-06  0.636442D-04
  116   -0.505361D-06  0.631388D-04
  117   -0.487217D-06  0.626516D-04
  118   -0.469575D-06  0.621820D-04
  119   -0.452411D-06  0.617296D-04
  120   -0.435703D-06  0.612939D-04
  121   -0.419429D-06  0.608745D-04
  122   -0.403568D-06  0.604709D-04
  123   -0.388101D-06  0.600828D-04
  124   -0.373010D-06  0.597098D-04
  125   -0.358277D-06  0.593515D-04
  126   -0.343885D-06  0.590076D-04
  127   -0.329819D-06  0.586778D-04
  128   -0.316063D-06  0.583617D-04
  129   -0.302603D-06  0.580591D-04
  130   -0.289426D-06  0.577697D-04
  131   -0.276518D-06  0.574932D-04
  132   -0.263867D-06  0.572293D-04
  133   -0.251462D-06  0.569779D-04
  134   -0.239291D-06  0.567386D-04
  135   -0.227343D-06  0.565112D-04
  136   -0.215608D-06  0.562956D-04
  137   -0.204076D-06  0.560916D-04
  138   -0.192737D-06  0.558988D-04
  139   -0.181584D-06  0.557172D-04
  140   -0.170605D-06  0.555466D-04
  141   -0.159793D-06  0.553868D-04
  142   -0.149141D-06  0.552377D-04
  143   -0.138638D-06  0.550991D-04
  144   -0.128280D-06  0.549708D-04
  145   -0.118057D-06  0.548527D-04
  146   -0.107963D-06  0.547448D-04
  147   -0.979915D-07  0.546468D-04
  148   -0.881350D-07  0.545586D-04
  149   -0.783880D-07  0.544802D-04
  150   -0.687431D-07  0.544115D-04
  151   -0.591945D-07  0.543523D-04
  152   -0.497368D-07  0.543026D-04
  153   -0.403637D-07  0.542622D-04
  154   -0.310705D-07  0.542311D-04
  155   -0.218512D-07  0.542093D-04
  156   -0.127002D-07  0.541966D-04
  157   -0.361295D-08  0.541930D-04
  158    0.541636D-08  0.541984D-04
  159    0.143916D-07  0.542128D-04
  160    0.233184D-07  0.542361D-04
  161    0.322011D-07  0.542683D-04
  162    0.410447D-07  0.543093D-04
  163    0.498531D-07  0.543592D-04
  164    0.586308D-07  0.544178D-04
  165    0.673830D-07  0.544852D-04
  166    0.761135D-07  0.545613D-04
  167    0.848259D-07  0.546462D-04
  168    0.935257D-07  0.547397D-04
  169    0.102216D-06  0.548419D-04
  170    0.110902D-06  0.549528D-04
  171    0.119586D-06  0.550724D-04
  172    0.128274D-06  0.552007D-04
  173    0.136968D-06  0.553376D-04
  174    0.145673D-06  0.554833D-04
  175    0.154392D-06  0.556377D-04
  176    0.163131D-06  0.558008D-04
  177    0.171890D-06  0.559727D-04
  178    0.180676D-06  0.561534D-04
  179    0.189492D-06  0.563429D-04
  180    0.198341D-06  0.565412D-04
  181    0.207228D-06  0.567484D-04
  182    0.216154D-06  0.569646D-04
  183    0.225125D-06  0.571897D-04
  184    0.234145D-06  0.574239D-04
  185    0.243216D-06  0.576671D-04
  186    0.252342D-06  0.579194D-04
  187    0.261526D-06  0.581810D-04
  188    0.270774D-06  0.584517D-04
  189    0.280087D-06  0.587318D-04
  190    0.289470D-06  0.590213D-04
  191    0.298926D-06  0.593202D-04
  192    0.308459D-06  0.596287D-04
  193    0.318072D-06  0.599467D-04
  194    0.327770D-06  0.602745D-04
  195    0.337555D-06  0.606121D-04
  196    0.347431D-06  0.609595D-04
  197    0.357402D-06  0.613169D-04
  198    0.367473D-06  0.616844D-04
  199    0.377644D-06  0.620620D-04
  200    0.387922D-06  0.624499D-04

 
  nfi    ekinc  temph  tempp        etot      enthal       econs       econt    vnhh   xnhh0    vnhp   xnhp0
  333 0.13E-03    0.0    0.0   -30.03027   -30.03027   -30.03027   -30.03015  0.0000  0.0000  0.0000  0.0000     0.00001

 * Physical Quantities at step:   334

   Empty states minimization starting 
   nfi         dekinc         ekinc
    1    0.386159D-05  0.386159D-05
    2   -0.242405D-05  0.143754D-05
    3    0.149554D-05  0.293308D-05
    4    0.180005D-05  0.473314D-05

   Empty states: convergence achieved



                total energy =     -30.0302697813 Hartree a.u.
              kinetic energy =      11.0248270393 Hartree a.u.
        electrostatic energy =     -34.3976579759 Hartree a.u.
                         esr =       0.0018030605 Hartree a.u.
                       eself =      39.0963434793 Hartree a.u.
      pseudopotential energy =      -7.8952194067 Hartree a.u.
  n-l pseudopotential energy =       6.9137065512 Hartree a.u.
 exchange-correlation energy =      -5.6337829894 Hartree a.u.
           average potential =       0.0000000000 Hartree a.u.



   Eigenvalues (eV), kp =   1 , spin =  1

  -29.35  -25.33  -17.74  -15.86  -15.86  -13.25  -13.25

   Empty States Eigenvalues (eV), kp =   1 , spin =  1

   -1.06    0.08    1.22

   Electronic Gap (eV) =    12.19

 
   Allocated memory (kb) =     80056
 
   CELL_PARAMETERS
   20.00000000    0.00000000    0.00000000
    0.00000000   20.00000000    0.00000000
    0.00000000    0.00000000   20.00000000

   System Density [g/cm^3] :     0.0993


   Center of mass square displacement (a.u.):   0.000000

   ATOMIC_POSITIONS
   Cl   0.000000E+00  0.000000E+00  0.190398E+01
   Cl   0.000000E+00  0.000000E+00 -0.190398E+01
 
   ATOMIC_VELOCITIES
   Cl   0.000000E+00  0.000000E+00  0.000000E+00
   Cl   0.000000E+00  0.000000E+00  0.000000E+00
 


   Partial temperatures (for each ionic specie) 
   Species  Temp (K)   Mean Square Displacement (a.u.)
        1       0.00     0.0000
  334 0.10E-03    0.0    0.0   -30.03027   -30.03027   -30.03027   -30.03017  0.0000  0.0000  0.0000  0.0000     0.00001

   writing restart file: ./SCRATCH/clorine_194.save
   restart file written in    0.143 sec.



   Averaged Physical Quantities
                      accomulated      this run
   ekinc         :        0.44050       0.00011 (AU)
   ekin          :       12.06298      11.02472 (AU)
   epot          :      -47.72907     -47.92679 (AU)
   total energy  :      -28.76463     -30.03027 (AU)
   temperature   :        0.00000       0.00000 (K )
   enthalpy      :      -28.76463     -30.03027 (AU)
   econs         :      -28.76463     -30.03027 (AU)
   pressure      :        0.00000       0.00000 (Gpa)
   volume        :     8000.00000    8000.00000 (AU)


     initialize   :     0.98s CPU
     total_time   :   322.52s CPU (       2 calls, 161.260 s avg)
     formf        :     0.06s CPU
     rhoofr       :     0.18s CPU (       2 calls,   0.090 s avg)
     vofrho       :     0.37s CPU (       2 calls,   0.185 s avg)
     dforce       :     8.37s CPU (     416 calls,   0.020 s avg)
     calphi       :     0.07s CPU (     206 calls,   0.000 s avg)
     ortho        :     0.08s CPU (     206 calls,   0.000 s avg)
     ortho_iter   :     0.00s CPU (     206 calls,   0.000 s avg)
     rsg          :     0.00s CPU (     206 calls,   0.000 s avg)
     rhoset       :     0.04s CPU (     206 calls,   0.000 s avg)
     updatc       :     0.01s CPU (     206 calls,   0.000 s avg)
     newd         :     0.00s CPU (       2 calls,   0.000 s avg)
     calbec       :     0.00s CPU (       3 calls,   0.000 s avg)
     prefor       :     0.00s CPU (       5 calls,   0.000 s avg)
     strucf       :     0.00s CPU
     nlsm1        :     0.05s CPU (     623 calls,   0.000 s avg)
     fft          :    43.04s CPU (    2518 calls,   0.017 s avg)
     ffts         :     0.07s CPU (       4 calls,   0.017 s avg)
     fftw         :     7.14s CPU (     840 calls,   0.009 s avg)
     cft3s        :    50.25s CPU (    3362 calls,   0.015 s avg)
     fft_scatter  :    10.69s CPU (    3362 calls,   0.003 s avg)
     nksic_drv    :   295.94s CPU (     206 calls,   1.437 s avg)
     nksic_orbrho :     8.04s CPU (     416 calls,   0.019 s avg)
     nksic_rhoref :     3.21s CPU (     626 calls,   0.005 s avg)
     nksic_eforce :    15.50s CPU (     416 calls,   0.037 s avg)
     nksic_corr   :   280.57s CPU (     626 calls,   0.448 s avg)
     nksic_corr_h :    28.26s CPU (     626 calls,   0.045 s avg)
     nksic_corr_v :    96.96s CPU (     626 calls,   0.155 s avg)
     nksic_corr_f :   153.94s CPU (     626 calls,   0.246 s avg)
 
 
     CP           :  5m23.64s CPU time,     5m26.63s wall time

 
   This run was terminated on:  18:37: 7  16Feb2012            

=------------------------------------------------------------------------------=
   JOB DONE.
=------------------------------------------------------------------------------=
